Archive member included to satisfy reference by file (symbol)

.build/obj_redox_rev1_base_ad_rev2/serial.a(serial.o)
                              .build/obj_redox_rev1_base_ad_rev2/quantum/split_common/transport.o (symbol from plugin) (soft_serial_initiator_init)
/usr/lib/gcc/avr/7.3.0/avr5/libgcc.a(_exit.o)
                              /usr/lib/gcc/avr/7.3.0/../../../avr/lib/avr5/crtatmega32u4.o (exit)
/usr/lib/gcc/avr/7.3.0/avr5/libgcc.a(_prologue.o)
                              .build/obj_redox_rev1_base_ad_rev2/serial.a(serial.o) (__prologue_saves__)
/usr/lib/gcc/avr/7.3.0/avr5/libgcc.a(_epilogue.o)
                              .build/obj_redox_rev1_base_ad_rev2/serial.a(serial.o) (__epilogue_restores__)
/usr/lib/gcc/avr/7.3.0/../../../avr/lib/avr5/libc.a(rand.o)
                              .build/obj_redox_rev1_base_ad_rev2/quantum/rgblight/rgblight.o (symbol from plugin) (rand)
/usr/lib/gcc/avr/7.3.0/../../../avr/lib/avr5/libatmega32u4.a(eerd_byte.o)
                              .build/obj_redox_rev1_base_ad_rev2/quantum/eeconfig.o (symbol from plugin) (eeprom_read_byte)
/usr/lib/gcc/avr/7.3.0/../../../avr/lib/avr5/libatmega32u4.a(eerd_dword.o)
                              .build/obj_redox_rev1_base_ad_rev2/quantum/eeconfig.o (symbol from plugin) (eeprom_read_dword)
/usr/lib/gcc/avr/7.3.0/../../../avr/lib/avr5/libatmega32u4.a(eerd_word.o)
                              .build/obj_redox_rev1_base_ad_rev2/quantum/eeconfig.o (symbol from plugin) (eeprom_read_word)
/usr/lib/gcc/avr/7.3.0/../../../avr/lib/avr5/libatmega32u4.a(eeupd_block.o)
                              .build/obj_redox_rev1_base_ad_rev2/quantum/eeconfig.o (symbol from plugin) (eeprom_update_block)
/usr/lib/gcc/avr/7.3.0/../../../avr/lib/avr5/libatmega32u4.a(eeupd_byte.o)
                              .build/obj_redox_rev1_base_ad_rev2/quantum/eeconfig.o (symbol from plugin) (eeprom_update_byte)
/usr/lib/gcc/avr/7.3.0/../../../avr/lib/avr5/libatmega32u4.a(eeupd_dword.o)
                              .build/obj_redox_rev1_base_ad_rev2/quantum/eeconfig.o (symbol from plugin) (eeprom_update_dword)
/usr/lib/gcc/avr/7.3.0/../../../avr/lib/avr5/libatmega32u4.a(eeupd_word.o)
                              .build/obj_redox_rev1_base_ad_rev2/quantum/eeconfig.o (symbol from plugin) (eeprom_update_word)
/usr/lib/gcc/avr/7.3.0/../../../avr/lib/avr5/libatmega32u4.a(eerd_block.o)
                              /usr/lib/gcc/avr/7.3.0/../../../avr/lib/avr5/libatmega32u4.a(eerd_dword.o) (eeprom_read_blraw)
/usr/lib/gcc/avr/7.3.0/avr5/libgcc.a(_divmodsi4.o)
                              /usr/lib/gcc/avr/7.3.0/../../../avr/lib/avr5/libc.a(rand.o) (__divmodsi4)
/usr/lib/gcc/avr/7.3.0/avr5/libgcc.a(_negsi2.o)
                              /usr/lib/gcc/avr/7.3.0/avr5/libgcc.a(_divmodsi4.o) (__negsi2)
/usr/lib/gcc/avr/7.3.0/avr5/libgcc.a(_copy_data.o)
                              /usr/lib/gcc/avr/7.3.0/../../../avr/lib/avr5/libc.a(rand.o) (__do_copy_data)
/usr/lib/gcc/avr/7.3.0/avr5/libgcc.a(_muluhisi3.o)
                              /usr/lib/gcc/avr/7.3.0/../../../avr/lib/avr5/libc.a(rand.o) (__muluhisi3)
/usr/lib/gcc/avr/7.3.0/avr5/libgcc.a(_mulshisi3.o)
                              /usr/lib/gcc/avr/7.3.0/../../../avr/lib/avr5/libc.a(rand.o) (__mulohisi3)
/usr/lib/gcc/avr/7.3.0/avr5/libgcc.a(_udivmodsi4.o)
                              /usr/lib/gcc/avr/7.3.0/avr5/libgcc.a(_divmodsi4.o) (__udivmodsi4)
/usr/lib/gcc/avr/7.3.0/avr5/libgcc.a(_umulhisi3.o)
                              /usr/lib/gcc/avr/7.3.0/avr5/libgcc.a(_muluhisi3.o) (__umulhisi3)
/usr/lib/gcc/avr/7.3.0/avr5/libgcc.a(_udivmodqi4.o)
                              /tmp/ccef2kvt.ltrans0.ltrans.o (__udivmodqi4)
/usr/lib/gcc/avr/7.3.0/avr5/libgcc.a(_divmodqi4.o)
                              /tmp/ccef2kvt.ltrans0.ltrans.o (__divmodqi4)
/usr/lib/gcc/avr/7.3.0/avr5/libgcc.a(_udivmodhi4.o)
                              /tmp/ccef2kvt.ltrans0.ltrans.o (__udivmodhi4)
/usr/lib/gcc/avr/7.3.0/avr5/libgcc.a(_divmodhi4.o)
                              /tmp/ccef2kvt.ltrans0.ltrans.o (__divmodhi4)
/usr/lib/gcc/avr/7.3.0/avr5/libgcc.a(_tablejump2.o)
                              /tmp/ccef2kvt.ltrans0.ltrans.o (__tablejump2__)
/usr/lib/gcc/avr/7.3.0/avr5/libgcc.a(_clear_bss.o)
                              /tmp/ccef2kvt.ltrans0.ltrans.o (__do_clear_bss)
/usr/lib/gcc/avr/7.3.0/avr5/libgcc.a(_mulhisi3.o)
                              /tmp/ccef2kvt.ltrans0.ltrans.o (__mulhisi3)
/usr/lib/gcc/avr/7.3.0/avr5/libgcc.a(_usmulhisi3.o)
                              /usr/lib/gcc/avr/7.3.0/avr5/libgcc.a(_mulhisi3.o) (__usmulhisi3_tail)
/usr/lib/gcc/avr/7.3.0/avr5/libgcc.a(_ashldi3.o)
                              /tmp/ccef2kvt.ltrans0.ltrans.o (__ashldi3)
/usr/lib/gcc/avr/7.3.0/avr5/libgcc.a(_ashrdi3.o)
                              /tmp/ccef2kvt.ltrans0.ltrans.o (__lshrdi3)
/usr/lib/gcc/avr/7.3.0/../../../avr/lib/avr5/libc.a(memchr.o)
                              /tmp/ccef2kvt.ltrans0.ltrans.o (memchr)
[...]
Memory Configuration

Name             Origin             Length             Attributes
text             0x0000000000000000 0x0000000000008000 xr
data             0x0000000000800100 0x0000000000000a00 rw !x
eeprom           0x0000000000810000 0x0000000000000400 rw !x
fuse             0x0000000000820000 0x0000000000000003 rw !x
lock             0x0000000000830000 0x0000000000000400 rw !x
signature        0x0000000000840000 0x0000000000000400 rw !x
user_signatures  0x0000000000850000 0x0000000000000400 rw !x
*default*        0x0000000000000000 0xffffffffffffffff

Linker script and memory map

Address of section .data set to 0x800100
LOAD /usr/lib/gcc/avr/7.3.0/../../../avr/lib/avr5/crtatmega32u4.o
LOAD .build/obj_redox_rev1_base_ad_rev2/.build/obj_redox_rev1_base_ad_rev2/src/default_keyboard.o
LOAD /tmp/ccef2kvt.ltrans0.ltrans.o
LOAD .build/obj_redox_rev1_base_ad_rev2/quantum/keymap_introspection.o
LOAD .build/obj_redox_rev1_base_ad_rev2/quantum/quantum.o
LOAD .build/obj_redox_rev1_base_ad_rev2/quantum/bitwise.o
LOAD .build/obj_redox_rev1_base_ad_rev2/quantum/led.o
LOAD .build/obj_redox_rev1_base_ad_rev2/quantum/action.o
LOAD .build/obj_redox_rev1_base_ad_rev2/quantum/action_layer.o
LOAD .build/obj_redox_rev1_base_ad_rev2/quantum/action_tapping.o
LOAD .build/obj_redox_rev1_base_ad_rev2/quantum/action_util.o
LOAD .build/obj_redox_rev1_base_ad_rev2/quantum/eeconfig.o
LOAD .build/obj_redox_rev1_base_ad_rev2/quantum/keyboard.o
LOAD .build/obj_redox_rev1_base_ad_rev2/quantum/keymap_common.o
LOAD .build/obj_redox_rev1_base_ad_rev2/quantum/keycode_config.o
LOAD .build/obj_redox_rev1_base_ad_rev2/quantum/sync_timer.o
LOAD .build/obj_redox_rev1_base_ad_rev2/quantum/logging/debug.o
LOAD .build/obj_redox_rev1_base_ad_rev2/quantum/logging/sendchar.o
LOAD .build/obj_redox_rev1_base_ad_rev2/quantum/matrix_common.o
LOAD .build/obj_redox_rev1_base_ad_rev2/quantum/matrix.o
LOAD .build/obj_redox_rev1_base_ad_rev2/quantum/debounce/sym_defer_g.o
LOAD .build/obj_redox_rev1_base_ad_rev2/quantum/split_common/split_util.o
LOAD .build/obj_redox_rev1_base_ad_rev2/quantum/split_common/transport.o
LOAD .build/obj_redox_rev1_base_ad_rev2/quantum/split_common/transactions.o
LOAD .build/obj_redox_rev1_base_ad_rev2/quantum/main.o
LOAD .build/obj_redox_rev1_base_ad_rev2/platforms/avr/xprintf.o
LOAD .build/obj_redox_rev1_base_ad_rev2/platforms/avr/printf.o
LOAD .build/obj_redox_rev1_base_ad_rev2/quantum/color.o
LOAD .build/obj_redox_rev1_base_ad_rev2/quantum/rgblight/rgblight.o
LOAD .build/obj_redox_rev1_base_ad_rev2/quantum/rgblight/rgblight_drivers.o
LOAD .build/obj_redox_rev1_base_ad_rev2/quantum/process_keycode/process_rgb.o
LOAD .build/obj_redox_rev1_base_ad_rev2/quantum/led_tables.o
LOAD .build/obj_redox_rev1_base_ad_rev2/quantum/process_keycode/process_unicode.o
LOAD .build/obj_redox_rev1_base_ad_rev2/quantum/process_keycode/process_unicode_common.o
LOAD .build/obj_redox_rev1_base_ad_rev2/quantum/unicode/unicode.o
LOAD .build/obj_redox_rev1_base_ad_rev2/quantum/unicode/utf8.o
LOAD .build/obj_redox_rev1_base_ad_rev2/ws2812_bitbang.o
LOAD .build/obj_redox_rev1_base_ad_rev2/quantum/bootmagic/bootmagic.o
LOAD .build/obj_redox_rev1_base_ad_rev2/quantum/command.o
LOAD .build/obj_redox_rev1_base_ad_rev2/quantum/crc.o
LOAD .build/obj_redox_rev1_base_ad_rev2/quantum/process_keycode/process_grave_esc.o
LOAD .build/obj_redox_rev1_base_ad_rev2/quantum/process_keycode/process_magic.o
LOAD .build/obj_redox_rev1_base_ad_rev2/quantum/mousekey.o
LOAD .build/obj_redox_rev1_base_ad_rev2/quantum/send_string/send_string.o
LOAD .build/obj_redox_rev1_base_ad_rev2/quantum/process_keycode/process_space_cadet.o
LOAD .build/obj_redox_rev1_base_ad_rev2/quantum/process_keycode/process_tap_dance.o
LOAD .build/obj_redox_rev1_base_ad_rev2/protocol/host.o
LOAD .build/obj_redox_rev1_base_ad_rev2/protocol/report.o
LOAD .build/obj_redox_rev1_base_ad_rev2/protocol/usb_device_state.o
LOAD .build/obj_redox_rev1_base_ad_rev2/protocol/usb_util.o
LOAD .build/obj_redox_rev1_base_ad_rev2/platforms/suspend.o
LOAD .build/obj_redox_rev1_base_ad_rev2/platforms/synchronization_util.o
LOAD .build/obj_redox_rev1_base_ad_rev2/platforms/timer.o
LOAD .build/obj_redox_rev1_base_ad_rev2/platforms/avr/hardware_id.o
LOAD .build/obj_redox_rev1_base_ad_rev2/platforms/avr/platform.o
LOAD .build/obj_redox_rev1_base_ad_rev2/platforms/avr/suspend.o
LOAD .build/obj_redox_rev1_base_ad_rev2/platforms/avr/timer.o
LOAD .build/obj_redox_rev1_base_ad_rev2/platforms/avr/bootloaders/caterina.o
LOAD .build/obj_redox_rev1_base_ad_rev2/i2c_master.a
LOAD .build/obj_redox_rev1_base_ad_rev2/i2c_slave.a
LOAD .build/obj_redox_rev1_base_ad_rev2/serial.a
LOAD .build/obj_redox_rev1_base_ad_rev2/lufa.o
LOAD .build/obj_redox_rev1_base_ad_rev2/usb_descriptor.o
LOAD .build/obj_redox_rev1_base_ad_rev2/lib/lufa/LUFA/Drivers/USB/Class/Common/HIDParser.o
LOAD .build/obj_redox_rev1_base_ad_rev2/lib/lufa/LUFA/Drivers/USB/Core/AVR8/Device_AVR8.o
LOAD .build/obj_redox_rev1_base_ad_rev2/lib/lufa/LUFA/Drivers/USB/Core/AVR8/EndpointStream_AVR8.o
LOAD .build/obj_redox_rev1_base_ad_rev2/lib/lufa/LUFA/Drivers/USB/Core/AVR8/Endpoint_AVR8.o
LOAD .build/obj_redox_rev1_base_ad_rev2/lib/lufa/LUFA/Drivers/USB/Core/AVR8/Host_AVR8.o
LOAD .build/obj_redox_rev1_base_ad_rev2/lib/lufa/LUFA/Drivers/USB/Core/AVR8/PipeStream_AVR8.o
LOAD .build/obj_redox_rev1_base_ad_rev2/lib/lufa/LUFA/Drivers/USB/Core/AVR8/Pipe_AVR8.o
LOAD .build/obj_redox_rev1_base_ad_rev2/lib/lufa/LUFA/Drivers/USB/Core/AVR8/USBController_AVR8.o
LOAD .build/obj_redox_rev1_base_ad_rev2/lib/lufa/LUFA/Drivers/USB/Core/AVR8/USBInterrupt_AVR8.o
LOAD .build/obj_redox_rev1_base_ad_rev2/lib/lufa/LUFA/Drivers/USB/Core/ConfigDescriptors.o
LOAD .build/obj_redox_rev1_base_ad_rev2/lib/lufa/LUFA/Drivers/USB/Core/DeviceStandardReq.o
LOAD .build/obj_redox_rev1_base_ad_rev2/lib/lufa/LUFA/Drivers/USB/Core/Events.o
LOAD .build/obj_redox_rev1_base_ad_rev2/lib/lufa/LUFA/Drivers/USB/Core/HostStandardReq.o
LOAD .build/obj_redox_rev1_base_ad_rev2/lib/lufa/LUFA/Drivers/USB/Core/USBTask.o
LOAD .build/obj_redox_rev1_base_ad_rev2/protocol/lufa/usb_util.o
LOAD /usr/lib/gcc/avr/7.3.0/../../../avr/lib/avr5/libm.a
START GROUP
LOAD /usr/lib/gcc/avr/7.3.0/avr5/libgcc.a
LOAD /usr/lib/gcc/avr/7.3.0/../../../avr/lib/avr5/libm.a
LOAD /usr/lib/gcc/avr/7.3.0/../../../avr/lib/avr5/libc.a
LOAD /usr/lib/gcc/avr/7.3.0/../../../avr/lib/avr5/libatmega32u4.a
END GROUP
                0x0000000000000000                __TEXT_REGION_ORIGIN__ = DEFINED (__TEXT_REGION_ORIGIN__)?__TEXT_REGION_ORIGIN__:0x0
                [0x0000000000800100]                __DATA_REGION_ORIGIN__ = DEFINED (__DATA_REGION_ORIGIN__)?__DATA_REGION_ORIGIN__:0x800060
                [0x0000000000008000]                __TEXT_REGION_LENGTH__ = DEFINED (__TEXT_REGION_LENGTH__)?__TEXT_REGION_LENGTH__:0x20000
                [0x0000000000000a00]                __DATA_REGION_LENGTH__ = DEFINED (__DATA_REGION_LENGTH__)?__DATA_REGION_LENGTH__:0xffa0
                [0x0000000000000400]                __EEPROM_REGION_LENGTH__ = DEFINED (__EEPROM_REGION_LENGTH__)?__EEPROM_REGION_LENGTH__:0x10000
                [0x0000000000000003]                __FUSE_REGION_LENGTH__ = DEFINED (__FUSE_REGION_LENGTH__)?__FUSE_REGION_LENGTH__:0x400
                0x0000000000000400                __LOCK_REGION_LENGTH__ = DEFINED (__LOCK_REGION_LENGTH__)?__LOCK_REGION_LENGTH__:0x400
                0x0000000000000400                __SIGNATURE_REGION_LENGTH__ = DEFINED (__SIGNATURE_REGION_LENGTH__)?__SIGNATURE_REGION_LENGTH__:0x400
                0x0000000000000400                __USER_SIGNATURE_REGION_LENGTH__ = DEFINED (__USER_SIGNATURE_REGION_LENGTH__)?__USER_SIGNATURE_REGION_LENGTH__:0x400

.hash
 *(.hash)

.dynsym
 *(.dynsym)

.dynstr
 *(.dynstr)

.gnu.version
 *(.gnu.version)

.gnu.version_d
 *(.gnu.version_d)

.gnu.version_r
 *(.gnu.version_r)

.rel.init
 *(.rel.init)

.rela.init
 *(.rela.init)

.rel.text
 *(.rel.text)
 *(.rel.text.*)
 *(.rel.gnu.linkonce.t*)

.rela.text
 *(.rela.text)
 *(.rela.text.*)
 *(.rela.gnu.linkonce.t*)

.rel.fini
 *(.rel.fini)

.rela.fini
 *(.rela.fini)

.rel.rodata
 *(.rel.rodata)
 *(.rel.rodata.*)
 *(.rel.gnu.linkonce.r*)

.rela.rodata
 *(.rela.rodata)
 *(.rela.rodata.*)
 *(.rela.gnu.linkonce.r*)

.rel.data
 *(.rel.data)
 *(.rel.data.*)
 *(.rel.gnu.linkonce.d*)

.rela.data
 *(.rela.data)
 *(.rela.data.*)
 *(.rela.gnu.linkonce.d*)

.rel.ctors
 *(.rel.ctors)

.rela.ctors
 *(.rela.ctors)

.rel.dtors
 *(.rel.dtors)

.rela.dtors
 *(.rela.dtors)

.rel.got
 *(.rel.got)

.rela.got
 *(.rela.got)

.rel.bss
 *(.rel.bss)

.rela.bss
 *(.rela.bss)

.rel.plt
 *(.rel.plt)

.rela.plt
 *(.rela.plt)

.text           0x0000000000000000     0x6216
 *(.vectors)
 .vectors       0x0000000000000000       0xac /usr/lib/gcc/avr/7.3.0/../../../avr/lib/avr5/crtatmega32u4.o
                0x0000000000000000                __vectors
                0x0000000000000000                __vector_default
 *(.vectors)
 *(.progmem.gcc*)
                0x00000000000000ac                . = ALIGN (0x2)
                0x00000000000000ac                __trampolines_start = .
 *(.trampolines)
 .trampolines   0x00000000000000ac        0x0 linker stubs
 *(.trampolines*)
                0x00000000000000ac                __trampolines_end = .
 *libprintf_flt.a:*(.progmem.data)
 *libc.a:*(.progmem.data)
 *(.progmem*)
 .progmem.data.__c.5347
                0x00000000000000ac        0x7 /tmp/ccef2kvt.ltrans0.ltrans.o
 .progmem.data.__c.5344
                0x00000000000000b3        0xb /tmp/ccef2kvt.ltrans0.ltrans.o
 .progmem.data.__c.5341
                0x00000000000000be        0xe /tmp/ccef2kvt.ltrans0.ltrans.o
 .progmem.data.__c.5338
                0x00000000000000cc        0xe /tmp/ccef2kvt.ltrans0.ltrans.o
 .progmem.data.keymaps
                0x00000000000000da      0x2bc /tmp/ccef2kvt.ltrans0.ltrans.o
 .progmem.data.RGBLED_TWINKLE_INTERVALS
                0x0000000000000396        0x3 /tmp/ccef2kvt.ltrans0.ltrans.o
 .progmem.data.RGBLED_RGBTEST_INTERVALS
                0x0000000000000399        0x2 /tmp/ccef2kvt.ltrans0.ltrans.o
 .progmem.data.RGBLED_KNIGHT_INTERVALS
                0x000000000000039b        0x3 /tmp/ccef2kvt.ltrans0.ltrans.o
 .progmem.data.RGBLED_SNAKE_INTERVALS
                0x000000000000039e        0x3 /tmp/ccef2kvt.ltrans0.ltrans.o
 .progmem.data.RGBLED_RAINBOW_SWIRL_INTERVALS
                0x00000000000003a1        0x3 /tmp/ccef2kvt.ltrans0.ltrans.o
 .progmem.data.RGBLED_RAINBOW_MOOD_INTERVALS
                0x00000000000003a4        0x3 /tmp/ccef2kvt.ltrans0.ltrans.o
 .progmem.data.RGBLED_BREATHING_INTERVALS
                0x00000000000003a7        0x4 /tmp/ccef2kvt.ltrans0.ltrans.o
 .progmem.data.CIE1931_CURVE
                0x00000000000003ab      0x100 /tmp/ccef2kvt.ltrans0.ltrans.o
 .progmem.data.RGBLED_GRADIENT_RANGES
                0x00000000000004ab        0x5 /tmp/ccef2kvt.ltrans0.ltrans.o
 .progmem.data.rgblight_effect_breathe_table
                0x00000000000004b0      0x100 /tmp/ccef2kvt.ltrans0.ltrans.o
 .progmem.data.SharedReport
                0x00000000000005b0       0xb6 /tmp/ccef2kvt.ltrans0.ltrans.o
 .progmem.data.KeyboardReport
                0x0000000000000666       0x44 /tmp/ccef2kvt.ltrans0.ltrans.o
 .progmem.data.ConfigurationDescriptor
                0x00000000000006aa       0x3b /tmp/ccef2kvt.ltrans0.ltrans.o
 .progmem.data.DeviceDescriptor
                0x00000000000006e5       0x12 /tmp/ccef2kvt.ltrans0.ltrans.o
 .progmem.data.ProductString
                0x00000000000006f7       0x22 /tmp/ccef2kvt.ltrans0.ltrans.o
 .progmem.data.ManufacturerString
                0x0000000000000719       0x14 /tmp/ccef2kvt.ltrans0.ltrans.o
 .progmem.data.LanguageString
                0x000000000000072d        0x4 /tmp/ccef2kvt.ltrans0.ltrans.o
 .progmem.data.ascii_to_dead_lut
                0x0000000000000731       0x10 /tmp/ccef2kvt.ltrans0.ltrans.o
 .progmem.data.ascii_to_altgr_lut
                0x0000000000000741       0x10 /tmp/ccef2kvt.ltrans0.ltrans.o
 .progmem.data.ascii_to_shift_lut
                0x0000000000000751       0x10 /tmp/ccef2kvt.ltrans0.ltrans.o
 .progmem.data.ascii_to_keycode_lut
                0x0000000000000761       0x80 /tmp/ccef2kvt.ltrans0.ltrans.o
                0x00000000000007e2                . = ALIGN (0x2)
 *fill*         0x00000000000007e1        0x1 
 *(.jumptables)
 *(.jumptables*)
 *(.lowtext)
 *(.lowtext*)
                0x00000000000007e2                __ctors_start = .
 *(.ctors)
                0x00000000000007e2                __ctors_end = .
                0x00000000000007e2                __dtors_start = .
 *(.dtors)
                0x00000000000007e2                __dtors_end = .
 SORT(*)(.ctors)
 SORT(*)(.dtors)
 *(.init0)
 .init0         0x00000000000007e2        0x0 /usr/lib/gcc/avr/7.3.0/../../../avr/lib/avr5/crtatmega32u4.o
                0x00000000000007e2                __init
 *(.init0)
 *(.init1)
 *(.init1)
 *(.init2)
 .init2         0x00000000000007e2        0xc /usr/lib/gcc/avr/7.3.0/../../../avr/lib/avr5/crtatmega32u4.o
 *(.init2)
 *(.init3)
 *(.init3)
 *(.init4)
 .init4         0x00000000000007ee       0x16 /usr/lib/gcc/avr/7.3.0/avr5/libgcc.a(_copy_data.o)
                0x00000000000007ee                __do_copy_data
 .init4         0x0000000000000804       0x10 /usr/lib/gcc/avr/7.3.0/avr5/libgcc.a(_clear_bss.o)
                0x0000000000000804                __do_clear_bss
 *(.init4)
 *(.init5)
 *(.init5)
 *(.init6)
 *(.init6)
 *(.init7)
 *(.init7)
 *(.init8)
 *(.init8)
 *(.init9)
 .init9         0x0000000000000814        0x8 /usr/lib/gcc/avr/7.3.0/../../../avr/lib/avr5/crtatmega32u4.o
 *(.init9)
 *(.text)
 .text          0x000000000000081c        0x4 /usr/lib/gcc/avr/7.3.0/../../../avr/lib/avr5/crtatmega32u4.o
                0x000000000000081c                __vector_38
                0x000000000000081c                __vector_22
                0x000000000000081c                __vector_28
                0x000000000000081c                __vector_32
                0x000000000000081c                __vector_34
                0x000000000000081c                __vector_24
                0x000000000000081c                __bad_interrupt
                0x000000000000081c                __vector_6
                0x000000000000081c                __vector_31
                0x000000000000081c                __vector_35
                0x000000000000081c                __vector_39
                0x000000000000081c                __vector_3
                0x000000000000081c                __vector_23
                0x000000000000081c                __vector_30
                0x000000000000081c                __vector_25
                0x000000000000081c                __vector_13
                0x000000000000081c                __vector_17
                0x000000000000081c                __vector_19
                0x000000000000081c                __vector_7
                0x000000000000081c                __vector_41
                0x000000000000081c                __vector_27
                0x000000000000081c                __vector_5
                0x000000000000081c                __vector_33
                0x000000000000081c                __vector_37
                0x000000000000081c                __vector_4
                0x000000000000081c                __vector_9
                0x000000000000081c                __vector_2
                0x000000000000081c                __vector_15
                0x000000000000081c                __vector_36
                0x000000000000081c                __vector_29
                0x000000000000081c                __vector_40
                0x000000000000081c                __vector_8
                0x000000000000081c                __vector_26
                0x000000000000081c                __vector_14
                0x000000000000081c                __vector_16
                0x000000000000081c                __vector_18
                0x000000000000081c                __vector_20
                0x000000000000081c                __vector_42
                0x0000000000000820                . = ALIGN (0x2)
 *(.text.*)
 .text.waiting_buffer_typed.isra.2.constprop.27
                0x0000000000000820       0x3e /tmp/ccef2kvt.ltrans0.ltrans.o
 .text.crc8.constprop.23
                0x000000000000085e       0x2e /tmp/ccef2kvt.ltrans0.ltrans.o
 .text.USB_Disable
                0x000000000000088c       0x3e /tmp/ccef2kvt.ltrans0.ltrans.o
 .text.Endpoint_WaitUntilReady
                0x00000000000008ca       0x5e /tmp/ccef2kvt.ltrans0.ltrans.o
 .text.Endpoint_ClearStatusStage
                0x0000000000000928       0x3e /tmp/ccef2kvt.ltrans0.ltrans.o
 .text.Endpoint_ConfigureEndpoint_Prv
                0x0000000000000966       0x64 /tmp/ccef2kvt.ltrans0.ltrans.o
 .text.USB_Init
                0x00000000000009ca       0xb6 /tmp/ccef2kvt.ltrans0.ltrans.o
 .text.Endpoint_Write_Control_Stream_LE
                0x0000000000000a80       0xbe /tmp/ccef2kvt.ltrans0.ltrans.o
 .text.keyboard_leds
                0x0000000000000b3e        0x6 /tmp/ccef2kvt.ltrans0.ltrans.o
 .text.bootloader_jump
                0x0000000000000b44       0x22 /tmp/ccef2kvt.ltrans0.ltrans.o
 .text.timer_elapsed
                0x0000000000000b66       0x1e /tmp/ccef2kvt.ltrans0.ltrans.o
 .text.timer_read32
                0x0000000000000b84       0x18 /tmp/ccef2kvt.ltrans0.ltrans.o
 .text.timer_read
                0x0000000000000b9c       0x18 /tmp/ccef2kvt.ltrans0.ltrans.o
 .text.del_key_from_report
                0x0000000000000bb4       0x54 /tmp/ccef2kvt.ltrans0.ltrans.o
 .text.add_key_to_report
                0x0000000000000c08       0x68 /tmp/ccef2kvt.ltrans0.ltrans.o
 .text.host_consumer_send
                0x0000000000000c70       0x4a /tmp/ccef2kvt.ltrans0.ltrans.o
 .text.host_system_send
                0x0000000000000cba       0x4a /tmp/ccef2kvt.ltrans0.ltrans.o
 .text.host_keyboard_leds
                0x0000000000000d04       0x22 /tmp/ccef2kvt.ltrans0.ltrans.o
 .text.host_keyboard_led_state
                0x0000000000000d26        0x6 /tmp/ccef2kvt.ltrans0.ltrans.o
 .text._process_tap_dance_action_fn
                0x0000000000000d2c        0xc /tmp/ccef2kvt.ltrans0.ltrans.o
 .text.mousekey_send
                0x0000000000000d38       0x54 /tmp/ccef2kvt.ltrans0.ltrans.o
 .text.wheel_unit
                0x0000000000000d8c       0x72 /tmp/ccef2kvt.ltrans0.ltrans.o
 .text.move_unit
                0x0000000000000dfe       0x80 /tmp/ccef2kvt.ltrans0.ltrans.o
 .text.times_inv_sqrt2
                0x0000000000000e7e       0x1c /tmp/ccef2kvt.ltrans0.ltrans.o
 .text.ws2812_init
                0x0000000000000e9a        0x4 /tmp/ccef2kvt.ltrans0.ltrans.o
 .text.unlikely.handleKeycodeRGB
                0x0000000000000e9e        0xc /tmp/ccef2kvt.ltrans0.ltrans.o
 .text.rgblight_effect_dummy
                0x0000000000000eaa        0x2 /tmp/ccef2kvt.ltrans0.ltrans.o
 .text.rgblight_timer_init
                0x0000000000000eac        0xe /tmp/ccef2kvt.ltrans0.ltrans.o
 .text.rgblight_set
                0x0000000000000eba       0x2a /tmp/ccef2kvt.ltrans0.ltrans.o
 .text.rgblight_setrgb
                0x0000000000000ee4       0x22 /tmp/ccef2kvt.ltrans0.ltrans.o
 .text.rgblight_check_config
                0x0000000000000f06       0x1e /tmp/ccef2kvt.ltrans0.ltrans.o
 .text.sethsv_raw
                0x0000000000000f24      0x11e /tmp/ccef2kvt.ltrans0.ltrans.o
 .text.rgblight_sethsv_noeeprom_old
                0x0000000000001042       0x30 /tmp/ccef2kvt.ltrans0.ltrans.o
 .text.rgblight_effect_rainbow_mood
                0x0000000000001072       0x20 /tmp/ccef2kvt.ltrans0.ltrans.o
 .text.rgblight_effect_breathing
                0x0000000000001092       0x28 /tmp/ccef2kvt.ltrans0.ltrans.o
 .text.rgblight_effect_alternating
                0x00000000000010ba       0x6e /tmp/ccef2kvt.ltrans0.ltrans.o
 .text.rgblight_effect_rgbtest
                0x0000000000001128       0x72 /tmp/ccef2kvt.ltrans0.ltrans.o
 .text.rgblight_effect_christmas
                0x000000000000119a      0x106 /tmp/ccef2kvt.ltrans0.ltrans.o
 .text.rgblight_effect_knight
                0x00000000000012a0       0xc4 /tmp/ccef2kvt.ltrans0.ltrans.o
 .text.rgblight_effect_snake
                0x0000000000001364       0xfe /tmp/ccef2kvt.ltrans0.ltrans.o
 .text.rgblight_effect_rainbow_swirl
                0x0000000000001462       0x54 /tmp/ccef2kvt.ltrans0.ltrans.o
 .text.sendchar
                0x00000000000014b6        0x4 /tmp/ccef2kvt.ltrans0.ltrans.o
 .text.setPinInputHigh_atomic
                0x00000000000014ba       0x2e /tmp/ccef2kvt.ltrans0.ltrans.o
 .text.sync_timer_read32
                0x00000000000014e8       0x34 /tmp/ccef2kvt.ltrans0.ltrans.o
 .text.sync_timer_read
                0x000000000000151c       0x16 /tmp/ccef2kvt.ltrans0.ltrans.o
 .text.mod_config
                0x0000000000001532       0x9e /tmp/ccef2kvt.ltrans0.ltrans.o
 .text.keycode_config
                0x00000000000015d0      0x148 /tmp/ccef2kvt.ltrans0.ltrans.o
 .text.keymap_key_to_keycode
                0x0000000000001718       0x3c /tmp/ccef2kvt.ltrans0.ltrans.o
 .text.action_for_keycode
                0x0000000000001754      0x22c /tmp/ccef2kvt.ltrans0.ltrans.o
 .text.del_weak_mods
                0x0000000000001980       0x10 /tmp/ccef2kvt.ltrans0.ltrans.o
 .text.del_mods
                0x0000000000001990       0x10 /tmp/ccef2kvt.ltrans0.ltrans.o
 .text.get_mods_for_report
                0x00000000000019a0       0x4a /tmp/ccef2kvt.ltrans0.ltrans.o
 .text.debug_waiting_buffer
                0x00000000000019ea       0x14 /tmp/ccef2kvt.ltrans0.ltrans.o
 .text.layer_switch_get_layer
                0x00000000000019fe       0x68 /tmp/ccef2kvt.ltrans0.ltrans.o
 .text.layer_switch_get_action
                0x0000000000001a66       0x1a /tmp/ccef2kvt.ltrans0.ltrans.o
 .text.read_source_layers_cache
                0x0000000000001a80       0x66 /tmp/ccef2kvt.ltrans0.ltrans.o
 .text.update_source_layers_cache
                0x0000000000001ae6       0x6c /tmp/ccef2kvt.ltrans0.ltrans.o
 .text.layer_state_set
                0x0000000000001b52        0xa /tmp/ccef2kvt.ltrans0.ltrans.o
 .text.layer_off
                0x0000000000001b5c       0x24 /tmp/ccef2kvt.ltrans0.ltrans.o
 .text.clear_oneshot_layer_state
                0x0000000000001b80       0x2e /tmp/ccef2kvt.ltrans0.ltrans.o
 .text.layer_on
                0x0000000000001bae       0x20 /tmp/ccef2kvt.ltrans0.ltrans.o
 .text.default_layer_state_set
                0x0000000000001bce        0xa /tmp/ccef2kvt.ltrans0.ltrans.o
 .text.is_tap_record
                0x0000000000001bd8       0x44 /tmp/ccef2kvt.ltrans0.ltrans.o
 .text.register_mouse
                0x0000000000001c1c      0x1de /tmp/ccef2kvt.ltrans0.ltrans.o
 .text.get_record_keycode
                0x0000000000001dfa       0x56 /tmp/ccef2kvt.ltrans0.ltrans.o
 .text.extract_mod_bits
                0x0000000000001e50       0x62 /tmp/ccef2kvt.ltrans0.ltrans.o
 .text.send_report
                0x0000000000001eb2       0x76 /tmp/ccef2kvt.ltrans0.ltrans.o
 .text.send_extra
                0x0000000000001f28        0xe /tmp/ccef2kvt.ltrans0.ltrans.o
 .text.send_mouse
                0x0000000000001f36        0xe /tmp/ccef2kvt.ltrans0.ltrans.o
 .text.send_nkro
                0x0000000000001f44        0xe /tmp/ccef2kvt.ltrans0.ltrans.o
 .text.send_keyboard
                0x0000000000001f52       0x28 /tmp/ccef2kvt.ltrans0.ltrans.o
 .text.ws2812_setleds
                0x0000000000001f7a       0x54 /tmp/ccef2kvt.ltrans0.ltrans.o
 .text.transaction_handler_master.isra.1
                0x0000000000001fce       0x66 /tmp/ccef2kvt.ltrans0.ltrans.o
 .text.unlikely.cycle_unicode_input_mode
                0x0000000000002034       0x44 /tmp/ccef2kvt.ltrans0.ltrans.o
 .text.set_unicode_input_mode
                0x0000000000002078       0x10 /tmp/ccef2kvt.ltrans0.ltrans.o
 .text.rgblight_effect_twinkle
                0x0000000000002088      0x12c /tmp/ccef2kvt.ltrans0.ltrans.o
 .text.rgblight_timer_enable
                0x00000000000021b4       0x38 /tmp/ccef2kvt.ltrans0.ltrans.o
 .text.eeconfig_update_rgblight
                0x00000000000021ec       0x4c /tmp/ccef2kvt.ltrans0.ltrans.o
 .text.rgblight_sethsv_eeprom_helper
                0x0000000000002238      0x126 /tmp/ccef2kvt.ltrans0.ltrans.o
 .text.rgblight_decrease_val
                0x000000000000235e       0x1a /tmp/ccef2kvt.ltrans0.ltrans.o
 .text.rgblight_increase_val
                0x0000000000002378       0x1a /tmp/ccef2kvt.ltrans0.ltrans.o
 .text.rgblight_decrease_sat
                0x0000000000002392       0x1a /tmp/ccef2kvt.ltrans0.ltrans.o
 .text.rgblight_increase_sat
                0x00000000000023ac       0x1a /tmp/ccef2kvt.ltrans0.ltrans.o
 .text.rgblight_decrease_hue
                0x00000000000023c6       0x14 /tmp/ccef2kvt.ltrans0.ltrans.o
 .text.rgblight_increase_hue
                0x00000000000023da       0x14 /tmp/ccef2kvt.ltrans0.ltrans.o
 .text.rgblight_decrease_speed
                0x00000000000023ee       0x34 /tmp/ccef2kvt.ltrans0.ltrans.o
 .text.rgblight_increase_speed
                0x0000000000002422       0x34 /tmp/ccef2kvt.ltrans0.ltrans.o
 .text.rgblight_mode_eeprom_helper
                0x0000000000002456       0x94 /tmp/ccef2kvt.ltrans0.ltrans.o
 .text.rgblight_step_reverse
                0x00000000000024ea       0x16 /tmp/ccef2kvt.ltrans0.ltrans.o
 .text.rgblight_step
                0x0000000000002500       0x18 /tmp/ccef2kvt.ltrans0.ltrans.o
 .text.unlikely.handleKeycodeRGBMode
                0x0000000000002518       0x22 /tmp/ccef2kvt.ltrans0.ltrans.o
 .text.unlikely.oneshot_set
                0x000000000000253a       0x2e /tmp/ccef2kvt.ltrans0.ltrans.o
 .text.sync_timer_handlers_master
                0x0000000000002568       0xac /tmp/ccef2kvt.ltrans0.ltrans.o
 .text.rgblight_handlers_master
                0x0000000000002614       0xc2 /tmp/ccef2kvt.ltrans0.ltrans.o
 .text.slave_matrix_handlers_master
                0x00000000000026d6      0x140 /tmp/ccef2kvt.ltrans0.ltrans.o
 .text.matrix_scan
                0x0000000000002816      0x368 /tmp/ccef2kvt.ltrans0.ltrans.o
 .text.send_keyboard_report
                0x0000000000002b7e       0xa4 /tmp/ccef2kvt.ltrans0.ltrans.o
 .text.process_tap_dance_action_on_reset
                0x0000000000002c22       0x32 /tmp/ccef2kvt.ltrans0.ltrans.o
 .text.process_tap_dance_action_on_dance_finished
                0x0000000000002c54       0x54 /tmp/ccef2kvt.ltrans0.ltrans.o
 .text.clear_keyboard
                0x0000000000002ca8       0x62 /tmp/ccef2kvt.ltrans0.ltrans.o
 .text.USB_Device_ProcessControlRequest
                0x0000000000002d0a      0x57a /tmp/ccef2kvt.ltrans0.ltrans.o
 .text.unlikely.soft_reset_keyboard
                0x0000000000003284       0x2c /tmp/ccef2kvt.ltrans0.ltrans.o
 .text.unregister_weak_mods
                0x00000000000032b0        0xe /tmp/ccef2kvt.ltrans0.ltrans.o
 .text.register_weak_mods
                0x00000000000032be       0x14 /tmp/ccef2kvt.ltrans0.ltrans.o
 .text.unregister_mods
                0x00000000000032d2        0xe /tmp/ccef2kvt.ltrans0.ltrans.o
 .text.register_mods
                0x00000000000032e0       0x14 /tmp/ccef2kvt.ltrans0.ltrans.o
 .text.unregister_code
                0x00000000000032f4       0xb4 /tmp/ccef2kvt.ltrans0.ltrans.o
 .text.unregister_code16
                0x00000000000033a8       0x30 /tmp/ccef2kvt.ltrans0.ltrans.o
 .text.tap_dance_pair_reset
                0x00000000000033d8       0x20 /tmp/ccef2kvt.ltrans0.ltrans.o
 .text.eeconfig_init_quantum
                0x00000000000033f8       0xd6 /tmp/ccef2kvt.ltrans0.ltrans.o
 .text.command_common
                0x00000000000034ce      0x170 /tmp/ccef2kvt.ltrans0.ltrans.o
 .text.register_code
                0x000000000000363e      0x2d6 /tmp/ccef2kvt.ltrans0.ltrans.o
 .text.tap_code_delay
                0x0000000000003914       0x30 /tmp/ccef2kvt.ltrans0.ltrans.o
 .text.tap_code
                0x0000000000003944       0x12 /tmp/ccef2kvt.ltrans0.ltrans.o
 .text.send_char_with_delay.constprop.42
                0x0000000000003956       0xbe /tmp/ccef2kvt.ltrans0.ltrans.o
 .text.send_string_with_delay_P.constprop.41
                0x0000000000003a14       0xbc /tmp/ccef2kvt.ltrans0.ltrans.o
 .text.perform_space_cadet.constprop.33
                0x0000000000003ad0       0xc2 /tmp/ccef2kvt.ltrans0.ltrans.o
 .text.send_nibble_wrapper
                0x0000000000003b92       0x38 /tmp/ccef2kvt.ltrans0.ltrans.o
 .text.register_hex32
                0x0000000000003bca       0x8c /tmp/ccef2kvt.ltrans0.ltrans.o
 .text.register_code16
                0x0000000000003c56       0x30 /tmp/ccef2kvt.ltrans0.ltrans.o
 .text.tap_dance_pair_finished
                0x0000000000003c86        0xc /tmp/ccef2kvt.ltrans0.ltrans.o
 .text.tap_dance_pair_on_each_tap
                0x0000000000003c92       0x24 /tmp/ccef2kvt.ltrans0.ltrans.o
 .text.unlikely.tap_code16_delay
                0x0000000000003cb6       0x34 /tmp/ccef2kvt.ltrans0.ltrans.o
 .text.process_record
                0x0000000000003cea      0xd6a /tmp/ccef2kvt.ltrans0.ltrans.o
 .text.waiting_buffer_scan_tap
                0x0000000000004a54       0xb6 /tmp/ccef2kvt.ltrans0.ltrans.o
 .text.process_tapping
                0x0000000000004b0a      0x2cc /tmp/ccef2kvt.ltrans0.ltrans.o
 .text.action_exec
                0x0000000000004dd6      0x108 /tmp/ccef2kvt.ltrans0.ltrans.o
 .text.generate_tick_event
                0x0000000000004ede       0x48 /tmp/ccef2kvt.ltrans0.ltrans.o
 .text.__vector_11
                0x0000000000004f26       0x78 /tmp/ccef2kvt.ltrans0.ltrans.o
                0x0000000000004f26                __vector_11
 .text.__vector_10
                0x0000000000004f9e      0x1b0 /tmp/ccef2kvt.ltrans0.ltrans.o
                0x0000000000004f9e                __vector_10
 .text.__vector_21
                0x000000000000514e       0x4c /tmp/ccef2kvt.ltrans0.ltrans.o
                0x000000000000514e                __vector_21
 .text.__vector_12
                0x000000000000519a       0x52 /tmp/ccef2kvt.ltrans0.ltrans.o
                0x000000000000519a                __vector_12
 .text.startup.main
                0x00000000000051ec      0x8b4 /tmp/ccef2kvt.ltrans0.ltrans.o
                0x00000000000051ec                main
 .text.sync_recv
                0x0000000000005aa0       0x10 .build/obj_redox_rev1_base_ad_rev2/serial.a(serial.o)
 .text.sync_send
                0x0000000000005ab0        0xc .build/obj_redox_rev1_base_ad_rev2/serial.a(serial.o)
 .text.serial_read_chunk.constprop.0
                0x0000000000005abc       0x54 .build/obj_redox_rev1_base_ad_rev2/serial.a(serial.o)
 .text.serial_recive_packet
                0x0000000000005b10       0x40 .build/obj_redox_rev1_base_ad_rev2/serial.a(serial.o)
 .text.soft_serial_initiator_init
                0x0000000000005b50        0x6 .build/obj_redox_rev1_base_ad_rev2/serial.a(serial.o)
                0x0000000000005b50                soft_serial_initiator_init
 .text.soft_serial_target_init
                0x0000000000005b56       0x12 .build/obj_redox_rev1_base_ad_rev2/serial.a(serial.o)
                0x0000000000005b56                soft_serial_target_init
 .text.serial_write_chunk
                0x0000000000005b68       0x42 .build/obj_redox_rev1_base_ad_rev2/serial.a(serial.o)
                0x0000000000005b68                serial_write_chunk
 .text.serial_send_packet
                0x0000000000005baa       0x32 .build/obj_redox_rev1_base_ad_rev2/serial.a(serial.o)
 .text.__vector_1
                0x0000000000005bdc      0x14c .build/obj_redox_rev1_base_ad_rev2/serial.a(serial.o)
                0x0000000000005bdc                __vector_1
 .text.soft_serial_transaction
                0x0000000000005d28       0xee .build/obj_redox_rev1_base_ad_rev2/serial.a(serial.o)
                0x0000000000005d28                soft_serial_transaction
 .text.libgcc.prologue
                0x0000000000005e16       0x38 /usr/lib/gcc/avr/7.3.0/avr5/libgcc.a(_prologue.o)
                0x0000000000005e16                __prologue_saves__
 .text.libgcc.prologue
                0x0000000000005e4e       0x36 /usr/lib/gcc/avr/7.3.0/avr5/libgcc.a(_epilogue.o)
                0x0000000000005e4e                __epilogue_restores__
 .text.avr-libc
                0x0000000000005e84       0xb8 /usr/lib/gcc/avr/7.3.0/../../../avr/lib/avr5/libc.a(rand.o)
                0x0000000000005f16                rand_r
                0x0000000000005f1c                rand
                0x0000000000005f26                srand
 .text.avr-libc
                0x0000000000005f3c       0x10 /usr/lib/gcc/avr/7.3.0/../../../avr/lib/avr5/libatmega32u4.a(eerd_byte.o)
                0x0000000000005f3c                eeprom_read_byte
 .text.avr-libc
                0x0000000000005f4c        0xc /usr/lib/gcc/avr/7.3.0/../../../avr/lib/avr5/libatmega32u4.a(eerd_dword.o)
                0x0000000000005f4c                eeprom_read_dword
                0x0000000000005f4c                eeprom_read_float
 .text.avr-libc
                0x0000000000005f58        0xc /usr/lib/gcc/avr/7.3.0/../../../avr/lib/avr5/libatmega32u4.a(eerd_word.o)
                0x0000000000005f58                eeprom_read_word
 .text.avr-libc
                0x0000000000005f64       0x20 /usr/lib/gcc/avr/7.3.0/../../../avr/lib/avr5/libatmega32u4.a(eeupd_block.o)
                0x0000000000005f64                eeprom_update_block
 .text.avr-libc
                0x0000000000005f84       0x24 /usr/lib/gcc/avr/7.3.0/../../../avr/lib/avr5/libatmega32u4.a(eeupd_byte.o)
                0x0000000000005f84                eeprom_update_byte
                0x0000000000005f86                eeprom_update_r18
 .text.avr-libc
                0x0000000000005fa8       0x18 /usr/lib/gcc/avr/7.3.0/../../../avr/lib/avr5/libatmega32u4.a(eeupd_dword.o)
                0x0000000000005fa8                eeprom_update_dword
                0x0000000000005fa8                eeprom_update_float
 .text.avr-libc
                0x0000000000005fc0        0xc /usr/lib/gcc/avr/7.3.0/../../../avr/lib/avr5/libatmega32u4.a(eeupd_word.o)
                0x0000000000005fc0                eeprom_update_word
 .text.avr-libc
                0x0000000000005fcc       0x20 /usr/lib/gcc/avr/7.3.0/../../../avr/lib/avr5/libatmega32u4.a(eerd_block.o)
                0x0000000000005fcc                eeprom_read_block
                0x0000000000005fd0                eeprom_read_blraw
 .text.libgcc.div
                0x0000000000005fec       0x2e /usr/lib/gcc/avr/7.3.0/avr5/libgcc.a(_divmodsi4.o)
                0x0000000000005fec                __divmodsi4
 .text.libgcc.div
                0x000000000000601a       0x10 /usr/lib/gcc/avr/7.3.0/avr5/libgcc.a(_negsi2.o)
                0x000000000000601a                __negsi2
 .text.libgcc.mul
                0x000000000000602a       0x16 /usr/lib/gcc/avr/7.3.0/avr5/libgcc.a(_muluhisi3.o)
                0x000000000000602a                __muluhisi3
 .text.libgcc.mul
                0x0000000000006040       0x10 /usr/lib/gcc/avr/7.3.0/avr5/libgcc.a(_mulshisi3.o)
                0x0000000000006040                __mulshisi3
                0x0000000000006046                __mulohisi3
 .text.libgcc.div
                0x0000000000006050       0x44 /usr/lib/gcc/avr/7.3.0/avr5/libgcc.a(_udivmodsi4.o)
                0x0000000000006050                __udivmodsi4
 .text.libgcc.mul
                0x0000000000006094       0x1e /usr/lib/gcc/avr/7.3.0/avr5/libgcc.a(_umulhisi3.o)
                0x0000000000006094                __umulhisi3
 .text.libgcc.div
                0x00000000000060b2       0x18 /usr/lib/gcc/avr/7.3.0/avr5/libgcc.a(_udivmodqi4.o)
                0x00000000000060b2                __udivmodqi4
 .text.libgcc.div
                0x00000000000060ca       0x1c /usr/lib/gcc/avr/7.3.0/avr5/libgcc.a(_divmodqi4.o)
                0x00000000000060ca                __divmodqi4
 .text.libgcc.div
                0x00000000000060e6       0x28 /usr/lib/gcc/avr/7.3.0/avr5/libgcc.a(_udivmodhi4.o)
                0x00000000000060e6                __udivmodhi4
 .text.libgcc.div
                0x000000000000610e       0x28 /usr/lib/gcc/avr/7.3.0/avr5/libgcc.a(_divmodhi4.o)
                0x000000000000610e                __divmodhi4
                0x000000000000610e                _div
 .text.libgcc   0x0000000000006136        0xc /usr/lib/gcc/avr/7.3.0/avr5/libgcc.a(_tablejump2.o)
                0x0000000000006136                __tablejump2__
 .text.libgcc.mul
                0x0000000000006142       0x10 /usr/lib/gcc/avr/7.3.0/avr5/libgcc.a(_mulhisi3.o)
                0x0000000000006142                __mulhisi3
 .text.libgcc.mul
                0x0000000000006152        0xe /usr/lib/gcc/avr/7.3.0/avr5/libgcc.a(_usmulhisi3.o)
                0x0000000000006152                __usmulhisi3
                0x0000000000006156                __usmulhisi3_tail
 .text.libgcc.builtins
                0x0000000000006160       0x32 /usr/lib/gcc/avr/7.3.0/avr5/libgcc.a(_ashldi3.o)
                0x0000000000006160                __ashldi3
 .text.libgcc.builtins
                0x0000000000006192       0x3a /usr/lib/gcc/avr/7.3.0/avr5/libgcc.a(_ashrdi3.o)
                0x0000000000006192                __ashrdi3
                0x0000000000006196                __lshrdi3
 .text.avr-libc
                0x00000000000061cc       0x1a /usr/lib/gcc/avr/7.3.0/../../../avr/lib/avr5/libc.a(memchr.o)
                0x00000000000061cc                memchr
 .text.avr-libc
                0x00000000000061e6       0x1a /usr/lib/gcc/avr/7.3.0/../../../avr/lib/avr5/libc.a(memcmp.o)
                0x00000000000061e6                memcmp
 .text.avr-libc
                0x0000000000006200       0x12 /usr/lib/gcc/avr/7.3.0/../../../avr/lib/avr5/libc.a(memcpy.o)
                0x0000000000006200                memcpy
                0x0000000000006212                . = ALIGN (0x2)
 *(.fini9)
 .fini9         0x0000000000006212        0x0 /usr/lib/gcc/avr/7.3.0/avr5/libgcc.a(_exit.o)
                0x0000000000006212                exit
                0x0000000000006212                _exit
 *(.fini9)
 *(.fini8)
 *(.fini8)
 *(.fini7)
 *(.fini7)
 *(.fini6)
 *(.fini6)
 *(.fini5)
 *(.fini5)
 *(.fini4)
 *(.fini4)
 *(.fini3)
 *(.fini3)
 *(.fini2)
 *(.fini2)
 *(.fini1)
 *(.fini1)
 *(.fini0)
 .fini0         0x0000000000006212        0x4 /usr/lib/gcc/avr/7.3.0/avr5/libgcc.a(_exit.o)
 *(.fini0)
                0x0000000000006216                _etext = .

.data           0x0000000000800100      0x146 load address 0x0000000000006216
                0x0000000000800100                PROVIDE (__data_start, .)
 *(.data)
 .data          0x0000000000800100        0x4 /usr/lib/gcc/avr/7.3.0/../../../avr/lib/avr5/libc.a(rand.o)
 *(.data*)
 .data.__compound_literal.6
                0x0000000000800104        0x4 /tmp/ccef2kvt.ltrans0.ltrans.o
 .data.__compound_literal.5
                0x0000000000800108        0x4 /tmp/ccef2kvt.ltrans0.ltrans.o
 .data.__compound_literal.4
                0x000000000080010c        0x4 /tmp/ccef2kvt.ltrans0.ltrans.o
 .data.__compound_literal.3
                0x0000000000800110        0x4 /tmp/ccef2kvt.ltrans0.ltrans.o
 .data.__compound_literal.2
                0x0000000000800114        0x4 /tmp/ccef2kvt.ltrans0.ltrans.o
 .data.__compound_literal.1.lto_priv.49
                0x0000000000800118        0x4 /tmp/ccef2kvt.ltrans0.ltrans.o
 .data.__compound_literal.0.lto_priv.51
                0x000000000080011c        0x4 /tmp/ccef2kvt.ltrans0.ltrans.o
 .data.split_transaction_table
                0x0000000000800120       0x20 /tmp/ccef2kvt.ltrans0.ltrans.o
                0x0000000000800120                split_transaction_table
 .data.isLeftHand
                0x0000000000800140        0x1 /tmp/ccef2kvt.ltrans0.ltrans.o
 .data.lufa_driver
                0x0000000000800141        0xa /tmp/ccef2kvt.ltrans0.ltrans.o
 .data.tap_dance_actions
                0x000000000080014b       0x70 /tmp/ccef2kvt.ltrans0.ltrans.o
 .data.mk_delay
                0x00000000008001bb        0x1 /tmp/ccef2kvt.ltrans0.ltrans.o
 .data.mk_interval
                0x00000000008001bc        0x1 /tmp/ccef2kvt.ltrans0.ltrans.o
 .data.static_effect_table
                0x00000000008001bd        0xb /tmp/ccef2kvt.ltrans0.ltrans.o
 .data.increment.3599
                0x00000000008001c8        0x1 /tmp/ccef2kvt.ltrans0.ltrans.o
 .data.high_bound.3598
                0x00000000008001c9        0x1 /tmp/ccef2kvt.ltrans0.ltrans.o
 .data.increment.3611
                0x00000000008001ca        0x1 /tmp/ccef2kvt.ltrans0.ltrans.o
 .data.mk_time_to_max
                0x00000000008001cb        0x1 /tmp/ccef2kvt.ltrans0.ltrans.o
 .data.mk_max_speed
                0x00000000008001cc        0x1 /tmp/ccef2kvt.ltrans0.ltrans.o
 .data.mk_wheel_time_to_max
                0x00000000008001cd        0x1 /tmp/ccef2kvt.ltrans0.ltrans.o
 .data.mk_wheel_max_speed
                0x00000000008001ce        0x1 /tmp/ccef2kvt.ltrans0.ltrans.o
 .data.keyboard_protocol
                0x00000000008001cf        0x1 /tmp/ccef2kvt.ltrans0.ltrans.o
 *(.gnu.linkonce.d*)
 *(.rodata)
 *(.rodata*)
 .rodata.CSWTCH.9
                0x00000000008001d0        0x3 /tmp/ccef2kvt.ltrans0.ltrans.o
 .rodata.CSWTCH.11
                0x00000000008001d3       0x36 /tmp/ccef2kvt.ltrans0.ltrans.o
 .rodata.split_shmem
                0x0000000000800209        0x2 /tmp/ccef2kvt.ltrans0.ltrans.o
                0x0000000000800209                split_shmem
 .rodata.row_pins
                0x000000000080020b        0x5 /tmp/ccef2kvt.ltrans0.ltrans.o
 .rodata.col_pins
                0x0000000000800210        0x7 /tmp/ccef2kvt.ltrans0.ltrans.o
 .rodata.mode_base_table
                0x0000000000800217       0x2b /tmp/ccef2kvt.ltrans0.ltrans.o
 .rodata.selected
                0x0000000000800242        0x3 /tmp/ccef2kvt.ltrans0.ltrans.o
 *(.gnu.linkonce.r*)
                0x0000000000800246                . = ALIGN (0x2)
 *fill*         0x0000000000800245        0x1 
                0x0000000000800246                _edata = .
                0x0000000000800246                PROVIDE (__data_end, .)

.bss            0x0000000000800246      0x1e5
                0x0000000000800246                PROVIDE (__bss_start, .)
 *(.bss)
 .bss           0x0000000000800246        0x2 .build/obj_redox_rev1_base_ad_rev2/platforms/avr/xprintf.o
                0x0000000000800246                xfunc_out
 *(.bss*)
 .bss.__compound_literal.0.lto_priv.52
                0x0000000000800248        0x8 /tmp/ccef2kvt.ltrans0.ltrans.o
 .bss.__compound_literal.1.lto_priv.50
                0x0000000000800250       0x20 /tmp/ccef2kvt.ltrans0.ltrans.o
 .bss.shift_held
                0x0000000000800270        0x1 /tmp/ccef2kvt.ltrans0.ltrans.o
 .bss.unicode_saved_mods
                0x0000000000800271        0x1 /tmp/ccef2kvt.ltrans0.ltrans.o
 .bss.unicode_saved_led_state
                0x0000000000800272        0x1 /tmp/ccef2kvt.ltrans0.ltrans.o
 .bss.grave_esc_was_shifted
                0x0000000000800273        0x1 /tmp/ccef2kvt.ltrans0.ltrans.o
 .bss.oneshot_locked_mods
                0x0000000000800274        0x1 /tmp/ccef2kvt.ltrans0.ltrans.o
 .bss.pp.5400   0x0000000000800275        0x2 /tmp/ccef2kvt.ltrans0.ltrans.o
 .bss.param.5399
                0x0000000000800277        0x1 /tmp/ccef2kvt.ltrans0.ltrans.o
 .bss.source_layers_cache
                0x0000000000800278       0x24 /tmp/ccef2kvt.ltrans0.ltrans.o
 .bss.tapping_key
                0x000000000080029c        0x7 /tmp/ccef2kvt.ltrans0.ltrans.o
 .bss.oneshot_layer_data
                0x00000000008002a3        0x1 /tmp/ccef2kvt.ltrans0.ltrans.o
 .bss.oneshot_mods
                0x00000000008002a4        0x1 /tmp/ccef2kvt.ltrans0.ltrans.o
 .bss.last_report.4338
                0x00000000008002a5       0x20 /tmp/ccef2kvt.ltrans0.ltrans.o
 .bss.last_report.4334
                0x00000000008002c5        0x8 /tmp/ccef2kvt.ltrans0.ltrans.o
 .bss.default_layer_state
                0x00000000008002cd        0x2 /tmp/ccef2kvt.ltrans0.ltrans.o
 .bss.last_tick.4765
                0x00000000008002cf        0x2 /tmp/ccef2kvt.ltrans0.ltrans.o
 .bss.debouncing_time
                0x00000000008002d1        0x2 /tmp/ccef2kvt.ltrans0.ltrans.o
 .bss.debouncing
                0x00000000008002d3        0x1 /tmp/ccef2kvt.ltrans0.ltrans.o
 .bss.connection_check_timer.4324
                0x00000000008002d4        0x2 /tmp/ccef2kvt.ltrans0.ltrans.o
 .bss.last_sync_timer.4903
                0x00000000008002d6        0x4 /tmp/ccef2kvt.ltrans0.ltrans.o
 .bss.last_connected.4494
                0x00000000008002da        0x1 /tmp/ccef2kvt.ltrans0.ltrans.o
 .bss.last_matrix.4885
                0x00000000008002db        0x5 /tmp/ccef2kvt.ltrans0.ltrans.o
 .bss.last_update.4884
                0x00000000008002e0        0x4 /tmp/ccef2kvt.ltrans0.ltrans.o
 .bss.last_update.4896
                0x00000000008002e4        0x4 /tmp/ccef2kvt.ltrans0.ltrans.o
 .bss.shared_memory
                0x00000000008002e8       0x15 /tmp/ccef2kvt.ltrans0.ltrans.o
 .bss.last_update.4908
                0x00000000008002fd        0x4 /tmp/ccef2kvt.ltrans0.ltrans.o
 .bss.connection_errors
                0x0000000000800301        0x1 /tmp/ccef2kvt.ltrans0.ltrans.o
 .bss.sync_timer_ms
                0x0000000000800302        0x4 /tmp/ccef2kvt.ltrans0.ltrans.o
 .bss.raw_matrix
                0x0000000000800306        0xa /tmp/ccef2kvt.ltrans0.ltrans.o
 .bss.thatHand  0x0000000000800310        0x1 /tmp/ccef2kvt.ltrans0.ltrans.o
 .bss.thisHand  0x0000000000800311        0x1 /tmp/ccef2kvt.ltrans0.ltrans.o
 .bss.layer_state
                0x0000000000800312        0x2 /tmp/ccef2kvt.ltrans0.ltrans.o
 .bss.is_rgblight_initialized
                0x0000000000800314        0x1 /tmp/ccef2kvt.ltrans0.ltrans.o
 .bss.matrix    0x0000000000800315        0xa /tmp/ccef2kvt.ltrans0.ltrans.o
 .bss.matrix_previous.4772
                0x000000000080031f        0xa /tmp/ccef2kvt.ltrans0.ltrans.o
 .bss.last_tap_time
                0x0000000000800329        0x2 /tmp/ccef2kvt.ltrans0.ltrans.o
 .bss.report_last_timer.3548
                0x000000000080032b        0x2 /tmp/ccef2kvt.ltrans0.ltrans.o
 .bss.tick_flag.3549
                0x000000000080032d        0x1 /tmp/ccef2kvt.ltrans0.ltrans.o
 .bss.last_led_status.3613
                0x000000000080032e        0x1 /tmp/ccef2kvt.ltrans0.ltrans.o
 .bss.animation_status
                0x000000000080032f        0x6 /tmp/ccef2kvt.ltrans0.ltrans.o
 .bss.rgblight_status
                0x0000000000800335        0x3 /tmp/ccef2kvt.ltrans0.ltrans.o
 .bss.pos.3581  0x0000000000800338        0x1 /tmp/ccef2kvt.ltrans0.ltrans.o
 .bss.low_bound.3597
                0x0000000000800339        0x1 /tmp/ccef2kvt.ltrans0.ltrans.o
 .bss.maxval.3626
                0x000000000080033a        0x1 /tmp/ccef2kvt.ltrans0.ltrans.o
 .bss.led       0x000000000080033b       0x2a /tmp/ccef2kvt.ltrans0.ltrans.o
 .bss.led_twinkle_state
                0x0000000000800365       0x46 /tmp/ccef2kvt.ltrans0.ltrans.o
 .bss.rgblight_config
                0x00000000008003ab        0x8 /tmp/ccef2kvt.ltrans0.ltrans.o
 .bss.selected_index
                0x00000000008003b3        0x1 /tmp/ccef2kvt.ltrans0.ltrans.o
 .bss.unicode_config
                0x00000000008003b4        0x1 /tmp/ccef2kvt.ltrans0.ltrans.o
 .bss.command_state
                0x00000000008003b5        0x1 /tmp/ccef2kvt.ltrans0.ltrans.o
 .bss.debug_config
                0x00000000008003b6        0x1 /tmp/ccef2kvt.ltrans0.ltrans.o
 .bss.mousekey_repeat
                0x00000000008003b7        0x1 /tmp/ccef2kvt.ltrans0.ltrans.o
 .bss.mousekey_wheel_repeat
                0x00000000008003b8        0x1 /tmp/ccef2kvt.ltrans0.ltrans.o
 .bss.mousekey_accel
                0x00000000008003b9        0x1 /tmp/ccef2kvt.ltrans0.ltrans.o
 .bss.last_timer_w
                0x00000000008003ba        0x2 /tmp/ccef2kvt.ltrans0.ltrans.o
 .bss.last_timer_c
                0x00000000008003bc        0x2 /tmp/ccef2kvt.ltrans0.ltrans.o
 .bss.mouse_report
                0x00000000008003be        0x6 /tmp/ccef2kvt.ltrans0.ltrans.o
 .bss.weak_mods
                0x00000000008003c4        0x1 /tmp/ccef2kvt.ltrans0.ltrans.o
 .bss.real_mods
                0x00000000008003c5        0x1 /tmp/ccef2kvt.ltrans0.ltrans.o
 .bss.active_td
                0x00000000008003c6        0x2 /tmp/ccef2kvt.ltrans0.ltrans.o
 .bss.split_config
                0x00000000008003c8        0x2 /tmp/ccef2kvt.ltrans0.ltrans.o
 .bss.last_system_usage
                0x00000000008003ca        0x2 /tmp/ccef2kvt.ltrans0.ltrans.o
 .bss.driver    0x00000000008003cc        0x2 /tmp/ccef2kvt.ltrans0.ltrans.o
 .bss.last_consumer_usage
                0x00000000008003ce        0x2 /tmp/ccef2kvt.ltrans0.ltrans.o
 .bss.keymap_config
                0x00000000008003d0        0x2 /tmp/ccef2kvt.ltrans0.ltrans.o
 .bss.wdt_timeout
                0x00000000008003d2        0x1 /tmp/ccef2kvt.ltrans0.ltrans.o
 .bss.timer_count
                0x00000000008003d3        0x4 /tmp/ccef2kvt.ltrans0.ltrans.o
 .bss.USB_IsInitialized
                0x00000000008003d7        0x1 /tmp/ccef2kvt.ltrans0.ltrans.o
 .bss.keyboard_idle
                0x00000000008003d8        0x1 /tmp/ccef2kvt.ltrans0.ltrans.o
 .bss.keyboard_led_state
                0x00000000008003d9        0x1 /tmp/ccef2kvt.ltrans0.ltrans.o
 .bss.keyboard_report_sent
                0x00000000008003da        0x8 /tmp/ccef2kvt.ltrans0.ltrans.o
 .bss.USB_Device_CurrentlySelfPowered
                0x00000000008003e2        0x1 /tmp/ccef2kvt.ltrans0.ltrans.o
 .bss.USB_Device_RemoteWakeupEnabled
                0x00000000008003e3        0x1 /tmp/ccef2kvt.ltrans0.ltrans.o
 .bss.USB_DeviceState
                0x00000000008003e4        0x1 /tmp/ccef2kvt.ltrans0.ltrans.o
 .bss.USB_Device_ConfigurationNumber
                0x00000000008003e5        0x1 /tmp/ccef2kvt.ltrans0.ltrans.o
 .bss.USB_ControlRequest
                0x00000000008003e6        0x8 /tmp/ccef2kvt.ltrans0.ltrans.o
 .bss.waiting_buffer_head
                0x00000000008003ee        0x1 /tmp/ccef2kvt.ltrans0.ltrans.o
 .bss.waiting_buffer
                0x00000000008003ef       0x38 /tmp/ccef2kvt.ltrans0.ltrans.o
 .bss.waiting_buffer_tail
                0x0000000000800427        0x1 /tmp/ccef2kvt.ltrans0.ltrans.o
 .bss.sc_timer  0x0000000000800428        0x2 /tmp/ccef2kvt.ltrans0.ltrans.o
 .bss.sc_last   0x000000000080042a        0x1 /tmp/ccef2kvt.ltrans0.ltrans.o
 *(COMMON)
                0x000000000080042b                PROVIDE (__bss_end, .)
                0x0000000000006216                __data_load_start = LOADADDR (.data)
                0x000000000000635c                __data_load_end = (__data_load_start + SIZEOF (.data))

.noinit         0x000000000080042b        0x0
                [!provide]                        PROVIDE (__noinit_start, .)
 *(.noinit*)
                [!provide]                        PROVIDE (__noinit_end, .)
                0x000000000080042b                _end = .
                [!provide]                        PROVIDE (__heap_start, .)

.eeprom         0x0000000000810000        0x0
 *(.eeprom*)
                0x0000000000810000                __eeprom_end = .

.fuse
 *(.fuse)
 *(.lfuse)
 *(.hfuse)
 *(.efuse)

.lock
 *(.lock*)

.signature
 *(.signature*)

.user_signatures
 *(.user_signatures*)

.stab
 *(.stab)

.stabstr
 *(.stabstr)

.stab.excl
 *(.stab.excl)

.stab.exclstr
 *(.stab.exclstr)

.stab.index
 *(.stab.index)

.stab.indexstr
 *(.stab.indexstr)

.comment        0x0000000000000000       0x11
 *(.comment)
 .comment       0x0000000000000000       0x12 /tmp/ccef2kvt.ltrans0.ltrans.o
 .comment       0x0000000000000000       0x11 .build/obj_redox_rev1_base_ad_rev2/serial.a(serial.o)
                                         0x12 (size before relaxing)
 .comment       0x0000000000000011       0x12 /usr/lib/gcc/avr/7.3.0/../../../avr/lib/avr5/libc.a(rand.o)

.note.gnu.avr.deviceinfo
                0x0000000000000000       0x40
 .note.gnu.avr.deviceinfo
                0x0000000000000000       0x40 /usr/lib/gcc/avr/7.3.0/../../../avr/lib/avr5/crtatmega32u4.o

.note.gnu.build-id
 *(.note.gnu.build-id)

.debug
 *(.debug)

.line
 *(.line)

.debug_srcinfo
 *(.debug_srcinfo)

.debug_sfnames
 *(.debug_sfnames)

.debug_aranges  0x0000000000000000      0x4a8
 *(.debug_aranges)
 .debug_aranges
                0x0000000000000000      0x440 /tmp/ccef2kvt.ltrans0.ltrans.o
 .debug_aranges
                0x0000000000000440       0x68 .build/obj_redox_rev1_base_ad_rev2/serial.a(serial.o)

.debug_pubnames
 *(.debug_pubnames)

.debug_info     0x0000000000000000     0xe4f3
 *(.debug_info .gnu.linkonce.wi.*)
 .debug_info    0x0000000000000000      0x9f4 /usr/lib/gcc/avr/7.3.0/../../../avr/lib/avr5/crtatmega32u4.o
 .debug_info    0x00000000000009f4     0xca62 /tmp/ccef2kvt.ltrans0.ltrans.o
 .debug_info    0x000000000000d456     0x109d .build/obj_redox_rev1_base_ad_rev2/serial.a(serial.o)

.debug_abbrev   0x0000000000000000     0x1654
 *(.debug_abbrev)
 .debug_abbrev  0x0000000000000000      0x96a /usr/lib/gcc/avr/7.3.0/../../../avr/lib/avr5/crtatmega32u4.o
 .debug_abbrev  0x000000000000096a      0x8d0 /tmp/ccef2kvt.ltrans0.ltrans.o
 .debug_abbrev  0x000000000000123a      0x41a .build/obj_redox_rev1_base_ad_rev2/serial.a(serial.o)

.debug_line     0x0000000000000000     0x5929
 *(.debug_line .debug_line.* .debug_line_end)
 .debug_line    0x0000000000000000       0x1a /usr/lib/gcc/avr/7.3.0/../../../avr/lib/avr5/crtatmega32u4.o
 .debug_line    0x000000000000001a     0x537a /tmp/ccef2kvt.ltrans0.ltrans.o
 .debug_line    0x0000000000005394      0x595 .build/obj_redox_rev1_base_ad_rev2/serial.a(serial.o)

.debug_frame    0x0000000000000000      0xe3c
 *(.debug_frame)
 .debug_frame   0x0000000000000000      0xce8 /tmp/ccef2kvt.ltrans0.ltrans.o
 .debug_frame   0x0000000000000ce8      0x154 .build/obj_redox_rev1_base_ad_rev2/serial.a(serial.o)

.debug_str      0x0000000000000000     0x450e
 *(.debug_str)
 .debug_str     0x0000000000000000      0x371 /usr/lib/gcc/avr/7.3.0/../../../avr/lib/avr5/crtatmega32u4.o
 .debug_str     0x0000000000000371     0x3a07 /tmp/ccef2kvt.ltrans0.ltrans.o
                                       0x43a9 (size before relaxing)
 .debug_str     0x0000000000003d78      0x796 .build/obj_redox_rev1_base_ad_rev2/serial.a(serial.o)
                                        0x8ff (size before relaxing)

.debug_loc      0x0000000000000000     0x9485
 *(.debug_loc)
 .debug_loc     0x0000000000000000     0x8b32 /tmp/ccef2kvt.ltrans0.ltrans.o
 .debug_loc     0x0000000000008b32      0x953 .build/obj_redox_rev1_base_ad_rev2/serial.a(serial.o)

.debug_macinfo
 *(.debug_macinfo)

.debug_weaknames
 *(.debug_weaknames)

.debug_funcnames
 *(.debug_funcnames)

.debug_typenames
 *(.debug_typenames)

.debug_varnames
 *(.debug_varnames)

.debug_pubtypes
 *(.debug_pubtypes)

.debug_ranges   0x0000000000000000     0x15d0
 *(.debug_ranges)
 .debug_ranges  0x0000000000000000     0x1510 /tmp/ccef2kvt.ltrans0.ltrans.o
 .debug_ranges  0x0000000000001510       0xc0 .build/obj_redox_rev1_base_ad_rev2/serial.a(serial.o)

.debug_macro
 *(.debug_macro)
OUTPUT(.build/redox_rev1_base_ad_rev2.elf elf32-avr)
LOAD linker stubs

Cross Reference Table

Symbol                                            File
CALLBACK_HIDParser_FilterHIDReportItem            .build/obj_redox_rev1_base_ad_rev2/lib/lufa/LUFA/Drivers/USB/Class/Common/HIDParser.o (symbol from plugin)
CALLBACK_USB_GetDescriptor                        .build/obj_redox_rev1_base_ad_rev2/lufa.o (symbol from plugin)
                                                  .build/obj_redox_rev1_base_ad_rev2/lib/lufa/LUFA/Drivers/USB/Core/DeviceStandardReq.o (symbol from plugin)
CIE1931_CURVE                                     .build/obj_redox_rev1_base_ad_rev2/quantum/led_tables.o (symbol from plugin)
                                                  .build/obj_redox_rev1_base_ad_rev2/quantum/color.o (symbol from plugin)
ConfigurationDescriptor                           .build/obj_redox_rev1_base_ad_rev2/usb_descriptor.o (symbol from plugin)
DeviceDescriptor                                  .build/obj_redox_rev1_base_ad_rev2/usb_descriptor.o (symbol from plugin)
EVENT_USB_Device_ConfigurationChanged             .build/obj_redox_rev1_base_ad_rev2/lufa.o (symbol from plugin)
                                                  .build/obj_redox_rev1_base_ad_rev2/lib/lufa/LUFA/Drivers/USB/Core/DeviceStandardReq.o (symbol from plugin)
EVENT_USB_Device_Connect                          .build/obj_redox_rev1_base_ad_rev2/lufa.o (symbol from plugin)
                                                  .build/obj_redox_rev1_base_ad_rev2/lib/lufa/LUFA/Drivers/USB/Core/AVR8/USBInterrupt_AVR8.o (symbol from plugin)
EVENT_USB_Device_ControlRequest                   .build/obj_redox_rev1_base_ad_rev2/lufa.o (symbol from plugin)
                                                  .build/obj_redox_rev1_base_ad_rev2/lib/lufa/LUFA/Drivers/USB/Core/DeviceStandardReq.o (symbol from plugin)
EVENT_USB_Device_Disconnect                       .build/obj_redox_rev1_base_ad_rev2/lufa.o (symbol from plugin)
                                                  .build/obj_redox_rev1_base_ad_rev2/lib/lufa/LUFA/Drivers/USB/Core/AVR8/USBInterrupt_AVR8.o (symbol from plugin)
EVENT_USB_Device_Reset                            .build/obj_redox_rev1_base_ad_rev2/lufa.o (symbol from plugin)
                                                  .build/obj_redox_rev1_base_ad_rev2/lib/lufa/LUFA/Drivers/USB/Core/AVR8/USBInterrupt_AVR8.o (symbol from plugin)
EVENT_USB_Device_StartOfFrame                     .build/obj_redox_rev1_base_ad_rev2/lib/lufa/LUFA/Drivers/USB/Core/Events.o (symbol from plugin)
                                                  .build/obj_redox_rev1_base_ad_rev2/lib/lufa/LUFA/Drivers/USB/Core/AVR8/USBInterrupt_AVR8.o (symbol from plugin)
EVENT_USB_Device_Suspend                          .build/obj_redox_rev1_base_ad_rev2/lufa.o (symbol from plugin)
                                                  .build/obj_redox_rev1_base_ad_rev2/lib/lufa/LUFA/Drivers/USB/Core/AVR8/USBInterrupt_AVR8.o (symbol from plugin)
EVENT_USB_Device_WakeUp                           .build/obj_redox_rev1_base_ad_rev2/lufa.o (symbol from plugin)
                                                  .build/obj_redox_rev1_base_ad_rev2/lib/lufa/LUFA/Drivers/USB/Core/AVR8/USBInterrupt_AVR8.o (symbol from plugin)
Endpoint_ClearEndpoints                           .build/obj_redox_rev1_base_ad_rev2/lib/lufa/LUFA/Drivers/USB/Core/AVR8/Endpoint_AVR8.o (symbol from plugin)
Endpoint_ClearStatusStage                         .build/obj_redox_rev1_base_ad_rev2/lib/lufa/LUFA/Drivers/USB/Core/AVR8/Endpoint_AVR8.o (symbol from plugin)
                                                  .build/obj_redox_rev1_base_ad_rev2/lib/lufa/LUFA/Drivers/USB/Core/DeviceStandardReq.o (symbol from plugin)
                                                  .build/obj_redox_rev1_base_ad_rev2/lufa.o (symbol from plugin)
Endpoint_ConfigureEndpointTable                   .build/obj_redox_rev1_base_ad_rev2/lib/lufa/LUFA/Drivers/USB/Core/AVR8/Endpoint_AVR8.o (symbol from plugin)
Endpoint_ConfigureEndpoint_Prv                    .build/obj_redox_rev1_base_ad_rev2/lib/lufa/LUFA/Drivers/USB/Core/AVR8/Endpoint_AVR8.o (symbol from plugin)
                                                  .build/obj_redox_rev1_base_ad_rev2/lib/lufa/LUFA/Drivers/USB/Core/AVR8/USBInterrupt_AVR8.o (symbol from plugin)
                                                  .build/obj_redox_rev1_base_ad_rev2/lib/lufa/LUFA/Drivers/USB/Core/AVR8/USBController_AVR8.o (symbol from plugin)
                                                  .build/obj_redox_rev1_base_ad_rev2/lufa.o (symbol from plugin)
Endpoint_Discard_Stream                           .build/obj_redox_rev1_base_ad_rev2/lib/lufa/LUFA/Drivers/USB/Core/AVR8/EndpointStream_AVR8.o (symbol from plugin)
Endpoint_Null_Stream                              .build/obj_redox_rev1_base_ad_rev2/lib/lufa/LUFA/Drivers/USB/Core/AVR8/EndpointStream_AVR8.o (symbol from plugin)
Endpoint_Read_Control_EStream_BE                  .build/obj_redox_rev1_base_ad_rev2/lib/lufa/LUFA/Drivers/USB/Core/AVR8/EndpointStream_AVR8.o (symbol from plugin)
Endpoint_Read_Control_EStream_LE                  .build/obj_redox_rev1_base_ad_rev2/lib/lufa/LUFA/Drivers/USB/Core/AVR8/EndpointStream_AVR8.o (symbol from plugin)
Endpoint_Read_Control_Stream_BE                   .build/obj_redox_rev1_base_ad_rev2/lib/lufa/LUFA/Drivers/USB/Core/AVR8/EndpointStream_AVR8.o (symbol from plugin)
Endpoint_Read_Control_Stream_LE                   .build/obj_redox_rev1_base_ad_rev2/lib/lufa/LUFA/Drivers/USB/Core/AVR8/EndpointStream_AVR8.o (symbol from plugin)
Endpoint_Read_EStream_BE                          .build/obj_redox_rev1_base_ad_rev2/lib/lufa/LUFA/Drivers/USB/Core/AVR8/EndpointStream_AVR8.o (symbol from plugin)
Endpoint_Read_EStream_LE                          .build/obj_redox_rev1_base_ad_rev2/lib/lufa/LUFA/Drivers/USB/Core/AVR8/EndpointStream_AVR8.o (symbol from plugin)
Endpoint_Read_Stream_BE                           .build/obj_redox_rev1_base_ad_rev2/lib/lufa/LUFA/Drivers/USB/Core/AVR8/EndpointStream_AVR8.o (symbol from plugin)
Endpoint_Read_Stream_LE                           .build/obj_redox_rev1_base_ad_rev2/lib/lufa/LUFA/Drivers/USB/Core/AVR8/EndpointStream_AVR8.o (symbol from plugin)
Endpoint_WaitUntilReady                           .build/obj_redox_rev1_base_ad_rev2/lib/lufa/LUFA/Drivers/USB/Core/AVR8/Endpoint_AVR8.o (symbol from plugin)
                                                  .build/obj_redox_rev1_base_ad_rev2/lib/lufa/LUFA/Drivers/USB/Core/AVR8/EndpointStream_AVR8.o (symbol from plugin)
Endpoint_Write_Control_EStream_BE                 .build/obj_redox_rev1_base_ad_rev2/lib/lufa/LUFA/Drivers/USB/Core/AVR8/EndpointStream_AVR8.o (symbol from plugin)
Endpoint_Write_Control_EStream_LE                 .build/obj_redox_rev1_base_ad_rev2/lib/lufa/LUFA/Drivers/USB/Core/AVR8/EndpointStream_AVR8.o (symbol from plugin)
Endpoint_Write_Control_PStream_BE                 .build/obj_redox_rev1_base_ad_rev2/lib/lufa/LUFA/Drivers/USB/Core/AVR8/EndpointStream_AVR8.o (symbol from plugin)
Endpoint_Write_Control_PStream_LE                 .build/obj_redox_rev1_base_ad_rev2/lib/lufa/LUFA/Drivers/USB/Core/AVR8/EndpointStream_AVR8.o (symbol from plugin)
                                                  .build/obj_redox_rev1_base_ad_rev2/lib/lufa/LUFA/Drivers/USB/Core/DeviceStandardReq.o (symbol from plugin)
Endpoint_Write_Control_Stream_BE                  .build/obj_redox_rev1_base_ad_rev2/lib/lufa/LUFA/Drivers/USB/Core/AVR8/EndpointStream_AVR8.o (symbol from plugin)
Endpoint_Write_Control_Stream_LE                  .build/obj_redox_rev1_base_ad_rev2/lib/lufa/LUFA/Drivers/USB/Core/AVR8/EndpointStream_AVR8.o (symbol from plugin)
                                                  .build/obj_redox_rev1_base_ad_rev2/lib/lufa/LUFA/Drivers/USB/Core/DeviceStandardReq.o (symbol from plugin)
                                                  .build/obj_redox_rev1_base_ad_rev2/lufa.o (symbol from plugin)
Endpoint_Write_EStream_BE                         .build/obj_redox_rev1_base_ad_rev2/lib/lufa/LUFA/Drivers/USB/Core/AVR8/EndpointStream_AVR8.o (symbol from plugin)
Endpoint_Write_EStream_LE                         .build/obj_redox_rev1_base_ad_rev2/lib/lufa/LUFA/Drivers/USB/Core/AVR8/EndpointStream_AVR8.o (symbol from plugin)
Endpoint_Write_PStream_BE                         .build/obj_redox_rev1_base_ad_rev2/lib/lufa/LUFA/Drivers/USB/Core/AVR8/EndpointStream_AVR8.o (symbol from plugin)
Endpoint_Write_PStream_LE                         .build/obj_redox_rev1_base_ad_rev2/lib/lufa/LUFA/Drivers/USB/Core/AVR8/EndpointStream_AVR8.o (symbol from plugin)
Endpoint_Write_Stream_BE                          .build/obj_redox_rev1_base_ad_rev2/lib/lufa/LUFA/Drivers/USB/Core/AVR8/EndpointStream_AVR8.o (symbol from plugin)
Endpoint_Write_Stream_LE                          .build/obj_redox_rev1_base_ad_rev2/lib/lufa/LUFA/Drivers/USB/Core/AVR8/EndpointStream_AVR8.o (symbol from plugin)
                                                  .build/obj_redox_rev1_base_ad_rev2/lufa.o (symbol from plugin)
KeyboardReport                                    .build/obj_redox_rev1_base_ad_rev2/usb_descriptor.o (symbol from plugin)
LanguageString                                    .build/obj_redox_rev1_base_ad_rev2/usb_descriptor.o (symbol from plugin)
ManufacturerString                                .build/obj_redox_rev1_base_ad_rev2/usb_descriptor.o (symbol from plugin)
ProductString                                     .build/obj_redox_rev1_base_ad_rev2/usb_descriptor.o (symbol from plugin)
RGBLED_BREATHING_INTERVALS                        .build/obj_redox_rev1_base_ad_rev2/quantum/rgblight/rgblight.o (symbol from plugin)
RGBLED_GRADIENT_RANGES                            .build/obj_redox_rev1_base_ad_rev2/quantum/rgblight/rgblight.o (symbol from plugin)
RGBLED_KNIGHT_INTERVALS                           .build/obj_redox_rev1_base_ad_rev2/quantum/rgblight/rgblight.o (symbol from plugin)
RGBLED_RAINBOW_MOOD_INTERVALS                     .build/obj_redox_rev1_base_ad_rev2/quantum/rgblight/rgblight.o (symbol from plugin)
RGBLED_RAINBOW_SWIRL_INTERVALS                    .build/obj_redox_rev1_base_ad_rev2/quantum/rgblight/rgblight.o (symbol from plugin)
RGBLED_RGBTEST_INTERVALS                          .build/obj_redox_rev1_base_ad_rev2/quantum/rgblight/rgblight.o (symbol from plugin)
RGBLED_SNAKE_INTERVALS                            .build/obj_redox_rev1_base_ad_rev2/quantum/rgblight/rgblight.o (symbol from plugin)
RGBLED_TWINKLE_INTERVALS                          .build/obj_redox_rev1_base_ad_rev2/quantum/rgblight/rgblight.o (symbol from plugin)
SharedReport                                      .build/obj_redox_rev1_base_ad_rev2/usb_descriptor.o (symbol from plugin)
USB_ControlRequest                                .build/obj_redox_rev1_base_ad_rev2/lib/lufa/LUFA/Drivers/USB/Core/USBTask.o (symbol from plugin)
                                                  .build/obj_redox_rev1_base_ad_rev2/lib/lufa/LUFA/Drivers/USB/Core/DeviceStandardReq.o (symbol from plugin)
                                                  .build/obj_redox_rev1_base_ad_rev2/lib/lufa/LUFA/Drivers/USB/Core/AVR8/Endpoint_AVR8.o (symbol from plugin)
                                                  .build/obj_redox_rev1_base_ad_rev2/lib/lufa/LUFA/Drivers/USB/Core/AVR8/EndpointStream_AVR8.o (symbol from plugin)
                                                  .build/obj_redox_rev1_base_ad_rev2/lufa.o (symbol from plugin)
USB_DeviceState                                   .build/obj_redox_rev1_base_ad_rev2/lib/lufa/LUFA/Drivers/USB/Core/USBTask.o (symbol from plugin)
                                                  .build/obj_redox_rev1_base_ad_rev2/protocol/lufa/usb_util.o (symbol from plugin)
                                                  .build/obj_redox_rev1_base_ad_rev2/lib/lufa/LUFA/Drivers/USB/Core/DeviceStandardReq.o (symbol from plugin)
                                                  .build/obj_redox_rev1_base_ad_rev2/lib/lufa/LUFA/Drivers/USB/Core/AVR8/USBInterrupt_AVR8.o (symbol from plugin)
                                                  .build/obj_redox_rev1_base_ad_rev2/lib/lufa/LUFA/Drivers/USB/Core/AVR8/USBController_AVR8.o (symbol from plugin)
                                                  .build/obj_redox_rev1_base_ad_rev2/lib/lufa/LUFA/Drivers/USB/Core/AVR8/Endpoint_AVR8.o (symbol from plugin)
                                                  .build/obj_redox_rev1_base_ad_rev2/lib/lufa/LUFA/Drivers/USB/Core/AVR8/EndpointStream_AVR8.o (symbol from plugin)
                                                  .build/obj_redox_rev1_base_ad_rev2/lufa.o (symbol from plugin)
                                                  .build/obj_redox_rev1_base_ad_rev2/platforms/avr/suspend.o (symbol from plugin)
USB_Device_ConfigurationNumber                    .build/obj_redox_rev1_base_ad_rev2/lib/lufa/LUFA/Drivers/USB/Core/DeviceStandardReq.o (symbol from plugin)
                                                  .build/obj_redox_rev1_base_ad_rev2/lib/lufa/LUFA/Drivers/USB/Core/AVR8/USBInterrupt_AVR8.o (symbol from plugin)
                                                  .build/obj_redox_rev1_base_ad_rev2/lib/lufa/LUFA/Drivers/USB/Core/AVR8/USBController_AVR8.o (symbol from plugin)
                                                  .build/obj_redox_rev1_base_ad_rev2/lufa.o (symbol from plugin)
USB_Device_CurrentlySelfPowered                   .build/obj_redox_rev1_base_ad_rev2/lib/lufa/LUFA/Drivers/USB/Core/DeviceStandardReq.o (symbol from plugin)
                                                  .build/obj_redox_rev1_base_ad_rev2/lib/lufa/LUFA/Drivers/USB/Core/AVR8/USBController_AVR8.o (symbol from plugin)
USB_Device_ProcessControlRequest                  .build/obj_redox_rev1_base_ad_rev2/lib/lufa/LUFA/Drivers/USB/Core/DeviceStandardReq.o (symbol from plugin)
                                                  .build/obj_redox_rev1_base_ad_rev2/lib/lufa/LUFA/Drivers/USB/Core/USBTask.o (symbol from plugin)
                                                  .build/obj_redox_rev1_base_ad_rev2/lib/lufa/LUFA/Drivers/USB/Core/AVR8/USBInterrupt_AVR8.o (symbol from plugin)
USB_Device_RemoteWakeupEnabled                    .build/obj_redox_rev1_base_ad_rev2/lib/lufa/LUFA/Drivers/USB/Core/DeviceStandardReq.o (symbol from plugin)
                                                  .build/obj_redox_rev1_base_ad_rev2/lib/lufa/LUFA/Drivers/USB/Core/AVR8/USBController_AVR8.o (symbol from plugin)
                                                  .build/obj_redox_rev1_base_ad_rev2/lufa.o (symbol from plugin)
USB_Device_SendRemoteWakeup                       .build/obj_redox_rev1_base_ad_rev2/lib/lufa/LUFA/Drivers/USB/Core/AVR8/Device_AVR8.o (symbol from plugin)
                                                  .build/obj_redox_rev1_base_ad_rev2/lufa.o (symbol from plugin)
USB_Disable                                       .build/obj_redox_rev1_base_ad_rev2/lib/lufa/LUFA/Drivers/USB/Core/AVR8/USBController_AVR8.o (symbol from plugin)
                                                  .build/obj_redox_rev1_base_ad_rev2/protocol/lufa/usb_util.o (symbol from plugin)
                                                  .build/obj_redox_rev1_base_ad_rev2/lufa.o (symbol from plugin)
USB_Event_Stub                                    .build/obj_redox_rev1_base_ad_rev2/lib/lufa/LUFA/Drivers/USB/Core/Events.o (symbol from plugin)
USB_Event_Stub_2                                  .build/obj_redox_rev1_base_ad_rev2/lib/lufa/LUFA/Drivers/USB/Core/Events.o (symbol from plugin)
USB_Event_Stub_3                                  .build/obj_redox_rev1_base_ad_rev2/lib/lufa/LUFA/Drivers/USB/Core/Events.o (symbol from plugin)
USB_GetHIDReportItemInfo                          .build/obj_redox_rev1_base_ad_rev2/lib/lufa/LUFA/Drivers/USB/Class/Common/HIDParser.o (symbol from plugin)
USB_GetHIDReportSize                              .build/obj_redox_rev1_base_ad_rev2/lib/lufa/LUFA/Drivers/USB/Class/Common/HIDParser.o (symbol from plugin)
USB_GetNextDescriptorComp                         .build/obj_redox_rev1_base_ad_rev2/lib/lufa/LUFA/Drivers/USB/Core/ConfigDescriptors.o (symbol from plugin)
USB_GetNextDescriptorOfType                       .build/obj_redox_rev1_base_ad_rev2/lib/lufa/LUFA/Drivers/USB/Core/ConfigDescriptors.o (symbol from plugin)
USB_GetNextDescriptorOfTypeAfter                  .build/obj_redox_rev1_base_ad_rev2/lib/lufa/LUFA/Drivers/USB/Core/ConfigDescriptors.o (symbol from plugin)
USB_GetNextDescriptorOfTypeBefore                 .build/obj_redox_rev1_base_ad_rev2/lib/lufa/LUFA/Drivers/USB/Core/ConfigDescriptors.o (symbol from plugin)
USB_INT_ClearAllInterrupts                        .build/obj_redox_rev1_base_ad_rev2/lib/lufa/LUFA/Drivers/USB/Core/AVR8/USBInterrupt_AVR8.o (symbol from plugin)
                                                  .build/obj_redox_rev1_base_ad_rev2/lib/lufa/LUFA/Drivers/USB/Core/AVR8/USBController_AVR8.o (symbol from plugin)
USB_INT_DisableAllInterrupts                      .build/obj_redox_rev1_base_ad_rev2/lib/lufa/LUFA/Drivers/USB/Core/AVR8/USBInterrupt_AVR8.o (symbol from plugin)
                                                  .build/obj_redox_rev1_base_ad_rev2/lib/lufa/LUFA/Drivers/USB/Core/AVR8/USBController_AVR8.o (symbol from plugin)
USB_Init                                          .build/obj_redox_rev1_base_ad_rev2/lib/lufa/LUFA/Drivers/USB/Core/AVR8/USBController_AVR8.o (symbol from plugin)
                                                  .build/obj_redox_rev1_base_ad_rev2/lufa.o (symbol from plugin)
USB_IsInitialized                                 .build/obj_redox_rev1_base_ad_rev2/lib/lufa/LUFA/Drivers/USB/Core/USBTask.o (symbol from plugin)
                                                  .build/obj_redox_rev1_base_ad_rev2/lib/lufa/LUFA/Drivers/USB/Core/AVR8/USBController_AVR8.o (symbol from plugin)
                                                  .build/obj_redox_rev1_base_ad_rev2/lufa.o (symbol from plugin)
USB_ProcessHIDReport                              .build/obj_redox_rev1_base_ad_rev2/lib/lufa/LUFA/Drivers/USB/Class/Common/HIDParser.o (symbol from plugin)
USB_ResetInterface                                .build/obj_redox_rev1_base_ad_rev2/lib/lufa/LUFA/Drivers/USB/Core/AVR8/USBController_AVR8.o (symbol from plugin)
USB_SetHIDReportItemInfo                          .build/obj_redox_rev1_base_ad_rev2/lib/lufa/LUFA/Drivers/USB/Class/Common/HIDParser.o (symbol from plugin)
USB_USBTask                                       .build/obj_redox_rev1_base_ad_rev2/lib/lufa/LUFA/Drivers/USB/Core/USBTask.o (symbol from plugin)
                                                  .build/obj_redox_rev1_base_ad_rev2/lufa.o (symbol from plugin)
__DATA_REGION_LENGTH__                            /usr/lib/gcc/avr/7.3.0/../../../avr/lib/avr5/crtatmega32u4.o
__DATA_REGION_ORIGIN__                            /usr/lib/gcc/avr/7.3.0/../../../avr/lib/avr5/crtatmega32u4.o
__EEPROM_REGION_LENGTH__                          /usr/lib/gcc/avr/7.3.0/../../../avr/lib/avr5/crtatmega32u4.o
__FUSE_REGION_LENGTH__                            /usr/lib/gcc/avr/7.3.0/../../../avr/lib/avr5/crtatmega32u4.o
__TEXT_REGION_LENGTH__                            /usr/lib/gcc/avr/7.3.0/../../../avr/lib/avr5/crtatmega32u4.o
__ashldi3                                         /usr/lib/gcc/avr/7.3.0/avr5/libgcc.a(_ashldi3.o)
                                                  /tmp/ccef2kvt.ltrans0.ltrans.o
__ashrdi3                                         /usr/lib/gcc/avr/7.3.0/avr5/libgcc.a(_ashrdi3.o)
__bad_interrupt                                   /usr/lib/gcc/avr/7.3.0/../../../avr/lib/avr5/crtatmega32u4.o
__bss_end                                         /usr/lib/gcc/avr/7.3.0/avr5/libgcc.a(_clear_bss.o)
__bss_start                                       /usr/lib/gcc/avr/7.3.0/avr5/libgcc.a(_clear_bss.o)
__data_end                                        /usr/lib/gcc/avr/7.3.0/avr5/libgcc.a(_copy_data.o)
__data_load_start                                 /usr/lib/gcc/avr/7.3.0/avr5/libgcc.a(_copy_data.o)
__data_start                                      /usr/lib/gcc/avr/7.3.0/avr5/libgcc.a(_copy_data.o)
__divmodhi4                                       /usr/lib/gcc/avr/7.3.0/avr5/libgcc.a(_divmodhi4.o)
                                                  /tmp/ccef2kvt.ltrans0.ltrans.o
__divmodqi4                                       /usr/lib/gcc/avr/7.3.0/avr5/libgcc.a(_divmodqi4.o)
                                                  /tmp/ccef2kvt.ltrans0.ltrans.o
__divmodsi4                                       /usr/lib/gcc/avr/7.3.0/avr5/libgcc.a(_divmodsi4.o)
                                                  /usr/lib/gcc/avr/7.3.0/../../../avr/lib/avr5/libc.a(rand.o)
__do_clear_bss                                    /usr/lib/gcc/avr/7.3.0/avr5/libgcc.a(_clear_bss.o)
                                                  /tmp/ccef2kvt.ltrans0.ltrans.o
__do_copy_data                                    /usr/lib/gcc/avr/7.3.0/avr5/libgcc.a(_copy_data.o)
                                                  /tmp/ccef2kvt.ltrans0.ltrans.o
                                                  /usr/lib/gcc/avr/7.3.0/../../../avr/lib/avr5/libc.a(rand.o)
__epilogue_restores__                             /usr/lib/gcc/avr/7.3.0/avr5/libgcc.a(_epilogue.o)
                                                  /tmp/ccef2kvt.ltrans0.ltrans.o
                                                  .build/obj_redox_rev1_base_ad_rev2/serial.a(serial.o)
__heap_end                                        /usr/lib/gcc/avr/7.3.0/../../../avr/lib/avr5/crtatmega32u4.o
__init                                            /usr/lib/gcc/avr/7.3.0/../../../avr/lib/avr5/crtatmega32u4.o
__lshrdi3                                         /usr/lib/gcc/avr/7.3.0/avr5/libgcc.a(_ashrdi3.o)
                                                  /tmp/ccef2kvt.ltrans0.ltrans.o
__mulhisi3                                        /usr/lib/gcc/avr/7.3.0/avr5/libgcc.a(_mulhisi3.o)
                                                  /tmp/ccef2kvt.ltrans0.ltrans.o
__mulohisi3                                       /usr/lib/gcc/avr/7.3.0/avr5/libgcc.a(_mulshisi3.o)
                                                  /usr/lib/gcc/avr/7.3.0/../../../avr/lib/avr5/libc.a(rand.o)
__mulshisi3                                       /usr/lib/gcc/avr/7.3.0/avr5/libgcc.a(_mulshisi3.o)
                                                  /tmp/ccef2kvt.ltrans0.ltrans.o
__muluhisi3                                       /usr/lib/gcc/avr/7.3.0/avr5/libgcc.a(_muluhisi3.o)
                                                  /tmp/ccef2kvt.ltrans0.ltrans.o
                                                  /usr/lib/gcc/avr/7.3.0/avr5/libgcc.a(_mulshisi3.o)
                                                  /usr/lib/gcc/avr/7.3.0/../../../avr/lib/avr5/libc.a(rand.o)
__negsi2                                          /usr/lib/gcc/avr/7.3.0/avr5/libgcc.a(_negsi2.o)
                                                  /usr/lib/gcc/avr/7.3.0/avr5/libgcc.a(_divmodsi4.o)
__prologue_saves__                                /usr/lib/gcc/avr/7.3.0/avr5/libgcc.a(_prologue.o)
                                                  /tmp/ccef2kvt.ltrans0.ltrans.o
                                                  .build/obj_redox_rev1_base_ad_rev2/serial.a(serial.o)
__stack                                           /usr/lib/gcc/avr/7.3.0/../../../avr/lib/avr5/crtatmega32u4.o
__tablejump2__                                    /usr/lib/gcc/avr/7.3.0/avr5/libgcc.a(_tablejump2.o)
                                                  /tmp/ccef2kvt.ltrans0.ltrans.o
__udivmodhi4                                      /usr/lib/gcc/avr/7.3.0/avr5/libgcc.a(_udivmodhi4.o)
                                                  /usr/lib/gcc/avr/7.3.0/avr5/libgcc.a(_divmodhi4.o)
                                                  /tmp/ccef2kvt.ltrans0.ltrans.o
__udivmodqi4                                      /usr/lib/gcc/avr/7.3.0/avr5/libgcc.a(_udivmodqi4.o)
                                                  /usr/lib/gcc/avr/7.3.0/avr5/libgcc.a(_divmodqi4.o)
                                                  /tmp/ccef2kvt.ltrans0.ltrans.o
__udivmodsi4                                      /usr/lib/gcc/avr/7.3.0/avr5/libgcc.a(_udivmodsi4.o)
                                                  /tmp/ccef2kvt.ltrans0.ltrans.o
                                                  /usr/lib/gcc/avr/7.3.0/avr5/libgcc.a(_divmodsi4.o)
__umulhisi3                                       /usr/lib/gcc/avr/7.3.0/avr5/libgcc.a(_umulhisi3.o)
                                                  /usr/lib/gcc/avr/7.3.0/avr5/libgcc.a(_usmulhisi3.o)
                                                  /usr/lib/gcc/avr/7.3.0/avr5/libgcc.a(_mulhisi3.o)
                                                  /tmp/ccef2kvt.ltrans0.ltrans.o
                                                  /usr/lib/gcc/avr/7.3.0/avr5/libgcc.a(_muluhisi3.o)
__usmulhisi3                                      /usr/lib/gcc/avr/7.3.0/avr5/libgcc.a(_usmulhisi3.o)
__usmulhisi3_tail                                 /usr/lib/gcc/avr/7.3.0/avr5/libgcc.a(_usmulhisi3.o)
                                                  /usr/lib/gcc/avr/7.3.0/avr5/libgcc.a(_mulhisi3.o)
__vector_1                                        .build/obj_redox_rev1_base_ad_rev2/serial.a(serial.o)
                                                  /usr/lib/gcc/avr/7.3.0/../../../avr/lib/avr5/crtatmega32u4.o
__vector_10                                       /tmp/ccef2kvt.ltrans0.ltrans.o
                                                  .build/obj_redox_rev1_base_ad_rev2/lib/lufa/LUFA/Drivers/USB/Core/AVR8/USBInterrupt_AVR8.o (symbol from plugin)
                                                  /usr/lib/gcc/avr/7.3.0/../../../avr/lib/avr5/crtatmega32u4.o
__vector_11                                       /tmp/ccef2kvt.ltrans0.ltrans.o
                                                  .build/obj_redox_rev1_base_ad_rev2/lib/lufa/LUFA/Drivers/USB/Core/AVR8/USBInterrupt_AVR8.o (symbol from plugin)
                                                  /usr/lib/gcc/avr/7.3.0/../../../avr/lib/avr5/crtatmega32u4.o
__vector_12                                       /tmp/ccef2kvt.ltrans0.ltrans.o
                                                  .build/obj_redox_rev1_base_ad_rev2/platforms/avr/suspend.o (symbol from plugin)
                                                  /usr/lib/gcc/avr/7.3.0/../../../avr/lib/avr5/crtatmega32u4.o
__vector_13                                       /usr/lib/gcc/avr/7.3.0/../../../avr/lib/avr5/crtatmega32u4.o
__vector_14                                       /usr/lib/gcc/avr/7.3.0/../../../avr/lib/avr5/crtatmega32u4.o
__vector_15                                       /usr/lib/gcc/avr/7.3.0/../../../avr/lib/avr5/crtatmega32u4.o
__vector_16                                       /usr/lib/gcc/avr/7.3.0/../../../avr/lib/avr5/crtatmega32u4.o
__vector_17                                       /usr/lib/gcc/avr/7.3.0/../../../avr/lib/avr5/crtatmega32u4.o
__vector_18                                       /usr/lib/gcc/avr/7.3.0/../../../avr/lib/avr5/crtatmega32u4.o
__vector_19                                       /usr/lib/gcc/avr/7.3.0/../../../avr/lib/avr5/crtatmega32u4.o
__vector_2                                        /usr/lib/gcc/avr/7.3.0/../../../avr/lib/avr5/crtatmega32u4.o
__vector_20                                       /usr/lib/gcc/avr/7.3.0/../../../avr/lib/avr5/crtatmega32u4.o
__vector_21                                       /tmp/ccef2kvt.ltrans0.ltrans.o
                                                  .build/obj_redox_rev1_base_ad_rev2/platforms/avr/timer.o (symbol from plugin)
                                                  /usr/lib/gcc/avr/7.3.0/../../../avr/lib/avr5/crtatmega32u4.o
__vector_22                                       /usr/lib/gcc/avr/7.3.0/../../../avr/lib/avr5/crtatmega32u4.o
__vector_23                                       /usr/lib/gcc/avr/7.3.0/../../../avr/lib/avr5/crtatmega32u4.o
__vector_24                                       /usr/lib/gcc/avr/7.3.0/../../../avr/lib/avr5/crtatmega32u4.o
__vector_25                                       /usr/lib/gcc/avr/7.3.0/../../../avr/lib/avr5/crtatmega32u4.o
__vector_26                                       /usr/lib/gcc/avr/7.3.0/../../../avr/lib/avr5/crtatmega32u4.o
__vector_27                                       /usr/lib/gcc/avr/7.3.0/../../../avr/lib/avr5/crtatmega32u4.o
__vector_28                                       /usr/lib/gcc/avr/7.3.0/../../../avr/lib/avr5/crtatmega32u4.o
__vector_29                                       /usr/lib/gcc/avr/7.3.0/../../../avr/lib/avr5/crtatmega32u4.o
__vector_3                                        /usr/lib/gcc/avr/7.3.0/../../../avr/lib/avr5/crtatmega32u4.o
__vector_30                                       /usr/lib/gcc/avr/7.3.0/../../../avr/lib/avr5/crtatmega32u4.o
__vector_31                                       /usr/lib/gcc/avr/7.3.0/../../../avr/lib/avr5/crtatmega32u4.o
__vector_32                                       /usr/lib/gcc/avr/7.3.0/../../../avr/lib/avr5/crtatmega32u4.o
__vector_33                                       /usr/lib/gcc/avr/7.3.0/../../../avr/lib/avr5/crtatmega32u4.o
__vector_34                                       /usr/lib/gcc/avr/7.3.0/../../../avr/lib/avr5/crtatmega32u4.o
__vector_35                                       /usr/lib/gcc/avr/7.3.0/../../../avr/lib/avr5/crtatmega32u4.o
__vector_36                                       /usr/lib/gcc/avr/7.3.0/../../../avr/lib/avr5/crtatmega32u4.o
__vector_37                                       /usr/lib/gcc/avr/7.3.0/../../../avr/lib/avr5/crtatmega32u4.o
__vector_38                                       /usr/lib/gcc/avr/7.3.0/../../../avr/lib/avr5/crtatmega32u4.o
__vector_39                                       /usr/lib/gcc/avr/7.3.0/../../../avr/lib/avr5/crtatmega32u4.o
__vector_4                                        /usr/lib/gcc/avr/7.3.0/../../../avr/lib/avr5/crtatmega32u4.o
__vector_40                                       /usr/lib/gcc/avr/7.3.0/../../../avr/lib/avr5/crtatmega32u4.o
__vector_41                                       /usr/lib/gcc/avr/7.3.0/../../../avr/lib/avr5/crtatmega32u4.o
__vector_42                                       /usr/lib/gcc/avr/7.3.0/../../../avr/lib/avr5/crtatmega32u4.o
__vector_5                                        /usr/lib/gcc/avr/7.3.0/../../../avr/lib/avr5/crtatmega32u4.o
__vector_6                                        /usr/lib/gcc/avr/7.3.0/../../../avr/lib/avr5/crtatmega32u4.o
__vector_7                                        /usr/lib/gcc/avr/7.3.0/../../../avr/lib/avr5/crtatmega32u4.o
__vector_8                                        /usr/lib/gcc/avr/7.3.0/../../../avr/lib/avr5/crtatmega32u4.o
__vector_9                                        /usr/lib/gcc/avr/7.3.0/../../../avr/lib/avr5/crtatmega32u4.o
__vector_default                                  /usr/lib/gcc/avr/7.3.0/../../../avr/lib/avr5/crtatmega32u4.o
__vectors                                         /usr/lib/gcc/avr/7.3.0/../../../avr/lib/avr5/crtatmega32u4.o
__xprintf                                         .build/obj_redox_rev1_base_ad_rev2/platforms/avr/xprintf.o
_div                                              /usr/lib/gcc/avr/7.3.0/avr5/libgcc.a(_divmodhi4.o)
_exit                                             /usr/lib/gcc/avr/7.3.0/avr5/libgcc.a(_exit.o)
action_exec                                       .build/obj_redox_rev1_base_ad_rev2/quantum/action.o (symbol from plugin)
                                                  .build/obj_redox_rev1_base_ad_rev2/quantum/keyboard.o (symbol from plugin)
action_for_key                                    .build/obj_redox_rev1_base_ad_rev2/quantum/keymap_common.o (symbol from plugin)
                                                  .build/obj_redox_rev1_base_ad_rev2/quantum/action_layer.o (symbol from plugin)
action_for_keycode                                .build/obj_redox_rev1_base_ad_rev2/quantum/keymap_common.o (symbol from plugin)
action_tapping_process                            .build/obj_redox_rev1_base_ad_rev2/quantum/action_tapping.o (symbol from plugin)
                                                  .build/obj_redox_rev1_base_ad_rev2/quantum/action.o (symbol from plugin)
add_key                                           .build/obj_redox_rev1_base_ad_rev2/quantum/action_util.o (symbol from plugin)
add_key_bit                                       .build/obj_redox_rev1_base_ad_rev2/protocol/report.o (symbol from plugin)
add_key_byte                                      .build/obj_redox_rev1_base_ad_rev2/protocol/report.o (symbol from plugin)
add_key_to_report                                 .build/obj_redox_rev1_base_ad_rev2/protocol/report.o (symbol from plugin)
                                                  .build/obj_redox_rev1_base_ad_rev2/quantum/process_keycode/process_grave_esc.o (symbol from plugin)
                                                  .build/obj_redox_rev1_base_ad_rev2/quantum/action_util.o (symbol from plugin)
                                                  .build/obj_redox_rev1_base_ad_rev2/quantum/action.o (symbol from plugin)
add_mods                                          .build/obj_redox_rev1_base_ad_rev2/quantum/action_util.o (symbol from plugin)
                                                  .build/obj_redox_rev1_base_ad_rev2/quantum/process_keycode/process_tap_dance.o (symbol from plugin)
                                                  .build/obj_redox_rev1_base_ad_rev2/quantum/action.o (symbol from plugin)
add_oneshot_locked_mods                           .build/obj_redox_rev1_base_ad_rev2/quantum/action_util.o (symbol from plugin)
add_oneshot_mods                                  .build/obj_redox_rev1_base_ad_rev2/quantum/action_util.o (symbol from plugin)
                                                  .build/obj_redox_rev1_base_ad_rev2/quantum/action.o (symbol from plugin)
add_weak_mods                                     .build/obj_redox_rev1_base_ad_rev2/quantum/action_util.o (symbol from plugin)
                                                  .build/obj_redox_rev1_base_ad_rev2/quantum/process_keycode/process_tap_dance.o (symbol from plugin)
                                                  .build/obj_redox_rev1_base_ad_rev2/quantum/action.o (symbol from plugin)
animation_status                                  .build/obj_redox_rev1_base_ad_rev2/quantum/rgblight/rgblight.o (symbol from plugin)
ascii_to_altgr_lut                                .build/obj_redox_rev1_base_ad_rev2/quantum/send_string/send_string.o (symbol from plugin)
ascii_to_dead_lut                                 .build/obj_redox_rev1_base_ad_rev2/quantum/send_string/send_string.o (symbol from plugin)
ascii_to_keycode_lut                              .build/obj_redox_rev1_base_ad_rev2/quantum/send_string/send_string.o (symbol from plugin)
ascii_to_shift_lut                                .build/obj_redox_rev1_base_ad_rev2/quantum/send_string/send_string.o (symbol from plugin)
biton                                             .build/obj_redox_rev1_base_ad_rev2/quantum/bitwise.o (symbol from plugin)
                                                  .build/obj_redox_rev1_base_ad_rev2/protocol/report.o (symbol from plugin)
biton16                                           .build/obj_redox_rev1_base_ad_rev2/quantum/bitwise.o (symbol from plugin)
biton32                                           .build/obj_redox_rev1_base_ad_rev2/quantum/bitwise.o (symbol from plugin)
bitpop                                            .build/obj_redox_rev1_base_ad_rev2/quantum/bitwise.o (symbol from plugin)
                                                  .build/obj_redox_rev1_base_ad_rev2/quantum/action_util.o (symbol from plugin)
bitpop16                                          .build/obj_redox_rev1_base_ad_rev2/quantum/bitwise.o (symbol from plugin)
bitpop32                                          .build/obj_redox_rev1_base_ad_rev2/quantum/bitwise.o (symbol from plugin)
bitrev                                            .build/obj_redox_rev1_base_ad_rev2/quantum/bitwise.o (symbol from plugin)
bitrev16                                          .build/obj_redox_rev1_base_ad_rev2/quantum/bitwise.o (symbol from plugin)
bitrev32                                          .build/obj_redox_rev1_base_ad_rev2/quantum/bitwise.o (symbol from plugin)
bootloader_jump                                   .build/obj_redox_rev1_base_ad_rev2/platforms/avr/bootloaders/caterina.o (symbol from plugin)
                                                  .build/obj_redox_rev1_base_ad_rev2/quantum/bootmagic/bootmagic.o (symbol from plugin)
                                                  .build/obj_redox_rev1_base_ad_rev2/quantum/quantum.o (symbol from plugin)
bootmagic                                         .build/obj_redox_rev1_base_ad_rev2/quantum/bootmagic/bootmagic.o (symbol from plugin)
                                                  .build/obj_redox_rev1_base_ad_rev2/quantum/keyboard.o (symbol from plugin)
bootmagic_reset_eeprom                            .build/obj_redox_rev1_base_ad_rev2/quantum/bootmagic/bootmagic.o (symbol from plugin)
bootmagic_scan                                    .build/obj_redox_rev1_base_ad_rev2/quantum/bootmagic/bootmagic.o (symbol from plugin)
bootmagic_should_reset                            .build/obj_redox_rev1_base_ad_rev2/quantum/bootmagic/bootmagic.o (symbol from plugin)
clear_keyboard                                    .build/obj_redox_rev1_base_ad_rev2/quantum/action.o (symbol from plugin)
                                                  .build/obj_redox_rev1_base_ad_rev2/lufa.o (symbol from plugin)
                                                  .build/obj_redox_rev1_base_ad_rev2/platforms/avr/suspend.o (symbol from plugin)
                                                  .build/obj_redox_rev1_base_ad_rev2/quantum/process_keycode/process_magic.o (symbol from plugin)
                                                  .build/obj_redox_rev1_base_ad_rev2/quantum/command.o (symbol from plugin)
                                                  .build/obj_redox_rev1_base_ad_rev2/quantum/action_tapping.o (symbol from plugin)
                                                  .build/obj_redox_rev1_base_ad_rev2/quantum/quantum.o (symbol from plugin)
clear_keyboard_but_mods                           .build/obj_redox_rev1_base_ad_rev2/quantum/action.o (symbol from plugin)
clear_keyboard_but_mods_and_keys                  .build/obj_redox_rev1_base_ad_rev2/quantum/action.o (symbol from plugin)
clear_keys                                        .build/obj_redox_rev1_base_ad_rev2/quantum/action_util.o (symbol from plugin)
clear_keys_from_report                            .build/obj_redox_rev1_base_ad_rev2/protocol/report.o (symbol from plugin)
                                                  .build/obj_redox_rev1_base_ad_rev2/quantum/action_util.o (symbol from plugin)
                                                  .build/obj_redox_rev1_base_ad_rev2/quantum/action.o (symbol from plugin)
clear_mods                                        .build/obj_redox_rev1_base_ad_rev2/quantum/action_util.o (symbol from plugin)
                                                  .build/obj_redox_rev1_base_ad_rev2/quantum/unicode/unicode.o (symbol from plugin)