Archive member included to satisfy reference by file (symbol)

.build/obj_redox_rev1_base_ad_rev3/serial.a(serial.o)
                              .build/obj_redox_rev1_base_ad_rev3/quantum/split_common/transport.o (soft_serial_initiator_init)
/usr/lib/gcc/avr/5.4.0/avr5/libgcc.a(_udivmodhi4.o)
                              .build/obj_redox_rev1_base_ad_rev3/quantum/color.o (__udivmodhi4)
/usr/lib/gcc/avr/5.4.0/avr5/libgcc.a(_divmodhi4.o)
                              .build/obj_redox_rev1_base_ad_rev3/quantum/unicode/unicode.o (__divmodhi4)
/usr/lib/gcc/avr/5.4.0/avr5/libgcc.a(_udivmodsi4.o)
                              .build/obj_redox_rev1_base_ad_rev3/quantum/quantum.o (__udivmodsi4)
/usr/lib/gcc/avr/5.4.0/avr5/libgcc.a(_exit.o)
                              /usr/lib/gcc/avr/5.4.0/../../../avr/lib/avr5/crtatmega32u4.o (exit)
/usr/lib/gcc/avr/5.4.0/avr5/libgcc.a(_tablejump2.o)
                              .build/obj_redox_rev1_base_ad_rev3/quantum/action.o (__tablejump2__)
/usr/lib/gcc/avr/5.4.0/avr5/libgcc.a(_copy_data.o)
                              .build/obj_redox_rev1_base_ad_rev3/quantum/quantum.o (__do_copy_data)
/usr/lib/gcc/avr/5.4.0/avr5/libgcc.a(_clear_bss.o)
                              .build/obj_redox_rev1_base_ad_rev3/quantum/keymap_introspection.o (__do_clear_bss)
/usr/lib/gcc/avr/5.4.0/avr5/libgcc.a(_prologue.o)
                              .build/obj_redox_rev1_base_ad_rev3/quantum/quantum.o (__prologue_saves__)
/usr/lib/gcc/avr/5.4.0/avr5/libgcc.a(_epilogue.o)
                              .build/obj_redox_rev1_base_ad_rev3/quantum/quantum.o (__epilogue_restores__)
/usr/lib/gcc/avr/5.4.0/avr5/libgcc.a(_ashldi3.o)
                              .build/obj_redox_rev1_base_ad_rev3/quantum/rgblight/rgblight.o (__ashldi3)
/usr/lib/gcc/avr/5.4.0/avr5/libgcc.a(_ashrdi3.o)
                              .build/obj_redox_rev1_base_ad_rev3/quantum/rgblight/rgblight.o (__lshrdi3)
/usr/lib/gcc/avr/5.4.0/../../../avr/lib/avr5/libc.a(memcmp.o)
                              .build/obj_redox_rev1_base_ad_rev3/quantum/action_util.o (memcmp)
/usr/lib/gcc/avr/5.4.0/../../../avr/lib/avr5/libc.a(memcpy.o)
                              .build/obj_redox_rev1_base_ad_rev3/quantum/debounce/sym_defer_g.o (memcpy)
/usr/lib/gcc/avr/5.4.0/../../../avr/lib/avr5/libatmega32u4.a(eerd_byte.o)
                              .build/obj_redox_rev1_base_ad_rev3/quantum/eeconfig.o (eeprom_read_byte)
/usr/lib/gcc/avr/5.4.0/../../../avr/lib/avr5/libatmega32u4.a(eerd_dword.o)
                              .build/obj_redox_rev1_base_ad_rev3/quantum/eeconfig.o (eeprom_read_dword)
/usr/lib/gcc/avr/5.4.0/../../../avr/lib/avr5/libatmega32u4.a(eerd_word.o)
                              .build/obj_redox_rev1_base_ad_rev3/quantum/eeconfig.o (eeprom_read_word)
/usr/lib/gcc/avr/5.4.0/../../../avr/lib/avr5/libatmega32u4.a(eeupd_block.o)
                              .build/obj_redox_rev1_base_ad_rev3/quantum/eeconfig.o (eeprom_update_block)
/usr/lib/gcc/avr/5.4.0/../../../avr/lib/avr5/libatmega32u4.a(eeupd_byte.o)
                              .build/obj_redox_rev1_base_ad_rev3/quantum/eeconfig.o (eeprom_update_byte)
/usr/lib/gcc/avr/5.4.0/../../../avr/lib/avr5/libatmega32u4.a(eeupd_dword.o)
                              .build/obj_redox_rev1_base_ad_rev3/quantum/eeconfig.o (eeprom_update_dword)
/usr/lib/gcc/avr/5.4.0/../../../avr/lib/avr5/libatmega32u4.a(eeupd_word.o)
                              .build/obj_redox_rev1_base_ad_rev3/quantum/eeconfig.o (eeprom_update_word)
/usr/lib/gcc/avr/5.4.0/../../../avr/lib/avr5/libatmega32u4.a(eerd_block.o)
                              /usr/lib/gcc/avr/5.4.0/../../../avr/lib/avr5/libatmega32u4.a(eerd_dword.o) (eeprom_read_blraw)

Allocating common symbols
Common symbol       size              file

rgblight_config     0x8               .build/obj_redox_rev1_base_ad_rev3/quantum/rgblight/rgblight.o
unicode_saved_led_state
                    0x1               .build/obj_redox_rev1_base_ad_rev3/quantum/unicode/unicode.o
USB_IsInitialized   0x1               .build/obj_redox_rev1_base_ad_rev3/lib/lufa/LUFA/Drivers/USB/Core/USBTask.o
keymap_config       0x2               .build/obj_redox_rev1_base_ad_rev3/quantum/bootmagic/magic.o
thatHand            0x1               .build/obj_redox_rev1_base_ad_rev3/quantum/matrix_common.o
unicode_config      0x1               .build/obj_redox_rev1_base_ad_rev3/quantum/unicode/unicode.o
sync_timer_ms       0x4               .build/obj_redox_rev1_base_ad_rev3/quantum/sync_timer.o
USB_DeviceState     0x1               .build/obj_redox_rev1_base_ad_rev3/lib/lufa/LUFA/Drivers/USB/Core/USBTask.o
unicode_saved_mods  0x1               .build/obj_redox_rev1_base_ad_rev3/quantum/unicode/unicode.o
USB_Device_ConfigurationNumber
                    0x1               .build/obj_redox_rev1_base_ad_rev3/lib/lufa/LUFA/Drivers/USB/Core/DeviceStandardReq.o
led                 0x2a              .build/obj_redox_rev1_base_ad_rev3/quantum/rgblight/rgblight.o
[...]
Memory Configuration

Name             Origin             Length             Attributes
text             0x0000000000000000 0x0000000000008000 xr
data             0x0000000000800100 0x0000000000000a00 rw !x
eeprom           0x0000000000810000 0x0000000000000400 rw !x
fuse             0x0000000000820000 0x0000000000000003 rw !x
lock             0x0000000000830000 0x0000000000000400 rw !x
signature        0x0000000000840000 0x0000000000000400 rw !x
user_signatures  0x0000000000850000 0x0000000000000400 rw !x
*default*        0x0000000000000000 0xffffffffffffffff

Linker script and memory map

Address of section .data set to 0x800100
LOAD /usr/lib/gcc/avr/5.4.0/../../../avr/lib/avr5/crtatmega32u4.o
LOAD .build/obj_redox_rev1_base_ad_rev3/.build/obj_redox_rev1_base_ad_rev3/src/default_keyboard.o
LOAD .build/obj_redox_rev1_base_ad_rev3/quantum/keymap_introspection.o
LOAD .build/obj_redox_rev1_base_ad_rev3/quantum/quantum.o
LOAD .build/obj_redox_rev1_base_ad_rev3/quantum/bitwise.o
LOAD .build/obj_redox_rev1_base_ad_rev3/quantum/led.o
LOAD .build/obj_redox_rev1_base_ad_rev3/quantum/action.o
LOAD .build/obj_redox_rev1_base_ad_rev3/quantum/action_layer.o
LOAD .build/obj_redox_rev1_base_ad_rev3/quantum/action_tapping.o
LOAD .build/obj_redox_rev1_base_ad_rev3/quantum/action_util.o
LOAD .build/obj_redox_rev1_base_ad_rev3/quantum/eeconfig.o
LOAD .build/obj_redox_rev1_base_ad_rev3/quantum/keyboard.o
LOAD .build/obj_redox_rev1_base_ad_rev3/quantum/keymap_common.o
LOAD .build/obj_redox_rev1_base_ad_rev3/quantum/keycode_config.o
LOAD .build/obj_redox_rev1_base_ad_rev3/quantum/sync_timer.o
LOAD .build/obj_redox_rev1_base_ad_rev3/quantum/logging/debug.o
LOAD .build/obj_redox_rev1_base_ad_rev3/quantum/logging/sendchar.o
LOAD .build/obj_redox_rev1_base_ad_rev3/quantum/bootmagic/magic.o
LOAD .build/obj_redox_rev1_base_ad_rev3/quantum/matrix_common.o
LOAD .build/obj_redox_rev1_base_ad_rev3/quantum/matrix.o
LOAD .build/obj_redox_rev1_base_ad_rev3/quantum/debounce/sym_defer_g.o
LOAD .build/obj_redox_rev1_base_ad_rev3/quantum/split_common/split_util.o
LOAD .build/obj_redox_rev1_base_ad_rev3/quantum/split_common/transport.o
LOAD .build/obj_redox_rev1_base_ad_rev3/quantum/split_common/transactions.o
LOAD .build/obj_redox_rev1_base_ad_rev3/quantum/main.o
LOAD .build/obj_redox_rev1_base_ad_rev3/platforms/avr/xprintf.o
LOAD .build/obj_redox_rev1_base_ad_rev3/platforms/avr/printf.o
LOAD .build/obj_redox_rev1_base_ad_rev3/quantum/color.o
LOAD .build/obj_redox_rev1_base_ad_rev3/quantum/rgblight/rgblight.o
LOAD .build/obj_redox_rev1_base_ad_rev3/quantum/process_keycode/process_rgb.o
LOAD .build/obj_redox_rev1_base_ad_rev3/quantum/led_tables.o
LOAD .build/obj_redox_rev1_base_ad_rev3/quantum/process_keycode/process_unicode.o
LOAD .build/obj_redox_rev1_base_ad_rev3/quantum/process_keycode/process_unicode_common.o
LOAD .build/obj_redox_rev1_base_ad_rev3/quantum/unicode/unicode.o
LOAD .build/obj_redox_rev1_base_ad_rev3/quantum/unicode/utf8.o
LOAD .build/obj_redox_rev1_base_ad_rev3/ws2812_bitbang.o
LOAD .build/obj_redox_rev1_base_ad_rev3/quantum/command.o
LOAD .build/obj_redox_rev1_base_ad_rev3/quantum/crc.o
LOAD .build/obj_redox_rev1_base_ad_rev3/quantum/process_keycode/process_grave_esc.o
LOAD .build/obj_redox_rev1_base_ad_rev3/quantum/process_keycode/process_magic.o
LOAD .build/obj_redox_rev1_base_ad_rev3/quantum/mousekey.o
LOAD .build/obj_redox_rev1_base_ad_rev3/quantum/send_string/send_string.o
LOAD .build/obj_redox_rev1_base_ad_rev3/quantum/process_keycode/process_space_cadet.o
LOAD .build/obj_redox_rev1_base_ad_rev3/quantum/process_keycode/process_tap_dance.o
LOAD .build/obj_redox_rev1_base_ad_rev3/protocol/host.o
LOAD .build/obj_redox_rev1_base_ad_rev3/protocol/report.o
LOAD .build/obj_redox_rev1_base_ad_rev3/protocol/usb_device_state.o
LOAD .build/obj_redox_rev1_base_ad_rev3/protocol/usb_util.o
LOAD .build/obj_redox_rev1_base_ad_rev3/platforms/suspend.o
LOAD .build/obj_redox_rev1_base_ad_rev3/platforms/synchronization_util.o
LOAD .build/obj_redox_rev1_base_ad_rev3/platforms/timer.o
LOAD .build/obj_redox_rev1_base_ad_rev3/platforms/avr/hardware_id.o
LOAD .build/obj_redox_rev1_base_ad_rev3/platforms/avr/platform.o
LOAD .build/obj_redox_rev1_base_ad_rev3/platforms/avr/suspend.o
LOAD .build/obj_redox_rev1_base_ad_rev3/platforms/avr/timer.o
LOAD .build/obj_redox_rev1_base_ad_rev3/platforms/avr/bootloaders/caterina.o
LOAD .build/obj_redox_rev1_base_ad_rev3/i2c_master.a
LOAD .build/obj_redox_rev1_base_ad_rev3/i2c_slave.a
LOAD .build/obj_redox_rev1_base_ad_rev3/serial.a
LOAD .build/obj_redox_rev1_base_ad_rev3/lufa.o
LOAD .build/obj_redox_rev1_base_ad_rev3/usb_descriptor.o
LOAD .build/obj_redox_rev1_base_ad_rev3/lib/lufa/LUFA/Drivers/USB/Class/Common/HIDParser.o
LOAD .build/obj_redox_rev1_base_ad_rev3/lib/lufa/LUFA/Drivers/USB/Core/AVR8/Device_AVR8.o
LOAD .build/obj_redox_rev1_base_ad_rev3/lib/lufa/LUFA/Drivers/USB/Core/AVR8/EndpointStream_AVR8.o
LOAD .build/obj_redox_rev1_base_ad_rev3/lib/lufa/LUFA/Drivers/USB/Core/AVR8/Endpoint_AVR8.o
LOAD .build/obj_redox_rev1_base_ad_rev3/lib/lufa/LUFA/Drivers/USB/Core/AVR8/Host_AVR8.o
LOAD .build/obj_redox_rev1_base_ad_rev3/lib/lufa/LUFA/Drivers/USB/Core/AVR8/PipeStream_AVR8.o
LOAD .build/obj_redox_rev1_base_ad_rev3/lib/lufa/LUFA/Drivers/USB/Core/AVR8/Pipe_AVR8.o
LOAD .build/obj_redox_rev1_base_ad_rev3/lib/lufa/LUFA/Drivers/USB/Core/AVR8/USBController_AVR8.o
LOAD .build/obj_redox_rev1_base_ad_rev3/lib/lufa/LUFA/Drivers/USB/Core/AVR8/USBInterrupt_AVR8.o
LOAD .build/obj_redox_rev1_base_ad_rev3/lib/lufa/LUFA/Drivers/USB/Core/ConfigDescriptors.o
LOAD .build/obj_redox_rev1_base_ad_rev3/lib/lufa/LUFA/Drivers/USB/Core/DeviceStandardReq.o
LOAD .build/obj_redox_rev1_base_ad_rev3/lib/lufa/LUFA/Drivers/USB/Core/Events.o
LOAD .build/obj_redox_rev1_base_ad_rev3/lib/lufa/LUFA/Drivers/USB/Core/HostStandardReq.o
LOAD .build/obj_redox_rev1_base_ad_rev3/lib/lufa/LUFA/Drivers/USB/Core/USBTask.o
LOAD .build/obj_redox_rev1_base_ad_rev3/protocol/lufa/usb_util.o
LOAD /usr/lib/gcc/avr/5.4.0/../../../avr/lib/avr5/libm.a
START GROUP
LOAD /usr/lib/gcc/avr/5.4.0/avr5/libgcc.a
LOAD /usr/lib/gcc/avr/5.4.0/../../../avr/lib/avr5/libm.a
LOAD /usr/lib/gcc/avr/5.4.0/../../../avr/lib/avr5/libc.a
LOAD /usr/lib/gcc/avr/5.4.0/../../../avr/lib/avr5/libatmega32u4.a
END GROUP
                0x0000000000000000                __TEXT_REGION_ORIGIN__ = DEFINED (__TEXT_REGION_ORIGIN__)?__TEXT_REGION_ORIGIN__:0x0
                [0x0000000000800100]                __DATA_REGION_ORIGIN__ = DEFINED (__DATA_REGION_ORIGIN__)?__DATA_REGION_ORIGIN__:0x800060
                [0x0000000000008000]                __TEXT_REGION_LENGTH__ = DEFINED (__TEXT_REGION_LENGTH__)?__TEXT_REGION_LENGTH__:0x20000
                [0x0000000000000a00]                __DATA_REGION_LENGTH__ = DEFINED (__DATA_REGION_LENGTH__)?__DATA_REGION_LENGTH__:0xffa0
                [0x0000000000000400]                __EEPROM_REGION_LENGTH__ = DEFINED (__EEPROM_REGION_LENGTH__)?__EEPROM_REGION_LENGTH__:0x10000
                [0x0000000000000003]                __FUSE_REGION_LENGTH__ = DEFINED (__FUSE_REGION_LENGTH__)?__FUSE_REGION_LENGTH__:0x400
                0x0000000000000400                __LOCK_REGION_LENGTH__ = DEFINED (__LOCK_REGION_LENGTH__)?__LOCK_REGION_LENGTH__:0x400
                0x0000000000000400                __SIGNATURE_REGION_LENGTH__ = DEFINED (__SIGNATURE_REGION_LENGTH__)?__SIGNATURE_REGION_LENGTH__:0x400
                0x0000000000000400                __USER_SIGNATURE_REGION_LENGTH__ = DEFINED (__USER_SIGNATURE_REGION_LENGTH__)?__USER_SIGNATURE_REGION_LENGTH__:0x400

.hash
 *(.hash)

.dynsym
 *(.dynsym)

.dynstr
 *(.dynstr)

.gnu.version
 *(.gnu.version)

.gnu.version_d
 *(.gnu.version_d)

.gnu.version_r
 *(.gnu.version_r)

.rel.init
 *(.rel.init)

.rela.init
 *(.rela.init)

.rel.text
 *(.rel.text)
 *(.rel.text.*)
 *(.rel.gnu.linkonce.t*)

.rela.text
 *(.rela.text)
 *(.rela.text.*)
 *(.rela.gnu.linkonce.t*)

.rel.fini
 *(.rel.fini)

.rela.fini
 *(.rela.fini)

.rel.rodata
 *(.rel.rodata)
 *(.rel.rodata.*)
 *(.rel.gnu.linkonce.r*)

.rela.rodata
 *(.rela.rodata)
 *(.rela.rodata.*)
 *(.rela.gnu.linkonce.r*)

.rel.data
 *(.rel.data)
 *(.rel.data.*)
 *(.rel.gnu.linkonce.d*)

.rela.data
 *(.rela.data)
 *(.rela.data.*)
 *(.rela.gnu.linkonce.d*)

.rel.ctors
 *(.rel.ctors)

.rela.ctors
 *(.rela.ctors)

.rel.dtors
 *(.rel.dtors)

.rela.dtors
 *(.rela.dtors)

.rel.got
 *(.rel.got)

.rela.got
 *(.rela.got)

.rel.bss
 *(.rel.bss)

.rela.bss
 *(.rela.bss)

.rel.plt
 *(.rel.plt)

.rela.plt
 *(.rela.plt)

.text           0x0000000000000000     0x631e
 *(.vectors)
 .vectors       0x0000000000000000       0xac /usr/lib/gcc/avr/5.4.0/../../../avr/lib/avr5/crtatmega32u4.o
                0x0000000000000000                __vectors
                0x0000000000000000                __vector_default
 *(.vectors)
 *(.progmem.gcc*)
 .progmem.gcc_sw_table.process_action
                0x00000000000000ac       0x18 .build/obj_redox_rev1_base_ad_rev3/quantum/action.o
 .progmem.gcc_sw_table.process_rgb
                0x00000000000000c4       0x2a .build/obj_redox_rev1_base_ad_rev3/quantum/process_keycode/process_rgb.o
 .progmem.gcc_sw_table.process_unicode_common
                0x00000000000000ee       0x10 .build/obj_redox_rev1_base_ad_rev3/quantum/process_keycode/process_unicode_common.o
 .progmem.gcc_sw_table.process_magic
                0x00000000000000fe       0x44 .build/obj_redox_rev1_base_ad_rev3/quantum/process_keycode/process_magic.o
 .progmem.gcc_sw_table.process_space_cadet
                0x0000000000000142        0xe .build/obj_redox_rev1_base_ad_rev3/quantum/process_keycode/process_space_cadet.o
 .progmem.gcc_sw_table.USB_Device_ProcessControlRequest
                0x0000000000000150       0x14 .build/obj_redox_rev1_base_ad_rev3/lib/lufa/LUFA/Drivers/USB/Core/DeviceStandardReq.o
                0x0000000000000164                . = ALIGN (0x2)
                0x0000000000000164                __trampolines_start = .
 *(.trampolines)
 .trampolines   0x0000000000000164        0x0 linker stubs
 *(.trampolines*)
                0x0000000000000164                __trampolines_end = .
 *libprintf_flt.a:*(.progmem.data)
 *libc.a:*(.progmem.data)
 *(.progmem*)
 .progmem.data.__c.5267
                0x0000000000000164        0x7 .build/obj_redox_rev1_base_ad_rev3/quantum/keymap_introspection.o
 .progmem.data.__c.5264
                0x000000000000016b        0xb .build/obj_redox_rev1_base_ad_rev3/quantum/keymap_introspection.o
 .progmem.data.__c.5261
                0x0000000000000176        0xe .build/obj_redox_rev1_base_ad_rev3/quantum/keymap_introspection.o
 .progmem.data.__c.5258
                0x0000000000000184        0xe .build/obj_redox_rev1_base_ad_rev3/quantum/keymap_introspection.o
 .progmem.data.keymaps
                0x0000000000000192      0x2bc .build/obj_redox_rev1_base_ad_rev3/quantum/keymap_introspection.o
                0x0000000000000192                keymaps
 .progmem.data.CIE1931_CURVE
                0x000000000000044e      0x100 .build/obj_redox_rev1_base_ad_rev3/quantum/led_tables.o
                0x000000000000044e                CIE1931_CURVE
 .progmem.data.ascii_to_keycode_lut
                0x000000000000054e       0x80 .build/obj_redox_rev1_base_ad_rev3/quantum/send_string/send_string.o
                0x000000000000054e                ascii_to_keycode_lut
 .progmem.data.ascii_to_dead_lut
                0x00000000000005ce       0x10 .build/obj_redox_rev1_base_ad_rev3/quantum/send_string/send_string.o
                0x00000000000005ce                ascii_to_dead_lut
 .progmem.data.ascii_to_altgr_lut
                0x00000000000005de       0x10 .build/obj_redox_rev1_base_ad_rev3/quantum/send_string/send_string.o
                0x00000000000005de                ascii_to_altgr_lut
 .progmem.data.ascii_to_shift_lut
                0x00000000000005ee       0x10 .build/obj_redox_rev1_base_ad_rev3/quantum/send_string/send_string.o
                0x00000000000005ee                ascii_to_shift_lut
 .progmem.data.ProductString
                0x00000000000005fe       0x22 .build/obj_redox_rev1_base_ad_rev3/usb_descriptor.o
                0x00000000000005fe                ProductString
 .progmem.data.ManufacturerString
                0x0000000000000620       0x14 .build/obj_redox_rev1_base_ad_rev3/usb_descriptor.o
                0x0000000000000620                ManufacturerString
 .progmem.data.LanguageString
                0x0000000000000634        0x4 .build/obj_redox_rev1_base_ad_rev3/usb_descriptor.o
                0x0000000000000634                LanguageString
 .progmem.data.ConfigurationDescriptor
                0x0000000000000638       0x3b .build/obj_redox_rev1_base_ad_rev3/usb_descriptor.o
                0x0000000000000638                ConfigurationDescriptor
 .progmem.data.DeviceDescriptor
                0x0000000000000673       0x12 .build/obj_redox_rev1_base_ad_rev3/usb_descriptor.o
                0x0000000000000673                DeviceDescriptor
 .progmem.data.SharedReport
                0x0000000000000685       0x7b .build/obj_redox_rev1_base_ad_rev3/usb_descriptor.o
                0x0000000000000685                SharedReport
 .progmem.data.KeyboardReport
                0x0000000000000700       0x44 .build/obj_redox_rev1_base_ad_rev3/usb_descriptor.o
                0x0000000000000700                KeyboardReport
                0x0000000000000744                . = ALIGN (0x2)
 *(.jumptables)
 *(.jumptables*)
 *(.lowtext)
 *(.lowtext*)
                0x0000000000000744                __ctors_start = .
 *(.ctors)
                0x0000000000000744                __ctors_end = .
                0x0000000000000744                __dtors_start = .
 *(.dtors)
                0x0000000000000744                __dtors_end = .
 SORT(*)(.ctors)
 SORT(*)(.dtors)
 *(.init0)
 .init0         0x0000000000000744        0x0 /usr/lib/gcc/avr/5.4.0/../../../avr/lib/avr5/crtatmega32u4.o
                0x0000000000000744                __init
 *(.init0)
 *(.init1)
 *(.init1)
 *(.init2)
 .init2         0x0000000000000744        0xc /usr/lib/gcc/avr/5.4.0/../../../avr/lib/avr5/crtatmega32u4.o
 *(.init2)
 *(.init3)
 *(.init3)
 *(.init4)
 .init4         0x0000000000000750       0x16 /usr/lib/gcc/avr/5.4.0/avr5/libgcc.a(_copy_data.o)
                0x0000000000000750                __do_copy_data
 .init4         0x0000000000000766       0x10 /usr/lib/gcc/avr/5.4.0/avr5/libgcc.a(_clear_bss.o)
                0x0000000000000766                __do_clear_bss
 *(.init4)
 *(.init5)
 *(.init5)
 *(.init6)
 *(.init6)
 *(.init7)
 *(.init7)
 *(.init8)
 *(.init8)
 *(.init9)
 .init9         0x0000000000000776        0x8 /usr/lib/gcc/avr/5.4.0/../../../avr/lib/avr5/crtatmega32u4.o
 *(.init9)
 *(.text)
 .text          0x000000000000077e        0x4 /usr/lib/gcc/avr/5.4.0/../../../avr/lib/avr5/crtatmega32u4.o
                0x000000000000077e                __vector_38
                0x000000000000077e                __vector_22
                0x000000000000077e                __vector_28
                0x000000000000077e                __vector_32
                0x000000000000077e                __vector_34
                0x000000000000077e                __vector_24
                0x000000000000077e                __bad_interrupt
                0x000000000000077e                __vector_6
                0x000000000000077e                __vector_31
                0x000000000000077e                __vector_35
                0x000000000000077e                __vector_39
                0x000000000000077e                __vector_3
                0x000000000000077e                __vector_23
                0x000000000000077e                __vector_30
                0x000000000000077e                __vector_25
                0x000000000000077e                __vector_13
                0x000000000000077e                __vector_17
                0x000000000000077e                __vector_19
                0x000000000000077e                __vector_7
                0x000000000000077e                __vector_41
                0x000000000000077e                __vector_27
                0x000000000000077e                __vector_5
                0x000000000000077e                __vector_33
                0x000000000000077e                __vector_37
                0x000000000000077e                __vector_4
                0x000000000000077e                __vector_9
                0x000000000000077e                __vector_2
                0x000000000000077e                __vector_15
                0x000000000000077e                __vector_36
                0x000000000000077e                __vector_29
                0x000000000000077e                __vector_40
                0x000000000000077e                __vector_8
                0x000000000000077e                __vector_26
                0x000000000000077e                __vector_14
                0x000000000000077e                __vector_16
                0x000000000000077e                __vector_18
                0x000000000000077e                __vector_20
                0x000000000000077e                __vector_42
                0x0000000000000782                . = ALIGN (0x2)
 *(.text.*)
 .text.process_record_user
                0x0000000000000782      0x26c .build/obj_redox_rev1_base_ad_rev3/quantum/keymap_introspection.o
                0x0000000000000782                process_record_user
 .text.keycode_at_keymap_location_raw
                0x00000000000009ee       0x36 .build/obj_redox_rev1_base_ad_rev3/quantum/keymap_introspection.o
                0x00000000000009ee                keycode_at_keymap_location_raw
 .text.keycode_at_keymap_location
                0x0000000000000a24        0x6 .build/obj_redox_rev1_base_ad_rev3/quantum/keymap_introspection.o
                0x0000000000000a24                keycode_at_keymap_location
 .text.extract_mod_bits
                0x0000000000000a2a       0x5a .build/obj_redox_rev1_base_ad_rev3/quantum/quantum.o
                0x0000000000000a2a                extract_mod_bits
 .text.do_code16
                0x0000000000000a84       0x14 .build/obj_redox_rev1_base_ad_rev3/quantum/quantum.o
                0x0000000000000a84                do_code16
 .text.register_code16
                0x0000000000000a98       0x2e .build/obj_redox_rev1_base_ad_rev3/quantum/quantum.o
                0x0000000000000a98                register_code16
 .text.unregister_code16
                0x0000000000000ac6       0x2e .build/obj_redox_rev1_base_ad_rev3/quantum/quantum.o
                0x0000000000000ac6                unregister_code16
 .text.tap_code16_delay
                0x0000000000000af4       0x34 .build/obj_redox_rev1_base_ad_rev3/quantum/quantum.o
                0x0000000000000af4                tap_code16_delay
 .text.tap_code16
                0x0000000000000b28       0x16 .build/obj_redox_rev1_base_ad_rev3/quantum/quantum.o
                0x0000000000000b28                tap_code16
 .text.process_action_kb
                0x0000000000000b3e        0x4 .build/obj_redox_rev1_base_ad_rev3/quantum/quantum.o
                0x0000000000000b3e                process_action_kb
 .text.process_record_user
                0x0000000000000b42        0x4 .build/obj_redox_rev1_base_ad_rev3/quantum/quantum.o
 .text.pre_process_record_user
                0x0000000000000b46        0x6 .build/obj_redox_rev1_base_ad_rev3/quantum/quantum.o
                0x0000000000000b46                pre_process_record_user
 .text.pre_process_record_kb
                0x0000000000000b4c        0x6 .build/obj_redox_rev1_base_ad_rev3/quantum/quantum.o
                0x0000000000000b4c                pre_process_record_kb
 .text.process_record_kb
                0x0000000000000b52        0x6 .build/obj_redox_rev1_base_ad_rev3/quantum/quantum.o
                0x0000000000000b52                process_record_kb
 .text.post_process_record_user
                0x0000000000000b58        0x2 .build/obj_redox_rev1_base_ad_rev3/quantum/quantum.o
                0x0000000000000b58                post_process_record_user
 .text.post_process_record_kb
                0x0000000000000b5a        0x6 .build/obj_redox_rev1_base_ad_rev3/quantum/quantum.o
                0x0000000000000b5a                post_process_record_kb
 .text.get_event_keycode
                0x0000000000000b60       0x5c .build/obj_redox_rev1_base_ad_rev3/quantum/quantum.o
                0x0000000000000b60                get_event_keycode
 .text.get_record_keycode
                0x0000000000000bbc       0x16 .build/obj_redox_rev1_base_ad_rev3/quantum/quantum.o
                0x0000000000000bbc                get_record_keycode
 .text.pre_process_record_quantum
                0x0000000000000bd2       0x18 .build/obj_redox_rev1_base_ad_rev3/quantum/quantum.o
                0x0000000000000bd2                pre_process_record_quantum
 .text.post_process_record_quantum
                0x0000000000000bea       0x18 .build/obj_redox_rev1_base_ad_rev3/quantum/quantum.o
                0x0000000000000bea                post_process_record_quantum
 .text.shutdown_user
                0x0000000000000c02        0x4 .build/obj_redox_rev1_base_ad_rev3/quantum/quantum.o
                0x0000000000000c02                shutdown_user
 .text.shutdown_kb
                0x0000000000000c06        0x6 .build/obj_redox_rev1_base_ad_rev3/quantum/quantum.o
                0x0000000000000c06                shutdown_kb
 .text.shutdown_quantum
                0x0000000000000c0c       0x24 .build/obj_redox_rev1_base_ad_rev3/quantum/quantum.o
                0x0000000000000c0c                shutdown_quantum
 .text.reset_keyboard
                0x0000000000000c30        0xc .build/obj_redox_rev1_base_ad_rev3/quantum/quantum.o
                0x0000000000000c30                reset_keyboard
 .text.soft_reset_keyboard
                0x0000000000000c3c        0xc .build/obj_redox_rev1_base_ad_rev3/quantum/quantum.o
                0x0000000000000c3c                soft_reset_keyboard
 .text.process_record_quantum
                0x0000000000000c48       0xf8 .build/obj_redox_rev1_base_ad_rev3/quantum/quantum.o
                0x0000000000000c48                process_record_quantum
 .text.suspend_power_down_quantum
                0x0000000000000d40        0xa .build/obj_redox_rev1_base_ad_rev3/quantum/quantum.o
                0x0000000000000d40                suspend_power_down_quantum
 .text.suspend_wakeup_init_quantum
                0x0000000000000d4a        0xa .build/obj_redox_rev1_base_ad_rev3/quantum/quantum.o
                0x0000000000000d4a                suspend_wakeup_init_quantum
 .text.led_set_user
                0x0000000000000d54        0x2 .build/obj_redox_rev1_base_ad_rev3/quantum/led.o
                0x0000000000000d54                led_set_user
 .text.led_update_user
                0x0000000000000d56        0x4 .build/obj_redox_rev1_base_ad_rev3/quantum/led.o
                0x0000000000000d56                led_update_user
 .text.led_update_ports
                0x0000000000000d5a        0x2 .build/obj_redox_rev1_base_ad_rev3/quantum/led.o
                0x0000000000000d5a                led_update_ports
 .text.led_update_kb
                0x0000000000000d5c       0x1e .build/obj_redox_rev1_base_ad_rev3/quantum/led.o
                0x0000000000000d5c                led_update_kb
 .text.led_init_ports
                0x0000000000000d7a        0x2 .build/obj_redox_rev1_base_ad_rev3/quantum/led.o
                0x0000000000000d7a                led_init_ports
 .text.led_set  0x0000000000000d7c       0x12 .build/obj_redox_rev1_base_ad_rev3/quantum/led.o
                0x0000000000000d7c                led_set
 .text.led_suspend
                0x0000000000000d8e        0x8 .build/obj_redox_rev1_base_ad_rev3/quantum/led.o
                0x0000000000000d8e                led_suspend
 .text.led_wakeup
                0x0000000000000d96        0xa .build/obj_redox_rev1_base_ad_rev3/quantum/led.o
                0x0000000000000d96                led_wakeup
 .text.led_task
                0x0000000000000da0       0x32 .build/obj_redox_rev1_base_ad_rev3/quantum/led.o
                0x0000000000000da0                led_task
 .text.action_exec
                0x0000000000000dd2       0x66 .build/obj_redox_rev1_base_ad_rev3/quantum/action.o
                0x0000000000000dd2                action_exec
 .text.process_record_tap_hint
                0x0000000000000e38       0x12 .build/obj_redox_rev1_base_ad_rev3/quantum/action.o
                0x0000000000000e38                process_record_tap_hint
 .text.register_mouse
                0x0000000000000e4a       0x14 .build/obj_redox_rev1_base_ad_rev3/quantum/action.o
                0x0000000000000e4a                register_mouse
 .text.register_code
                0x0000000000000e5e      0x126 .build/obj_redox_rev1_base_ad_rev3/quantum/action.o
                0x0000000000000e5e                register_code
 .text.unregister_code
                0x0000000000000f84       0xb4 .build/obj_redox_rev1_base_ad_rev3/quantum/action.o
                0x0000000000000f84                unregister_code
 .text.tap_code_delay
                0x0000000000001038       0x30 .build/obj_redox_rev1_base_ad_rev3/quantum/action.o
                0x0000000000001038                tap_code_delay
 .text.tap_code
                0x0000000000001068       0x14 .build/obj_redox_rev1_base_ad_rev3/quantum/action.o
                0x0000000000001068                tap_code
 .text.register_mods
                0x000000000000107c        0xe .build/obj_redox_rev1_base_ad_rev3/quantum/action.o
                0x000000000000107c                register_mods
 .text.unregister_mods
                0x000000000000108a        0xe .build/obj_redox_rev1_base_ad_rev3/quantum/action.o
                0x000000000000108a                unregister_mods
 .text.process_action
                0x0000000000001098      0x3f6 .build/obj_redox_rev1_base_ad_rev3/quantum/action.o
                0x0000000000001098                process_action
 .text.process_record_handler
                0x000000000000148e       0x30 .build/obj_redox_rev1_base_ad_rev3/quantum/action.o
                0x000000000000148e                process_record_handler
 .text.process_record
                0x00000000000014be       0x46 .build/obj_redox_rev1_base_ad_rev3/quantum/action.o
                0x00000000000014be                process_record
 .text.register_weak_mods
                0x0000000000001504        0xe .build/obj_redox_rev1_base_ad_rev3/quantum/action.o
                0x0000000000001504                register_weak_mods
 .text.unregister_weak_mods
                0x0000000000001512        0xe .build/obj_redox_rev1_base_ad_rev3/quantum/action.o
                0x0000000000001512                unregister_weak_mods
 .text.clear_keyboard_but_mods_and_keys
                0x0000000000001520       0x22 .build/obj_redox_rev1_base_ad_rev3/quantum/action.o
                0x0000000000001520                clear_keyboard_but_mods_and_keys
 .text.clear_keyboard_but_mods
                0x0000000000001542        0xa .build/obj_redox_rev1_base_ad_rev3/quantum/action.o
                0x0000000000001542                clear_keyboard_but_mods
 .text.clear_keyboard
                0x000000000000154c        0xa .build/obj_redox_rev1_base_ad_rev3/quantum/action.o
                0x000000000000154c                clear_keyboard
 .text.is_tap_action
                0x0000000000001556       0x36 .build/obj_redox_rev1_base_ad_rev3/quantum/action.o
                0x0000000000001556                is_tap_action
 .text.is_tap_record
                0x000000000000158c       0x1a .build/obj_redox_rev1_base_ad_rev3/quantum/action.o
                0x000000000000158c                is_tap_record
 .text.debug_event
                0x00000000000015a6       0x14 .build/obj_redox_rev1_base_ad_rev3/quantum/action.o
                0x00000000000015a6                debug_event
 .text.debug_record
                0x00000000000015ba       0x14 .build/obj_redox_rev1_base_ad_rev3/quantum/action.o
                0x00000000000015ba                debug_record
 .text.default_layer_debug
                0x00000000000015ce        0x2 .build/obj_redox_rev1_base_ad_rev3/quantum/action_layer.o
                0x00000000000015ce                default_layer_debug
 .text.layer_state_set_user
                0x00000000000015d0        0x2 .build/obj_redox_rev1_base_ad_rev3/quantum/action_layer.o
                0x00000000000015d0                layer_state_set_user
 .text.default_layer_state_set_user
                0x00000000000015d2        0x6 .build/obj_redox_rev1_base_ad_rev3/quantum/action_layer.o
                0x00000000000015d2                default_layer_state_set_user
 .text.default_layer_state_set_kb
                0x00000000000015d8        0x6 .build/obj_redox_rev1_base_ad_rev3/quantum/action_layer.o
                0x00000000000015d8                default_layer_state_set_kb
 .text.default_layer_state_set
                0x00000000000015de        0xe .build/obj_redox_rev1_base_ad_rev3/quantum/action_layer.o
 .text.default_layer_set
                0x00000000000015ec        0x6 .build/obj_redox_rev1_base_ad_rev3/quantum/action_layer.o
                0x00000000000015ec                default_layer_set
 .text.default_layer_or
                0x00000000000015f2       0x12 .build/obj_redox_rev1_base_ad_rev3/quantum/action_layer.o
                0x00000000000015f2                default_layer_or
 .text.default_layer_and
                0x0000000000001604       0x12 .build/obj_redox_rev1_base_ad_rev3/quantum/action_layer.o
                0x0000000000001604                default_layer_and
 .text.default_layer_xor
                0x0000000000001616       0x12 .build/obj_redox_rev1_base_ad_rev3/quantum/action_layer.o
                0x0000000000001616                default_layer_xor
 .text.layer_state_set_kb
                0x0000000000001628        0x6 .build/obj_redox_rev1_base_ad_rev3/quantum/action_layer.o
                0x0000000000001628                layer_state_set_kb
 .text.layer_state_set
                0x000000000000162e        0xe .build/obj_redox_rev1_base_ad_rev3/quantum/action_layer.o
                0x000000000000162e                layer_state_set
 .text.layer_clear
                0x000000000000163c        0xa .build/obj_redox_rev1_base_ad_rev3/quantum/action_layer.o
                0x000000000000163c                layer_clear
 .text.layer_move
                0x0000000000001646       0x18 .build/obj_redox_rev1_base_ad_rev3/quantum/action_layer.o
                0x0000000000001646                layer_move
 .text.layer_on
                0x000000000000165e       0x20 .build/obj_redox_rev1_base_ad_rev3/quantum/action_layer.o
                0x000000000000165e                layer_on
 .text.layer_off
                0x000000000000167e       0x24 .build/obj_redox_rev1_base_ad_rev3/quantum/action_layer.o
                0x000000000000167e                layer_off
 .text.layer_invert
                0x00000000000016a2       0x20 .build/obj_redox_rev1_base_ad_rev3/quantum/action_layer.o
                0x00000000000016a2                layer_invert
 .text.layer_or
                0x00000000000016c2       0x12 .build/obj_redox_rev1_base_ad_rev3/quantum/action_layer.o
                0x00000000000016c2                layer_or
 .text.layer_and
                0x00000000000016d4       0x12 .build/obj_redox_rev1_base_ad_rev3/quantum/action_layer.o
                0x00000000000016d4                layer_and
 .text.layer_xor
                0x00000000000016e6       0x12 .build/obj_redox_rev1_base_ad_rev3/quantum/action_layer.o
                0x00000000000016e6                layer_xor
 .text.layer_debug
                0x00000000000016f8        0x2 .build/obj_redox_rev1_base_ad_rev3/quantum/action_layer.o
                0x00000000000016f8                layer_debug
 .text.update_source_layers_cache_impl
                0x00000000000016fa       0x56 .build/obj_redox_rev1_base_ad_rev3/quantum/action_layer.o
                0x00000000000016fa                update_source_layers_cache_impl
 .text.read_source_layers_cache_impl
                0x0000000000001750       0x4e .build/obj_redox_rev1_base_ad_rev3/quantum/action_layer.o
                0x0000000000001750                read_source_layers_cache_impl
 .text.update_source_layers_cache
                0x000000000000179e       0x24 .build/obj_redox_rev1_base_ad_rev3/quantum/action_layer.o
                0x000000000000179e                update_source_layers_cache
 .text.read_source_layers_cache
                0x00000000000017c2       0x24 .build/obj_redox_rev1_base_ad_rev3/quantum/action_layer.o
                0x00000000000017c2                read_source_layers_cache
 .text.layer_switch_get_layer
                0x00000000000017e6       0x64 .build/obj_redox_rev1_base_ad_rev3/quantum/action_layer.o
                0x00000000000017e6                layer_switch_get_layer
 .text.layer_switch_get_action
                0x000000000000184a       0x16 .build/obj_redox_rev1_base_ad_rev3/quantum/action_layer.o
                0x000000000000184a                layer_switch_get_action
 .text.store_or_get_action
                0x0000000000001860       0x46 .build/obj_redox_rev1_base_ad_rev3/quantum/action_layer.o
                0x0000000000001860                store_or_get_action
 .text.debug_waiting_buffer
                0x00000000000018a6       0x44 .build/obj_redox_rev1_base_ad_rev3/quantum/action_tapping.o
 .text.debug_tapping_key
                0x00000000000018ea       0x22 .build/obj_redox_rev1_base_ad_rev3/quantum/action_tapping.o
 .text.waiting_buffer_scan_tap
                0x000000000000190c       0xb2 .build/obj_redox_rev1_base_ad_rev3/quantum/action_tapping.o
 .text.waiting_buffer_typed.isra.2
                0x00000000000019be       0x40 .build/obj_redox_rev1_base_ad_rev3/quantum/action_tapping.o
 .text.process_tapping
                0x00000000000019fe      0x348 .build/obj_redox_rev1_base_ad_rev3/quantum/action_tapping.o
 .text.action_tapping_process
                0x0000000000001d46      0x10a .build/obj_redox_rev1_base_ad_rev3/quantum/action_tapping.o
                0x0000000000001d46                action_tapping_process
 .text.get_oneshot_layer
                0x0000000000001e50        0xc .build/obj_redox_rev1_base_ad_rev3/quantum/action_util.o
                0x0000000000001e50                get_oneshot_layer
 .text.get_oneshot_layer_state
                0x0000000000001e5c        0x8 .build/obj_redox_rev1_base_ad_rev3/quantum/action_util.o
                0x0000000000001e5c                get_oneshot_layer_state
 .text.is_oneshot_layer_active
                0x0000000000001e64        0xe .build/obj_redox_rev1_base_ad_rev3/quantum/action_util.o
                0x0000000000001e64                is_oneshot_layer_active
 .text.get_mods
                0x0000000000001e72        0x6 .build/obj_redox_rev1_base_ad_rev3/quantum/action_util.o
                0x0000000000001e72                get_mods
 .text.add_mods
                0x0000000000001e78        0xc .build/obj_redox_rev1_base_ad_rev3/quantum/action_util.o
                0x0000000000001e78                add_mods
 .text.del_mods
                0x0000000000001e84        0xe .build/obj_redox_rev1_base_ad_rev3/quantum/action_util.o
                0x0000000000001e84                del_mods
 .text.set_mods
                0x0000000000001e92        0x6 .build/obj_redox_rev1_base_ad_rev3/quantum/action_util.o
                0x0000000000001e92                set_mods
 .text.clear_mods
                0x0000000000001e98        0x6 .build/obj_redox_rev1_base_ad_rev3/quantum/action_util.o
                0x0000000000001e98                clear_mods
 .text.get_weak_mods
                0x0000000000001e9e        0x6 .build/obj_redox_rev1_base_ad_rev3/quantum/action_util.o
                0x0000000000001e9e                get_weak_mods
 .text.add_weak_mods
                0x0000000000001ea4        0xc .build/obj_redox_rev1_base_ad_rev3/quantum/action_util.o
                0x0000000000001ea4                add_weak_mods
 .text.del_weak_mods
                0x0000000000001eb0        0xe .build/obj_redox_rev1_base_ad_rev3/quantum/action_util.o
                0x0000000000001eb0                del_weak_mods
 .text.clear_weak_mods
                0x0000000000001ebe        0x6 .build/obj_redox_rev1_base_ad_rev3/quantum/action_util.o
                0x0000000000001ebe                clear_weak_mods
 .text.get_oneshot_mods
                0x0000000000001ec4        0x6 .build/obj_redox_rev1_base_ad_rev3/quantum/action_util.o
                0x0000000000001ec4                get_oneshot_mods
 .text.oneshot_layer_changed_user
                0x0000000000001eca        0x2 .build/obj_redox_rev1_base_ad_rev3/quantum/action_util.o
                0x0000000000001eca                oneshot_layer_changed_user
 .text.oneshot_mods_changed_user
                0x0000000000001ecc        0x6 .build/obj_redox_rev1_base_ad_rev3/quantum/action_util.o
                0x0000000000001ecc                oneshot_mods_changed_user
 .text.oneshot_mods_changed_kb
                0x0000000000001ed2        0x6 .build/obj_redox_rev1_base_ad_rev3/quantum/action_util.o
                0x0000000000001ed2                oneshot_mods_changed_kb
 .text.add_oneshot_mods
                0x0000000000001ed8       0x18 .build/obj_redox_rev1_base_ad_rev3/quantum/action_util.o
                0x0000000000001ed8                add_oneshot_mods
 .text.del_oneshot_mods
                0x0000000000001ef0       0x18 .build/obj_redox_rev1_base_ad_rev3/quantum/action_util.o
                0x0000000000001ef0                del_oneshot_mods
 .text.clear_oneshot_mods
                0x0000000000001f08       0x14 .build/obj_redox_rev1_base_ad_rev3/quantum/action_util.o
                0x0000000000001f08                clear_oneshot_mods
 .text.send_6kro_report
                0x0000000000001f1c       0x6c .build/obj_redox_rev1_base_ad_rev3/quantum/action_util.o
                0x0000000000001f1c                send_6kro_report
 .text.send_keyboard_report
                0x0000000000001f88        0x6 .build/obj_redox_rev1_base_ad_rev3/quantum/action_util.o
                0x0000000000001f88                send_keyboard_report
 .text.oneshot_locked_mods_changed_user
                0x0000000000001f8e        0x6 .build/obj_redox_rev1_base_ad_rev3/quantum/action_util.o
                0x0000000000001f8e                oneshot_locked_mods_changed_user
 .text.oneshot_locked_mods_changed_kb
                0x0000000000001f94        0x6 .build/obj_redox_rev1_base_ad_rev3/quantum/action_util.o
                0x0000000000001f94                oneshot_locked_mods_changed_kb
 .text.del_oneshot_locked_mods
                0x0000000000001f9a       0x18 .build/obj_redox_rev1_base_ad_rev3/quantum/action_util.o
                0x0000000000001f9a                del_oneshot_locked_mods
 .text.oneshot_layer_changed_kb
                0x0000000000001fb2        0x6 .build/obj_redox_rev1_base_ad_rev3/quantum/action_util.o
                0x0000000000001fb2                oneshot_layer_changed_kb
 .text.set_oneshot_layer
                0x0000000000001fb8       0x30 .build/obj_redox_rev1_base_ad_rev3/quantum/action_util.o
                0x0000000000001fb8                set_oneshot_layer
 .text.reset_oneshot_layer
                0x0000000000001fe8        0xc .build/obj_redox_rev1_base_ad_rev3/quantum/action_util.o
                0x0000000000001fe8                reset_oneshot_layer
 .text.clear_oneshot_layer_state
                0x0000000000001ff4       0x2e .build/obj_redox_rev1_base_ad_rev3/quantum/action_util.o
                0x0000000000001ff4                clear_oneshot_layer_state
 .text.oneshot_set
                0x0000000000002022       0x2a .build/obj_redox_rev1_base_ad_rev3/quantum/action_util.o
                0x0000000000002022                oneshot_set
 .text.oneshot_toggle
                0x000000000000204c       0x14 .build/obj_redox_rev1_base_ad_rev3/quantum/action_util.o
                0x000000000000204c                oneshot_toggle
 .text.oneshot_enable
                0x0000000000002060        0x8 .build/obj_redox_rev1_base_ad_rev3/quantum/action_util.o
                0x0000000000002060                oneshot_enable
 .text.oneshot_disable
                0x0000000000002068        0x8 .build/obj_redox_rev1_base_ad_rev3/quantum/action_util.o
                0x0000000000002068                oneshot_disable
 .text.eeconfig_disable
                0x0000000000002070        0xe .build/obj_redox_rev1_base_ad_rev3/quantum/eeconfig.o
                0x0000000000002070                eeconfig_disable
 .text.eeconfig_is_enabled
                0x000000000000207e       0x16 .build/obj_redox_rev1_base_ad_rev3/quantum/eeconfig.o
                0x000000000000207e                eeconfig_is_enabled
 .text.eeconfig_read_debug
                0x0000000000002094        0xa .build/obj_redox_rev1_base_ad_rev3/quantum/eeconfig.o
                0x0000000000002094                eeconfig_read_debug
 .text.eeconfig_read_default_layer
                0x000000000000209e        0xa .build/obj_redox_rev1_base_ad_rev3/quantum/eeconfig.o
                0x000000000000209e                eeconfig_read_default_layer
 .text.eeconfig_read_keymap
                0x00000000000020a8        0xa .build/obj_redox_rev1_base_ad_rev3/quantum/eeconfig.o
                0x00000000000020a8                eeconfig_read_keymap
 .text.eeconfig_update_keymap
                0x00000000000020b2        0xc .build/obj_redox_rev1_base_ad_rev3/quantum/eeconfig.o
                0x00000000000020b2                eeconfig_update_keymap
 .text.eeconfig_update_kb
                0x00000000000020be        0xe .build/obj_redox_rev1_base_ad_rev3/quantum/eeconfig.o
                0x00000000000020be                eeconfig_update_kb
 .text.eeconfig_update_user
                0x00000000000020cc        0xe .build/obj_redox_rev1_base_ad_rev3/quantum/eeconfig.o
                0x00000000000020cc                eeconfig_update_user
 .text.eeconfig_init_user
                0x00000000000020da        0xc .build/obj_redox_rev1_base_ad_rev3/quantum/eeconfig.o
                0x00000000000020da                eeconfig_init_user
 .text.eeconfig_init_kb
                0x00000000000020e6       0x10 .build/obj_redox_rev1_base_ad_rev3/quantum/eeconfig.o
                0x00000000000020e6                eeconfig_init_kb
 .text.eeconfig_init_quantum
                0x00000000000020f6       0xc8 .build/obj_redox_rev1_base_ad_rev3/quantum/eeconfig.o
                0x00000000000020f6                eeconfig_init_quantum
 .text.eeconfig_init
                0x00000000000021be        0x6 .build/obj_redox_rev1_base_ad_rev3/quantum/eeconfig.o
                0x00000000000021be                eeconfig_init
 .text.eeconfig_update_handedness
                0x00000000000021c4        0xc .build/obj_redox_rev1_base_ad_rev3/quantum/eeconfig.o
                0x00000000000021c4                eeconfig_update_handedness
 .text.generate_tick_event
                0x00000000000021d0       0x48 .build/obj_redox_rev1_base_ad_rev3/quantum/keyboard.o
 .text.last_matrix_activity_trigger
                0x0000000000002218       0x26 .build/obj_redox_rev1_base_ad_rev3/quantum/keyboard.o
                0x0000000000002218                last_matrix_activity_trigger
 .text.matrix_can_read
                0x000000000000223e        0x4 .build/obj_redox_rev1_base_ad_rev3/quantum/keyboard.o
                0x000000000000223e                matrix_can_read
 .text.should_process_keypress
                0x0000000000002242        0x6 .build/obj_redox_rev1_base_ad_rev3/quantum/keyboard.o
                0x0000000000002242                should_process_keypress
 .text.housekeeping_task_user
                0x0000000000002248        0x2 .build/obj_redox_rev1_base_ad_rev3/quantum/keyboard.o
                0x0000000000002248                housekeeping_task_user
 .text.housekeeping_task_kb
                0x000000000000224a        0x6 .build/obj_redox_rev1_base_ad_rev3/quantum/keyboard.o
                0x000000000000224a                housekeeping_task_kb
 .text.keyboard_post_init_user
                0x0000000000002250        0x6 .build/obj_redox_rev1_base_ad_rev3/quantum/keyboard.o
                0x0000000000002250                keyboard_post_init_user
 .text.keyboard_post_init_kb
                0x0000000000002256        0x6 .build/obj_redox_rev1_base_ad_rev3/quantum/keyboard.o
                0x0000000000002256                keyboard_post_init_kb
 .text.keyboard_pre_init_user
                0x000000000000225c        0x6 .build/obj_redox_rev1_base_ad_rev3/quantum/keyboard.o
                0x000000000000225c                keyboard_pre_init_user
 .text.keyboard_pre_init_kb
                0x0000000000002262        0x6 .build/obj_redox_rev1_base_ad_rev3/quantum/keyboard.o
                0x0000000000002262                keyboard_pre_init_kb
 .text.matrix_setup
                0x0000000000002268        0x6 .build/obj_redox_rev1_base_ad_rev3/quantum/keyboard.o
                0x0000000000002268                matrix_setup
 .text.keyboard_setup
                0x000000000000226e       0x12 .build/obj_redox_rev1_base_ad_rev3/quantum/keyboard.o
                0x000000000000226e                keyboard_setup
 .text.housekeeping_task
                0x0000000000002280        0xa .build/obj_redox_rev1_base_ad_rev3/quantum/keyboard.o
                0x0000000000002280                housekeeping_task
 .text.quantum_init
                0x000000000000228a        0xe .build/obj_redox_rev1_base_ad_rev3/quantum/keyboard.o
                0x000000000000228a                quantum_init
 .text.keyboard_init
                0x0000000000002298       0x26 .build/obj_redox_rev1_base_ad_rev3/quantum/keyboard.o
                0x0000000000002298                keyboard_init
 .text.quantum_task
                0x00000000000022be        0xc .build/obj_redox_rev1_base_ad_rev3/quantum/keyboard.o
                0x00000000000022be                quantum_task
 .text.keyboard_task
                0x00000000000022ca       0xd8 .build/obj_redox_rev1_base_ad_rev3/quantum/keyboard.o
                0x00000000000022ca                keyboard_task
 .text.action_for_keycode
                0x00000000000023a2      0x23a .build/obj_redox_rev1_base_ad_rev3/quantum/keymap_common.o
                0x00000000000023a2                action_for_keycode
 .text.keymap_key_to_keycode
                0x00000000000025dc       0x18 .build/obj_redox_rev1_base_ad_rev3/quantum/keymap_common.o
                0x00000000000025dc                keymap_key_to_keycode
 .text.action_for_key
                0x00000000000025f4        0xa .build/obj_redox_rev1_base_ad_rev3/quantum/keymap_common.o
                0x00000000000025f4                action_for_key
 .text.keycode_config
                0x00000000000025fe      0x138 .build/obj_redox_rev1_base_ad_rev3/quantum/keycode_config.o
                0x00000000000025fe                keycode_config
 .text.mod_config
                0x0000000000002736       0x9e .build/obj_redox_rev1_base_ad_rev3/quantum/keycode_config.o
                0x0000000000002736                mod_config
 .text.sync_timer_init
                0x00000000000027d4       0x12 .build/obj_redox_rev1_base_ad_rev3/quantum/sync_timer.o
                0x00000000000027d4                sync_timer_init
 .text.sync_timer_update
                0x00000000000027e6       0x3a .build/obj_redox_rev1_base_ad_rev3/quantum/sync_timer.o
                0x00000000000027e6                sync_timer_update
 .text.sync_timer_read32
                0x0000000000002820       0x34 .build/obj_redox_rev1_base_ad_rev3/quantum/sync_timer.o
                0x0000000000002820                sync_timer_read32
 .text.sendchar
                0x0000000000002854        0x4 .build/obj_redox_rev1_base_ad_rev3/quantum/logging/sendchar.o
                0x0000000000002854                sendchar
 .text.bootmagic
                0x0000000000002858        0x2 .build/obj_redox_rev1_base_ad_rev3/quantum/bootmagic/magic.o
                0x0000000000002858                bootmagic
 .text.magic    0x000000000000285a       0x3c .build/obj_redox_rev1_base_ad_rev3/quantum/bootmagic/magic.o
                0x000000000000285a                magic
 .text.matrix_get_row
                0x0000000000002896        0xc .build/obj_redox_rev1_base_ad_rev3/quantum/matrix_common.o
                0x0000000000002896                matrix_get_row
 .text.matrix_print
                0x00000000000028a2        0x2 .build/obj_redox_rev1_base_ad_rev3/quantum/matrix_common.o
                0x00000000000028a2                matrix_print
 .text.matrix_io_delay
                0x00000000000028a4        0x8 .build/obj_redox_rev1_base_ad_rev3/quantum/matrix_common.o
                0x00000000000028a4                matrix_io_delay
 .text.matrix_output_select_delay
                0x00000000000028ac        0x4 .build/obj_redox_rev1_base_ad_rev3/quantum/matrix_common.o
                0x00000000000028ac                matrix_output_select_delay
 .text.matrix_output_unselect_delay
                0x00000000000028b0        0x6 .build/obj_redox_rev1_base_ad_rev3/quantum/matrix_common.o
                0x00000000000028b0                matrix_output_unselect_delay
 .text.matrix_slave_scan_user
                0x00000000000028b6        0x2 .build/obj_redox_rev1_base_ad_rev3/quantum/matrix_common.o
                0x00000000000028b6                matrix_slave_scan_user
 .text.matrix_scan_user
                0x00000000000028b8        0x6 .build/obj_redox_rev1_base_ad_rev3/quantum/matrix_common.o
                0x00000000000028b8                matrix_scan_user
 .text.matrix_scan_kb
                0x00000000000028be        0x6 .build/obj_redox_rev1_base_ad_rev3/quantum/matrix_common.o
                0x00000000000028be                matrix_scan_kb
 .text.matrix_init_user
                0x00000000000028c4        0x6 .build/obj_redox_rev1_base_ad_rev3/quantum/matrix_common.o
                0x00000000000028c4                matrix_init_user
 .text.matrix_init_kb
                0x00000000000028ca        0x6 .build/obj_redox_rev1_base_ad_rev3/quantum/matrix_common.o
                0x00000000000028ca                matrix_init_kb
 .text.matrix_slave_scan_kb
                0x00000000000028d0        0x6 .build/obj_redox_rev1_base_ad_rev3/quantum/matrix_common.o
                0x00000000000028d0                matrix_slave_scan_kb
 .text.matrix_post_scan
                0x00000000000028d6       0xb6 .build/obj_redox_rev1_base_ad_rev3/quantum/matrix_common.o
                0x00000000000028d6                matrix_post_scan
 .text.setPinInputHigh_atomic
                0x000000000000298c       0x2e .build/obj_redox_rev1_base_ad_rev3/quantum/matrix.o
 .text.matrix_init_pins
                0x00000000000029ba       0x40 .build/obj_redox_rev1_base_ad_rev3/quantum/matrix.o
                0x00000000000029ba                matrix_init_pins
 .text.matrix_read_cols_on_row
                0x00000000000029fa       0xbc .build/obj_redox_rev1_base_ad_rev3/quantum/matrix.o
                0x00000000000029fa                matrix_read_cols_on_row
 .text.matrix_init
                0x0000000000002ab6       0x4a .build/obj_redox_rev1_base_ad_rev3/quantum/matrix.o
                0x0000000000002ab6                matrix_init
 .text.matrix_scan
                0x0000000000002b00       0x7c .build/obj_redox_rev1_base_ad_rev3/quantum/matrix.o
                0x0000000000002b00                matrix_scan
 .text.debounce_init
                0x0000000000002b7c        0x2 .build/obj_redox_rev1_base_ad_rev3/quantum/debounce/sym_defer_g.o
                0x0000000000002b7c                debounce_init
 .text.debounce
                0x0000000000002b7e       0x74 .build/obj_redox_rev1_base_ad_rev3/quantum/debounce/sym_defer_g.o
                0x0000000000002b7e                debounce
 .text.is_keyboard_master_impl
                0x0000000000002bf2       0x16 .build/obj_redox_rev1_base_ad_rev3/quantum/split_common/split_util.o
                0x0000000000002bf2                is_keyboard_master_impl
 .text.is_keyboard_left
                0x0000000000002c08        0x6 .build/obj_redox_rev1_base_ad_rev3/quantum/split_common/split_util.o
                0x0000000000002c08                is_keyboard_left
 .text.is_keyboard_master
                0x0000000000002c0e        0x6 .build/obj_redox_rev1_base_ad_rev3/quantum/split_common/split_util.o
                0x0000000000002c0e                is_keyboard_master
 .text.is_keyboard_left_impl
                0x0000000000002c14        0x6 .build/obj_redox_rev1_base_ad_rev3/quantum/split_common/split_util.o
                0x0000000000002c14                is_keyboard_left_impl
 .text.split_pre_init
                0x0000000000002c1a       0x24 .build/obj_redox_rev1_base_ad_rev3/quantum/split_common/split_util.o
                0x0000000000002c1a                split_pre_init
 .text.split_post_init
                0x0000000000002c3e        0xe .build/obj_redox_rev1_base_ad_rev3/quantum/split_common/split_util.o
                0x0000000000002c3e                split_post_init
 .text.is_transport_connected
                0x0000000000002c4c        0xe .build/obj_redox_rev1_base_ad_rev3/quantum/split_common/split_util.o
                0x0000000000002c4c                is_transport_connected
 .text.transport_master_if_connected
                0x0000000000002c5a       0x70 .build/obj_redox_rev1_base_ad_rev3/quantum/split_common/split_util.o
                0x0000000000002c5a                transport_master_if_connected
 .text.transport_master_init
                0x0000000000002cca        0x6 .build/obj_redox_rev1_base_ad_rev3/quantum/split_common/transport.o
                0x0000000000002cca                transport_master_init
 .text.transport_slave_init
                0x0000000000002cd0        0x6 .build/obj_redox_rev1_base_ad_rev3/quantum/split_common/transport.o
                0x0000000000002cd0                transport_slave_init
 .text.transport_execute_transaction
                0x0000000000002cd6       0x90 .build/obj_redox_rev1_base_ad_rev3/quantum/split_common/transport.o
                0x0000000000002cd6                transport_execute_transaction
 .text.transport_master
                0x0000000000002d66        0x6 .build/obj_redox_rev1_base_ad_rev3/quantum/split_common/transport.o
                0x0000000000002d66                transport_master
 .text.transport_slave
                0x0000000000002d6c        0x6 .build/obj_redox_rev1_base_ad_rev3/quantum/split_common/transport.o
                0x0000000000002d6c                transport_slave
 .text.sync_timer_handlers_master
                0x0000000000002d72       0x80 .build/obj_redox_rev1_base_ad_rev3/quantum/split_common/transactions.o
 .text.transaction_handler_master.isra.1
                0x0000000000002df2       0x6a .build/obj_redox_rev1_base_ad_rev3/quantum/split_common/transactions.o
 .text.rgblight_handlers_master
                0x0000000000002e5c       0x7c .build/obj_redox_rev1_base_ad_rev3/quantum/split_common/transactions.o
 .text.slave_matrix_handlers_master
                0x0000000000002ed8       0xf4 .build/obj_redox_rev1_base_ad_rev3/quantum/split_common/transactions.o
 .text.transactions_master
                0x0000000000002fcc       0x42 .build/obj_redox_rev1_base_ad_rev3/quantum/split_common/transactions.o
                0x0000000000002fcc                transactions_master
 .text.transactions_slave
                0x000000000000300e       0x96 .build/obj_redox_rev1_base_ad_rev3/quantum/split_common/transactions.o
                0x000000000000300e                transactions_slave
 .text.protocol_init
                0x00000000000030a4        0xe .build/obj_redox_rev1_base_ad_rev3/quantum/main.o
                0x00000000000030a4                protocol_init
 .text.protocol_task
                0x00000000000030b2        0xe .build/obj_redox_rev1_base_ad_rev3/quantum/main.o
                0x00000000000030b2                protocol_task
 .text.startup.main
                0x00000000000030c0       0x1a .build/obj_redox_rev1_base_ad_rev3/quantum/main.o
                0x00000000000030c0                main
 .text.print_set_sendchar
                0x00000000000030da        0xa .build/obj_redox_rev1_base_ad_rev3/platforms/avr/printf.o
                0x00000000000030da                print_set_sendchar
 .text.hsv_to_rgb_impl
                0x00000000000030e4      0x11c .build/obj_redox_rev1_base_ad_rev3/quantum/color.o
                0x00000000000030e4                hsv_to_rgb_impl
 .text.hsv_to_rgb
                0x0000000000003200        0x8 .build/obj_redox_rev1_base_ad_rev3/quantum/color.o
                0x0000000000003200                hsv_to_rgb
 .text.rgblight_hsv_to_rgb
                0x0000000000003208        0x6 .build/obj_redox_rev1_base_ad_rev3/quantum/rgblight/rgblight.o
                0x0000000000003208                rgblight_hsv_to_rgb
 .text.sethsv_raw
                0x000000000000320e       0x1c .build/obj_redox_rev1_base_ad_rev3/quantum/rgblight/rgblight.o
                0x000000000000320e                sethsv_raw
 .text.rgblight_check_config
                0x000000000000322a       0x18 .build/obj_redox_rev1_base_ad_rev3/quantum/rgblight/rgblight.o
                0x000000000000322a                rgblight_check_config
 .text.eeconfig_read_rgblight
                0x0000000000003242       0x64 .build/obj_redox_rev1_base_ad_rev3/quantum/rgblight/rgblight.o
                0x0000000000003242                eeconfig_read_rgblight
 .text.eeconfig_update_rgblight
                0x00000000000032a6       0x4c .build/obj_redox_rev1_base_ad_rev3/quantum/rgblight/rgblight.o
                0x00000000000032a6                eeconfig_update_rgblight
 .text.eeconfig_update_rgblight_default
                0x00000000000032f2       0x36 .build/obj_redox_rev1_base_ad_rev3/quantum/rgblight/rgblight.o
                0x00000000000032f2                eeconfig_update_rgblight_default
 .text.rgblight_increase_speed_helper
                0x0000000000003328       0x38 .build/obj_redox_rev1_base_ad_rev3/quantum/rgblight/rgblight.o
                0x0000000000003328                rgblight_increase_speed_helper
 .text.rgblight_increase_speed
                0x0000000000003360        0x8 .build/obj_redox_rev1_base_ad_rev3/quantum/rgblight/rgblight.o
                0x0000000000003360                rgblight_increase_speed
 .text.rgblight_decrease_speed_helper
                0x0000000000003368       0x38 .build/obj_redox_rev1_base_ad_rev3/quantum/rgblight/rgblight.o
                0x0000000000003368                rgblight_decrease_speed_helper
 .text.rgblight_decrease_speed
                0x00000000000033a0        0x8 .build/obj_redox_rev1_base_ad_rev3/quantum/rgblight/rgblight.o
                0x00000000000033a0                rgblight_decrease_speed
 .text.rgblight_call_driver
                0x00000000000033a8        0x8 .build/obj_redox_rev1_base_ad_rev3/quantum/rgblight/rgblight.o
                0x00000000000033a8                rgblight_call_driver
 .text.rgblight_set
                0x00000000000033b0       0x4a .build/obj_redox_rev1_base_ad_rev3/quantum/rgblight/rgblight.o
                0x00000000000033b0                rgblight_set
 .text.rgblight_disable
                0x00000000000033fa       0x2c .build/obj_redox_rev1_base_ad_rev3/quantum/rgblight/rgblight.o
                0x00000000000033fa                rgblight_disable
 .text.rgblight_disable_noeeprom
                0x0000000000003426       0x1a .build/obj_redox_rev1_base_ad_rev3/quantum/rgblight/rgblight.o
                0x0000000000003426                rgblight_disable_noeeprom
 .text.rgblight_setrgb
                0x0000000000003440       0x36 .build/obj_redox_rev1_base_ad_rev3/quantum/rgblight/rgblight.o
                0x0000000000003440                rgblight_setrgb
 .text.rgblight_sethsv_eeprom_helper
                0x0000000000003476       0xa0 .build/obj_redox_rev1_base_ad_rev3/quantum/rgblight/rgblight.o
                0x0000000000003476                rgblight_sethsv_eeprom_helper
 .text.rgblight_increase_hue_helper
                0x0000000000003516       0x16 .build/obj_redox_rev1_base_ad_rev3/quantum/rgblight/rgblight.o
                0x0000000000003516                rgblight_increase_hue_helper
 .text.rgblight_increase_hue
                0x000000000000352c        0x8 .build/obj_redox_rev1_base_ad_rev3/quantum/rgblight/rgblight.o
                0x000000000000352c                rgblight_increase_hue
 .text.rgblight_decrease_hue_helper
                0x0000000000003534       0x16 .build/obj_redox_rev1_base_ad_rev3/quantum/rgblight/rgblight.o
                0x0000000000003534                rgblight_decrease_hue_helper
 .text.rgblight_decrease_hue
                0x000000000000354a        0x8 .build/obj_redox_rev1_base_ad_rev3/quantum/rgblight/rgblight.o
                0x000000000000354a                rgblight_decrease_hue
 .text.rgblight_increase_sat_helper
                0x0000000000003552       0x1a .build/obj_redox_rev1_base_ad_rev3/quantum/rgblight/rgblight.o
                0x0000000000003552                rgblight_increase_sat_helper
 .text.rgblight_increase_sat
                0x000000000000356c        0x8 .build/obj_redox_rev1_base_ad_rev3/quantum/rgblight/rgblight.o
                0x000000000000356c                rgblight_increase_sat
 .text.rgblight_decrease_sat_helper
                0x0000000000003574       0x1a .build/obj_redox_rev1_base_ad_rev3/quantum/rgblight/rgblight.o
                0x0000000000003574                rgblight_decrease_sat_helper
 .text.rgblight_decrease_sat
                0x000000000000358e        0x8 .build/obj_redox_rev1_base_ad_rev3/quantum/rgblight/rgblight.o
                0x000000000000358e                rgblight_decrease_sat
 .text.rgblight_increase_val_helper
                0x0000000000003596       0x1a .build/obj_redox_rev1_base_ad_rev3/quantum/rgblight/rgblight.o
                0x0000000000003596                rgblight_increase_val_helper
 .text.rgblight_increase_val
                0x00000000000035b0        0x8 .build/obj_redox_rev1_base_ad_rev3/quantum/rgblight/rgblight.o
                0x00000000000035b0                rgblight_increase_val
 .text.rgblight_decrease_val_helper
                0x00000000000035b8       0x1a .build/obj_redox_rev1_base_ad_rev3/quantum/rgblight/rgblight.o
                0x00000000000035b8                rgblight_decrease_val_helper
 .text.rgblight_decrease_val
                0x00000000000035d2        0x8 .build/obj_redox_rev1_base_ad_rev3/quantum/rgblight/rgblight.o
                0x00000000000035d2                rgblight_decrease_val
 .text.rgblight_sethsv_noeeprom
                0x00000000000035da        0x8 .build/obj_redox_rev1_base_ad_rev3/quantum/rgblight/rgblight.o
                0x00000000000035da                rgblight_sethsv_noeeprom
 .text.rgblight_mode_eeprom_helper
                0x00000000000035e2       0x50 .build/obj_redox_rev1_base_ad_rev3/quantum/rgblight/rgblight.o
                0x00000000000035e2                rgblight_mode_eeprom_helper
 .text.rgblight_step_helper
                0x0000000000003632        0xa .build/obj_redox_rev1_base_ad_rev3/quantum/rgblight/rgblight.o
                0x0000000000003632                rgblight_step_helper
 .text.rgblight_step
                0x000000000000363c        0x8 .build/obj_redox_rev1_base_ad_rev3/quantum/rgblight/rgblight.o
                0x000000000000363c                rgblight_step
 .text.rgblight_step_reverse_helper
                0x0000000000003644       0x18 .build/obj_redox_rev1_base_ad_rev3/quantum/rgblight/rgblight.o
                0x0000000000003644                rgblight_step_reverse_helper
 .text.rgblight_step_reverse
                0x000000000000365c        0x8 .build/obj_redox_rev1_base_ad_rev3/quantum/rgblight/rgblight.o
                0x000000000000365c                rgblight_step_reverse
 .text.rgblight_mode
                0x0000000000003664        0x8 .build/obj_redox_rev1_base_ad_rev3/quantum/rgblight/rgblight.o
                0x0000000000003664                rgblight_mode
 .text.rgblight_enable
                0x000000000000366c       0x14 .build/obj_redox_rev1_base_ad_rev3/quantum/rgblight/rgblight.o
                0x000000000000366c                rgblight_enable
 .text.rgblight_toggle
                0x0000000000003680       0x14 .build/obj_redox_rev1_base_ad_rev3/quantum/rgblight/rgblight.o
                0x0000000000003680                rgblight_toggle
 .text.rgblight_mode_noeeprom
                0x0000000000003694        0x8 .build/obj_redox_rev1_base_ad_rev3/quantum/rgblight/rgblight.o
                0x0000000000003694                rgblight_mode_noeeprom
 .text.rgblight_init
                0x000000000000369c       0x8e .build/obj_redox_rev1_base_ad_rev3/quantum/rgblight/rgblight.o
                0x000000000000369c                rgblight_init
 .text.rgblight_clear_change_flags
                0x000000000000372a        0x6 .build/obj_redox_rev1_base_ad_rev3/quantum/rgblight/rgblight.o
                0x000000000000372a                rgblight_clear_change_flags
 .text.rgblight_get_syncinfo
                0x0000000000003730       0x26 .build/obj_redox_rev1_base_ad_rev3/quantum/rgblight/rgblight.o
                0x0000000000003730                rgblight_get_syncinfo
 .text.rgblight_update_sync
                0x0000000000003756       0x4a .build/obj_redox_rev1_base_ad_rev3/quantum/rgblight/rgblight.o
                0x0000000000003756                rgblight_update_sync
 .text.preprocess_rgblight
                0x00000000000037a0        0x2 .build/obj_redox_rev1_base_ad_rev3/quantum/rgblight/rgblight.o
                0x00000000000037a0                preprocess_rgblight
 .text.rgblight_task
                0x00000000000037a2        0x2 .build/obj_redox_rev1_base_ad_rev3/quantum/rgblight/rgblight.o
                0x00000000000037a2                rgblight_task
 .text.handleKeycodeRGB
                0x00000000000037a4        0xe .build/obj_redox_rev1_base_ad_rev3/quantum/process_keycode/process_rgb.o
 .text.process_rgb
                0x00000000000037b2       0xac .build/obj_redox_rev1_base_ad_rev3/quantum/process_keycode/process_rgb.o
                0x00000000000037b2                process_rgb
 .text.process_unicode
                0x000000000000385e       0x1c .build/obj_redox_rev1_base_ad_rev3/quantum/process_keycode/process_unicode.o
                0x000000000000385e                process_unicode
 .text.process_unicode_common
                0x000000000000387a       0x6e .build/obj_redox_rev1_base_ad_rev3/quantum/process_keycode/process_unicode_common.o
                0x000000000000387a                process_unicode_common
 .text.send_nibble_wrapper
                0x00000000000038e8       0x2a .build/obj_redox_rev1_base_ad_rev3/quantum/unicode/unicode.o
 .text.unicode_input_mode_set_user
                0x0000000000003912        0x2 .build/obj_redox_rev1_base_ad_rev3/quantum/unicode/unicode.o
                0x0000000000003912                unicode_input_mode_set_user
 .text.unicode_input_mode_set_kb
                0x0000000000003914        0x6 .build/obj_redox_rev1_base_ad_rev3/quantum/unicode/unicode.o
                0x0000000000003914                unicode_input_mode_set_kb
 .text.cycle_unicode_input_mode
                0x000000000000391a       0x48 .build/obj_redox_rev1_base_ad_rev3/quantum/unicode/unicode.o
 .text.unicode_input_mode_init
                0x0000000000003962       0x3a .build/obj_redox_rev1_base_ad_rev3/quantum/unicode/unicode.o
                0x0000000000003962                unicode_input_mode_init
 .text.set_unicode_input_mode
                0x000000000000399c       0x1c .build/obj_redox_rev1_base_ad_rev3/quantum/unicode/unicode.o
                0x000000000000399c                set_unicode_input_mode
 .text.unicode_input_mode_step
                0x00000000000039b8        0x8 .build/obj_redox_rev1_base_ad_rev3/quantum/unicode/unicode.o
                0x00000000000039b8                unicode_input_mode_step
 .text.unicode_input_mode_step_reverse
                0x00000000000039c0        0x8 .build/obj_redox_rev1_base_ad_rev3/quantum/unicode/unicode.o
                0x00000000000039c0                unicode_input_mode_step_reverse
 .text.unicode_input_start
                0x00000000000039c8       0xac .build/obj_redox_rev1_base_ad_rev3/quantum/unicode/unicode.o
                0x00000000000039c8                unicode_input_start
 .text.unicode_input_finish
                0x0000000000003a74       0x64 .build/obj_redox_rev1_base_ad_rev3/quantum/unicode/unicode.o
                0x0000000000003a74                unicode_input_finish
 .text.register_hex32
                0x0000000000003ad8       0x8e .build/obj_redox_rev1_base_ad_rev3/quantum/unicode/unicode.o
                0x0000000000003ad8                register_hex32
 .text.register_unicode
                0x0000000000003b66       0x9e .build/obj_redox_rev1_base_ad_rev3/quantum/unicode/unicode.o
                0x0000000000003b66                register_unicode
 .text.ws2812_setleds
                0x0000000000003c04       0x56 .build/obj_redox_rev1_base_ad_rev3/ws2812_bitbang.o
                0x0000000000003c04                ws2812_setleds
 .text.mousekey_console
                0x0000000000003c5a      0x104 .build/obj_redox_rev1_base_ad_rev3/quantum/command.o
 .text.command_common
                0x0000000000003d5e      0x13c .build/obj_redox_rev1_base_ad_rev3/quantum/command.o
 .text.command_console_extra
                0x0000000000003e9a        0x4 .build/obj_redox_rev1_base_ad_rev3/quantum/command.o
                0x0000000000003e9a                command_console_extra
 .text.command_extra
                0x0000000000003e9e        0x6 .build/obj_redox_rev1_base_ad_rev3/quantum/command.o
                0x0000000000003e9e                command_extra
 .text.command_proc
                0x0000000000003ea4       0x92 .build/obj_redox_rev1_base_ad_rev3/quantum/command.o
                0x0000000000003ea4                command_proc
 .text.crc_init
                0x0000000000003f36        0x2 .build/obj_redox_rev1_base_ad_rev3/quantum/crc.o
                0x0000000000003f36                crc_init
 .text.crc8     0x0000000000003f38       0x2e .build/obj_redox_rev1_base_ad_rev3/quantum/crc.o
                0x0000000000003f38                crc8
 .text.process_grave_esc
                0x0000000000003f66       0x54 .build/obj_redox_rev1_base_ad_rev3/quantum/process_keycode/process_grave_esc.o
                0x0000000000003f66                process_grave_esc
 .text.process_magic
                0x0000000000003fba      0x1d4 .build/obj_redox_rev1_base_ad_rev3/quantum/process_keycode/process_magic.o
                0x0000000000003fba                process_magic
 .text.times_inv_sqrt2
                0x000000000000418e       0x1c .build/obj_redox_rev1_base_ad_rev3/quantum/mousekey.o
 .text.move_unit
                0x00000000000041aa       0x7e .build/obj_redox_rev1_base_ad_rev3/quantum/mousekey.o
 .text.wheel_unit
                0x0000000000004228       0x72 .build/obj_redox_rev1_base_ad_rev3/quantum/mousekey.o
 .text.mousekey_on
                0x000000000000429a       0xe2 .build/obj_redox_rev1_base_ad_rev3/quantum/mousekey.o
                0x000000000000429a                mousekey_on
 .text.mousekey_off
                0x000000000000437c       0xee .build/obj_redox_rev1_base_ad_rev3/quantum/mousekey.o
                0x000000000000437c                mousekey_off
 .text.mousekey_send
                0x000000000000446a       0x3e .build/obj_redox_rev1_base_ad_rev3/quantum/mousekey.o
                0x000000000000446a                mousekey_send
 .text.mousekey_clear
                0x00000000000044a8       0x1c .build/obj_redox_rev1_base_ad_rev3/quantum/mousekey.o
                0x00000000000044a8                mousekey_clear
 .text.should_mousekey_report_send
                0x00000000000044c4       0x28 .build/obj_redox_rev1_base_ad_rev3/quantum/mousekey.o
                0x00000000000044c4                should_mousekey_report_send
 .text.mousekey_task
                0x00000000000044ec      0x1dc .build/obj_redox_rev1_base_ad_rev3/quantum/mousekey.o
                0x00000000000044ec                mousekey_task
 .text.send_char
                0x00000000000046c8       0xba .build/obj_redox_rev1_base_ad_rev3/quantum/send_string/send_string.o
                0x00000000000046c8                send_char
 .text.send_nibble
                0x0000000000004782       0x16 .build/obj_redox_rev1_base_ad_rev3/quantum/send_string/send_string.o
                0x0000000000004782                send_nibble
 .text.send_string_with_delay_P
                0x0000000000004798       0xd6 .build/obj_redox_rev1_base_ad_rev3/quantum/send_string/send_string.o
                0x0000000000004798                send_string_with_delay_P
 .text.perform_space_cadet
                0x000000000000486e       0xd2 .build/obj_redox_rev1_base_ad_rev3/quantum/process_keycode/process_space_cadet.o
                0x000000000000486e                perform_space_cadet
 .text.process_space_cadet
                0x0000000000004940       0x86 .build/obj_redox_rev1_base_ad_rev3/quantum/process_keycode/process_space_cadet.o
                0x0000000000004940                process_space_cadet
 .text._process_tap_dance_action_fn
                0x00000000000049c6        0xc .build/obj_redox_rev1_base_ad_rev3/quantum/process_keycode/process_tap_dance.o
 .text.process_tap_dance_action_on_reset
                0x00000000000049d2       0x32 .build/obj_redox_rev1_base_ad_rev3/quantum/process_keycode/process_tap_dance.o
 .text.process_tap_dance_action_on_dance_finished
                0x0000000000004a04       0x48 .build/obj_redox_rev1_base_ad_rev3/quantum/process_keycode/process_tap_dance.o
 .text.preprocess_tap_dance
                0x0000000000004a4c       0x56 .build/obj_redox_rev1_base_ad_rev3/quantum/process_keycode/process_tap_dance.o
                0x0000000000004a4c                preprocess_tap_dance
 .text.process_tap_dance
                0x0000000000004aa2       0xd8 .build/obj_redox_rev1_base_ad_rev3/quantum/process_keycode/process_tap_dance.o
                0x0000000000004aa2                process_tap_dance
 .text.tap_dance_task
                0x0000000000004b7a       0x48 .build/obj_redox_rev1_base_ad_rev3/quantum/process_keycode/process_tap_dance.o
                0x0000000000004b7a                tap_dance_task
 .text.host_set_driver
                0x0000000000004bc2        0xa .build/obj_redox_rev1_base_ad_rev3/protocol/host.o
                0x0000000000004bc2                host_set_driver
 .text.host_keyboard_leds
                0x0000000000004bcc       0x28 .build/obj_redox_rev1_base_ad_rev3/protocol/host.o
                0x0000000000004bcc                host_keyboard_leds
 .text.host_keyboard_led_state
                0x0000000000004bf4        0x6 .build/obj_redox_rev1_base_ad_rev3/protocol/host.o
                0x0000000000004bf4                host_keyboard_led_state
 .text.host_keyboard_send
                0x0000000000004bfa       0x16 .build/obj_redox_rev1_base_ad_rev3/protocol/host.o
                0x0000000000004bfa                host_keyboard_send
 .text.host_mouse_send
                0x0000000000004c10       0x1c .build/obj_redox_rev1_base_ad_rev3/protocol/host.o
                0x0000000000004c10                host_mouse_send
 .text.host_system_send
                0x0000000000004c2c       0x4a .build/obj_redox_rev1_base_ad_rev3/protocol/host.o
                0x0000000000004c2c                host_system_send
 .text.host_consumer_send
                0x0000000000004c76       0x4a .build/obj_redox_rev1_base_ad_rev3/protocol/host.o
                0x0000000000004c76                host_consumer_send
 .text.has_anykey
                0x0000000000004cc0       0x1e .build/obj_redox_rev1_base_ad_rev3/protocol/report.o
                0x0000000000004cc0                has_anykey
 .text.is_key_pressed
                0x0000000000004cde       0x28 .build/obj_redox_rev1_base_ad_rev3/protocol/report.o
                0x0000000000004cde                is_key_pressed
 .text.add_key_byte
                0x0000000000004d06       0x34 .build/obj_redox_rev1_base_ad_rev3/protocol/report.o
                0x0000000000004d06                add_key_byte
 .text.del_key_byte
                0x0000000000004d3a       0x1a .build/obj_redox_rev1_base_ad_rev3/protocol/report.o
                0x0000000000004d3a                del_key_byte
 .text.add_key_to_report
                0x0000000000004d54       0x10 .build/obj_redox_rev1_base_ad_rev3/protocol/report.o
                0x0000000000004d54                add_key_to_report
 .text.del_key_from_report
                0x0000000000004d64       0x10 .build/obj_redox_rev1_base_ad_rev3/protocol/report.o
                0x0000000000004d64                del_key_from_report
 .text.clear_keys_from_report
                0x0000000000004d74       0x16 .build/obj_redox_rev1_base_ad_rev3/protocol/report.o
                0x0000000000004d74                clear_keys_from_report
 .text.has_mouse_report_changed
                0x0000000000004d8a       0x5c .build/obj_redox_rev1_base_ad_rev3/protocol/report.o
                0x0000000000004d8a                has_mouse_report_changed
 .text.notify_usb_device_state_change_user
                0x0000000000004de6        0x2 .build/obj_redox_rev1_base_ad_rev3/protocol/usb_device_state.o
                0x0000000000004de6                notify_usb_device_state_change_user
 .text.notify_usb_device_state_change_kb
                0x0000000000004de8        0x6 .build/obj_redox_rev1_base_ad_rev3/protocol/usb_device_state.o
                0x0000000000004de8                notify_usb_device_state_change_kb
 .text.usb_device_state_set_suspend
                0x0000000000004dee        0xc .build/obj_redox_rev1_base_ad_rev3/protocol/usb_device_state.o
                0x0000000000004dee                usb_device_state_set_suspend
 .text.usb_device_state_set_resume
                0x0000000000004dfa       0x14 .build/obj_redox_rev1_base_ad_rev3/protocol/usb_device_state.o
                0x0000000000004dfa                usb_device_state_set_resume
 .text.usb_device_state_set_configuration
                0x0000000000004e0e        0x6 .build/obj_redox_rev1_base_ad_rev3/protocol/usb_device_state.o
                0x0000000000004e0e                usb_device_state_set_configuration
 .text.usb_device_state_init
                0x0000000000004e14        0xc .build/obj_redox_rev1_base_ad_rev3/protocol/usb_device_state.o
                0x0000000000004e14                usb_device_state_init
 .text.usb_device_state_set_reset
                0x0000000000004e20        0x6 .build/obj_redox_rev1_base_ad_rev3/protocol/usb_device_state.o
                0x0000000000004e20                usb_device_state_set_reset
 .text.suspend_wakeup_init_user
                0x0000000000004e26        0x2 .build/obj_redox_rev1_base_ad_rev3/platforms/suspend.o
                0x0000000000004e26                suspend_wakeup_init_user
 .text.suspend_power_down_user
                0x0000000000004e28        0x6 .build/obj_redox_rev1_base_ad_rev3/platforms/suspend.o
                0x0000000000004e28                suspend_power_down_user
 .text.suspend_power_down_kb
                0x0000000000004e2e        0x6 .build/obj_redox_rev1_base_ad_rev3/platforms/suspend.o
                0x0000000000004e2e                suspend_power_down_kb
 .text.matrix_power_down
                0x0000000000004e34        0x6 .build/obj_redox_rev1_base_ad_rev3/platforms/suspend.o
                0x0000000000004e34                matrix_power_down
 .text.matrix_power_up
                0x0000000000004e3a        0x6 .build/obj_redox_rev1_base_ad_rev3/platforms/suspend.o
                0x0000000000004e3a                matrix_power_up
 .text.suspend_wakeup_init_kb
                0x0000000000004e40        0x6 .build/obj_redox_rev1_base_ad_rev3/platforms/suspend.o
                0x0000000000004e40                suspend_wakeup_init_kb
 .text.suspend_wakeup_condition
                0x0000000000004e46       0x28 .build/obj_redox_rev1_base_ad_rev3/platforms/suspend.o
                0x0000000000004e46                suspend_wakeup_condition
 .text.platform_setup
                0x0000000000004e6e        0xe .build/obj_redox_rev1_base_ad_rev3/platforms/avr/platform.o
                0x0000000000004e6e                platform_setup
 .text.__vector_12
                0x0000000000004e7c       0x52 .build/obj_redox_rev1_base_ad_rev3/platforms/avr/suspend.o
                0x0000000000004e7c                __vector_12
 .text.suspend_power_down
                0x0000000000004ece       0x56 .build/obj_redox_rev1_base_ad_rev3/platforms/avr/suspend.o
                0x0000000000004ece                suspend_power_down
 .text.suspend_wakeup_init
                0x0000000000004f24        0xa .build/obj_redox_rev1_base_ad_rev3/platforms/avr/suspend.o
                0x0000000000004f24                suspend_wakeup_init
 .text.timer_init
                0x0000000000004f2e       0x12 .build/obj_redox_rev1_base_ad_rev3/platforms/avr/timer.o
                0x0000000000004f2e                timer_init
 .text.timer_read
                0x0000000000004f40       0x18 .build/obj_redox_rev1_base_ad_rev3/platforms/avr/timer.o
                0x0000000000004f40                timer_read
 .text.timer_read32
                0x0000000000004f58       0x18 .build/obj_redox_rev1_base_ad_rev3/platforms/avr/timer.o
                0x0000000000004f58                timer_read32
 .text.timer_elapsed
                0x0000000000004f70       0x1e .build/obj_redox_rev1_base_ad_rev3/platforms/avr/timer.o
                0x0000000000004f70                timer_elapsed
 .text.timer_elapsed32
                0x0000000000004f8e       0x38 .build/obj_redox_rev1_base_ad_rev3/platforms/avr/timer.o
                0x0000000000004f8e                timer_elapsed32
 .text.__vector_21
                0x0000000000004fc6       0x4c .build/obj_redox_rev1_base_ad_rev3/platforms/avr/timer.o
                0x0000000000004fc6                __vector_21
 .text.bootloader_jump
                0x0000000000005012       0x22 .build/obj_redox_rev1_base_ad_rev3/platforms/avr/bootloaders/caterina.o
                0x0000000000005012                bootloader_jump
 .text.mcu_reset
                0x0000000000005034       0x16 .build/obj_redox_rev1_base_ad_rev3/platforms/avr/bootloaders/caterina.o
                0x0000000000005034                mcu_reset
 .text.sync_recv
                0x000000000000504a       0x10 .build/obj_redox_rev1_base_ad_rev3/serial.a(serial.o)
 .text.sync_send
                0x000000000000505a        0xc .build/obj_redox_rev1_base_ad_rev3/serial.a(serial.o)
 .text.serial_read_chunk.constprop.0
                0x0000000000005066       0x4c .build/obj_redox_rev1_base_ad_rev3/serial.a(serial.o)
 .text.serial_recive_packet
                0x00000000000050b2       0x40 .build/obj_redox_rev1_base_ad_rev3/serial.a(serial.o)
 .text.soft_serial_initiator_init
                0x00000000000050f2        0x6 .build/obj_redox_rev1_base_ad_rev3/serial.a(serial.o)
                0x00000000000050f2                soft_serial_initiator_init
 .text.soft_serial_target_init
                0x00000000000050f8       0x12 .build/obj_redox_rev1_base_ad_rev3/serial.a(serial.o)
                0x00000000000050f8                soft_serial_target_init
 .text.serial_write_chunk
                0x000000000000510a       0x40 .build/obj_redox_rev1_base_ad_rev3/serial.a(serial.o)
                0x000000000000510a                serial_write_chunk
 .text.serial_send_packet
                0x000000000000514a       0x32 .build/obj_redox_rev1_base_ad_rev3/serial.a(serial.o)
 .text.__vector_1
                0x000000000000517c      0x14c .build/obj_redox_rev1_base_ad_rev3/serial.a(serial.o)
                0x000000000000517c                __vector_1
 .text.soft_serial_transaction
                0x00000000000052c8       0xf6 .build/obj_redox_rev1_base_ad_rev3/serial.a(serial.o)
                0x00000000000052c8                soft_serial_transaction
 .text.keyboard_leds
                0x00000000000053be        0x6 .build/obj_redox_rev1_base_ad_rev3/lufa.o
 .text.send_nkro
                0x00000000000053c4        0x2 .build/obj_redox_rev1_base_ad_rev3/lufa.o
 .text.send_report
                0x00000000000053c6       0x48 .build/obj_redox_rev1_base_ad_rev3/lufa.o
                0x00000000000053c6                send_report
 .text.send_extra
                0x000000000000540e        0xe .build/obj_redox_rev1_base_ad_rev3/lufa.o
 .text.send_mouse
                0x000000000000541c        0xe .build/obj_redox_rev1_base_ad_rev3/lufa.o
 .text.send_keyboard
                0x000000000000542a       0x28 .build/obj_redox_rev1_base_ad_rev3/lufa.o
 .text.EVENT_USB_Device_Connect
                0x0000000000005452       0x1c .build/obj_redox_rev1_base_ad_rev3/lufa.o
                0x0000000000005452                EVENT_USB_Device_Connect
 .text.EVENT_USB_Device_Disconnect
                0x000000000000546e        0x6 .build/obj_redox_rev1_base_ad_rev3/lufa.o
                0x000000000000546e                EVENT_USB_Device_Disconnect
 .text.EVENT_USB_Device_Reset
                0x0000000000005474        0x6 .build/obj_redox_rev1_base_ad_rev3/lufa.o
                0x0000000000005474                EVENT_USB_Device_Reset
 .text.EVENT_USB_Device_Suspend
                0x000000000000547a       0x12 .build/obj_redox_rev1_base_ad_rev3/lufa.o
                0x000000000000547a                EVENT_USB_Device_Suspend
 .text.EVENT_USB_Device_WakeUp
                0x000000000000548c       0x16 .build/obj_redox_rev1_base_ad_rev3/lufa.o
                0x000000000000548c                EVENT_USB_Device_WakeUp
 .text.EVENT_USB_Device_ConfigurationChanged
                0x00000000000054a2       0x2a .build/obj_redox_rev1_base_ad_rev3/lufa.o
                0x00000000000054a2                EVENT_USB_Device_ConfigurationChanged
 .text.EVENT_USB_Device_ControlRequest
                0x00000000000054cc      0x17e .build/obj_redox_rev1_base_ad_rev3/lufa.o
                0x00000000000054cc                EVENT_USB_Device_ControlRequest
 .text.protocol_setup
                0x000000000000564a       0x34 .build/obj_redox_rev1_base_ad_rev3/lufa.o
                0x000000000000564a                protocol_setup
 .text.protocol_pre_init
                0x000000000000567e       0x1a .build/obj_redox_rev1_base_ad_rev3/lufa.o
                0x000000000000567e                protocol_pre_init
 .text.protocol_post_init
                0x0000000000005698        0xa .build/obj_redox_rev1_base_ad_rev3/lufa.o
                0x0000000000005698                protocol_post_init
 .text.protocol_pre_task
                0x00000000000056a2       0x34 .build/obj_redox_rev1_base_ad_rev3/lufa.o
                0x00000000000056a2                protocol_pre_task
 .text.protocol_post_task
                0x00000000000056d6        0x2 .build/obj_redox_rev1_base_ad_rev3/lufa.o
                0x00000000000056d6                protocol_post_task
 .text.CALLBACK_USB_GetDescriptor
                0x00000000000056d8       0x10 .build/obj_redox_rev1_base_ad_rev3/lufa.o
                0x00000000000056d8                CALLBACK_USB_GetDescriptor
 .text.get_usb_descriptor
                0x00000000000056e8       0xb2 .build/obj_redox_rev1_base_ad_rev3/usb_descriptor.o
                0x00000000000056e8                get_usb_descriptor
 .text.USB_Device_SendRemoteWakeup
                0x000000000000579a       0x2c .build/obj_redox_rev1_base_ad_rev3/lib/lufa/LUFA/Drivers/USB/Core/AVR8/Device_AVR8.o
                0x000000000000579a                USB_Device_SendRemoteWakeup
 .text.Endpoint_Write_Stream_LE
                0x00000000000057c6       0x8a .build/obj_redox_rev1_base_ad_rev3/lib/lufa/LUFA/Drivers/USB/Core/AVR8/EndpointStream_AVR8.o
                0x00000000000057c6                Endpoint_Write_Stream_LE
 .text.Endpoint_Write_Control_Stream_LE
                0x0000000000005850       0xbc .build/obj_redox_rev1_base_ad_rev3/lib/lufa/LUFA/Drivers/USB/Core/AVR8/EndpointStream_AVR8.o
                0x0000000000005850                Endpoint_Write_Control_Stream_LE
 .text.Endpoint_Write_Control_PStream_LE
                0x000000000000590c       0xc2 .build/obj_redox_rev1_base_ad_rev3/lib/lufa/LUFA/Drivers/USB/Core/AVR8/EndpointStream_AVR8.o
                0x000000000000590c                Endpoint_Write_Control_PStream_LE
 .text.Endpoint_ConfigureEndpoint_Prv
                0x00000000000059ce       0x6a .build/obj_redox_rev1_base_ad_rev3/lib/lufa/LUFA/Drivers/USB/Core/AVR8/Endpoint_AVR8.o
                0x00000000000059ce                Endpoint_ConfigureEndpoint_Prv
 .text.Endpoint_ClearStatusStage
                0x0000000000005a38       0x3e .build/obj_redox_rev1_base_ad_rev3/lib/lufa/LUFA/Drivers/USB/Core/AVR8/Endpoint_AVR8.o
                0x0000000000005a38                Endpoint_ClearStatusStage
 .text.Endpoint_WaitUntilReady
                0x0000000000005a76       0x66 .build/obj_redox_rev1_base_ad_rev3/lib/lufa/LUFA/Drivers/USB/Core/AVR8/Endpoint_AVR8.o
                0x0000000000005a76                Endpoint_WaitUntilReady
 .text.USB_Disable
                0x0000000000005adc       0x34 .build/obj_redox_rev1_base_ad_rev3/lib/lufa/LUFA/Drivers/USB/Core/AVR8/USBController_AVR8.o
                0x0000000000005adc                USB_Disable
 .text.USB_ResetInterface
                0x0000000000005b10       0x86 .build/obj_redox_rev1_base_ad_rev3/lib/lufa/LUFA/Drivers/USB/Core/AVR8/USBController_AVR8.o
                0x0000000000005b10                USB_ResetInterface
 .text.USB_Init
                0x0000000000005b96       0x24 .build/obj_redox_rev1_base_ad_rev3/lib/lufa/LUFA/Drivers/USB/Core/AVR8/USBController_AVR8.o
                0x0000000000005b96                USB_Init
 .text.USB_INT_DisableAllInterrupts
                0x0000000000005bba       0x10 .build/obj_redox_rev1_base_ad_rev3/lib/lufa/LUFA/Drivers/USB/Core/AVR8/USBInterrupt_AVR8.o
                0x0000000000005bba                USB_INT_DisableAllInterrupts
 .text.USB_INT_ClearAllInterrupts
                0x0000000000005bca        0xa .build/obj_redox_rev1_base_ad_rev3/lib/lufa/LUFA/Drivers/USB/Core/AVR8/USBInterrupt_AVR8.o
                0x0000000000005bca                USB_INT_ClearAllInterrupts
 .text.__vector_10
                0x0000000000005bd4      0x1a4 .build/obj_redox_rev1_base_ad_rev3/lib/lufa/LUFA/Drivers/USB/Core/AVR8/USBInterrupt_AVR8.o
                0x0000000000005bd4                __vector_10
 .text.__vector_11
                0x0000000000005d78       0x88 .build/obj_redox_rev1_base_ad_rev3/lib/lufa/LUFA/Drivers/USB/Core/AVR8/USBInterrupt_AVR8.o
                0x0000000000005d78                __vector_11
 .text.USB_Device_ProcessControlRequest
                0x0000000000005e00      0x2aa .build/obj_redox_rev1_base_ad_rev3/lib/lufa/LUFA/Drivers/USB/Core/DeviceStandardReq.o
                0x0000000000005e00                USB_Device_ProcessControlRequest
 .text.USB_Event_Stub
                0x00000000000060aa        0x2 .build/obj_redox_rev1_base_ad_rev3/lib/lufa/LUFA/Drivers/USB/Core/Events.o
                0x00000000000060aa                USB_Event_Stub
                0x00000000000060aa                EVENT_USB_Device_StartOfFrame
 .text.USB_USBTask
                0x00000000000060ac       0x36 .build/obj_redox_rev1_base_ad_rev3/lib/lufa/LUFA/Drivers/USB/Core/USBTask.o
                0x00000000000060ac                USB_USBTask
 .text.usb_disconnect
                0x00000000000060e2        0xa .build/obj_redox_rev1_base_ad_rev3/protocol/lufa/usb_util.o
                0x00000000000060e2                usb_disconnect
 .text.usb_vbus_state
                0x00000000000060ec       0x1a .build/obj_redox_rev1_base_ad_rev3/protocol/lufa/usb_util.o
                0x00000000000060ec                usb_vbus_state
 .text.libgcc.div
                0x0000000000006106       0x28 /usr/lib/gcc/avr/5.4.0/avr5/libgcc.a(_udivmodhi4.o)
                0x0000000000006106                __udivmodhi4
 .text.libgcc.div
                0x000000000000612e       0x28 /usr/lib/gcc/avr/5.4.0/avr5/libgcc.a(_divmodhi4.o)
                0x000000000000612e                __divmodhi4
                0x000000000000612e                _div
 .text.libgcc   0x0000000000006156        0xc /usr/lib/gcc/avr/5.4.0/avr5/libgcc.a(_tablejump2.o)
                0x0000000000006156                __tablejump2__
 .text.libgcc.prologue
                0x0000000000006162       0x38 /usr/lib/gcc/avr/5.4.0/avr5/libgcc.a(_prologue.o)
                0x0000000000006162                __prologue_saves__
 .text.libgcc.prologue
                0x000000000000619a       0x36 /usr/lib/gcc/avr/5.4.0/avr5/libgcc.a(_epilogue.o)
                0x000000000000619a                __epilogue_restores__
 .text.libgcc.builtins
                0x00000000000061d0       0x32 /usr/lib/gcc/avr/5.4.0/avr5/libgcc.a(_ashldi3.o)
                0x00000000000061d0                __ashldi3
 .text.libgcc.builtins
                0x0000000000006202       0x3c /usr/lib/gcc/avr/5.4.0/avr5/libgcc.a(_ashrdi3.o)
                0x0000000000006202                __ashrdi3
                0x0000000000006206                __lshrdi3
 .text.avr-libc
                0x000000000000623e       0x1a /usr/lib/gcc/avr/5.4.0/../../../avr/lib/avr5/libc.a(memcmp.o)
                0x000000000000623e                memcmp
 .text.avr-libc
                0x0000000000006258       0x12 /usr/lib/gcc/avr/5.4.0/../../../avr/lib/avr5/libc.a(memcpy.o)
                0x0000000000006258                memcpy
 .text.avr-libc
                0x000000000000626a       0x10 /usr/lib/gcc/avr/5.4.0/../../../avr/lib/avr5/libatmega32u4.a(eerd_byte.o)
                0x000000000000626a                eeprom_read_byte
 .text.avr-libc
                0x000000000000627a        0xc /usr/lib/gcc/avr/5.4.0/../../../avr/lib/avr5/libatmega32u4.a(eerd_dword.o)
                0x000000000000627a                eeprom_read_dword