Archive member included to satisfy reference by file (symbol)

.build/obj_redox_rev1_base_ad_rev2/serial.a(serial.o)
                              .build/obj_redox_rev1_base_ad_rev2/quantum/split_common/transport.o (soft_serial_initiator_init)
/usr/lib/gcc/avr/7.3.0/avr5/libgcc.a(_udivmodqi4.o)
                              .build/obj_redox_rev1_base_ad_rev2/quantum/rgblight/rgblight.o (__udivmodqi4)
/usr/lib/gcc/avr/7.3.0/avr5/libgcc.a(_divmodqi4.o)
                              .build/obj_redox_rev1_base_ad_rev2/quantum/rgblight/rgblight.o (__divmodqi4)
/usr/lib/gcc/avr/7.3.0/avr5/libgcc.a(_udivmodhi4.o)
                              .build/obj_redox_rev1_base_ad_rev2/quantum/color.o (__udivmodhi4)
/usr/lib/gcc/avr/7.3.0/avr5/libgcc.a(_divmodhi4.o)
                              .build/obj_redox_rev1_base_ad_rev2/quantum/rgblight/rgblight.o (__divmodhi4)
/usr/lib/gcc/avr/7.3.0/avr5/libgcc.a(_udivmodsi4.o)
                              .build/obj_redox_rev1_base_ad_rev2/quantum/quantum.o (__udivmodsi4)
/usr/lib/gcc/avr/7.3.0/avr5/libgcc.a(_exit.o)
                              /usr/lib/gcc/avr/7.3.0/../../../avr/lib/avr5/crtatmega32u4.o (exit)
/usr/lib/gcc/avr/7.3.0/avr5/libgcc.a(_tablejump2.o)
                              .build/obj_redox_rev1_base_ad_rev2/quantum/action.o (__tablejump2__)
/usr/lib/gcc/avr/7.3.0/avr5/libgcc.a(_copy_data.o)
                              .build/obj_redox_rev1_base_ad_rev2/quantum/keymap_introspection.o (__do_copy_data)
/usr/lib/gcc/avr/7.3.0/avr5/libgcc.a(_clear_bss.o)
                              .build/obj_redox_rev1_base_ad_rev2/quantum/keymap_introspection.o (__do_clear_bss)
/usr/lib/gcc/avr/7.3.0/avr5/libgcc.a(_mulhisi3.o)
                              .build/obj_redox_rev1_base_ad_rev2/quantum/rgblight/rgblight.o (__mulhisi3)
/usr/lib/gcc/avr/7.3.0/avr5/libgcc.a(_umulhisi3.o)
                              .build/obj_redox_rev1_base_ad_rev2/quantum/rgblight/rgblight.o (__umulhisi3)
/usr/lib/gcc/avr/7.3.0/avr5/libgcc.a(_usmulhisi3.o)
                              /usr/lib/gcc/avr/7.3.0/avr5/libgcc.a(_mulhisi3.o) (__usmulhisi3_tail)
/usr/lib/gcc/avr/7.3.0/avr5/libgcc.a(_muluhisi3.o)
                              .build/obj_redox_rev1_base_ad_rev2/quantum/rgblight/rgblight.o (__muluhisi3)
/usr/lib/gcc/avr/7.3.0/avr5/libgcc.a(_mulshisi3.o)
                              .build/obj_redox_rev1_base_ad_rev2/quantum/rgblight/rgblight.o (__mulshisi3)
/usr/lib/gcc/avr/7.3.0/avr5/libgcc.a(_prologue.o)
                              .build/obj_redox_rev1_base_ad_rev2/quantum/quantum.o (__prologue_saves__)
/usr/lib/gcc/avr/7.3.0/avr5/libgcc.a(_epilogue.o)
                              .build/obj_redox_rev1_base_ad_rev2/quantum/quantum.o (__epilogue_restores__)
/usr/lib/gcc/avr/7.3.0/avr5/libgcc.a(_ashldi3.o)
                              .build/obj_redox_rev1_base_ad_rev2/quantum/rgblight/rgblight.o (__ashldi3)
/usr/lib/gcc/avr/7.3.0/avr5/libgcc.a(_ashrdi3.o)
                              .build/obj_redox_rev1_base_ad_rev2/quantum/rgblight/rgblight.o (__lshrdi3)
/usr/lib/gcc/avr/7.3.0/../../../avr/lib/avr5/libc.a(rand.o)
                              .build/obj_redox_rev1_base_ad_rev2/quantum/rgblight/rgblight.o (rand)
/usr/lib/gcc/avr/7.3.0/../../../avr/lib/avr5/libc.a(memchr.o)
                              .build/obj_redox_rev1_base_ad_rev2/quantum/rgblight/rgblight.o (memchr)
/usr/lib/gcc/avr/7.3.0/../../../avr/lib/avr5/libc.a(memcmp.o)
                              .build/obj_redox_rev1_base_ad_rev2/quantum/action_util.o (memcmp)
/usr/lib/gcc/avr/7.3.0/../../../avr/lib/avr5/libc.a(memcpy.o)
                              .build/obj_redox_rev1_base_ad_rev2/quantum/debounce/sym_defer_g.o (memcpy)
/usr/lib/gcc/avr/7.3.0/../../../avr/lib/avr5/libatmega32u4.a(eerd_byte.o)
                              .build/obj_redox_rev1_base_ad_rev2/quantum/eeconfig.o (eeprom_read_byte)
/usr/lib/gcc/avr/7.3.0/../../../avr/lib/avr5/libatmega32u4.a(eerd_dword.o)
                              .build/obj_redox_rev1_base_ad_rev2/quantum/eeconfig.o (eeprom_read_dword)
/usr/lib/gcc/avr/7.3.0/../../../avr/lib/avr5/libatmega32u4.a(eerd_word.o)
                              .build/obj_redox_rev1_base_ad_rev2/quantum/eeconfig.o (eeprom_read_word)
/usr/lib/gcc/avr/7.3.0/../../../avr/lib/avr5/libatmega32u4.a(eeupd_block.o)
                              .build/obj_redox_rev1_base_ad_rev2/quantum/eeconfig.o (eeprom_update_block)
/usr/lib/gcc/avr/7.3.0/../../../avr/lib/avr5/libatmega32u4.a(eeupd_byte.o)
                              .build/obj_redox_rev1_base_ad_rev2/quantum/eeconfig.o (eeprom_update_byte)
/usr/lib/gcc/avr/7.3.0/../../../avr/lib/avr5/libatmega32u4.a(eeupd_dword.o)
                              .build/obj_redox_rev1_base_ad_rev2/quantum/eeconfig.o (eeprom_update_dword)
/usr/lib/gcc/avr/7.3.0/../../../avr/lib/avr5/libatmega32u4.a(eeupd_word.o)
                              .build/obj_redox_rev1_base_ad_rev2/quantum/eeconfig.o (eeprom_update_word)
[...]
Memory Configuration

Name             Origin             Length             Attributes
text             0x0000000000000000 0x0000000000008000 xr
data             0x0000000000800100 0x0000000000000a00 rw !x
eeprom           0x0000000000810000 0x0000000000000400 rw !x
fuse             0x0000000000820000 0x0000000000000003 rw !x
lock             0x0000000000830000 0x0000000000000400 rw !x
signature        0x0000000000840000 0x0000000000000400 rw !x
user_signatures  0x0000000000850000 0x0000000000000400 rw !x
*default*        0x0000000000000000 0xffffffffffffffff

Linker script and memory map

Address of section .data set to 0x800100
LOAD /usr/lib/gcc/avr/7.3.0/../../../avr/lib/avr5/crtatmega32u4.o
LOAD .build/obj_redox_rev1_base_ad_rev2/.build/obj_redox_rev1_base_ad_rev2/src/default_keyboard.o
LOAD .build/obj_redox_rev1_base_ad_rev2/quantum/keymap_introspection.o
LOAD .build/obj_redox_rev1_base_ad_rev2/quantum/quantum.o
LOAD .build/obj_redox_rev1_base_ad_rev2/quantum/bitwise.o
LOAD .build/obj_redox_rev1_base_ad_rev2/quantum/led.o
LOAD .build/obj_redox_rev1_base_ad_rev2/quantum/action.o
LOAD .build/obj_redox_rev1_base_ad_rev2/quantum/action_layer.o
LOAD .build/obj_redox_rev1_base_ad_rev2/quantum/action_tapping.o
LOAD .build/obj_redox_rev1_base_ad_rev2/quantum/action_util.o
LOAD .build/obj_redox_rev1_base_ad_rev2/quantum/eeconfig.o
LOAD .build/obj_redox_rev1_base_ad_rev2/quantum/keyboard.o
LOAD .build/obj_redox_rev1_base_ad_rev2/quantum/keymap_common.o
LOAD .build/obj_redox_rev1_base_ad_rev2/quantum/keycode_config.o
LOAD .build/obj_redox_rev1_base_ad_rev2/quantum/sync_timer.o
LOAD .build/obj_redox_rev1_base_ad_rev2/quantum/logging/debug.o
LOAD .build/obj_redox_rev1_base_ad_rev2/quantum/logging/sendchar.o
LOAD .build/obj_redox_rev1_base_ad_rev2/quantum/matrix_common.o
LOAD .build/obj_redox_rev1_base_ad_rev2/quantum/matrix.o
LOAD .build/obj_redox_rev1_base_ad_rev2/quantum/debounce/sym_defer_g.o
LOAD .build/obj_redox_rev1_base_ad_rev2/quantum/split_common/split_util.o
LOAD .build/obj_redox_rev1_base_ad_rev2/quantum/split_common/transport.o
LOAD .build/obj_redox_rev1_base_ad_rev2/quantum/split_common/transactions.o
LOAD .build/obj_redox_rev1_base_ad_rev2/quantum/main.o
LOAD .build/obj_redox_rev1_base_ad_rev2/platforms/avr/xprintf.o
LOAD .build/obj_redox_rev1_base_ad_rev2/platforms/avr/printf.o
LOAD .build/obj_redox_rev1_base_ad_rev2/quantum/color.o
LOAD .build/obj_redox_rev1_base_ad_rev2/quantum/rgblight/rgblight.o
LOAD .build/obj_redox_rev1_base_ad_rev2/quantum/rgblight/rgblight_drivers.o
LOAD .build/obj_redox_rev1_base_ad_rev2/quantum/process_keycode/process_rgb.o
LOAD .build/obj_redox_rev1_base_ad_rev2/quantum/led_tables.o
LOAD .build/obj_redox_rev1_base_ad_rev2/quantum/process_keycode/process_unicode.o
LOAD .build/obj_redox_rev1_base_ad_rev2/quantum/process_keycode/process_unicode_common.o
LOAD .build/obj_redox_rev1_base_ad_rev2/quantum/unicode/unicode.o
LOAD .build/obj_redox_rev1_base_ad_rev2/quantum/unicode/utf8.o
LOAD .build/obj_redox_rev1_base_ad_rev2/ws2812_bitbang.o
LOAD .build/obj_redox_rev1_base_ad_rev2/quantum/bootmagic/bootmagic.o
LOAD .build/obj_redox_rev1_base_ad_rev2/quantum/command.o
LOAD .build/obj_redox_rev1_base_ad_rev2/quantum/crc.o
LOAD .build/obj_redox_rev1_base_ad_rev2/quantum/process_keycode/process_grave_esc.o
LOAD .build/obj_redox_rev1_base_ad_rev2/quantum/process_keycode/process_magic.o
LOAD .build/obj_redox_rev1_base_ad_rev2/quantum/mousekey.o
LOAD .build/obj_redox_rev1_base_ad_rev2/quantum/send_string/send_string.o
LOAD .build/obj_redox_rev1_base_ad_rev2/quantum/process_keycode/process_space_cadet.o
LOAD .build/obj_redox_rev1_base_ad_rev2/quantum/process_keycode/process_tap_dance.o
LOAD .build/obj_redox_rev1_base_ad_rev2/protocol/host.o
LOAD .build/obj_redox_rev1_base_ad_rev2/protocol/report.o
LOAD .build/obj_redox_rev1_base_ad_rev2/protocol/usb_device_state.o
LOAD .build/obj_redox_rev1_base_ad_rev2/protocol/usb_util.o
LOAD .build/obj_redox_rev1_base_ad_rev2/platforms/suspend.o
LOAD .build/obj_redox_rev1_base_ad_rev2/platforms/synchronization_util.o
LOAD .build/obj_redox_rev1_base_ad_rev2/platforms/timer.o
LOAD .build/obj_redox_rev1_base_ad_rev2/platforms/avr/hardware_id.o
LOAD .build/obj_redox_rev1_base_ad_rev2/platforms/avr/platform.o
LOAD .build/obj_redox_rev1_base_ad_rev2/platforms/avr/suspend.o
LOAD .build/obj_redox_rev1_base_ad_rev2/platforms/avr/timer.o
LOAD .build/obj_redox_rev1_base_ad_rev2/platforms/avr/bootloaders/caterina.o
LOAD .build/obj_redox_rev1_base_ad_rev2/i2c_master.a
LOAD .build/obj_redox_rev1_base_ad_rev2/i2c_slave.a
LOAD .build/obj_redox_rev1_base_ad_rev2/serial.a
LOAD .build/obj_redox_rev1_base_ad_rev2/lufa.o
LOAD .build/obj_redox_rev1_base_ad_rev2/usb_descriptor.o
LOAD .build/obj_redox_rev1_base_ad_rev2/lib/lufa/LUFA/Drivers/USB/Class/Common/HIDParser.o
LOAD .build/obj_redox_rev1_base_ad_rev2/lib/lufa/LUFA/Drivers/USB/Core/AVR8/Device_AVR8.o
LOAD .build/obj_redox_rev1_base_ad_rev2/lib/lufa/LUFA/Drivers/USB/Core/AVR8/EndpointStream_AVR8.o
LOAD .build/obj_redox_rev1_base_ad_rev2/lib/lufa/LUFA/Drivers/USB/Core/AVR8/Endpoint_AVR8.o
LOAD .build/obj_redox_rev1_base_ad_rev2/lib/lufa/LUFA/Drivers/USB/Core/AVR8/Host_AVR8.o
LOAD .build/obj_redox_rev1_base_ad_rev2/lib/lufa/LUFA/Drivers/USB/Core/AVR8/PipeStream_AVR8.o
LOAD .build/obj_redox_rev1_base_ad_rev2/lib/lufa/LUFA/Drivers/USB/Core/AVR8/Pipe_AVR8.o
LOAD .build/obj_redox_rev1_base_ad_rev2/lib/lufa/LUFA/Drivers/USB/Core/AVR8/USBController_AVR8.o
LOAD .build/obj_redox_rev1_base_ad_rev2/lib/lufa/LUFA/Drivers/USB/Core/AVR8/USBInterrupt_AVR8.o
LOAD .build/obj_redox_rev1_base_ad_rev2/lib/lufa/LUFA/Drivers/USB/Core/ConfigDescriptors.o
LOAD .build/obj_redox_rev1_base_ad_rev2/lib/lufa/LUFA/Drivers/USB/Core/DeviceStandardReq.o
LOAD .build/obj_redox_rev1_base_ad_rev2/lib/lufa/LUFA/Drivers/USB/Core/Events.o
LOAD .build/obj_redox_rev1_base_ad_rev2/lib/lufa/LUFA/Drivers/USB/Core/HostStandardReq.o
LOAD .build/obj_redox_rev1_base_ad_rev2/lib/lufa/LUFA/Drivers/USB/Core/USBTask.o
LOAD .build/obj_redox_rev1_base_ad_rev2/protocol/lufa/usb_util.o
LOAD /usr/lib/gcc/avr/7.3.0/../../../avr/lib/avr5/libm.a
START GROUP
LOAD /usr/lib/gcc/avr/7.3.0/avr5/libgcc.a
LOAD /usr/lib/gcc/avr/7.3.0/../../../avr/lib/avr5/libm.a
LOAD /usr/lib/gcc/avr/7.3.0/../../../avr/lib/avr5/libc.a
LOAD /usr/lib/gcc/avr/7.3.0/../../../avr/lib/avr5/libatmega32u4.a
END GROUP
                0x0000000000000000                __TEXT_REGION_ORIGIN__ = DEFINED (__TEXT_REGION_ORIGIN__)?__TEXT_REGION_ORIGIN__:0x0
                [0x0000000000800100]                __DATA_REGION_ORIGIN__ = DEFINED (__DATA_REGION_ORIGIN__)?__DATA_REGION_ORIGIN__:0x800060
                [0x0000000000008000]                __TEXT_REGION_LENGTH__ = DEFINED (__TEXT_REGION_LENGTH__)?__TEXT_REGION_LENGTH__:0x20000
                [0x0000000000000a00]                __DATA_REGION_LENGTH__ = DEFINED (__DATA_REGION_LENGTH__)?__DATA_REGION_LENGTH__:0xffa0
                [0x0000000000000400]                __EEPROM_REGION_LENGTH__ = DEFINED (__EEPROM_REGION_LENGTH__)?__EEPROM_REGION_LENGTH__:0x10000
                [0x0000000000000003]                __FUSE_REGION_LENGTH__ = DEFINED (__FUSE_REGION_LENGTH__)?__FUSE_REGION_LENGTH__:0x400
                0x0000000000000400                __LOCK_REGION_LENGTH__ = DEFINED (__LOCK_REGION_LENGTH__)?__LOCK_REGION_LENGTH__:0x400
                0x0000000000000400                __SIGNATURE_REGION_LENGTH__ = DEFINED (__SIGNATURE_REGION_LENGTH__)?__SIGNATURE_REGION_LENGTH__:0x400
                0x0000000000000400                __USER_SIGNATURE_REGION_LENGTH__ = DEFINED (__USER_SIGNATURE_REGION_LENGTH__)?__USER_SIGNATURE_REGION_LENGTH__:0x400

.hash
 *(.hash)

.dynsym
 *(.dynsym)

.dynstr
 *(.dynstr)

.gnu.version
 *(.gnu.version)

.gnu.version_d
 *(.gnu.version_d)

.gnu.version_r
 *(.gnu.version_r)

.rel.init
 *(.rel.init)

.rela.init
 *(.rela.init)

.rel.text
 *(.rel.text)
 *(.rel.text.*)
 *(.rel.gnu.linkonce.t*)

.rela.text
 *(.rela.text)
 *(.rela.text.*)
 *(.rela.gnu.linkonce.t*)

.rel.fini
 *(.rel.fini)

.rela.fini
 *(.rela.fini)

.rel.rodata
 *(.rel.rodata)
 *(.rel.rodata.*)
 *(.rel.gnu.linkonce.r*)

.rela.rodata
 *(.rela.rodata)
 *(.rela.rodata.*)
 *(.rela.gnu.linkonce.r*)

.rel.data
 *(.rel.data)
 *(.rel.data.*)
 *(.rel.gnu.linkonce.d*)

.rela.data
 *(.rela.data)
 *(.rela.data.*)
 *(.rela.gnu.linkonce.d*)

.rel.ctors
 *(.rel.ctors)

.rela.ctors
 *(.rela.ctors)

.rel.dtors
 *(.rel.dtors)

.rela.dtors
 *(.rela.dtors)

.rel.got
 *(.rel.got)

.rela.got
 *(.rela.got)

.rel.bss
 *(.rel.bss)

.rela.bss
 *(.rela.bss)

.rel.plt
 *(.rel.plt)

.rela.plt
 *(.rela.plt)

.text           0x0000000000000000     0x70fc
 *(.vectors)
 .vectors       0x0000000000000000       0xac /usr/lib/gcc/avr/7.3.0/../../../avr/lib/avr5/crtatmega32u4.o
                0x0000000000000000                __vectors
                0x0000000000000000                __vector_default
 *(.vectors)
 *(.progmem.gcc*)
                0x00000000000000ac                . = ALIGN (0x2)
                0x00000000000000ac                __trampolines_start = .
 *(.trampolines)
 .trampolines   0x00000000000000ac        0x0 linker stubs
 *(.trampolines*)
                0x00000000000000ac                __trampolines_end = .
 *libprintf_flt.a:*(.progmem.data)
 *libc.a:*(.progmem.data)
 *(.progmem*)
 .progmem.data.__c.5347
                0x00000000000000ac        0x7 .build/obj_redox_rev1_base_ad_rev2/quantum/keymap_introspection.o
 .progmem.data.__c.5344
                0x00000000000000b3        0xb .build/obj_redox_rev1_base_ad_rev2/quantum/keymap_introspection.o
 .progmem.data.__c.5341
                0x00000000000000be        0xe .build/obj_redox_rev1_base_ad_rev2/quantum/keymap_introspection.o
 .progmem.data.__c.5338
                0x00000000000000cc        0xe .build/obj_redox_rev1_base_ad_rev2/quantum/keymap_introspection.o
 .progmem.data.keymaps
                0x00000000000000da      0x2bc .build/obj_redox_rev1_base_ad_rev2/quantum/keymap_introspection.o
                0x00000000000000da                keymaps
 .progmem.data.RGBLED_TWINKLE_INTERVALS
                0x0000000000000396        0x3 .build/obj_redox_rev1_base_ad_rev2/quantum/rgblight/rgblight.o
                0x0000000000000396                RGBLED_TWINKLE_INTERVALS
 .progmem.data.RGBLED_RGBTEST_INTERVALS
                0x0000000000000399        0x2 .build/obj_redox_rev1_base_ad_rev2/quantum/rgblight/rgblight.o
                0x0000000000000399                RGBLED_RGBTEST_INTERVALS
 .progmem.data.RGBLED_KNIGHT_INTERVALS
                0x000000000000039b        0x3 .build/obj_redox_rev1_base_ad_rev2/quantum/rgblight/rgblight.o
                0x000000000000039b                RGBLED_KNIGHT_INTERVALS
 .progmem.data.RGBLED_SNAKE_INTERVALS
                0x000000000000039e        0x3 .build/obj_redox_rev1_base_ad_rev2/quantum/rgblight/rgblight.o
                0x000000000000039e                RGBLED_SNAKE_INTERVALS
 .progmem.data.RGBLED_RAINBOW_SWIRL_INTERVALS
                0x00000000000003a1        0x3 .build/obj_redox_rev1_base_ad_rev2/quantum/rgblight/rgblight.o
                0x00000000000003a1                RGBLED_RAINBOW_SWIRL_INTERVALS
 .progmem.data.RGBLED_RAINBOW_MOOD_INTERVALS
                0x00000000000003a4        0x3 .build/obj_redox_rev1_base_ad_rev2/quantum/rgblight/rgblight.o
                0x00000000000003a4                RGBLED_RAINBOW_MOOD_INTERVALS
 .progmem.data.RGBLED_BREATHING_INTERVALS
                0x00000000000003a7        0x4 .build/obj_redox_rev1_base_ad_rev2/quantum/rgblight/rgblight.o
                0x00000000000003a7                RGBLED_BREATHING_INTERVALS
 .progmem.data.rgblight_effect_breathe_table
                0x00000000000003ab      0x100 .build/obj_redox_rev1_base_ad_rev2/quantum/rgblight/rgblight.o
                0x00000000000003ab                rgblight_effect_breathe_table
 .progmem.data.RGBLED_GRADIENT_RANGES
                0x00000000000004ab        0x5 .build/obj_redox_rev1_base_ad_rev2/quantum/rgblight/rgblight.o
                0x00000000000004ab                RGBLED_GRADIENT_RANGES
 .progmem.data.CIE1931_CURVE
                0x00000000000004b0      0x100 .build/obj_redox_rev1_base_ad_rev2/quantum/led_tables.o
                0x00000000000004b0                CIE1931_CURVE
 .progmem.data.ascii_to_keycode_lut
                0x00000000000005b0       0x80 .build/obj_redox_rev1_base_ad_rev2/quantum/send_string/send_string.o
                0x00000000000005b0                ascii_to_keycode_lut
 .progmem.data.ascii_to_dead_lut
                0x0000000000000630       0x10 .build/obj_redox_rev1_base_ad_rev2/quantum/send_string/send_string.o
                0x0000000000000630                ascii_to_dead_lut
 .progmem.data.ascii_to_altgr_lut
                0x0000000000000640       0x10 .build/obj_redox_rev1_base_ad_rev2/quantum/send_string/send_string.o
                0x0000000000000640                ascii_to_altgr_lut
 .progmem.data.ascii_to_shift_lut
                0x0000000000000650       0x10 .build/obj_redox_rev1_base_ad_rev2/quantum/send_string/send_string.o
                0x0000000000000650                ascii_to_shift_lut
 .progmem.data.ProductString
                0x0000000000000660       0x22 .build/obj_redox_rev1_base_ad_rev2/usb_descriptor.o
                0x0000000000000660                ProductString
 .progmem.data.ManufacturerString
                0x0000000000000682       0x14 .build/obj_redox_rev1_base_ad_rev2/usb_descriptor.o
                0x0000000000000682                ManufacturerString
 .progmem.data.LanguageString
                0x0000000000000696        0x4 .build/obj_redox_rev1_base_ad_rev2/usb_descriptor.o
                0x0000000000000696                LanguageString
 .progmem.data.ConfigurationDescriptor
                0x000000000000069a       0x3b .build/obj_redox_rev1_base_ad_rev2/usb_descriptor.o
                0x000000000000069a                ConfigurationDescriptor
 .progmem.data.DeviceDescriptor
                0x00000000000006d5       0x12 .build/obj_redox_rev1_base_ad_rev2/usb_descriptor.o
                0x00000000000006d5                DeviceDescriptor
 .progmem.data.SharedReport
                0x00000000000006e7       0xb6 .build/obj_redox_rev1_base_ad_rev2/usb_descriptor.o
                0x00000000000006e7                SharedReport
 .progmem.data.KeyboardReport
                0x000000000000079d       0x44 .build/obj_redox_rev1_base_ad_rev2/usb_descriptor.o
                0x000000000000079d                KeyboardReport
                0x00000000000007e2                . = ALIGN (0x2)
 *fill*         0x00000000000007e1        0x1 
 *(.jumptables)
 *(.jumptables*)
 *(.lowtext)
 *(.lowtext*)
                0x00000000000007e2                __ctors_start = .
 *(.ctors)
                0x00000000000007e2                __ctors_end = .
                0x00000000000007e2                __dtors_start = .
 *(.dtors)
                0x00000000000007e2                __dtors_end = .
 SORT(*)(.ctors)
 SORT(*)(.dtors)
 *(.init0)
 .init0         0x00000000000007e2        0x0 /usr/lib/gcc/avr/7.3.0/../../../avr/lib/avr5/crtatmega32u4.o
                0x00000000000007e2                __init
 *(.init0)
 *(.init1)
 *(.init1)
 *(.init2)
 .init2         0x00000000000007e2        0xc /usr/lib/gcc/avr/7.3.0/../../../avr/lib/avr5/crtatmega32u4.o
 *(.init2)
 *(.init3)
 *(.init3)
 *(.init4)
 .init4         0x00000000000007ee       0x16 /usr/lib/gcc/avr/7.3.0/avr5/libgcc.a(_copy_data.o)
                0x00000000000007ee                __do_copy_data
 .init4         0x0000000000000804       0x10 /usr/lib/gcc/avr/7.3.0/avr5/libgcc.a(_clear_bss.o)
                0x0000000000000804                __do_clear_bss
 *(.init4)
 *(.init5)
 *(.init5)
 *(.init6)
 *(.init6)
 *(.init7)
 *(.init7)
 *(.init8)
 *(.init8)
 *(.init9)
 .init9         0x0000000000000814        0x8 /usr/lib/gcc/avr/7.3.0/../../../avr/lib/avr5/crtatmega32u4.o
 *(.init9)
 *(.text)
 .text          0x000000000000081c        0x4 /usr/lib/gcc/avr/7.3.0/../../../avr/lib/avr5/crtatmega32u4.o
                0x000000000000081c                __vector_38
                0x000000000000081c                __vector_22
                0x000000000000081c                __vector_28
                0x000000000000081c                __vector_32
                0x000000000000081c                __vector_34
                0x000000000000081c                __vector_24
                0x000000000000081c                __bad_interrupt
                0x000000000000081c                __vector_6
                0x000000000000081c                __vector_31
                0x000000000000081c                __vector_35
                0x000000000000081c                __vector_39
                0x000000000000081c                __vector_3
                0x000000000000081c                __vector_23
                0x000000000000081c                __vector_30
                0x000000000000081c                __vector_25
                0x000000000000081c                __vector_13
                0x000000000000081c                __vector_17
                0x000000000000081c                __vector_19
                0x000000000000081c                __vector_7
                0x000000000000081c                __vector_41
                0x000000000000081c                __vector_27
                0x000000000000081c                __vector_5
                0x000000000000081c                __vector_33
                0x000000000000081c                __vector_37
                0x000000000000081c                __vector_4
                0x000000000000081c                __vector_9
                0x000000000000081c                __vector_2
                0x000000000000081c                __vector_15
                0x000000000000081c                __vector_36
                0x000000000000081c                __vector_29
                0x000000000000081c                __vector_40
                0x000000000000081c                __vector_8
                0x000000000000081c                __vector_26
                0x000000000000081c                __vector_14
                0x000000000000081c                __vector_16
                0x000000000000081c                __vector_18
                0x000000000000081c                __vector_20
                0x000000000000081c                __vector_42
                0x0000000000000820                . = ALIGN (0x2)
 *(.text.*)
 .text.process_record_user
                0x0000000000000820      0x10e .build/obj_redox_rev1_base_ad_rev2/quantum/keymap_introspection.o
                0x0000000000000820                process_record_user
 .text.keycode_at_keymap_location_raw
                0x000000000000092e       0x38 .build/obj_redox_rev1_base_ad_rev2/quantum/keymap_introspection.o
                0x000000000000092e                keycode_at_keymap_location_raw
 .text.keycode_at_keymap_location
                0x0000000000000966        0x6 .build/obj_redox_rev1_base_ad_rev2/quantum/keymap_introspection.o
                0x0000000000000966                keycode_at_keymap_location
 .text.extract_mod_bits
                0x000000000000096c       0x62 .build/obj_redox_rev1_base_ad_rev2/quantum/quantum.o
                0x000000000000096c                extract_mod_bits
 .text.do_code16
                0x00000000000009ce       0x14 .build/obj_redox_rev1_base_ad_rev2/quantum/quantum.o
                0x00000000000009ce                do_code16
 .text.register_code16
                0x00000000000009e2       0x2c .build/obj_redox_rev1_base_ad_rev2/quantum/quantum.o
                0x00000000000009e2                register_code16
 .text.unregister_code16
                0x0000000000000a0e       0x2c .build/obj_redox_rev1_base_ad_rev2/quantum/quantum.o
                0x0000000000000a0e                unregister_code16
 .text.tap_code16_delay
                0x0000000000000a3a       0x34 .build/obj_redox_rev1_base_ad_rev2/quantum/quantum.o
                0x0000000000000a3a                tap_code16_delay
 .text.tap_code16
                0x0000000000000a6e       0x14 .build/obj_redox_rev1_base_ad_rev2/quantum/quantum.o
                0x0000000000000a6e                tap_code16
 .text.pre_process_record_user
                0x0000000000000a82        0x4 .build/obj_redox_rev1_base_ad_rev2/quantum/quantum.o
                0x0000000000000a82                pre_process_record_user
 .text.pre_process_record_kb
                0x0000000000000a86        0x6 .build/obj_redox_rev1_base_ad_rev2/quantum/quantum.o
                0x0000000000000a86                pre_process_record_kb
 .text.process_action_kb
                0x0000000000000a8c        0x4 .build/obj_redox_rev1_base_ad_rev2/quantum/quantum.o
                0x0000000000000a8c                process_action_kb
 .text.process_record_kb
                0x0000000000000a90        0x6 .build/obj_redox_rev1_base_ad_rev2/quantum/quantum.o
                0x0000000000000a90                process_record_kb
 .text.post_process_record_user
                0x0000000000000a96        0x2 .build/obj_redox_rev1_base_ad_rev2/quantum/quantum.o
                0x0000000000000a96                post_process_record_user
 .text.post_process_record_kb
                0x0000000000000a98        0x6 .build/obj_redox_rev1_base_ad_rev2/quantum/quantum.o
                0x0000000000000a98                post_process_record_kb
 .text.get_event_keycode
                0x0000000000000a9e       0x5c .build/obj_redox_rev1_base_ad_rev2/quantum/quantum.o
                0x0000000000000a9e                get_event_keycode
 .text.get_record_keycode
                0x0000000000000afa       0x16 .build/obj_redox_rev1_base_ad_rev2/quantum/quantum.o
                0x0000000000000afa                get_record_keycode
 .text.pre_process_record_quantum
                0x0000000000000b10       0x18 .build/obj_redox_rev1_base_ad_rev2/quantum/quantum.o
                0x0000000000000b10                pre_process_record_quantum
 .text.post_process_record_quantum
                0x0000000000000b28       0x18 .build/obj_redox_rev1_base_ad_rev2/quantum/quantum.o
                0x0000000000000b28                post_process_record_quantum
 .text.shutdown_user
                0x0000000000000b40        0x4 .build/obj_redox_rev1_base_ad_rev2/quantum/quantum.o
                0x0000000000000b40                shutdown_user
 .text.shutdown_kb
                0x0000000000000b44        0x6 .build/obj_redox_rev1_base_ad_rev2/quantum/quantum.o
                0x0000000000000b44                shutdown_kb
 .text.shutdown_quantum
                0x0000000000000b4a       0x24 .build/obj_redox_rev1_base_ad_rev2/quantum/quantum.o
                0x0000000000000b4a                shutdown_quantum
 .text.reset_keyboard
                0x0000000000000b6e        0xc .build/obj_redox_rev1_base_ad_rev2/quantum/quantum.o
                0x0000000000000b6e                reset_keyboard
 .text.soft_reset_keyboard
                0x0000000000000b7a        0xc .build/obj_redox_rev1_base_ad_rev2/quantum/quantum.o
                0x0000000000000b7a                soft_reset_keyboard
 .text.process_record_quantum
                0x0000000000000b86       0xf0 .build/obj_redox_rev1_base_ad_rev2/quantum/quantum.o
                0x0000000000000b86                process_record_quantum
 .text.suspend_power_down_quantum
                0x0000000000000c76        0xa .build/obj_redox_rev1_base_ad_rev2/quantum/quantum.o
                0x0000000000000c76                suspend_power_down_quantum
 .text.suspend_wakeup_init_quantum
                0x0000000000000c80        0xa .build/obj_redox_rev1_base_ad_rev2/quantum/quantum.o
                0x0000000000000c80                suspend_wakeup_init_quantum
 .text.led_set_user
                0x0000000000000c8a        0x2 .build/obj_redox_rev1_base_ad_rev2/quantum/led.o
                0x0000000000000c8a                led_set_user
 .text.led_update_user
                0x0000000000000c8c        0x4 .build/obj_redox_rev1_base_ad_rev2/quantum/led.o
                0x0000000000000c8c                led_update_user
 .text.led_update_ports
                0x0000000000000c90        0x2 .build/obj_redox_rev1_base_ad_rev2/quantum/led.o
                0x0000000000000c90                led_update_ports
 .text.led_update_kb
                0x0000000000000c92       0x1e .build/obj_redox_rev1_base_ad_rev2/quantum/led.o
                0x0000000000000c92                led_update_kb
 .text.led_init_ports
                0x0000000000000cb0        0x2 .build/obj_redox_rev1_base_ad_rev2/quantum/led.o
                0x0000000000000cb0                led_init_ports
 .text.led_set  0x0000000000000cb2       0x12 .build/obj_redox_rev1_base_ad_rev2/quantum/led.o
                0x0000000000000cb2                led_set
 .text.led_suspend
                0x0000000000000cc4        0x8 .build/obj_redox_rev1_base_ad_rev2/quantum/led.o
                0x0000000000000cc4                led_suspend
 .text.led_wakeup
                0x0000000000000ccc        0xa .build/obj_redox_rev1_base_ad_rev2/quantum/led.o
                0x0000000000000ccc                led_wakeup
 .text.led_task
                0x0000000000000cd6       0x32 .build/obj_redox_rev1_base_ad_rev2/quantum/led.o
                0x0000000000000cd6                led_task
 .text.action_exec
                0x0000000000000d08       0x60 .build/obj_redox_rev1_base_ad_rev2/quantum/action.o
                0x0000000000000d08                action_exec
 .text.process_record_tap_hint
                0x0000000000000d68       0x12 .build/obj_redox_rev1_base_ad_rev2/quantum/action.o
                0x0000000000000d68                process_record_tap_hint
 .text.register_mouse
                0x0000000000000d7a       0x14 .build/obj_redox_rev1_base_ad_rev2/quantum/action.o
                0x0000000000000d7a                register_mouse
 .text.register_code
                0x0000000000000d8e      0x126 .build/obj_redox_rev1_base_ad_rev2/quantum/action.o
                0x0000000000000d8e                register_code
 .text.unregister_code
                0x0000000000000eb4       0xb4 .build/obj_redox_rev1_base_ad_rev2/quantum/action.o
                0x0000000000000eb4                unregister_code
 .text.tap_code_delay
                0x0000000000000f68       0x30 .build/obj_redox_rev1_base_ad_rev2/quantum/action.o
                0x0000000000000f68                tap_code_delay
 .text.tap_code
                0x0000000000000f98       0x12 .build/obj_redox_rev1_base_ad_rev2/quantum/action.o
                0x0000000000000f98                tap_code
 .text.register_mods
                0x0000000000000faa        0xe .build/obj_redox_rev1_base_ad_rev2/quantum/action.o
                0x0000000000000faa                register_mods
 .text.unregister_mods
                0x0000000000000fb8        0xe .build/obj_redox_rev1_base_ad_rev2/quantum/action.o
                0x0000000000000fb8                unregister_mods
 .text.process_action
                0x0000000000000fc6      0x41a .build/obj_redox_rev1_base_ad_rev2/quantum/action.o
                0x0000000000000fc6                process_action
 .text.process_record_handler
                0x00000000000013e0       0x30 .build/obj_redox_rev1_base_ad_rev2/quantum/action.o
                0x00000000000013e0                process_record_handler
 .text.process_record
                0x0000000000001410       0x46 .build/obj_redox_rev1_base_ad_rev2/quantum/action.o
                0x0000000000001410                process_record
 .text.register_weak_mods
                0x0000000000001456        0xe .build/obj_redox_rev1_base_ad_rev2/quantum/action.o
                0x0000000000001456                register_weak_mods
 .text.unregister_weak_mods
                0x0000000000001464        0xe .build/obj_redox_rev1_base_ad_rev2/quantum/action.o
                0x0000000000001464                unregister_weak_mods
 .text.clear_keyboard_but_mods_and_keys
                0x0000000000001472       0x22 .build/obj_redox_rev1_base_ad_rev2/quantum/action.o
                0x0000000000001472                clear_keyboard_but_mods_and_keys
 .text.clear_keyboard_but_mods
                0x0000000000001494        0xa .build/obj_redox_rev1_base_ad_rev2/quantum/action.o
                0x0000000000001494                clear_keyboard_but_mods
 .text.clear_keyboard
                0x000000000000149e        0xa .build/obj_redox_rev1_base_ad_rev2/quantum/action.o
                0x000000000000149e                clear_keyboard
 .text.is_tap_action
                0x00000000000014a8       0x34 .build/obj_redox_rev1_base_ad_rev2/quantum/action.o
                0x00000000000014a8                is_tap_action
 .text.is_tap_record
                0x00000000000014dc       0x1a .build/obj_redox_rev1_base_ad_rev2/quantum/action.o
                0x00000000000014dc                is_tap_record
 .text.debug_event
                0x00000000000014f6       0x14 .build/obj_redox_rev1_base_ad_rev2/quantum/action.o
                0x00000000000014f6                debug_event
 .text.debug_record
                0x000000000000150a       0x14 .build/obj_redox_rev1_base_ad_rev2/quantum/action.o
                0x000000000000150a                debug_record
 .text.default_layer_state_set_user
                0x000000000000151e        0x2 .build/obj_redox_rev1_base_ad_rev2/quantum/action_layer.o
                0x000000000000151e                default_layer_state_set_user
 .text.default_layer_state_set_kb
                0x0000000000001520        0x6 .build/obj_redox_rev1_base_ad_rev2/quantum/action_layer.o
                0x0000000000001520                default_layer_state_set_kb
 .text.default_layer_state_set
                0x0000000000001526        0xe .build/obj_redox_rev1_base_ad_rev2/quantum/action_layer.o
 .text.default_layer_debug
                0x0000000000001534        0x2 .build/obj_redox_rev1_base_ad_rev2/quantum/action_layer.o
                0x0000000000001534                default_layer_debug
 .text.default_layer_set
                0x0000000000001536        0x6 .build/obj_redox_rev1_base_ad_rev2/quantum/action_layer.o
                0x0000000000001536                default_layer_set
 .text.default_layer_or
                0x000000000000153c       0x12 .build/obj_redox_rev1_base_ad_rev2/quantum/action_layer.o
                0x000000000000153c                default_layer_or
 .text.default_layer_and
                0x000000000000154e       0x12 .build/obj_redox_rev1_base_ad_rev2/quantum/action_layer.o
                0x000000000000154e                default_layer_and
 .text.default_layer_xor
                0x0000000000001560       0x12 .build/obj_redox_rev1_base_ad_rev2/quantum/action_layer.o
                0x0000000000001560                default_layer_xor
 .text.layer_state_set_user
                0x0000000000001572        0x6 .build/obj_redox_rev1_base_ad_rev2/quantum/action_layer.o
                0x0000000000001572                layer_state_set_user
 .text.layer_state_set_kb
                0x0000000000001578        0x6 .build/obj_redox_rev1_base_ad_rev2/quantum/action_layer.o
                0x0000000000001578                layer_state_set_kb
 .text.layer_state_set
                0x000000000000157e        0xe .build/obj_redox_rev1_base_ad_rev2/quantum/action_layer.o
                0x000000000000157e                layer_state_set
 .text.layer_clear
                0x000000000000158c        0xa .build/obj_redox_rev1_base_ad_rev2/quantum/action_layer.o
                0x000000000000158c                layer_clear
 .text.layer_move
                0x0000000000001596       0x18 .build/obj_redox_rev1_base_ad_rev2/quantum/action_layer.o
                0x0000000000001596                layer_move
 .text.layer_on
                0x00000000000015ae       0x20 .build/obj_redox_rev1_base_ad_rev2/quantum/action_layer.o
                0x00000000000015ae                layer_on
 .text.layer_off
                0x00000000000015ce       0x24 .build/obj_redox_rev1_base_ad_rev2/quantum/action_layer.o
                0x00000000000015ce                layer_off
 .text.layer_invert
                0x00000000000015f2       0x20 .build/obj_redox_rev1_base_ad_rev2/quantum/action_layer.o
                0x00000000000015f2                layer_invert
 .text.layer_or
                0x0000000000001612       0x12 .build/obj_redox_rev1_base_ad_rev2/quantum/action_layer.o
                0x0000000000001612                layer_or
 .text.layer_and
                0x0000000000001624       0x12 .build/obj_redox_rev1_base_ad_rev2/quantum/action_layer.o
                0x0000000000001624                layer_and
 .text.layer_xor
                0x0000000000001636       0x12 .build/obj_redox_rev1_base_ad_rev2/quantum/action_layer.o
                0x0000000000001636                layer_xor
 .text.layer_debug
                0x0000000000001648        0x2 .build/obj_redox_rev1_base_ad_rev2/quantum/action_layer.o
                0x0000000000001648                layer_debug
 .text.update_source_layers_cache_impl
                0x000000000000164a       0x5a .build/obj_redox_rev1_base_ad_rev2/quantum/action_layer.o
                0x000000000000164a                update_source_layers_cache_impl
 .text.read_source_layers_cache_impl
                0x00000000000016a4       0x4e .build/obj_redox_rev1_base_ad_rev2/quantum/action_layer.o
                0x00000000000016a4                read_source_layers_cache_impl
 .text.update_source_layers_cache
                0x00000000000016f2       0x24 .build/obj_redox_rev1_base_ad_rev2/quantum/action_layer.o
                0x00000000000016f2                update_source_layers_cache
 .text.read_source_layers_cache
                0x0000000000001716       0x24 .build/obj_redox_rev1_base_ad_rev2/quantum/action_layer.o
                0x0000000000001716                read_source_layers_cache
 .text.layer_switch_get_layer
                0x000000000000173a       0x64 .build/obj_redox_rev1_base_ad_rev2/quantum/action_layer.o
                0x000000000000173a                layer_switch_get_layer
 .text.layer_switch_get_action
                0x000000000000179e       0x16 .build/obj_redox_rev1_base_ad_rev2/quantum/action_layer.o
                0x000000000000179e                layer_switch_get_action
 .text.store_or_get_action
                0x00000000000017b4       0x46 .build/obj_redox_rev1_base_ad_rev2/quantum/action_layer.o
                0x00000000000017b4                store_or_get_action
 .text.debug_waiting_buffer
                0x00000000000017fa       0x44 .build/obj_redox_rev1_base_ad_rev2/quantum/action_tapping.o
 .text.debug_tapping_key
                0x000000000000183e       0x22 .build/obj_redox_rev1_base_ad_rev2/quantum/action_tapping.o
 .text.waiting_buffer_scan_tap
                0x0000000000001860       0xb6 .build/obj_redox_rev1_base_ad_rev2/quantum/action_tapping.o
 .text.waiting_buffer_typed.isra.2.constprop.3
                0x0000000000001916       0x3e .build/obj_redox_rev1_base_ad_rev2/quantum/action_tapping.o
 .text.process_tapping
                0x0000000000001954      0x312 .build/obj_redox_rev1_base_ad_rev2/quantum/action_tapping.o
 .text.action_tapping_process
                0x0000000000001c66      0x10a .build/obj_redox_rev1_base_ad_rev2/quantum/action_tapping.o
                0x0000000000001c66                action_tapping_process
 .text.get_oneshot_layer
                0x0000000000001d70        0xc .build/obj_redox_rev1_base_ad_rev2/quantum/action_util.o
                0x0000000000001d70                get_oneshot_layer
 .text.get_oneshot_layer_state
                0x0000000000001d7c        0x8 .build/obj_redox_rev1_base_ad_rev2/quantum/action_util.o
                0x0000000000001d7c                get_oneshot_layer_state
 .text.is_oneshot_layer_active
                0x0000000000001d84        0xe .build/obj_redox_rev1_base_ad_rev2/quantum/action_util.o
                0x0000000000001d84                is_oneshot_layer_active
 .text.get_mods
                0x0000000000001d92        0x6 .build/obj_redox_rev1_base_ad_rev2/quantum/action_util.o
                0x0000000000001d92                get_mods
 .text.add_mods
                0x0000000000001d98        0xc .build/obj_redox_rev1_base_ad_rev2/quantum/action_util.o
                0x0000000000001d98                add_mods
 .text.del_mods
                0x0000000000001da4       0x10 .build/obj_redox_rev1_base_ad_rev2/quantum/action_util.o
                0x0000000000001da4                del_mods
 .text.set_mods
                0x0000000000001db4        0x6 .build/obj_redox_rev1_base_ad_rev2/quantum/action_util.o
                0x0000000000001db4                set_mods
 .text.clear_mods
                0x0000000000001dba        0x6 .build/obj_redox_rev1_base_ad_rev2/quantum/action_util.o
                0x0000000000001dba                clear_mods
 .text.get_weak_mods
                0x0000000000001dc0        0x6 .build/obj_redox_rev1_base_ad_rev2/quantum/action_util.o
                0x0000000000001dc0                get_weak_mods
 .text.add_weak_mods
                0x0000000000001dc6        0xc .build/obj_redox_rev1_base_ad_rev2/quantum/action_util.o
                0x0000000000001dc6                add_weak_mods
 .text.del_weak_mods
                0x0000000000001dd2       0x10 .build/obj_redox_rev1_base_ad_rev2/quantum/action_util.o
                0x0000000000001dd2                del_weak_mods
 .text.clear_weak_mods
                0x0000000000001de2        0x6 .build/obj_redox_rev1_base_ad_rev2/quantum/action_util.o
                0x0000000000001de2                clear_weak_mods
 .text.get_oneshot_mods
                0x0000000000001de8        0x6 .build/obj_redox_rev1_base_ad_rev2/quantum/action_util.o
                0x0000000000001de8                get_oneshot_mods
 .text.oneshot_locked_mods_changed_user
                0x0000000000001dee        0x2 .build/obj_redox_rev1_base_ad_rev2/quantum/action_util.o
                0x0000000000001dee                oneshot_locked_mods_changed_user
 .text.oneshot_locked_mods_changed_kb
                0x0000000000001df0        0x6 .build/obj_redox_rev1_base_ad_rev2/quantum/action_util.o
                0x0000000000001df0                oneshot_locked_mods_changed_kb
 .text.del_oneshot_locked_mods
                0x0000000000001df6       0x18 .build/obj_redox_rev1_base_ad_rev2/quantum/action_util.o
                0x0000000000001df6                del_oneshot_locked_mods
 .text.oneshot_mods_changed_user
                0x0000000000001e0e        0x2 .build/obj_redox_rev1_base_ad_rev2/quantum/action_util.o
                0x0000000000001e0e                oneshot_mods_changed_user
 .text.oneshot_mods_changed_kb
                0x0000000000001e10        0x6 .build/obj_redox_rev1_base_ad_rev2/quantum/action_util.o
                0x0000000000001e10                oneshot_mods_changed_kb
 .text.add_oneshot_mods
                0x0000000000001e16       0x18 .build/obj_redox_rev1_base_ad_rev2/quantum/action_util.o
                0x0000000000001e16                add_oneshot_mods
 .text.del_oneshot_mods
                0x0000000000001e2e       0x18 .build/obj_redox_rev1_base_ad_rev2/quantum/action_util.o
                0x0000000000001e2e                del_oneshot_mods
 .text.clear_oneshot_mods
                0x0000000000001e46       0x14 .build/obj_redox_rev1_base_ad_rev2/quantum/action_util.o
                0x0000000000001e46                clear_oneshot_mods
 .text.get_mods_for_report
                0x0000000000001e5a       0x26 .build/obj_redox_rev1_base_ad_rev2/quantum/action_util.o
 .text.send_6kro_report
                0x0000000000001e80       0x48 .build/obj_redox_rev1_base_ad_rev2/quantum/action_util.o
                0x0000000000001e80                send_6kro_report
 .text.send_nkro_report
                0x0000000000001ec8       0x48 .build/obj_redox_rev1_base_ad_rev2/quantum/action_util.o
                0x0000000000001ec8                send_nkro_report
 .text.send_keyboard_report
                0x0000000000001f10       0x1c .build/obj_redox_rev1_base_ad_rev2/quantum/action_util.o
                0x0000000000001f10                send_keyboard_report
 .text.oneshot_layer_changed_user
                0x0000000000001f2c        0x2 .build/obj_redox_rev1_base_ad_rev2/quantum/action_util.o
                0x0000000000001f2c                oneshot_layer_changed_user
 .text.oneshot_layer_changed_kb
                0x0000000000001f2e        0x6 .build/obj_redox_rev1_base_ad_rev2/quantum/action_util.o
                0x0000000000001f2e                oneshot_layer_changed_kb
 .text.set_oneshot_layer
                0x0000000000001f34       0x30 .build/obj_redox_rev1_base_ad_rev2/quantum/action_util.o
                0x0000000000001f34                set_oneshot_layer
 .text.reset_oneshot_layer
                0x0000000000001f64        0xc .build/obj_redox_rev1_base_ad_rev2/quantum/action_util.o
                0x0000000000001f64                reset_oneshot_layer
 .text.clear_oneshot_layer_state
                0x0000000000001f70       0x2e .build/obj_redox_rev1_base_ad_rev2/quantum/action_util.o
                0x0000000000001f70                clear_oneshot_layer_state
 .text.oneshot_set
                0x0000000000001f9e       0x2a .build/obj_redox_rev1_base_ad_rev2/quantum/action_util.o
                0x0000000000001f9e                oneshot_set
 .text.oneshot_toggle
                0x0000000000001fc8       0x14 .build/obj_redox_rev1_base_ad_rev2/quantum/action_util.o
                0x0000000000001fc8                oneshot_toggle
 .text.oneshot_enable
                0x0000000000001fdc        0x8 .build/obj_redox_rev1_base_ad_rev2/quantum/action_util.o
                0x0000000000001fdc                oneshot_enable
 .text.oneshot_disable
                0x0000000000001fe4        0x8 .build/obj_redox_rev1_base_ad_rev2/quantum/action_util.o
                0x0000000000001fe4                oneshot_disable
 .text.eeconfig_disable
                0x0000000000001fec        0xe .build/obj_redox_rev1_base_ad_rev2/quantum/eeconfig.o
                0x0000000000001fec                eeconfig_disable
 .text.eeconfig_is_enabled
                0x0000000000001ffa       0x16 .build/obj_redox_rev1_base_ad_rev2/quantum/eeconfig.o
                0x0000000000001ffa                eeconfig_is_enabled
 .text.eeconfig_read_debug
                0x0000000000002010        0xa .build/obj_redox_rev1_base_ad_rev2/quantum/eeconfig.o
                0x0000000000002010                eeconfig_read_debug
 .text.eeconfig_read_default_layer
                0x000000000000201a        0xa .build/obj_redox_rev1_base_ad_rev2/quantum/eeconfig.o
                0x000000000000201a                eeconfig_read_default_layer
 .text.eeconfig_read_keymap
                0x0000000000002024        0xa .build/obj_redox_rev1_base_ad_rev2/quantum/eeconfig.o
                0x0000000000002024                eeconfig_read_keymap
 .text.eeconfig_update_keymap
                0x000000000000202e        0xc .build/obj_redox_rev1_base_ad_rev2/quantum/eeconfig.o
                0x000000000000202e                eeconfig_update_keymap
 .text.eeconfig_update_kb
                0x000000000000203a        0xe .build/obj_redox_rev1_base_ad_rev2/quantum/eeconfig.o
                0x000000000000203a                eeconfig_update_kb
 .text.eeconfig_update_user
                0x0000000000002048        0xe .build/obj_redox_rev1_base_ad_rev2/quantum/eeconfig.o
                0x0000000000002048                eeconfig_update_user
 .text.eeconfig_init_user
                0x0000000000002056        0xc .build/obj_redox_rev1_base_ad_rev2/quantum/eeconfig.o
                0x0000000000002056                eeconfig_init_user
 .text.eeconfig_init_kb
                0x0000000000002062       0x10 .build/obj_redox_rev1_base_ad_rev2/quantum/eeconfig.o
                0x0000000000002062                eeconfig_init_kb
 .text.eeconfig_init_quantum
                0x0000000000002072       0xbe .build/obj_redox_rev1_base_ad_rev2/quantum/eeconfig.o
                0x0000000000002072                eeconfig_init_quantum
 .text.eeconfig_init
                0x0000000000002130        0x6 .build/obj_redox_rev1_base_ad_rev2/quantum/eeconfig.o
                0x0000000000002130                eeconfig_init
 .text.eeconfig_update_handedness
                0x0000000000002136        0xc .build/obj_redox_rev1_base_ad_rev2/quantum/eeconfig.o
                0x0000000000002136                eeconfig_update_handedness
 .text.generate_tick_event
                0x0000000000002142       0x48 .build/obj_redox_rev1_base_ad_rev2/quantum/keyboard.o
 .text.last_matrix_activity_trigger
                0x000000000000218a       0x26 .build/obj_redox_rev1_base_ad_rev2/quantum/keyboard.o
                0x000000000000218a                last_matrix_activity_trigger
 .text.keyboard_pre_init_user
                0x00000000000021b0        0x2 .build/obj_redox_rev1_base_ad_rev2/quantum/keyboard.o
                0x00000000000021b0                keyboard_pre_init_user
 .text.matrix_setup
                0x00000000000021b2        0x2 .build/obj_redox_rev1_base_ad_rev2/quantum/keyboard.o
                0x00000000000021b2                matrix_setup
 .text.keyboard_pre_init_kb
                0x00000000000021b4        0x6 .build/obj_redox_rev1_base_ad_rev2/quantum/keyboard.o
                0x00000000000021b4                keyboard_pre_init_kb
 .text.keyboard_post_init_user
                0x00000000000021ba        0x2 .build/obj_redox_rev1_base_ad_rev2/quantum/keyboard.o
                0x00000000000021ba                keyboard_post_init_user
 .text.keyboard_post_init_kb
                0x00000000000021bc        0x6 .build/obj_redox_rev1_base_ad_rev2/quantum/keyboard.o
                0x00000000000021bc                keyboard_post_init_kb
 .text.matrix_can_read
                0x00000000000021c2        0x4 .build/obj_redox_rev1_base_ad_rev2/quantum/keyboard.o
                0x00000000000021c2                matrix_can_read
 .text.keyboard_setup
                0x00000000000021c6       0x12 .build/obj_redox_rev1_base_ad_rev2/quantum/keyboard.o
                0x00000000000021c6                keyboard_setup
 .text.should_process_keypress
                0x00000000000021d8        0x6 .build/obj_redox_rev1_base_ad_rev2/quantum/keyboard.o
                0x00000000000021d8                should_process_keypress
 .text.housekeeping_task_kb
                0x00000000000021de        0x2 .build/obj_redox_rev1_base_ad_rev2/quantum/keyboard.o
                0x00000000000021de                housekeeping_task_kb
 .text.housekeeping_task_user
                0x00000000000021e0        0x2 .build/obj_redox_rev1_base_ad_rev2/quantum/keyboard.o
                0x00000000000021e0                housekeeping_task_user
 .text.housekeeping_task
                0x00000000000021e2        0xa .build/obj_redox_rev1_base_ad_rev2/quantum/keyboard.o
                0x00000000000021e2                housekeeping_task
 .text.quantum_init
                0x00000000000021ec       0x3c .build/obj_redox_rev1_base_ad_rev2/quantum/keyboard.o
                0x00000000000021ec                quantum_init
 .text.keyboard_init
                0x0000000000002228       0x2e .build/obj_redox_rev1_base_ad_rev2/quantum/keyboard.o
                0x0000000000002228                keyboard_init
 .text.quantum_task
                0x0000000000002256        0xc .build/obj_redox_rev1_base_ad_rev2/quantum/keyboard.o
                0x0000000000002256                quantum_task
 .text.keyboard_task
                0x0000000000002262       0xde .build/obj_redox_rev1_base_ad_rev2/quantum/keyboard.o
                0x0000000000002262                keyboard_task
 .text.action_for_keycode
                0x0000000000002340      0x22c .build/obj_redox_rev1_base_ad_rev2/quantum/keymap_common.o
                0x0000000000002340                action_for_keycode
 .text.keymap_key_to_keycode
                0x000000000000256c       0x18 .build/obj_redox_rev1_base_ad_rev2/quantum/keymap_common.o
                0x000000000000256c                keymap_key_to_keycode
 .text.action_for_key
                0x0000000000002584        0xa .build/obj_redox_rev1_base_ad_rev2/quantum/keymap_common.o
                0x0000000000002584                action_for_key
 .text.keycode_config
                0x000000000000258e      0x148 .build/obj_redox_rev1_base_ad_rev2/quantum/keycode_config.o
                0x000000000000258e                keycode_config
 .text.mod_config
                0x00000000000026d6       0x9e .build/obj_redox_rev1_base_ad_rev2/quantum/keycode_config.o
                0x00000000000026d6                mod_config
 .text.sync_timer_init
                0x0000000000002774       0x12 .build/obj_redox_rev1_base_ad_rev2/quantum/sync_timer.o
                0x0000000000002774                sync_timer_init
 .text.sync_timer_update
                0x0000000000002786       0x3a .build/obj_redox_rev1_base_ad_rev2/quantum/sync_timer.o
                0x0000000000002786                sync_timer_update
 .text.sync_timer_read32
                0x00000000000027c0       0x34 .build/obj_redox_rev1_base_ad_rev2/quantum/sync_timer.o
                0x00000000000027c0                sync_timer_read32
 .text.sync_timer_read
                0x00000000000027f4       0x16 .build/obj_redox_rev1_base_ad_rev2/quantum/sync_timer.o
                0x00000000000027f4                sync_timer_read
 .text.sendchar
                0x000000000000280a        0x4 .build/obj_redox_rev1_base_ad_rev2/quantum/logging/sendchar.o
                0x000000000000280a                sendchar
 .text.matrix_init_user
                0x000000000000280e        0x2 .build/obj_redox_rev1_base_ad_rev2/quantum/matrix_common.o
                0x000000000000280e                matrix_init_user
 .text.matrix_init_kb
                0x0000000000002810        0x6 .build/obj_redox_rev1_base_ad_rev2/quantum/matrix_common.o
                0x0000000000002810                matrix_init_kb
 .text.matrix_scan_user
                0x0000000000002816        0x2 .build/obj_redox_rev1_base_ad_rev2/quantum/matrix_common.o
                0x0000000000002816                matrix_scan_user
 .text.matrix_scan_kb
                0x0000000000002818        0x6 .build/obj_redox_rev1_base_ad_rev2/quantum/matrix_common.o
                0x0000000000002818                matrix_scan_kb
 .text.matrix_get_row
                0x000000000000281e        0xc .build/obj_redox_rev1_base_ad_rev2/quantum/matrix_common.o
                0x000000000000281e                matrix_get_row
 .text.matrix_print
                0x000000000000282a        0x2 .build/obj_redox_rev1_base_ad_rev2/quantum/matrix_common.o
                0x000000000000282a                matrix_print
 .text.matrix_io_delay
                0x000000000000282c        0x8 .build/obj_redox_rev1_base_ad_rev2/quantum/matrix_common.o
                0x000000000000282c                matrix_io_delay
 .text.matrix_output_select_delay
                0x0000000000002834        0x4 .build/obj_redox_rev1_base_ad_rev2/quantum/matrix_common.o
                0x0000000000002834                matrix_output_select_delay
 .text.matrix_output_unselect_delay
                0x0000000000002838        0x6 .build/obj_redox_rev1_base_ad_rev2/quantum/matrix_common.o
                0x0000000000002838                matrix_output_unselect_delay
 .text.matrix_slave_scan_user
                0x000000000000283e        0x2 .build/obj_redox_rev1_base_ad_rev2/quantum/matrix_common.o
                0x000000000000283e                matrix_slave_scan_user
 .text.matrix_slave_scan_kb
                0x0000000000002840        0x6 .build/obj_redox_rev1_base_ad_rev2/quantum/matrix_common.o
                0x0000000000002840                matrix_slave_scan_kb
 .text.matrix_post_scan
                0x0000000000002846       0xb6 .build/obj_redox_rev1_base_ad_rev2/quantum/matrix_common.o
                0x0000000000002846                matrix_post_scan
 .text.setPinInputHigh_atomic
                0x00000000000028fc       0x2e .build/obj_redox_rev1_base_ad_rev2/quantum/matrix.o
 .text.matrix_init_pins
                0x000000000000292a       0x40 .build/obj_redox_rev1_base_ad_rev2/quantum/matrix.o
                0x000000000000292a                matrix_init_pins
 .text.matrix_read_cols_on_row
                0x000000000000296a       0xba .build/obj_redox_rev1_base_ad_rev2/quantum/matrix.o
                0x000000000000296a                matrix_read_cols_on_row
 .text.matrix_init
                0x0000000000002a24       0x46 .build/obj_redox_rev1_base_ad_rev2/quantum/matrix.o
                0x0000000000002a24                matrix_init
 .text.matrix_scan
                0x0000000000002a6a       0x7c .build/obj_redox_rev1_base_ad_rev2/quantum/matrix.o
                0x0000000000002a6a                matrix_scan
 .text.debounce_init
                0x0000000000002ae6        0x2 .build/obj_redox_rev1_base_ad_rev2/quantum/debounce/sym_defer_g.o
                0x0000000000002ae6                debounce_init
 .text.debounce
                0x0000000000002ae8       0x72 .build/obj_redox_rev1_base_ad_rev2/quantum/debounce/sym_defer_g.o
                0x0000000000002ae8                debounce
 .text.is_keyboard_master_impl
                0x0000000000002b5a       0x16 .build/obj_redox_rev1_base_ad_rev2/quantum/split_common/split_util.o
                0x0000000000002b5a                is_keyboard_master_impl
 .text.is_keyboard_left
                0x0000000000002b70        0x6 .build/obj_redox_rev1_base_ad_rev2/quantum/split_common/split_util.o
                0x0000000000002b70                is_keyboard_left
 .text.is_keyboard_master
                0x0000000000002b76        0x6 .build/obj_redox_rev1_base_ad_rev2/quantum/split_common/split_util.o
                0x0000000000002b76                is_keyboard_master
 .text.is_keyboard_left_impl
                0x0000000000002b7c        0x6 .build/obj_redox_rev1_base_ad_rev2/quantum/split_common/split_util.o
                0x0000000000002b7c                is_keyboard_left_impl
 .text.split_pre_init
                0x0000000000002b82       0x24 .build/obj_redox_rev1_base_ad_rev2/quantum/split_common/split_util.o
                0x0000000000002b82                split_pre_init
 .text.split_post_init
                0x0000000000002ba6        0xe .build/obj_redox_rev1_base_ad_rev2/quantum/split_common/split_util.o
                0x0000000000002ba6                split_post_init
 .text.is_transport_connected
                0x0000000000002bb4        0xe .build/obj_redox_rev1_base_ad_rev2/quantum/split_common/split_util.o
                0x0000000000002bb4                is_transport_connected
 .text.transport_master_if_connected
                0x0000000000002bc2       0x70 .build/obj_redox_rev1_base_ad_rev2/quantum/split_common/split_util.o
                0x0000000000002bc2                transport_master_if_connected
 .text.transport_master_init
                0x0000000000002c32        0x6 .build/obj_redox_rev1_base_ad_rev2/quantum/split_common/transport.o
                0x0000000000002c32                transport_master_init
 .text.transport_slave_init
                0x0000000000002c38        0x6 .build/obj_redox_rev1_base_ad_rev2/quantum/split_common/transport.o
                0x0000000000002c38                transport_slave_init
 .text.transport_execute_transaction
                0x0000000000002c3e       0x90 .build/obj_redox_rev1_base_ad_rev2/quantum/split_common/transport.o
                0x0000000000002c3e                transport_execute_transaction
 .text.transport_master
                0x0000000000002cce        0x6 .build/obj_redox_rev1_base_ad_rev2/quantum/split_common/transport.o
                0x0000000000002cce                transport_master
 .text.transport_slave
                0x0000000000002cd4        0x6 .build/obj_redox_rev1_base_ad_rev2/quantum/split_common/transport.o
                0x0000000000002cd4                transport_slave
 .text.sync_timer_handlers_master
                0x0000000000002cda       0x7c .build/obj_redox_rev1_base_ad_rev2/quantum/split_common/transactions.o
 .text.transaction_handler_master.isra.1
                0x0000000000002d56       0x66 .build/obj_redox_rev1_base_ad_rev2/quantum/split_common/transactions.o
 .text.rgblight_handlers_master
                0x0000000000002dbc       0x76 .build/obj_redox_rev1_base_ad_rev2/quantum/split_common/transactions.o
 .text.slave_matrix_handlers_master
                0x0000000000002e32       0xf6 .build/obj_redox_rev1_base_ad_rev2/quantum/split_common/transactions.o
 .text.transactions_master
                0x0000000000002f28       0x42 .build/obj_redox_rev1_base_ad_rev2/quantum/split_common/transactions.o
                0x0000000000002f28                transactions_master
 .text.transactions_slave
                0x0000000000002f6a       0x96 .build/obj_redox_rev1_base_ad_rev2/quantum/split_common/transactions.o
                0x0000000000002f6a                transactions_slave
 .text.protocol_keyboard_task
                0x0000000000003000        0x6 .build/obj_redox_rev1_base_ad_rev2/quantum/main.o
                0x0000000000003000                protocol_keyboard_task
 .text.startup.main
                0x0000000000003006       0x2a .build/obj_redox_rev1_base_ad_rev2/quantum/main.o
                0x0000000000003006                main
 .text.print_set_sendchar
                0x0000000000003030        0xa .build/obj_redox_rev1_base_ad_rev2/platforms/avr/printf.o
                0x0000000000003030                print_set_sendchar
 .text.hsv_to_rgb_impl
                0x000000000000303a      0x126 .build/obj_redox_rev1_base_ad_rev2/quantum/color.o
                0x000000000000303a                hsv_to_rgb_impl
 .text.hsv_to_rgb
                0x0000000000003160        0x8 .build/obj_redox_rev1_base_ad_rev2/quantum/color.o
                0x0000000000003160                hsv_to_rgb
 .text.rgblight_effect_dummy
                0x0000000000003168        0x2 .build/obj_redox_rev1_base_ad_rev2/quantum/rgblight/rgblight.o
 .text.rgblight_hsv_to_rgb
                0x000000000000316a        0x6 .build/obj_redox_rev1_base_ad_rev2/quantum/rgblight/rgblight.o
                0x000000000000316a                rgblight_hsv_to_rgb
 .text.sethsv_raw
                0x0000000000003170       0x1c .build/obj_redox_rev1_base_ad_rev2/quantum/rgblight/rgblight.o
                0x0000000000003170                sethsv_raw
 .text.rgblight_check_config
                0x000000000000318c       0x1e .build/obj_redox_rev1_base_ad_rev2/quantum/rgblight/rgblight.o
                0x000000000000318c                rgblight_check_config
 .text.eeconfig_read_rgblight
                0x00000000000031aa       0x64 .build/obj_redox_rev1_base_ad_rev2/quantum/rgblight/rgblight.o
                0x00000000000031aa                eeconfig_read_rgblight
 .text.eeconfig_update_rgblight
                0x000000000000320e       0x4c .build/obj_redox_rev1_base_ad_rev2/quantum/rgblight/rgblight.o
                0x000000000000320e                eeconfig_update_rgblight
 .text.eeconfig_update_rgblight_default
                0x000000000000325a       0x36 .build/obj_redox_rev1_base_ad_rev2/quantum/rgblight/rgblight.o
                0x000000000000325a                eeconfig_update_rgblight_default
 .text.rgblight_get_mode
                0x0000000000003290       0x12 .build/obj_redox_rev1_base_ad_rev2/quantum/rgblight/rgblight.o
                0x0000000000003290                rgblight_get_mode
 .text.rgblight_increase_speed_helper
                0x00000000000032a2       0x38 .build/obj_redox_rev1_base_ad_rev2/quantum/rgblight/rgblight.o
                0x00000000000032a2                rgblight_increase_speed_helper
 .text.rgblight_increase_speed
                0x00000000000032da        0x8 .build/obj_redox_rev1_base_ad_rev2/quantum/rgblight/rgblight.o
                0x00000000000032da                rgblight_increase_speed
 .text.rgblight_decrease_speed_helper
                0x00000000000032e2       0x38 .build/obj_redox_rev1_base_ad_rev2/quantum/rgblight/rgblight.o
                0x00000000000032e2                rgblight_decrease_speed_helper
 .text.rgblight_decrease_speed
                0x000000000000331a        0x8 .build/obj_redox_rev1_base_ad_rev2/quantum/rgblight/rgblight.o
                0x000000000000331a                rgblight_decrease_speed
 .text.rgblight_set
                0x0000000000003322       0x4e .build/obj_redox_rev1_base_ad_rev2/quantum/rgblight/rgblight.o
                0x0000000000003322                rgblight_set
 .text.rgblight_setrgb
                0x0000000000003370       0x32 .build/obj_redox_rev1_base_ad_rev2/quantum/rgblight/rgblight.o
                0x0000000000003370                rgblight_setrgb
 .text.rgblight_sethsv_noeeprom_old
                0x00000000000033a2       0x30 .build/obj_redox_rev1_base_ad_rev2/quantum/rgblight/rgblight.o
                0x00000000000033a2                rgblight_sethsv_noeeprom_old
 .text.rgblight_effect_breathing
                0x00000000000033d2       0x28 .build/obj_redox_rev1_base_ad_rev2/quantum/rgblight/rgblight.o
                0x00000000000033d2                rgblight_effect_breathing
 .text.rgblight_effect_rainbow_mood
                0x00000000000033fa       0x20 .build/obj_redox_rev1_base_ad_rev2/quantum/rgblight/rgblight.o
                0x00000000000033fa                rgblight_effect_rainbow_mood
 .text.rgblight_effect_rgbtest
                0x000000000000341a       0x72 .build/obj_redox_rev1_base_ad_rev2/quantum/rgblight/rgblight.o
                0x000000000000341a                rgblight_effect_rgbtest
 .text.rgblight_sethsv_eeprom_helper
                0x000000000000348c      0x120 .build/obj_redox_rev1_base_ad_rev2/quantum/rgblight/rgblight.o
                0x000000000000348c                rgblight_sethsv_eeprom_helper
 .text.rgblight_increase_hue_helper
                0x00000000000035ac       0x16 .build/obj_redox_rev1_base_ad_rev2/quantum/rgblight/rgblight.o
                0x00000000000035ac                rgblight_increase_hue_helper
 .text.rgblight_increase_hue
                0x00000000000035c2        0x8 .build/obj_redox_rev1_base_ad_rev2/quantum/rgblight/rgblight.o
                0x00000000000035c2                rgblight_increase_hue
 .text.rgblight_decrease_hue_helper
                0x00000000000035ca       0x16 .build/obj_redox_rev1_base_ad_rev2/quantum/rgblight/rgblight.o
                0x00000000000035ca                rgblight_decrease_hue_helper
 .text.rgblight_decrease_hue
                0x00000000000035e0        0x8 .build/obj_redox_rev1_base_ad_rev2/quantum/rgblight/rgblight.o
                0x00000000000035e0                rgblight_decrease_hue
 .text.rgblight_increase_sat_helper
                0x00000000000035e8       0x1a .build/obj_redox_rev1_base_ad_rev2/quantum/rgblight/rgblight.o
                0x00000000000035e8                rgblight_increase_sat_helper
 .text.rgblight_increase_sat
                0x0000000000003602        0x8 .build/obj_redox_rev1_base_ad_rev2/quantum/rgblight/rgblight.o
                0x0000000000003602                rgblight_increase_sat
 .text.rgblight_decrease_sat_helper
                0x000000000000360a       0x1a .build/obj_redox_rev1_base_ad_rev2/quantum/rgblight/rgblight.o
                0x000000000000360a                rgblight_decrease_sat_helper
 .text.rgblight_decrease_sat
                0x0000000000003624        0x8 .build/obj_redox_rev1_base_ad_rev2/quantum/rgblight/rgblight.o
                0x0000000000003624                rgblight_decrease_sat
 .text.rgblight_increase_val_helper
                0x000000000000362c       0x1a .build/obj_redox_rev1_base_ad_rev2/quantum/rgblight/rgblight.o
                0x000000000000362c                rgblight_increase_val_helper
 .text.rgblight_increase_val
                0x0000000000003646        0x8 .build/obj_redox_rev1_base_ad_rev2/quantum/rgblight/rgblight.o
                0x0000000000003646                rgblight_increase_val
 .text.rgblight_decrease_val_helper
                0x000000000000364e       0x1a .build/obj_redox_rev1_base_ad_rev2/quantum/rgblight/rgblight.o
                0x000000000000364e                rgblight_decrease_val_helper
 .text.rgblight_decrease_val
                0x0000000000003668        0x8 .build/obj_redox_rev1_base_ad_rev2/quantum/rgblight/rgblight.o
                0x0000000000003668                rgblight_decrease_val
 .text.rgblight_sethsv_noeeprom
                0x0000000000003670        0x8 .build/obj_redox_rev1_base_ad_rev2/quantum/rgblight/rgblight.o
                0x0000000000003670                rgblight_sethsv_noeeprom
 .text.rgblight_effect_rainbow_swirl
                0x0000000000003678       0x7a .build/obj_redox_rev1_base_ad_rev2/quantum/rgblight/rgblight.o
                0x0000000000003678                rgblight_effect_rainbow_swirl
 .text.rgblight_effect_snake
                0x00000000000036f2      0x11a .build/obj_redox_rev1_base_ad_rev2/quantum/rgblight/rgblight.o
                0x00000000000036f2                rgblight_effect_snake
 .text.rgblight_effect_knight
                0x000000000000380c      0x10a .build/obj_redox_rev1_base_ad_rev2/quantum/rgblight/rgblight.o
                0x000000000000380c                rgblight_effect_knight
 .text.rgblight_effect_christmas
                0x0000000000003916      0x114 .build/obj_redox_rev1_base_ad_rev2/quantum/rgblight/rgblight.o
                0x0000000000003916                rgblight_effect_christmas
 .text.rgblight_effect_alternating
                0x0000000000003a2a       0x7a .build/obj_redox_rev1_base_ad_rev2/quantum/rgblight/rgblight.o
                0x0000000000003a2a                rgblight_effect_alternating
 .text.rgblight_effect_twinkle
                0x0000000000003aa4      0x194 .build/obj_redox_rev1_base_ad_rev2/quantum/rgblight/rgblight.o
                0x0000000000003aa4                rgblight_effect_twinkle
 .text.rgblight_clear_change_flags
                0x0000000000003c38        0x6 .build/obj_redox_rev1_base_ad_rev2/quantum/rgblight/rgblight.o
                0x0000000000003c38                rgblight_clear_change_flags
 .text.rgblight_get_syncinfo
                0x0000000000003c3e       0x26 .build/obj_redox_rev1_base_ad_rev2/quantum/rgblight/rgblight.o
                0x0000000000003c3e                rgblight_get_syncinfo
 .text.rgblight_timer_init
                0x0000000000003c64        0xe .build/obj_redox_rev1_base_ad_rev2/quantum/rgblight/rgblight.o
                0x0000000000003c64                rgblight_timer_init
 .text.rgblight_disable_noeeprom
                0x0000000000003c72       0x1e .build/obj_redox_rev1_base_ad_rev2/quantum/rgblight/rgblight.o
                0x0000000000003c72                rgblight_disable_noeeprom
 .text.rgblight_disable
                0x0000000000003c90       0x30 .build/obj_redox_rev1_base_ad_rev2/quantum/rgblight/rgblight.o
                0x0000000000003c90                rgblight_disable
 .text.rgblight_timer_enable
                0x0000000000003cc0       0x38 .build/obj_redox_rev1_base_ad_rev2/quantum/rgblight/rgblight.o
                0x0000000000003cc0                rgblight_timer_enable
 .text.rgblight_mode_eeprom_helper
                0x0000000000003cf8       0x92 .build/obj_redox_rev1_base_ad_rev2/quantum/rgblight/rgblight.o
                0x0000000000003cf8                rgblight_mode_eeprom_helper
 .text.rgblight_step_helper
                0x0000000000003d8a       0x1a .build/obj_redox_rev1_base_ad_rev2/quantum/rgblight/rgblight.o
                0x0000000000003d8a                rgblight_step_helper
 .text.rgblight_step
                0x0000000000003da4        0x8 .build/obj_redox_rev1_base_ad_rev2/quantum/rgblight/rgblight.o
                0x0000000000003da4                rgblight_step
 .text.rgblight_step_reverse_helper
                0x0000000000003dac       0x18 .build/obj_redox_rev1_base_ad_rev2/quantum/rgblight/rgblight.o
                0x0000000000003dac                rgblight_step_reverse_helper
 .text.rgblight_step_reverse
                0x0000000000003dc4        0x8 .build/obj_redox_rev1_base_ad_rev2/quantum/rgblight/rgblight.o
                0x0000000000003dc4                rgblight_step_reverse
 .text.rgblight_mode
                0x0000000000003dcc        0x8 .build/obj_redox_rev1_base_ad_rev2/quantum/rgblight/rgblight.o
                0x0000000000003dcc                rgblight_mode
 .text.rgblight_enable
                0x0000000000003dd4       0x14 .build/obj_redox_rev1_base_ad_rev2/quantum/rgblight/rgblight.o
                0x0000000000003dd4                rgblight_enable
 .text.rgblight_toggle
                0x0000000000003de8       0x14 .build/obj_redox_rev1_base_ad_rev2/quantum/rgblight/rgblight.o
                0x0000000000003de8                rgblight_toggle
 .text.rgblight_mode_noeeprom
                0x0000000000003dfc        0x8 .build/obj_redox_rev1_base_ad_rev2/quantum/rgblight/rgblight.o
                0x0000000000003dfc                rgblight_mode_noeeprom
 .text.rgblight_init
                0x0000000000003e04       0x8c .build/obj_redox_rev1_base_ad_rev2/quantum/rgblight/rgblight.o
                0x0000000000003e04                rgblight_init
 .text.rgblight_update_sync
                0x0000000000003e90       0x6c .build/obj_redox_rev1_base_ad_rev2/quantum/rgblight/rgblight.o
                0x0000000000003e90                rgblight_update_sync
 .text.rgblight_timer_task
                0x0000000000003efc      0x19c .build/obj_redox_rev1_base_ad_rev2/quantum/rgblight/rgblight.o
                0x0000000000003efc                rgblight_timer_task
 .text.preprocess_rgblight
                0x0000000000004098        0x2 .build/obj_redox_rev1_base_ad_rev2/quantum/rgblight/rgblight.o
                0x0000000000004098                preprocess_rgblight
 .text.rgblight_task
                0x000000000000409a        0x6 .build/obj_redox_rev1_base_ad_rev2/quantum/rgblight/rgblight.o
                0x000000000000409a                rgblight_task
 .text.handleKeycodeRGB
                0x00000000000040a0        0xc .build/obj_redox_rev1_base_ad_rev2/quantum/process_keycode/process_rgb.o
 .text.handleKeycodeRGBMode
                0x00000000000040ac       0x2a .build/obj_redox_rev1_base_ad_rev2/quantum/process_keycode/process_rgb.o
 .text.process_rgb
                0x00000000000040d6      0x10e .build/obj_redox_rev1_base_ad_rev2/quantum/process_keycode/process_rgb.o
                0x00000000000040d6                process_rgb
 .text.process_unicode
                0x00000000000041e4       0x1c .build/obj_redox_rev1_base_ad_rev2/quantum/process_keycode/process_unicode.o
                0x00000000000041e4                process_unicode
 .text.process_unicode_common
                0x0000000000004200       0x7e .build/obj_redox_rev1_base_ad_rev2/quantum/process_keycode/process_unicode_common.o
                0x0000000000004200                process_unicode_common
 .text.send_nibble_wrapper
                0x000000000000427e       0x2a .build/obj_redox_rev1_base_ad_rev2/quantum/unicode/unicode.o
 .text.unicode_input_mode_set_user
                0x00000000000042a8        0x2 .build/obj_redox_rev1_base_ad_rev2/quantum/unicode/unicode.o
                0x00000000000042a8                unicode_input_mode_set_user
 .text.unicode_input_mode_set_kb
                0x00000000000042aa        0x6 .build/obj_redox_rev1_base_ad_rev2/quantum/unicode/unicode.o
                0x00000000000042aa                unicode_input_mode_set_kb
 .text.cycle_unicode_input_mode
                0x00000000000042b0       0x4c .build/obj_redox_rev1_base_ad_rev2/quantum/unicode/unicode.o
 .text.unicode_input_mode_init
                0x00000000000042fc       0x38 .build/obj_redox_rev1_base_ad_rev2/quantum/unicode/unicode.o
                0x00000000000042fc                unicode_input_mode_init
 .text.set_unicode_input_mode
                0x0000000000004334       0x1c .build/obj_redox_rev1_base_ad_rev2/quantum/unicode/unicode.o
                0x0000000000004334                set_unicode_input_mode
 .text.unicode_input_mode_step
                0x0000000000004350        0x8 .build/obj_redox_rev1_base_ad_rev2/quantum/unicode/unicode.o
                0x0000000000004350                unicode_input_mode_step
 .text.unicode_input_mode_step_reverse
                0x0000000000004358        0x8 .build/obj_redox_rev1_base_ad_rev2/quantum/unicode/unicode.o
                0x0000000000004358                unicode_input_mode_step_reverse
 .text.unicode_input_start
                0x0000000000004360       0xac .build/obj_redox_rev1_base_ad_rev2/quantum/unicode/unicode.o
                0x0000000000004360                unicode_input_start
 .text.unicode_input_finish
                0x000000000000440c       0x62 .build/obj_redox_rev1_base_ad_rev2/quantum/unicode/unicode.o
                0x000000000000440c                unicode_input_finish
 .text.register_hex32
                0x000000000000446e       0x8c .build/obj_redox_rev1_base_ad_rev2/quantum/unicode/unicode.o
                0x000000000000446e                register_hex32
 .text.register_unicode
                0x00000000000044fa       0x90 .build/obj_redox_rev1_base_ad_rev2/quantum/unicode/unicode.o
                0x00000000000044fa                register_unicode
 .text.ws2812_init
                0x000000000000458a        0x4 .build/obj_redox_rev1_base_ad_rev2/ws2812_bitbang.o
                0x000000000000458a                ws2812_init
 .text.ws2812_setleds
                0x000000000000458e       0x54 .build/obj_redox_rev1_base_ad_rev2/ws2812_bitbang.o
                0x000000000000458e                ws2812_setleds
 .text.bootmagic_reset_eeprom
                0x00000000000045e2        0x6 .build/obj_redox_rev1_base_ad_rev2/quantum/bootmagic/bootmagic.o
                0x00000000000045e2                bootmagic_reset_eeprom
 .text.bootmagic_should_reset
                0x00000000000045e8        0xa .build/obj_redox_rev1_base_ad_rev2/quantum/bootmagic/bootmagic.o
                0x00000000000045e8                bootmagic_should_reset
 .text.bootmagic_scan
                0x00000000000045f2       0x2c .build/obj_redox_rev1_base_ad_rev2/quantum/bootmagic/bootmagic.o
                0x00000000000045f2                bootmagic_scan
 .text.bootmagic
                0x000000000000461e        0x6 .build/obj_redox_rev1_base_ad_rev2/quantum/bootmagic/bootmagic.o
                0x000000000000461e                bootmagic
 .text.command_common
                0x0000000000004624      0x15c .build/obj_redox_rev1_base_ad_rev2/quantum/command.o
 .text.command_extra
                0x0000000000004780        0x4 .build/obj_redox_rev1_base_ad_rev2/quantum/command.o
                0x0000000000004780                command_extra
 .text.command_console_extra
                0x0000000000004784        0x6 .build/obj_redox_rev1_base_ad_rev2/quantum/command.o
                0x0000000000004784                command_console_extra
 .text.command_proc
                0x000000000000478a      0x17c .build/obj_redox_rev1_base_ad_rev2/quantum/command.o
                0x000000000000478a                command_proc
 .text.crc_init
                0x0000000000004906        0x2 .build/obj_redox_rev1_base_ad_rev2/quantum/crc.o
                0x0000000000004906                crc_init
 .text.crc8     0x0000000000004908       0x2e .build/obj_redox_rev1_base_ad_rev2/quantum/crc.o
                0x0000000000004908                crc8
 .text.process_grave_esc
                0x0000000000004936       0x54 .build/obj_redox_rev1_base_ad_rev2/quantum/process_keycode/process_grave_esc.o
                0x0000000000004936                process_grave_esc
 .text.process_magic
                0x000000000000498a      0x1fe .build/obj_redox_rev1_base_ad_rev2/quantum/process_keycode/process_magic.o
                0x000000000000498a                process_magic
 .text.times_inv_sqrt2
                0x0000000000004b88       0x1c .build/obj_redox_rev1_base_ad_rev2/quantum/mousekey.o
 .text.move_unit
                0x0000000000004ba4       0x80 .build/obj_redox_rev1_base_ad_rev2/quantum/mousekey.o
 .text.wheel_unit
                0x0000000000004c24       0x72 .build/obj_redox_rev1_base_ad_rev2/quantum/mousekey.o
 .text.mousekey_on
                0x0000000000004c96       0xe0 .build/obj_redox_rev1_base_ad_rev2/quantum/mousekey.o
                0x0000000000004c96                mousekey_on
 .text.mousekey_off
                0x0000000000004d76       0xf8 .build/obj_redox_rev1_base_ad_rev2/quantum/mousekey.o
                0x0000000000004d76                mousekey_off
 .text.mousekey_send
                0x0000000000004e6e       0x3e .build/obj_redox_rev1_base_ad_rev2/quantum/mousekey.o
                0x0000000000004e6e                mousekey_send
 .text.mousekey_clear
                0x0000000000004eac       0x1c .build/obj_redox_rev1_base_ad_rev2/quantum/mousekey.o
                0x0000000000004eac                mousekey_clear
 .text.should_mousekey_report_send
                0x0000000000004ec8       0x28 .build/obj_redox_rev1_base_ad_rev2/quantum/mousekey.o
                0x0000000000004ec8                should_mousekey_report_send
 .text.mousekey_task
                0x0000000000004ef0      0x1e4 .build/obj_redox_rev1_base_ad_rev2/quantum/mousekey.o
                0x0000000000004ef0                mousekey_task
 .text.send_char_with_delay
                0x00000000000050d4      0x148 .build/obj_redox_rev1_base_ad_rev2/quantum/send_string/send_string.o
                0x00000000000050d4                send_char_with_delay
 .text.send_char
                0x000000000000521c        0x8 .build/obj_redox_rev1_base_ad_rev2/quantum/send_string/send_string.o
                0x000000000000521c                send_char
 .text.send_nibble
                0x0000000000005224       0x16 .build/obj_redox_rev1_base_ad_rev2/quantum/send_string/send_string.o
                0x0000000000005224                send_nibble
 .text.send_string_with_delay_P
                0x000000000000523a       0xc2 .build/obj_redox_rev1_base_ad_rev2/quantum/send_string/send_string.o
                0x000000000000523a                send_string_with_delay_P
 .text.perform_space_cadet
                0x00000000000052fc       0xd0 .build/obj_redox_rev1_base_ad_rev2/quantum/process_keycode/process_space_cadet.o
                0x00000000000052fc                perform_space_cadet
 .text.process_space_cadet
                0x00000000000053cc       0x96 .build/obj_redox_rev1_base_ad_rev2/quantum/process_keycode/process_space_cadet.o
                0x00000000000053cc                process_space_cadet
 .text._process_tap_dance_action_fn
                0x0000000000005462        0xc .build/obj_redox_rev1_base_ad_rev2/quantum/process_keycode/process_tap_dance.o
 .text.process_tap_dance_action_on_reset
                0x000000000000546e       0x32 .build/obj_redox_rev1_base_ad_rev2/quantum/process_keycode/process_tap_dance.o
 .text.process_tap_dance_action_on_dance_finished
                0x00000000000054a0       0x48 .build/obj_redox_rev1_base_ad_rev2/quantum/process_keycode/process_tap_dance.o
 .text.tap_dance_pair_on_each_tap
                0x00000000000054e8       0x24 .build/obj_redox_rev1_base_ad_rev2/quantum/process_keycode/process_tap_dance.o
                0x00000000000054e8                tap_dance_pair_on_each_tap
 .text.tap_dance_pair_finished
                0x000000000000550c        0xc .build/obj_redox_rev1_base_ad_rev2/quantum/process_keycode/process_tap_dance.o
                0x000000000000550c                tap_dance_pair_finished
 .text.tap_dance_pair_reset
                0x0000000000005518       0x20 .build/obj_redox_rev1_base_ad_rev2/quantum/process_keycode/process_tap_dance.o
                0x0000000000005518                tap_dance_pair_reset
 .text.preprocess_tap_dance
                0x0000000000005538       0x56 .build/obj_redox_rev1_base_ad_rev2/quantum/process_keycode/process_tap_dance.o
                0x0000000000005538                preprocess_tap_dance
 .text.process_tap_dance
                0x000000000000558e       0xca .build/obj_redox_rev1_base_ad_rev2/quantum/process_keycode/process_tap_dance.o
                0x000000000000558e                process_tap_dance
 .text.tap_dance_task
                0x0000000000005658       0x48 .build/obj_redox_rev1_base_ad_rev2/quantum/process_keycode/process_tap_dance.o
                0x0000000000005658                tap_dance_task
 .text.host_set_driver
                0x00000000000056a0        0xa .build/obj_redox_rev1_base_ad_rev2/protocol/host.o
                0x00000000000056a0                host_set_driver
 .text.host_keyboard_leds
                0x00000000000056aa       0x28 .build/obj_redox_rev1_base_ad_rev2/protocol/host.o
                0x00000000000056aa                host_keyboard_leds
 .text.host_keyboard_led_state
                0x00000000000056d2        0x6 .build/obj_redox_rev1_base_ad_rev2/protocol/host.o
                0x00000000000056d2                host_keyboard_led_state
 .text.host_keyboard_send
                0x00000000000056d8       0x16 .build/obj_redox_rev1_base_ad_rev2/protocol/host.o
                0x00000000000056d8                host_keyboard_send
 .text.host_nkro_send
                0x00000000000056ee       0x1c .build/obj_redox_rev1_base_ad_rev2/protocol/host.o
                0x00000000000056ee                host_nkro_send
 .text.host_mouse_send
                0x000000000000570a       0x1c .build/obj_redox_rev1_base_ad_rev2/protocol/host.o
                0x000000000000570a                host_mouse_send
 .text.host_system_send
                0x0000000000005726       0x4a .build/obj_redox_rev1_base_ad_rev2/protocol/host.o
                0x0000000000005726                host_system_send
 .text.host_consumer_send
                0x0000000000005770       0x4a .build/obj_redox_rev1_base_ad_rev2/protocol/host.o
                0x0000000000005770                host_consumer_send
 .text.has_anykey
                0x00000000000057ba       0x3c .build/obj_redox_rev1_base_ad_rev2/protocol/report.o
                0x00000000000057ba                has_anykey
 .text.is_key_pressed
                0x00000000000057f6       0x72 .build/obj_redox_rev1_base_ad_rev2/protocol/report.o
                0x00000000000057f6                is_key_pressed
 .text.add_key_byte
                0x0000000000005868       0x34 .build/obj_redox_rev1_base_ad_rev2/protocol/report.o
                0x0000000000005868                add_key_byte
 .text.del_key_byte
                0x000000000000589c       0x1a .build/obj_redox_rev1_base_ad_rev2/protocol/report.o
                0x000000000000589c                del_key_byte
 .text.add_key_bit
                0x00000000000058b6       0x28 .build/obj_redox_rev1_base_ad_rev2/protocol/report.o
                0x00000000000058b6                add_key_bit
 .text.del_key_bit
                0x00000000000058de       0x2a .build/obj_redox_rev1_base_ad_rev2/protocol/report.o
                0x00000000000058de                del_key_bit
 .text.add_key_to_report
                0x0000000000005908       0x2e .build/obj_redox_rev1_base_ad_rev2/protocol/report.o
                0x0000000000005908                add_key_to_report
 .text.del_key_from_report
                0x0000000000005936       0x2e .build/obj_redox_rev1_base_ad_rev2/protocol/report.o
                0x0000000000005936                del_key_from_report
 .text.clear_keys_from_report
                0x0000000000005964       0x34 .build/obj_redox_rev1_base_ad_rev2/protocol/report.o
                0x0000000000005964                clear_keys_from_report
 .text.has_mouse_report_changed
                0x0000000000005998       0x5a .build/obj_redox_rev1_base_ad_rev2/protocol/report.o
                0x0000000000005998                has_mouse_report_changed
 .text.notify_usb_device_state_change_user
                0x00000000000059f2        0x2 .build/obj_redox_rev1_base_ad_rev2/protocol/usb_device_state.o
                0x00000000000059f2                notify_usb_device_state_change_user
 .text.notify_usb_device_state_change_kb
                0x00000000000059f4        0x6 .build/obj_redox_rev1_base_ad_rev2/protocol/usb_device_state.o
                0x00000000000059f4                notify_usb_device_state_change_kb
 .text.usb_device_state_set_configuration
                0x00000000000059fa       0x14 .build/obj_redox_rev1_base_ad_rev2/protocol/usb_device_state.o
                0x00000000000059fa                usb_device_state_set_configuration
 .text.usb_device_state_set_suspend
                0x0000000000005a0e        0xc .build/obj_redox_rev1_base_ad_rev2/protocol/usb_device_state.o
                0x0000000000005a0e                usb_device_state_set_suspend
 .text.usb_device_state_set_resume
                0x0000000000005a1a        0x6 .build/obj_redox_rev1_base_ad_rev2/protocol/usb_device_state.o
                0x0000000000005a1a                usb_device_state_set_resume
 .text.usb_device_state_set_reset
                0x0000000000005a20        0xc .build/obj_redox_rev1_base_ad_rev2/protocol/usb_device_state.o
                0x0000000000005a20                usb_device_state_set_reset
 .text.usb_device_state_init
                0x0000000000005a2c        0x6 .build/obj_redox_rev1_base_ad_rev2/protocol/usb_device_state.o
                0x0000000000005a2c                usb_device_state_init
 .text.suspend_wakeup_init_user
                0x0000000000005a32        0x2 .build/obj_redox_rev1_base_ad_rev2/platforms/suspend.o
                0x0000000000005a32                suspend_wakeup_init_user
 .text.suspend_power_down_user
                0x0000000000005a34        0x2 .build/obj_redox_rev1_base_ad_rev2/platforms/suspend.o
                0x0000000000005a34                suspend_power_down_user
 .text.suspend_power_down_kb
                0x0000000000005a36        0x6 .build/obj_redox_rev1_base_ad_rev2/platforms/suspend.o
                0x0000000000005a36                suspend_power_down_kb
 .text.matrix_power_up
                0x0000000000005a3c        0x2 .build/obj_redox_rev1_base_ad_rev2/platforms/suspend.o
                0x0000000000005a3c                matrix_power_up
 .text.matrix_power_down
                0x0000000000005a3e        0x2 .build/obj_redox_rev1_base_ad_rev2/platforms/suspend.o
                0x0000000000005a3e                matrix_power_down
 .text.suspend_wakeup_init_kb
                0x0000000000005a40        0x6 .build/obj_redox_rev1_base_ad_rev2/platforms/suspend.o
                0x0000000000005a40                suspend_wakeup_init_kb
 .text.suspend_wakeup_condition
                0x0000000000005a46       0x28 .build/obj_redox_rev1_base_ad_rev2/platforms/suspend.o
                0x0000000000005a46                suspend_wakeup_condition
 .text.platform_setup
                0x0000000000005a6e        0xe .build/obj_redox_rev1_base_ad_rev2/platforms/avr/platform.o
                0x0000000000005a6e                platform_setup
 .text.__vector_12
                0x0000000000005a7c       0x52 .build/obj_redox_rev1_base_ad_rev2/platforms/avr/suspend.o
                0x0000000000005a7c                __vector_12
 .text.suspend_power_down
                0x0000000000005ace       0x56 .build/obj_redox_rev1_base_ad_rev2/platforms/avr/suspend.o
                0x0000000000005ace                suspend_power_down
 .text.suspend_wakeup_init
                0x0000000000005b24        0xa .build/obj_redox_rev1_base_ad_rev2/platforms/avr/suspend.o
                0x0000000000005b24                suspend_wakeup_init
 .text.timer_init
                0x0000000000005b2e       0x12 .build/obj_redox_rev1_base_ad_rev2/platforms/avr/timer.o
                0x0000000000005b2e                timer_init
 .text.timer_read
                0x0000000000005b40       0x18 .build/obj_redox_rev1_base_ad_rev2/platforms/avr/timer.o
                0x0000000000005b40                timer_read
 .text.timer_read32
                0x0000000000005b58       0x18 .build/obj_redox_rev1_base_ad_rev2/platforms/avr/timer.o
                0x0000000000005b58                timer_read32
 .text.timer_elapsed
                0x0000000000005b70       0x1e .build/obj_redox_rev1_base_ad_rev2/platforms/avr/timer.o
                0x0000000000005b70                timer_elapsed
 .text.timer_elapsed32
                0x0000000000005b8e       0x38 .build/obj_redox_rev1_base_ad_rev2/platforms/avr/timer.o
                0x0000000000005b8e                timer_elapsed32
 .text.__vector_21
                0x0000000000005bc6       0x4c .build/obj_redox_rev1_base_ad_rev2/platforms/avr/timer.o
                0x0000000000005bc6                __vector_21
 .text.bootloader_jump
                0x0000000000005c12       0x22 .build/obj_redox_rev1_base_ad_rev2/platforms/avr/bootloaders/caterina.o
                0x0000000000005c12                bootloader_jump
 .text.mcu_reset
                0x0000000000005c34       0x16 .build/obj_redox_rev1_base_ad_rev2/platforms/avr/bootloaders/caterina.o
                0x0000000000005c34                mcu_reset
 .text.sync_recv
                0x0000000000005c4a       0x10 .build/obj_redox_rev1_base_ad_rev2/serial.a(serial.o)
 .text.sync_send
                0x0000000000005c5a        0xc .build/obj_redox_rev1_base_ad_rev2/serial.a(serial.o)
 .text.serial_read_chunk.constprop.0
                0x0000000000005c66       0x54 .build/obj_redox_rev1_base_ad_rev2/serial.a(serial.o)
 .text.serial_recive_packet
                0x0000000000005cba       0x40 .build/obj_redox_rev1_base_ad_rev2/serial.a(serial.o)
 .text.soft_serial_initiator_init
                0x0000000000005cfa        0x6 .build/obj_redox_rev1_base_ad_rev2/serial.a(serial.o)
                0x0000000000005cfa                soft_serial_initiator_init
 .text.soft_serial_target_init
                0x0000000000005d00       0x12 .build/obj_redox_rev1_base_ad_rev2/serial.a(serial.o)
                0x0000000000005d00                soft_serial_target_init
 .text.serial_write_chunk
                0x0000000000005d12       0x42 .build/obj_redox_rev1_base_ad_rev2/serial.a(serial.o)
                0x0000000000005d12                serial_write_chunk
 .text.serial_send_packet
                0x0000000000005d54       0x32 .build/obj_redox_rev1_base_ad_rev2/serial.a(serial.o)
 .text.__vector_1
                0x0000000000005d86      0x14c .build/obj_redox_rev1_base_ad_rev2/serial.a(serial.o)
                0x0000000000005d86                __vector_1
 .text.soft_serial_transaction
                0x0000000000005ed2       0xee .build/obj_redox_rev1_base_ad_rev2/serial.a(serial.o)
                0x0000000000005ed2                soft_serial_transaction
 .text.keyboard_leds
                0x0000000000005fc0        0x6 .build/obj_redox_rev1_base_ad_rev2/lufa.o
 .text.send_report
                0x0000000000005fc6       0x48 .build/obj_redox_rev1_base_ad_rev2/lufa.o
                0x0000000000005fc6                send_report
 .text.send_extra
                0x000000000000600e        0xe .build/obj_redox_rev1_base_ad_rev2/lufa.o
 .text.send_mouse
                0x000000000000601c        0xe .build/obj_redox_rev1_base_ad_rev2/lufa.o
 .text.send_nkro
                0x000000000000602a        0xe .build/obj_redox_rev1_base_ad_rev2/lufa.o
 .text.send_keyboard
                0x0000000000006038       0x28 .build/obj_redox_rev1_base_ad_rev2/lufa.o
 .text.EVENT_USB_Device_Connect
                0x0000000000006060       0x1c .build/obj_redox_rev1_base_ad_rev2/lufa.o
                0x0000000000006060                EVENT_USB_Device_Connect
 .text.EVENT_USB_Device_Disconnect
                0x000000000000607c        0x6 .build/obj_redox_rev1_base_ad_rev2/lufa.o
                0x000000000000607c                EVENT_USB_Device_Disconnect
 .text.EVENT_USB_Device_Reset
                0x0000000000006082        0x6 .build/obj_redox_rev1_base_ad_rev2/lufa.o
                0x0000000000006082                EVENT_USB_Device_Reset
 .text.EVENT_USB_Device_Suspend
                0x0000000000006088       0x12 .build/obj_redox_rev1_base_ad_rev2/lufa.o
                0x0000000000006088                EVENT_USB_Device_Suspend
 .text.EVENT_USB_Device_WakeUp
                0x000000000000609a       0x16 .build/obj_redox_rev1_base_ad_rev2/lufa.o
                0x000000000000609a                EVENT_USB_Device_WakeUp
 .text.EVENT_USB_Device_ConfigurationChanged
                0x00000000000060b0       0x2a .build/obj_redox_rev1_base_ad_rev2/lufa.o
                0x00000000000060b0                EVENT_USB_Device_ConfigurationChanged
 .text.EVENT_USB_Device_ControlRequest
                0x00000000000060da      0x17a .build/obj_redox_rev1_base_ad_rev2/lufa.o
                0x00000000000060da                EVENT_USB_Device_ControlRequest
 .text.protocol_setup
                0x0000000000006254       0x34 .build/obj_redox_rev1_base_ad_rev2/lufa.o
                0x0000000000006254                protocol_setup
 .text.protocol_pre_init
                0x0000000000006288       0x1a .build/obj_redox_rev1_base_ad_rev2/lufa.o
                0x0000000000006288                protocol_pre_init
 .text.protocol_post_init
                0x00000000000062a2        0xa .build/obj_redox_rev1_base_ad_rev2/lufa.o
                0x00000000000062a2                protocol_post_init
 .text.protocol_pre_task
                0x00000000000062ac       0x34 .build/obj_redox_rev1_base_ad_rev2/lufa.o
                0x00000000000062ac                protocol_pre_task
 .text.protocol_post_task
                0x00000000000062e0        0x2 .build/obj_redox_rev1_base_ad_rev2/lufa.o
                0x00000000000062e0                protocol_post_task
 .text.CALLBACK_USB_GetDescriptor
                0x00000000000062e2       0x10 .build/obj_redox_rev1_base_ad_rev2/lufa.o
                0x00000000000062e2                CALLBACK_USB_GetDescriptor
 .text.get_usb_descriptor
                0x00000000000062f2       0xaa .build/obj_redox_rev1_base_ad_rev2/usb_descriptor.o
                0x00000000000062f2                get_usb_descriptor
 .text.USB_Device_SendRemoteWakeup
                0x000000000000639c       0x2c .build/obj_redox_rev1_base_ad_rev2/lib/lufa/LUFA/Drivers/USB/Core/AVR8/Device_AVR8.o