Archive member included to satisfy reference by file (symbol)

.build/obj_redox_rev1_base_default/serial.a(serial.o)
                              .build/obj_redox_rev1_base_default/quantum/split_common/transport.o (soft_serial_initiator_init)
/usr/lib/gcc/avr/5.4.0/avr5/libgcc.a(_udivmodqi4.o)
                              .build/obj_redox_rev1_base_default/quantum/rgblight/rgblight.o (__udivmodqi4)
/usr/lib/gcc/avr/5.4.0/avr5/libgcc.a(_divmodqi4.o)
                              .build/obj_redox_rev1_base_default/quantum/rgblight/rgblight.o (__divmodqi4)
/usr/lib/gcc/avr/5.4.0/avr5/libgcc.a(_udivmodhi4.o)
                              .build/obj_redox_rev1_base_default/quantum/color.o (__udivmodhi4)
/usr/lib/gcc/avr/5.4.0/avr5/libgcc.a(_divmodhi4.o)
                              .build/obj_redox_rev1_base_default/quantum/mousekey.o (__divmodhi4)
/usr/lib/gcc/avr/5.4.0/avr5/libgcc.a(_udivmodsi4.o)
                              .build/obj_redox_rev1_base_default/quantum/quantum.o (__udivmodsi4)
/usr/lib/gcc/avr/5.4.0/avr5/libgcc.a(_exit.o)
                              /usr/lib/gcc/avr/5.4.0/../../../avr/lib/avr5/crtatmega32u4.o (exit)
/usr/lib/gcc/avr/5.4.0/avr5/libgcc.a(_tablejump2.o)
                              .build/obj_redox_rev1_base_default/quantum/action.o (__tablejump2__)
/usr/lib/gcc/avr/5.4.0/avr5/libgcc.a(_copy_data.o)
                              .build/obj_redox_rev1_base_default/quantum/quantum.o (__do_copy_data)
/usr/lib/gcc/avr/5.4.0/avr5/libgcc.a(_clear_bss.o)
                              .build/obj_redox_rev1_base_default/quantum/quantum.o (__do_clear_bss)
/usr/lib/gcc/avr/5.4.0/avr5/libgcc.a(_mulhisi3.o)
                              .build/obj_redox_rev1_base_default/quantum/rgblight/rgblight.o (__mulhisi3)
/usr/lib/gcc/avr/5.4.0/avr5/libgcc.a(_umulhisi3.o)
                              .build/obj_redox_rev1_base_default/quantum/rgblight/rgblight.o (__umulhisi3)
/usr/lib/gcc/avr/5.4.0/avr5/libgcc.a(_usmulhisi3.o)
                              /usr/lib/gcc/avr/5.4.0/avr5/libgcc.a(_mulhisi3.o) (__usmulhisi3_tail)
/usr/lib/gcc/avr/5.4.0/avr5/libgcc.a(_muluhisi3.o)
                              .build/obj_redox_rev1_base_default/quantum/rgblight/rgblight.o (__muluhisi3)
/usr/lib/gcc/avr/5.4.0/avr5/libgcc.a(_mulshisi3.o)
                              .build/obj_redox_rev1_base_default/quantum/rgblight/rgblight.o (__mulshisi3)
/usr/lib/gcc/avr/5.4.0/avr5/libgcc.a(_prologue.o)
                              .build/obj_redox_rev1_base_default/quantum/quantum.o (__prologue_saves__)
/usr/lib/gcc/avr/5.4.0/avr5/libgcc.a(_epilogue.o)
                              .build/obj_redox_rev1_base_default/quantum/quantum.o (__epilogue_restores__)
/usr/lib/gcc/avr/5.4.0/avr5/libgcc.a(_ashldi3.o)
                              .build/obj_redox_rev1_base_default/quantum/rgblight/rgblight.o (__ashldi3)
/usr/lib/gcc/avr/5.4.0/avr5/libgcc.a(_ashrdi3.o)
                              .build/obj_redox_rev1_base_default/quantum/rgblight/rgblight.o (__lshrdi3)
/usr/lib/gcc/avr/5.4.0/../../../avr/lib/avr5/libc.a(rand.o)
                              .build/obj_redox_rev1_base_default/quantum/rgblight/rgblight.o (rand)
/usr/lib/gcc/avr/5.4.0/../../../avr/lib/avr5/libc.a(memchr.o)
                              .build/obj_redox_rev1_base_default/quantum/rgblight/rgblight.o (memchr)
/usr/lib/gcc/avr/5.4.0/../../../avr/lib/avr5/libc.a(memcmp.o)
                              .build/obj_redox_rev1_base_default/quantum/action_util.o (memcmp)
/usr/lib/gcc/avr/5.4.0/../../../avr/lib/avr5/libc.a(memcpy.o)
                              .build/obj_redox_rev1_base_default/quantum/debounce/sym_defer_g.o (memcpy)
/usr/lib/gcc/avr/5.4.0/../../../avr/lib/avr5/libatmega32u4.a(eerd_byte.o)
                              .build/obj_redox_rev1_base_default/quantum/eeconfig.o (eeprom_read_byte)
/usr/lib/gcc/avr/5.4.0/../../../avr/lib/avr5/libatmega32u4.a(eerd_dword.o)
                              .build/obj_redox_rev1_base_default/quantum/eeconfig.o (eeprom_read_dword)
/usr/lib/gcc/avr/5.4.0/../../../avr/lib/avr5/libatmega32u4.a(eerd_word.o)
                              .build/obj_redox_rev1_base_default/quantum/eeconfig.o (eeprom_read_word)
/usr/lib/gcc/avr/5.4.0/../../../avr/lib/avr5/libatmega32u4.a(eeupd_block.o)
                              .build/obj_redox_rev1_base_default/quantum/eeconfig.o (eeprom_update_block)
/usr/lib/gcc/avr/5.4.0/../../../avr/lib/avr5/libatmega32u4.a(eeupd_byte.o)
                              .build/obj_redox_rev1_base_default/quantum/eeconfig.o (eeprom_update_byte)
/usr/lib/gcc/avr/5.4.0/../../../avr/lib/avr5/libatmega32u4.a(eeupd_dword.o)
                              .build/obj_redox_rev1_base_default/quantum/eeconfig.o (eeprom_update_dword)
/usr/lib/gcc/avr/5.4.0/../../../avr/lib/avr5/libatmega32u4.a(eeupd_word.o)
                              .build/obj_redox_rev1_base_default/quantum/eeconfig.o (eeprom_update_word)
/usr/lib/gcc/avr/5.4.0/../../../avr/lib/avr5/libatmega32u4.a(eerd_block.o)
[...]
Memory Configuration

Name             Origin             Length             Attributes
text             0x0000000000000000 0x0000000000008000 xr
data             0x0000000000800100 0x0000000000000a00 rw !x
eeprom           0x0000000000810000 0x0000000000000400 rw !x
fuse             0x0000000000820000 0x0000000000000003 rw !x
lock             0x0000000000830000 0x0000000000000400 rw !x
signature        0x0000000000840000 0x0000000000000400 rw !x
user_signatures  0x0000000000850000 0x0000000000000400 rw !x
*default*        0x0000000000000000 0xffffffffffffffff

Linker script and memory map

Address of section .data set to 0x800100
LOAD /usr/lib/gcc/avr/5.4.0/../../../avr/lib/avr5/crtatmega32u4.o
LOAD .build/obj_redox_rev1_base_default/.build/obj_redox_rev1_base_default/src/default_keyboard.o
LOAD .build/obj_redox_rev1_base_default/quantum/keymap_introspection.o
LOAD .build/obj_redox_rev1_base_default/quantum/quantum.o
LOAD .build/obj_redox_rev1_base_default/quantum/bitwise.o
LOAD .build/obj_redox_rev1_base_default/quantum/led.o
LOAD .build/obj_redox_rev1_base_default/quantum/action.o
LOAD .build/obj_redox_rev1_base_default/quantum/action_layer.o
LOAD .build/obj_redox_rev1_base_default/quantum/action_tapping.o
LOAD .build/obj_redox_rev1_base_default/quantum/action_util.o
LOAD .build/obj_redox_rev1_base_default/quantum/eeconfig.o
LOAD .build/obj_redox_rev1_base_default/quantum/keyboard.o
LOAD .build/obj_redox_rev1_base_default/quantum/keymap_common.o
LOAD .build/obj_redox_rev1_base_default/quantum/keycode_config.o
LOAD .build/obj_redox_rev1_base_default/quantum/sync_timer.o
LOAD .build/obj_redox_rev1_base_default/quantum/logging/debug.o
LOAD .build/obj_redox_rev1_base_default/quantum/logging/sendchar.o
LOAD .build/obj_redox_rev1_base_default/quantum/bootmagic/magic.o
LOAD .build/obj_redox_rev1_base_default/quantum/matrix_common.o
LOAD .build/obj_redox_rev1_base_default/quantum/matrix.o
LOAD .build/obj_redox_rev1_base_default/quantum/debounce/sym_defer_g.o
LOAD .build/obj_redox_rev1_base_default/quantum/split_common/split_util.o
LOAD .build/obj_redox_rev1_base_default/quantum/split_common/transport.o
LOAD .build/obj_redox_rev1_base_default/quantum/split_common/transactions.o
LOAD .build/obj_redox_rev1_base_default/quantum/main.o
LOAD .build/obj_redox_rev1_base_default/platforms/avr/xprintf.o
LOAD .build/obj_redox_rev1_base_default/platforms/avr/printf.o
LOAD .build/obj_redox_rev1_base_default/quantum/mousekey.o
LOAD .build/obj_redox_rev1_base_default/quantum/color.o
LOAD .build/obj_redox_rev1_base_default/quantum/rgblight/rgblight.o
LOAD .build/obj_redox_rev1_base_default/quantum/process_keycode/process_rgb.o
LOAD .build/obj_redox_rev1_base_default/ws2812_bitbang.o
LOAD .build/obj_redox_rev1_base_default/quantum/led_tables.o
LOAD .build/obj_redox_rev1_base_default/crc.o
LOAD .build/obj_redox_rev1_base_default/quantum/process_keycode/process_magic.o
LOAD .build/obj_redox_rev1_base_default/quantum/send_string/send_string.o
LOAD .build/obj_redox_rev1_base_default/quantum/command.o
LOAD .build/obj_redox_rev1_base_default/quantum/process_keycode/process_grave_esc.o
LOAD .build/obj_redox_rev1_base_default/quantum/process_keycode/process_space_cadet.o
LOAD .build/obj_redox_rev1_base_default/protocol/host.o
LOAD .build/obj_redox_rev1_base_default/protocol/report.o
LOAD .build/obj_redox_rev1_base_default/protocol/usb_device_state.o
LOAD .build/obj_redox_rev1_base_default/protocol/usb_util.o
LOAD .build/obj_redox_rev1_base_default/platforms/suspend.o
LOAD .build/obj_redox_rev1_base_default/platforms/synchronization_util.o
LOAD .build/obj_redox_rev1_base_default/platforms/timer.o
LOAD .build/obj_redox_rev1_base_default/platforms/avr/hardware_id.o
LOAD .build/obj_redox_rev1_base_default/platforms/avr/platform.o
LOAD .build/obj_redox_rev1_base_default/platforms/avr/suspend.o
LOAD .build/obj_redox_rev1_base_default/platforms/avr/timer.o
LOAD .build/obj_redox_rev1_base_default/platforms/avr/bootloaders/caterina.o
LOAD .build/obj_redox_rev1_base_default/i2c_master.a
LOAD .build/obj_redox_rev1_base_default/i2c_slave.a
LOAD .build/obj_redox_rev1_base_default/serial.a
LOAD .build/obj_redox_rev1_base_default/lufa.o
LOAD .build/obj_redox_rev1_base_default/usb_descriptor.o
LOAD .build/obj_redox_rev1_base_default/lib/lufa/LUFA/Drivers/USB/Class/Common/HIDParser.o
LOAD .build/obj_redox_rev1_base_default/lib/lufa/LUFA/Drivers/USB/Core/AVR8/Device_AVR8.o
LOAD .build/obj_redox_rev1_base_default/lib/lufa/LUFA/Drivers/USB/Core/AVR8/EndpointStream_AVR8.o
LOAD .build/obj_redox_rev1_base_default/lib/lufa/LUFA/Drivers/USB/Core/AVR8/Endpoint_AVR8.o
LOAD .build/obj_redox_rev1_base_default/lib/lufa/LUFA/Drivers/USB/Core/AVR8/Host_AVR8.o
LOAD .build/obj_redox_rev1_base_default/lib/lufa/LUFA/Drivers/USB/Core/AVR8/PipeStream_AVR8.o
LOAD .build/obj_redox_rev1_base_default/lib/lufa/LUFA/Drivers/USB/Core/AVR8/Pipe_AVR8.o
LOAD .build/obj_redox_rev1_base_default/lib/lufa/LUFA/Drivers/USB/Core/AVR8/USBController_AVR8.o
LOAD .build/obj_redox_rev1_base_default/lib/lufa/LUFA/Drivers/USB/Core/AVR8/USBInterrupt_AVR8.o
LOAD .build/obj_redox_rev1_base_default/lib/lufa/LUFA/Drivers/USB/Core/ConfigDescriptors.o
LOAD .build/obj_redox_rev1_base_default/lib/lufa/LUFA/Drivers/USB/Core/DeviceStandardReq.o
LOAD .build/obj_redox_rev1_base_default/lib/lufa/LUFA/Drivers/USB/Core/Events.o
LOAD .build/obj_redox_rev1_base_default/lib/lufa/LUFA/Drivers/USB/Core/HostStandardReq.o
LOAD .build/obj_redox_rev1_base_default/lib/lufa/LUFA/Drivers/USB/Core/USBTask.o
LOAD .build/obj_redox_rev1_base_default/protocol/lufa/usb_util.o
LOAD /usr/lib/gcc/avr/5.4.0/../../../avr/lib/avr5/libm.a
START GROUP
LOAD /usr/lib/gcc/avr/5.4.0/avr5/libgcc.a
LOAD /usr/lib/gcc/avr/5.4.0/../../../avr/lib/avr5/libm.a
LOAD /usr/lib/gcc/avr/5.4.0/../../../avr/lib/avr5/libc.a
LOAD /usr/lib/gcc/avr/5.4.0/../../../avr/lib/avr5/libatmega32u4.a
END GROUP
                0x0000000000000000                __TEXT_REGION_ORIGIN__ = DEFINED (__TEXT_REGION_ORIGIN__)?__TEXT_REGION_ORIGIN__:0x0
                [0x0000000000800100]                __DATA_REGION_ORIGIN__ = DEFINED (__DATA_REGION_ORIGIN__)?__DATA_REGION_ORIGIN__:0x800060
                [0x0000000000008000]                __TEXT_REGION_LENGTH__ = DEFINED (__TEXT_REGION_LENGTH__)?__TEXT_REGION_LENGTH__:0x20000
                [0x0000000000000a00]                __DATA_REGION_LENGTH__ = DEFINED (__DATA_REGION_LENGTH__)?__DATA_REGION_LENGTH__:0xffa0
                [0x0000000000000400]                __EEPROM_REGION_LENGTH__ = DEFINED (__EEPROM_REGION_LENGTH__)?__EEPROM_REGION_LENGTH__:0x10000
                [0x0000000000000003]                __FUSE_REGION_LENGTH__ = DEFINED (__FUSE_REGION_LENGTH__)?__FUSE_REGION_LENGTH__:0x400
                0x0000000000000400                __LOCK_REGION_LENGTH__ = DEFINED (__LOCK_REGION_LENGTH__)?__LOCK_REGION_LENGTH__:0x400
                0x0000000000000400                __SIGNATURE_REGION_LENGTH__ = DEFINED (__SIGNATURE_REGION_LENGTH__)?__SIGNATURE_REGION_LENGTH__:0x400
                0x0000000000000400                __USER_SIGNATURE_REGION_LENGTH__ = DEFINED (__USER_SIGNATURE_REGION_LENGTH__)?__USER_SIGNATURE_REGION_LENGTH__:0x400

.hash
 *(.hash)

.dynsym
 *(.dynsym)

.dynstr
 *(.dynstr)

.gnu.version
 *(.gnu.version)

.gnu.version_d
 *(.gnu.version_d)

.gnu.version_r
 *(.gnu.version_r)

.rel.init
 *(.rel.init)

.rela.init
 *(.rela.init)

.rel.text
 *(.rel.text)
 *(.rel.text.*)
 *(.rel.gnu.linkonce.t*)

.rela.text
 *(.rela.text)
 *(.rela.text.*)
 *(.rela.gnu.linkonce.t*)

.rel.fini
 *(.rel.fini)

.rela.fini
 *(.rela.fini)

.rel.rodata
 *(.rel.rodata)
 *(.rel.rodata.*)
 *(.rel.gnu.linkonce.r*)

.rela.rodata
 *(.rela.rodata)
 *(.rela.rodata.*)
 *(.rela.gnu.linkonce.r*)

.rel.data
 *(.rel.data)
 *(.rel.data.*)
 *(.rel.gnu.linkonce.d*)

.rela.data
 *(.rela.data)
 *(.rela.data.*)
 *(.rela.gnu.linkonce.d*)

.rel.ctors
 *(.rel.ctors)

.rela.ctors
 *(.rela.ctors)

.rel.dtors
 *(.rel.dtors)

.rela.dtors
 *(.rela.dtors)

.rel.got
 *(.rel.got)

.rela.got
 *(.rela.got)

.rel.bss
 *(.rel.bss)

.rela.bss
 *(.rela.bss)

.rel.plt
 *(.rel.plt)

.rela.plt
 *(.rela.plt)

.text           0x0000000000000000     0x639e
 *(.vectors)
 .vectors       0x0000000000000000       0xac /usr/lib/gcc/avr/5.4.0/../../../avr/lib/avr5/crtatmega32u4.o
                0x0000000000000000                __vectors
                0x0000000000000000                __vector_default
 *(.vectors)
 *(.progmem.gcc*)
 .progmem.gcc_sw_table.process_action
                0x00000000000000ac       0x18 .build/obj_redox_rev1_base_default/quantum/action.o
 .progmem.gcc_sw_table.process_rgb
                0x00000000000000c4       0x2a .build/obj_redox_rev1_base_default/quantum/process_keycode/process_rgb.o
 .progmem.gcc_sw_table.process_magic
                0x00000000000000ee       0x44 .build/obj_redox_rev1_base_default/quantum/process_keycode/process_magic.o
 .progmem.gcc_sw_table.process_space_cadet
                0x0000000000000132        0xe .build/obj_redox_rev1_base_default/quantum/process_keycode/process_space_cadet.o
 .progmem.gcc_sw_table.USB_Device_ProcessControlRequest
                0x0000000000000140       0x14 .build/obj_redox_rev1_base_default/lib/lufa/LUFA/Drivers/USB/Core/DeviceStandardReq.o
                0x0000000000000154                . = ALIGN (0x2)
                0x0000000000000154                __trampolines_start = .
 *(.trampolines)
 .trampolines   0x0000000000000154        0x0 linker stubs
 *(.trampolines*)
                0x0000000000000154                __trampolines_end = .
 *libprintf_flt.a:*(.progmem.data)
 *libc.a:*(.progmem.data)
 *(.progmem*)
 .progmem.data.keymaps
                0x0000000000000154      0x230 .build/obj_redox_rev1_base_default/quantum/keymap_introspection.o
                0x0000000000000154                keymaps
 .progmem.data.RGBLED_TWINKLE_INTERVALS
                0x0000000000000384        0x3 .build/obj_redox_rev1_base_default/quantum/rgblight/rgblight.o
                0x0000000000000384                RGBLED_TWINKLE_INTERVALS
 .progmem.data.RGBLED_RGBTEST_INTERVALS
                0x0000000000000387        0x2 .build/obj_redox_rev1_base_default/quantum/rgblight/rgblight.o
                0x0000000000000387                RGBLED_RGBTEST_INTERVALS
 .progmem.data.RGBLED_KNIGHT_INTERVALS
                0x0000000000000389        0x3 .build/obj_redox_rev1_base_default/quantum/rgblight/rgblight.o
                0x0000000000000389                RGBLED_KNIGHT_INTERVALS
 .progmem.data.RGBLED_SNAKE_INTERVALS
                0x000000000000038c        0x3 .build/obj_redox_rev1_base_default/quantum/rgblight/rgblight.o
                0x000000000000038c                RGBLED_SNAKE_INTERVALS
 .progmem.data.RGBLED_RAINBOW_SWIRL_INTERVALS
                0x000000000000038f        0x3 .build/obj_redox_rev1_base_default/quantum/rgblight/rgblight.o
                0x000000000000038f                RGBLED_RAINBOW_SWIRL_INTERVALS
 .progmem.data.RGBLED_RAINBOW_MOOD_INTERVALS
                0x0000000000000392        0x3 .build/obj_redox_rev1_base_default/quantum/rgblight/rgblight.o
                0x0000000000000392                RGBLED_RAINBOW_MOOD_INTERVALS
 .progmem.data.RGBLED_BREATHING_INTERVALS
                0x0000000000000395        0x4 .build/obj_redox_rev1_base_default/quantum/rgblight/rgblight.o
                0x0000000000000395                RGBLED_BREATHING_INTERVALS
 .progmem.data.rgblight_effect_breathe_table
                0x0000000000000399      0x100 .build/obj_redox_rev1_base_default/quantum/rgblight/rgblight.o
                0x0000000000000399                rgblight_effect_breathe_table
 .progmem.data.RGBLED_GRADIENT_RANGES
                0x0000000000000499        0x5 .build/obj_redox_rev1_base_default/quantum/rgblight/rgblight.o
                0x0000000000000499                RGBLED_GRADIENT_RANGES
 .progmem.data.CIE1931_CURVE
                0x000000000000049e      0x100 .build/obj_redox_rev1_base_default/quantum/led_tables.o
                0x000000000000049e                CIE1931_CURVE
 .progmem.data.ProductString
                0x000000000000059e       0x22 .build/obj_redox_rev1_base_default/usb_descriptor.o
                0x000000000000059e                ProductString
 .progmem.data.ManufacturerString
                0x00000000000005c0       0x14 .build/obj_redox_rev1_base_default/usb_descriptor.o
                0x00000000000005c0                ManufacturerString
 .progmem.data.LanguageString
                0x00000000000005d4        0x4 .build/obj_redox_rev1_base_default/usb_descriptor.o
                0x00000000000005d4                LanguageString
 .progmem.data.ConfigurationDescriptor
                0x00000000000005d8       0x3b .build/obj_redox_rev1_base_default/usb_descriptor.o
                0x00000000000005d8                ConfigurationDescriptor
 .progmem.data.DeviceDescriptor
                0x0000000000000613       0x12 .build/obj_redox_rev1_base_default/usb_descriptor.o
                0x0000000000000613                DeviceDescriptor
 .progmem.data.SharedReport
                0x0000000000000625       0x7b .build/obj_redox_rev1_base_default/usb_descriptor.o
                0x0000000000000625                SharedReport
 .progmem.data.KeyboardReport
                0x00000000000006a0       0x44 .build/obj_redox_rev1_base_default/usb_descriptor.o
                0x00000000000006a0                KeyboardReport
                0x00000000000006e4                . = ALIGN (0x2)
 *(.jumptables)
 *(.jumptables*)
 *(.lowtext)
 *(.lowtext*)
                0x00000000000006e4                __ctors_start = .
 *(.ctors)
                0x00000000000006e4                __ctors_end = .
                0x00000000000006e4                __dtors_start = .
 *(.dtors)
                0x00000000000006e4                __dtors_end = .
 SORT(*)(.ctors)
 SORT(*)(.dtors)
 *(.init0)
 .init0         0x00000000000006e4        0x0 /usr/lib/gcc/avr/5.4.0/../../../avr/lib/avr5/crtatmega32u4.o
                0x00000000000006e4                __init
 *(.init0)
 *(.init1)
 *(.init1)
 *(.init2)
 .init2         0x00000000000006e4        0xc /usr/lib/gcc/avr/5.4.0/../../../avr/lib/avr5/crtatmega32u4.o
 *(.init2)
 *(.init3)
 *(.init3)
 *(.init4)
 .init4         0x00000000000006f0       0x16 /usr/lib/gcc/avr/5.4.0/avr5/libgcc.a(_copy_data.o)
                0x00000000000006f0                __do_copy_data
 .init4         0x0000000000000706       0x10 /usr/lib/gcc/avr/5.4.0/avr5/libgcc.a(_clear_bss.o)
                0x0000000000000706                __do_clear_bss
 *(.init4)
 *(.init5)
 *(.init5)
 *(.init6)
 *(.init6)
 *(.init7)
 *(.init7)
 *(.init8)
 *(.init8)
 *(.init9)
 .init9         0x0000000000000716        0x8 /usr/lib/gcc/avr/5.4.0/../../../avr/lib/avr5/crtatmega32u4.o
 *(.init9)
 *(.text)
 .text          0x000000000000071e        0x4 /usr/lib/gcc/avr/5.4.0/../../../avr/lib/avr5/crtatmega32u4.o
                0x000000000000071e                __vector_38
                0x000000000000071e                __vector_22
                0x000000000000071e                __vector_28
                0x000000000000071e                __vector_32
                0x000000000000071e                __vector_34
                0x000000000000071e                __vector_24
                0x000000000000071e                __bad_interrupt
                0x000000000000071e                __vector_6
                0x000000000000071e                __vector_31
                0x000000000000071e                __vector_35
                0x000000000000071e                __vector_39
                0x000000000000071e                __vector_3
                0x000000000000071e                __vector_23
                0x000000000000071e                __vector_30
                0x000000000000071e                __vector_25
                0x000000000000071e                __vector_13
                0x000000000000071e                __vector_17
                0x000000000000071e                __vector_19
                0x000000000000071e                __vector_7
                0x000000000000071e                __vector_41
                0x000000000000071e                __vector_27
                0x000000000000071e                __vector_5
                0x000000000000071e                __vector_33
                0x000000000000071e                __vector_37
                0x000000000000071e                __vector_4
                0x000000000000071e                __vector_9
                0x000000000000071e                __vector_2
                0x000000000000071e                __vector_15
                0x000000000000071e                __vector_36
                0x000000000000071e                __vector_29
                0x000000000000071e                __vector_40
                0x000000000000071e                __vector_8
                0x000000000000071e                __vector_26
                0x000000000000071e                __vector_14
                0x000000000000071e                __vector_16
                0x000000000000071e                __vector_18
                0x000000000000071e                __vector_20
                0x000000000000071e                __vector_42
                0x0000000000000722                . = ALIGN (0x2)
 *(.text.*)
 .text.keycode_at_keymap_location_raw
                0x0000000000000722       0x36 .build/obj_redox_rev1_base_default/quantum/keymap_introspection.o
                0x0000000000000722                keycode_at_keymap_location_raw
 .text.keycode_at_keymap_location
                0x0000000000000758        0x6 .build/obj_redox_rev1_base_default/quantum/keymap_introspection.o
                0x0000000000000758                keycode_at_keymap_location
 .text.process_action_kb
                0x000000000000075e        0x4 .build/obj_redox_rev1_base_default/quantum/quantum.o
                0x000000000000075e                process_action_kb
 .text.process_record_user
                0x0000000000000762        0x4 .build/obj_redox_rev1_base_default/quantum/quantum.o
                0x0000000000000762                process_record_user
 .text.pre_process_record_user
                0x0000000000000766        0x6 .build/obj_redox_rev1_base_default/quantum/quantum.o
                0x0000000000000766                pre_process_record_user
 .text.pre_process_record_kb
                0x000000000000076c        0x6 .build/obj_redox_rev1_base_default/quantum/quantum.o
                0x000000000000076c                pre_process_record_kb
 .text.process_record_kb
                0x0000000000000772        0x6 .build/obj_redox_rev1_base_default/quantum/quantum.o
                0x0000000000000772                process_record_kb
 .text.post_process_record_user
                0x0000000000000778        0x2 .build/obj_redox_rev1_base_default/quantum/quantum.o
                0x0000000000000778                post_process_record_user
 .text.post_process_record_kb
                0x000000000000077a        0x6 .build/obj_redox_rev1_base_default/quantum/quantum.o
                0x000000000000077a                post_process_record_kb
 .text.get_event_keycode
                0x0000000000000780       0x5c .build/obj_redox_rev1_base_default/quantum/quantum.o
                0x0000000000000780                get_event_keycode
 .text.get_record_keycode
                0x00000000000007dc       0x16 .build/obj_redox_rev1_base_default/quantum/quantum.o
                0x00000000000007dc                get_record_keycode
 .text.pre_process_record_quantum
                0x00000000000007f2       0x18 .build/obj_redox_rev1_base_default/quantum/quantum.o
                0x00000000000007f2                pre_process_record_quantum
 .text.post_process_record_quantum
                0x000000000000080a       0x18 .build/obj_redox_rev1_base_default/quantum/quantum.o
                0x000000000000080a                post_process_record_quantum
 .text.shutdown_user
                0x0000000000000822        0x2 .build/obj_redox_rev1_base_default/quantum/quantum.o
                0x0000000000000822                shutdown_user
 .text.shutdown_quantum
                0x0000000000000824       0x1c .build/obj_redox_rev1_base_default/quantum/quantum.o
                0x0000000000000824                shutdown_quantum
 .text.reset_keyboard
                0x0000000000000840        0xa .build/obj_redox_rev1_base_default/quantum/quantum.o
                0x0000000000000840                reset_keyboard
 .text.soft_reset_keyboard
                0x000000000000084a        0xa .build/obj_redox_rev1_base_default/quantum/quantum.o
                0x000000000000084a                soft_reset_keyboard
 .text.process_record_quantum
                0x0000000000000854       0xbc .build/obj_redox_rev1_base_default/quantum/quantum.o
                0x0000000000000854                process_record_quantum
 .text.suspend_power_down_quantum
                0x0000000000000910        0xa .build/obj_redox_rev1_base_default/quantum/quantum.o
                0x0000000000000910                suspend_power_down_quantum
 .text.suspend_wakeup_init_quantum
                0x000000000000091a        0xa .build/obj_redox_rev1_base_default/quantum/quantum.o
                0x000000000000091a                suspend_wakeup_init_quantum
 .text.led_set_user
                0x0000000000000924        0x2 .build/obj_redox_rev1_base_default/quantum/led.o
                0x0000000000000924                led_set_user
 .text.led_update_user
                0x0000000000000926        0x4 .build/obj_redox_rev1_base_default/quantum/led.o
                0x0000000000000926                led_update_user
 .text.led_update_ports
                0x000000000000092a        0x2 .build/obj_redox_rev1_base_default/quantum/led.o
                0x000000000000092a                led_update_ports
 .text.led_update_kb
                0x000000000000092c       0x1e .build/obj_redox_rev1_base_default/quantum/led.o
                0x000000000000092c                led_update_kb
 .text.led_init_ports
                0x000000000000094a        0x2 .build/obj_redox_rev1_base_default/quantum/led.o
                0x000000000000094a                led_init_ports
 .text.led_set  0x000000000000094c       0x12 .build/obj_redox_rev1_base_default/quantum/led.o
                0x000000000000094c                led_set
 .text.led_suspend
                0x000000000000095e        0x8 .build/obj_redox_rev1_base_default/quantum/led.o
                0x000000000000095e                led_suspend
 .text.led_wakeup
                0x0000000000000966        0xa .build/obj_redox_rev1_base_default/quantum/led.o
                0x0000000000000966                led_wakeup
 .text.led_task
                0x0000000000000970       0x32 .build/obj_redox_rev1_base_default/quantum/led.o
                0x0000000000000970                led_task
 .text.action_exec
                0x00000000000009a2       0x66 .build/obj_redox_rev1_base_default/quantum/action.o
                0x00000000000009a2                action_exec
 .text.process_record_tap_hint
                0x0000000000000a08       0x12 .build/obj_redox_rev1_base_default/quantum/action.o
                0x0000000000000a08                process_record_tap_hint
 .text.register_mouse
                0x0000000000000a1a       0x14 .build/obj_redox_rev1_base_default/quantum/action.o
                0x0000000000000a1a                register_mouse
 .text.register_code
                0x0000000000000a2e      0x15e .build/obj_redox_rev1_base_default/quantum/action.o
                0x0000000000000a2e                register_code
 .text.unregister_code
                0x0000000000000b8c       0xd8 .build/obj_redox_rev1_base_default/quantum/action.o
                0x0000000000000b8c                unregister_code
 .text.tap_code_delay
                0x0000000000000c64       0x30 .build/obj_redox_rev1_base_default/quantum/action.o
                0x0000000000000c64                tap_code_delay
 .text.tap_code
                0x0000000000000c94       0x14 .build/obj_redox_rev1_base_default/quantum/action.o
                0x0000000000000c94                tap_code
 .text.register_mods
                0x0000000000000ca8        0xe .build/obj_redox_rev1_base_default/quantum/action.o
                0x0000000000000ca8                register_mods
 .text.unregister_mods
                0x0000000000000cb6        0xe .build/obj_redox_rev1_base_default/quantum/action.o
                0x0000000000000cb6                unregister_mods
 .text.process_action
                0x0000000000000cc4      0x3f2 .build/obj_redox_rev1_base_default/quantum/action.o
                0x0000000000000cc4                process_action
 .text.process_record_handler
                0x00000000000010b6       0x30 .build/obj_redox_rev1_base_default/quantum/action.o
                0x00000000000010b6                process_record_handler
 .text.process_record
                0x00000000000010e6       0x46 .build/obj_redox_rev1_base_default/quantum/action.o
                0x00000000000010e6                process_record
 .text.clear_keyboard_but_mods_and_keys
                0x000000000000112c       0x22 .build/obj_redox_rev1_base_default/quantum/action.o
                0x000000000000112c                clear_keyboard_but_mods_and_keys
 .text.clear_keyboard_but_mods
                0x000000000000114e       0x12 .build/obj_redox_rev1_base_default/quantum/action.o
                0x000000000000114e                clear_keyboard_but_mods
 .text.clear_keyboard
                0x0000000000001160        0xa .build/obj_redox_rev1_base_default/quantum/action.o
                0x0000000000001160                clear_keyboard
 .text.is_tap_action
                0x000000000000116a       0x36 .build/obj_redox_rev1_base_default/quantum/action.o
                0x000000000000116a                is_tap_action
 .text.is_tap_record
                0x00000000000011a0       0x1a .build/obj_redox_rev1_base_default/quantum/action.o
                0x00000000000011a0                is_tap_record
 .text.debug_event
                0x00000000000011ba       0x14 .build/obj_redox_rev1_base_default/quantum/action.o
                0x00000000000011ba                debug_event
 .text.debug_record
                0x00000000000011ce       0x14 .build/obj_redox_rev1_base_default/quantum/action.o
                0x00000000000011ce                debug_record
 .text.default_layer_debug
                0x00000000000011e2        0x2 .build/obj_redox_rev1_base_default/quantum/action_layer.o
                0x00000000000011e2                default_layer_debug
 .text.layer_state_set_user
                0x00000000000011e4        0x2 .build/obj_redox_rev1_base_default/quantum/action_layer.o
                0x00000000000011e4                layer_state_set_user
 .text.default_layer_state_set_user
                0x00000000000011e6        0x6 .build/obj_redox_rev1_base_default/quantum/action_layer.o
                0x00000000000011e6                default_layer_state_set_user
 .text.default_layer_state_set_kb
                0x00000000000011ec        0x6 .build/obj_redox_rev1_base_default/quantum/action_layer.o
                0x00000000000011ec                default_layer_state_set_kb
 .text.default_layer_state_set
                0x00000000000011f2        0xe .build/obj_redox_rev1_base_default/quantum/action_layer.o
 .text.default_layer_set
                0x0000000000001200        0x6 .build/obj_redox_rev1_base_default/quantum/action_layer.o
                0x0000000000001200                default_layer_set
 .text.default_layer_or
                0x0000000000001206       0x12 .build/obj_redox_rev1_base_default/quantum/action_layer.o
                0x0000000000001206                default_layer_or
 .text.default_layer_and
                0x0000000000001218       0x12 .build/obj_redox_rev1_base_default/quantum/action_layer.o
                0x0000000000001218                default_layer_and
 .text.default_layer_xor
                0x000000000000122a       0x12 .build/obj_redox_rev1_base_default/quantum/action_layer.o
                0x000000000000122a                default_layer_xor
 .text.layer_state_set_kb
                0x000000000000123c        0x6 .build/obj_redox_rev1_base_default/quantum/action_layer.o
                0x000000000000123c                layer_state_set_kb
 .text.layer_state_set
                0x0000000000001242        0xe .build/obj_redox_rev1_base_default/quantum/action_layer.o
                0x0000000000001242                layer_state_set
 .text.layer_clear
                0x0000000000001250        0xa .build/obj_redox_rev1_base_default/quantum/action_layer.o
                0x0000000000001250                layer_clear
 .text.layer_move
                0x000000000000125a       0x18 .build/obj_redox_rev1_base_default/quantum/action_layer.o
                0x000000000000125a                layer_move
 .text.layer_on
                0x0000000000001272       0x20 .build/obj_redox_rev1_base_default/quantum/action_layer.o
                0x0000000000001272                layer_on
 .text.layer_off
                0x0000000000001292       0x24 .build/obj_redox_rev1_base_default/quantum/action_layer.o
                0x0000000000001292                layer_off
 .text.layer_invert
                0x00000000000012b6       0x20 .build/obj_redox_rev1_base_default/quantum/action_layer.o
                0x00000000000012b6                layer_invert
 .text.layer_or
                0x00000000000012d6       0x12 .build/obj_redox_rev1_base_default/quantum/action_layer.o
                0x00000000000012d6                layer_or
 .text.layer_and
                0x00000000000012e8       0x12 .build/obj_redox_rev1_base_default/quantum/action_layer.o
                0x00000000000012e8                layer_and
 .text.layer_xor
                0x00000000000012fa       0x12 .build/obj_redox_rev1_base_default/quantum/action_layer.o
                0x00000000000012fa                layer_xor
 .text.layer_debug
                0x000000000000130c        0x2 .build/obj_redox_rev1_base_default/quantum/action_layer.o
                0x000000000000130c                layer_debug
 .text.update_source_layers_cache_impl
                0x000000000000130e       0x56 .build/obj_redox_rev1_base_default/quantum/action_layer.o
                0x000000000000130e                update_source_layers_cache_impl
 .text.read_source_layers_cache_impl
                0x0000000000001364       0x4e .build/obj_redox_rev1_base_default/quantum/action_layer.o
                0x0000000000001364                read_source_layers_cache_impl
 .text.update_source_layers_cache
                0x00000000000013b2       0x24 .build/obj_redox_rev1_base_default/quantum/action_layer.o
                0x00000000000013b2                update_source_layers_cache
 .text.read_source_layers_cache
                0x00000000000013d6       0x24 .build/obj_redox_rev1_base_default/quantum/action_layer.o
                0x00000000000013d6                read_source_layers_cache
 .text.layer_switch_get_layer
                0x00000000000013fa       0x64 .build/obj_redox_rev1_base_default/quantum/action_layer.o
                0x00000000000013fa                layer_switch_get_layer
 .text.layer_switch_get_action
                0x000000000000145e       0x16 .build/obj_redox_rev1_base_default/quantum/action_layer.o
                0x000000000000145e                layer_switch_get_action
 .text.store_or_get_action
                0x0000000000001474       0x46 .build/obj_redox_rev1_base_default/quantum/action_layer.o
                0x0000000000001474                store_or_get_action
 .text.debug_waiting_buffer
                0x00000000000014ba       0x44 .build/obj_redox_rev1_base_default/quantum/action_tapping.o
 .text.debug_tapping_key
                0x00000000000014fe       0x22 .build/obj_redox_rev1_base_default/quantum/action_tapping.o
 .text.waiting_buffer_scan_tap
                0x0000000000001520       0xb2 .build/obj_redox_rev1_base_default/quantum/action_tapping.o
 .text.waiting_buffer_typed.isra.2
                0x00000000000015d2       0x40 .build/obj_redox_rev1_base_default/quantum/action_tapping.o
 .text.process_tapping
                0x0000000000001612      0x348 .build/obj_redox_rev1_base_default/quantum/action_tapping.o
 .text.action_tapping_process
                0x000000000000195a      0x10a .build/obj_redox_rev1_base_default/quantum/action_tapping.o
                0x000000000000195a                action_tapping_process
 .text.get_oneshot_layer
                0x0000000000001a64        0xc .build/obj_redox_rev1_base_default/quantum/action_util.o
                0x0000000000001a64                get_oneshot_layer
 .text.get_oneshot_layer_state
                0x0000000000001a70        0x8 .build/obj_redox_rev1_base_default/quantum/action_util.o
                0x0000000000001a70                get_oneshot_layer_state
 .text.is_oneshot_layer_active
                0x0000000000001a78        0xe .build/obj_redox_rev1_base_default/quantum/action_util.o
                0x0000000000001a78                is_oneshot_layer_active
 .text.get_mods
                0x0000000000001a86        0x6 .build/obj_redox_rev1_base_default/quantum/action_util.o
                0x0000000000001a86                get_mods
 .text.add_mods
                0x0000000000001a8c        0xc .build/obj_redox_rev1_base_default/quantum/action_util.o
                0x0000000000001a8c                add_mods
 .text.del_mods
                0x0000000000001a98        0xe .build/obj_redox_rev1_base_default/quantum/action_util.o
                0x0000000000001a98                del_mods
 .text.clear_mods
                0x0000000000001aa6        0x6 .build/obj_redox_rev1_base_default/quantum/action_util.o
                0x0000000000001aa6                clear_mods
 .text.add_weak_mods
                0x0000000000001aac        0xc .build/obj_redox_rev1_base_default/quantum/action_util.o
                0x0000000000001aac                add_weak_mods
 .text.del_weak_mods
                0x0000000000001ab8        0xe .build/obj_redox_rev1_base_default/quantum/action_util.o
                0x0000000000001ab8                del_weak_mods
 .text.clear_weak_mods
                0x0000000000001ac6        0x6 .build/obj_redox_rev1_base_default/quantum/action_util.o
                0x0000000000001ac6                clear_weak_mods
 .text.oneshot_layer_changed_user
                0x0000000000001acc        0x2 .build/obj_redox_rev1_base_default/quantum/action_util.o
                0x0000000000001acc                oneshot_layer_changed_user
 .text.oneshot_mods_changed_user
                0x0000000000001ace        0x6 .build/obj_redox_rev1_base_default/quantum/action_util.o
                0x0000000000001ace                oneshot_mods_changed_user
 .text.oneshot_mods_changed_kb
                0x0000000000001ad4        0x6 .build/obj_redox_rev1_base_default/quantum/action_util.o
                0x0000000000001ad4                oneshot_mods_changed_kb
 .text.add_oneshot_mods
                0x0000000000001ada       0x18 .build/obj_redox_rev1_base_default/quantum/action_util.o
                0x0000000000001ada                add_oneshot_mods
 .text.del_oneshot_mods
                0x0000000000001af2       0x18 .build/obj_redox_rev1_base_default/quantum/action_util.o
                0x0000000000001af2                del_oneshot_mods
 .text.clear_oneshot_mods
                0x0000000000001b0a       0x14 .build/obj_redox_rev1_base_default/quantum/action_util.o
                0x0000000000001b0a                clear_oneshot_mods
 .text.send_keyboard_report
                0x0000000000001b1e       0x82 .build/obj_redox_rev1_base_default/quantum/action_util.o
                0x0000000000001b1e                send_keyboard_report
 .text.oneshot_locked_mods_changed_user
                0x0000000000001ba0        0x6 .build/obj_redox_rev1_base_default/quantum/action_util.o
                0x0000000000001ba0                oneshot_locked_mods_changed_user
 .text.oneshot_locked_mods_changed_kb
                0x0000000000001ba6        0x6 .build/obj_redox_rev1_base_default/quantum/action_util.o
                0x0000000000001ba6                oneshot_locked_mods_changed_kb
 .text.del_oneshot_locked_mods
                0x0000000000001bac       0x18 .build/obj_redox_rev1_base_default/quantum/action_util.o
                0x0000000000001bac                del_oneshot_locked_mods
 .text.oneshot_layer_changed_kb
                0x0000000000001bc4        0x6 .build/obj_redox_rev1_base_default/quantum/action_util.o
                0x0000000000001bc4                oneshot_layer_changed_kb
 .text.set_oneshot_layer
                0x0000000000001bca       0x30 .build/obj_redox_rev1_base_default/quantum/action_util.o
                0x0000000000001bca                set_oneshot_layer
 .text.reset_oneshot_layer
                0x0000000000001bfa        0xc .build/obj_redox_rev1_base_default/quantum/action_util.o
                0x0000000000001bfa                reset_oneshot_layer
 .text.clear_oneshot_layer_state
                0x0000000000001c06       0x2e .build/obj_redox_rev1_base_default/quantum/action_util.o
                0x0000000000001c06                clear_oneshot_layer_state
 .text.oneshot_set
                0x0000000000001c34       0x2a .build/obj_redox_rev1_base_default/quantum/action_util.o
                0x0000000000001c34                oneshot_set
 .text.oneshot_toggle
                0x0000000000001c5e       0x14 .build/obj_redox_rev1_base_default/quantum/action_util.o
                0x0000000000001c5e                oneshot_toggle
 .text.oneshot_enable
                0x0000000000001c72        0x8 .build/obj_redox_rev1_base_default/quantum/action_util.o
                0x0000000000001c72                oneshot_enable
 .text.oneshot_disable
                0x0000000000001c7a        0x8 .build/obj_redox_rev1_base_default/quantum/action_util.o
                0x0000000000001c7a                oneshot_disable
 .text.eeconfig_disable
                0x0000000000001c82        0xe .build/obj_redox_rev1_base_default/quantum/eeconfig.o
                0x0000000000001c82                eeconfig_disable
 .text.eeconfig_is_enabled
                0x0000000000001c90       0x16 .build/obj_redox_rev1_base_default/quantum/eeconfig.o
                0x0000000000001c90                eeconfig_is_enabled
 .text.eeconfig_read_debug
                0x0000000000001ca6        0xa .build/obj_redox_rev1_base_default/quantum/eeconfig.o
                0x0000000000001ca6                eeconfig_read_debug
 .text.eeconfig_read_default_layer
                0x0000000000001cb0        0xa .build/obj_redox_rev1_base_default/quantum/eeconfig.o
                0x0000000000001cb0                eeconfig_read_default_layer
 .text.eeconfig_read_keymap
                0x0000000000001cba        0xa .build/obj_redox_rev1_base_default/quantum/eeconfig.o
                0x0000000000001cba                eeconfig_read_keymap
 .text.eeconfig_update_keymap
                0x0000000000001cc4        0xc .build/obj_redox_rev1_base_default/quantum/eeconfig.o
                0x0000000000001cc4                eeconfig_update_keymap
 .text.eeconfig_update_kb
                0x0000000000001cd0        0xe .build/obj_redox_rev1_base_default/quantum/eeconfig.o
                0x0000000000001cd0                eeconfig_update_kb
 .text.eeconfig_update_user
                0x0000000000001cde        0xe .build/obj_redox_rev1_base_default/quantum/eeconfig.o
                0x0000000000001cde                eeconfig_update_user
 .text.eeconfig_init_user
                0x0000000000001cec        0xc .build/obj_redox_rev1_base_default/quantum/eeconfig.o
                0x0000000000001cec                eeconfig_init_user
 .text.eeconfig_init_kb
                0x0000000000001cf8       0x10 .build/obj_redox_rev1_base_default/quantum/eeconfig.o
                0x0000000000001cf8                eeconfig_init_kb
 .text.eeconfig_init_quantum
                0x0000000000001d08       0xc4 .build/obj_redox_rev1_base_default/quantum/eeconfig.o
                0x0000000000001d08                eeconfig_init_quantum
 .text.eeconfig_init
                0x0000000000001dcc        0x6 .build/obj_redox_rev1_base_default/quantum/eeconfig.o
                0x0000000000001dcc                eeconfig_init
 .text.eeconfig_update_handedness
                0x0000000000001dd2        0xc .build/obj_redox_rev1_base_default/quantum/eeconfig.o
                0x0000000000001dd2                eeconfig_update_handedness
 .text.generate_tick_event
                0x0000000000001dde       0x48 .build/obj_redox_rev1_base_default/quantum/keyboard.o
 .text.last_matrix_activity_trigger
                0x0000000000001e26       0x26 .build/obj_redox_rev1_base_default/quantum/keyboard.o
                0x0000000000001e26                last_matrix_activity_trigger
 .text.matrix_can_read
                0x0000000000001e4c        0x4 .build/obj_redox_rev1_base_default/quantum/keyboard.o
                0x0000000000001e4c                matrix_can_read
 .text.should_process_keypress
                0x0000000000001e50        0x6 .build/obj_redox_rev1_base_default/quantum/keyboard.o
                0x0000000000001e50                should_process_keypress
 .text.housekeeping_task_user
                0x0000000000001e56        0x2 .build/obj_redox_rev1_base_default/quantum/keyboard.o
                0x0000000000001e56                housekeeping_task_user
 .text.housekeeping_task_kb
                0x0000000000001e58        0x6 .build/obj_redox_rev1_base_default/quantum/keyboard.o
                0x0000000000001e58                housekeeping_task_kb
 .text.keyboard_post_init_user
                0x0000000000001e5e        0x6 .build/obj_redox_rev1_base_default/quantum/keyboard.o
                0x0000000000001e5e                keyboard_post_init_user
 .text.keyboard_post_init_kb
                0x0000000000001e64        0x6 .build/obj_redox_rev1_base_default/quantum/keyboard.o
                0x0000000000001e64                keyboard_post_init_kb
 .text.keyboard_pre_init_user
                0x0000000000001e6a        0x6 .build/obj_redox_rev1_base_default/quantum/keyboard.o
                0x0000000000001e6a                keyboard_pre_init_user
 .text.keyboard_pre_init_kb
                0x0000000000001e70        0x6 .build/obj_redox_rev1_base_default/quantum/keyboard.o
                0x0000000000001e70                keyboard_pre_init_kb
 .text.matrix_setup
                0x0000000000001e76        0x6 .build/obj_redox_rev1_base_default/quantum/keyboard.o
                0x0000000000001e76                matrix_setup
 .text.keyboard_setup
                0x0000000000001e7c       0x12 .build/obj_redox_rev1_base_default/quantum/keyboard.o
                0x0000000000001e7c                keyboard_setup
 .text.housekeeping_task
                0x0000000000001e8e        0xa .build/obj_redox_rev1_base_default/quantum/keyboard.o
                0x0000000000001e8e                housekeeping_task
 .text.quantum_init
                0x0000000000001e98        0xa .build/obj_redox_rev1_base_default/quantum/keyboard.o
                0x0000000000001e98                quantum_init
 .text.keyboard_init
                0x0000000000001ea2       0x26 .build/obj_redox_rev1_base_default/quantum/keyboard.o
                0x0000000000001ea2                keyboard_init
 .text.keyboard_task
                0x0000000000001ec8       0xd8 .build/obj_redox_rev1_base_default/quantum/keyboard.o
                0x0000000000001ec8                keyboard_task
 .text.action_for_keycode
                0x0000000000001fa0      0x23a .build/obj_redox_rev1_base_default/quantum/keymap_common.o
                0x0000000000001fa0                action_for_keycode
 .text.keymap_key_to_keycode
                0x00000000000021da       0x18 .build/obj_redox_rev1_base_default/quantum/keymap_common.o
                0x00000000000021da                keymap_key_to_keycode
 .text.action_for_key
                0x00000000000021f2        0xa .build/obj_redox_rev1_base_default/quantum/keymap_common.o
                0x00000000000021f2                action_for_key
 .text.keycode_config
                0x00000000000021fc      0x138 .build/obj_redox_rev1_base_default/quantum/keycode_config.o
                0x00000000000021fc                keycode_config
 .text.mod_config
                0x0000000000002334       0x9e .build/obj_redox_rev1_base_default/quantum/keycode_config.o
                0x0000000000002334                mod_config
 .text.sync_timer_init
                0x00000000000023d2       0x12 .build/obj_redox_rev1_base_default/quantum/sync_timer.o
                0x00000000000023d2                sync_timer_init
 .text.sync_timer_update
                0x00000000000023e4       0x3a .build/obj_redox_rev1_base_default/quantum/sync_timer.o
                0x00000000000023e4                sync_timer_update
 .text.sync_timer_read32
                0x000000000000241e       0x34 .build/obj_redox_rev1_base_default/quantum/sync_timer.o
                0x000000000000241e                sync_timer_read32
 .text.sync_timer_read
                0x0000000000002452       0x16 .build/obj_redox_rev1_base_default/quantum/sync_timer.o
                0x0000000000002452                sync_timer_read
 .text.sendchar
                0x0000000000002468        0x4 .build/obj_redox_rev1_base_default/quantum/logging/sendchar.o
                0x0000000000002468                sendchar
 .text.bootmagic
                0x000000000000246c        0x2 .build/obj_redox_rev1_base_default/quantum/bootmagic/magic.o
                0x000000000000246c                bootmagic
 .text.magic    0x000000000000246e       0x3c .build/obj_redox_rev1_base_default/quantum/bootmagic/magic.o
                0x000000000000246e                magic
 .text.matrix_get_row
                0x00000000000024aa        0xc .build/obj_redox_rev1_base_default/quantum/matrix_common.o
                0x00000000000024aa                matrix_get_row
 .text.matrix_print
                0x00000000000024b6        0x2 .build/obj_redox_rev1_base_default/quantum/matrix_common.o
                0x00000000000024b6                matrix_print
 .text.matrix_io_delay
                0x00000000000024b8        0x8 .build/obj_redox_rev1_base_default/quantum/matrix_common.o
                0x00000000000024b8                matrix_io_delay
 .text.matrix_output_select_delay
                0x00000000000024c0        0x4 .build/obj_redox_rev1_base_default/quantum/matrix_common.o
                0x00000000000024c0                matrix_output_select_delay
 .text.matrix_output_unselect_delay
                0x00000000000024c4        0x6 .build/obj_redox_rev1_base_default/quantum/matrix_common.o
                0x00000000000024c4                matrix_output_unselect_delay
 .text.matrix_slave_scan_user
                0x00000000000024ca        0x2 .build/obj_redox_rev1_base_default/quantum/matrix_common.o
                0x00000000000024ca                matrix_slave_scan_user
 .text.matrix_scan_user
                0x00000000000024cc        0x6 .build/obj_redox_rev1_base_default/quantum/matrix_common.o
                0x00000000000024cc                matrix_scan_user
 .text.matrix_scan_kb
                0x00000000000024d2        0x6 .build/obj_redox_rev1_base_default/quantum/matrix_common.o
                0x00000000000024d2                matrix_scan_kb
 .text.matrix_init_user
                0x00000000000024d8        0x6 .build/obj_redox_rev1_base_default/quantum/matrix_common.o
                0x00000000000024d8                matrix_init_user
 .text.matrix_init_kb
                0x00000000000024de        0x6 .build/obj_redox_rev1_base_default/quantum/matrix_common.o
                0x00000000000024de                matrix_init_kb
 .text.matrix_slave_scan_kb
                0x00000000000024e4        0x6 .build/obj_redox_rev1_base_default/quantum/matrix_common.o
                0x00000000000024e4                matrix_slave_scan_kb
 .text.matrix_post_scan
                0x00000000000024ea       0xb6 .build/obj_redox_rev1_base_default/quantum/matrix_common.o
                0x00000000000024ea                matrix_post_scan
 .text.setPinInputHigh_atomic
                0x00000000000025a0       0x2e .build/obj_redox_rev1_base_default/quantum/matrix.o
 .text.matrix_init_pins
                0x00000000000025ce       0x40 .build/obj_redox_rev1_base_default/quantum/matrix.o
                0x00000000000025ce                matrix_init_pins
 .text.matrix_read_cols_on_row
                0x000000000000260e       0xbc .build/obj_redox_rev1_base_default/quantum/matrix.o
                0x000000000000260e                matrix_read_cols_on_row
 .text.matrix_init
                0x00000000000026ca       0x4a .build/obj_redox_rev1_base_default/quantum/matrix.o
                0x00000000000026ca                matrix_init
 .text.matrix_scan
                0x0000000000002714       0x7c .build/obj_redox_rev1_base_default/quantum/matrix.o
                0x0000000000002714                matrix_scan
 .text.debounce_init
                0x0000000000002790        0x2 .build/obj_redox_rev1_base_default/quantum/debounce/sym_defer_g.o
                0x0000000000002790                debounce_init
 .text.debounce
                0x0000000000002792       0x72 .build/obj_redox_rev1_base_default/quantum/debounce/sym_defer_g.o
                0x0000000000002792                debounce
 .text.is_keyboard_master
                0x0000000000002804       0x30 .build/obj_redox_rev1_base_default/quantum/split_common/split_util.o
                0x0000000000002804                is_keyboard_master
 .text.is_keyboard_left
                0x0000000000002834        0x6 .build/obj_redox_rev1_base_default/quantum/split_common/split_util.o
                0x0000000000002834                is_keyboard_left
 .text.split_pre_init
                0x000000000000283a       0x14 .build/obj_redox_rev1_base_default/quantum/split_common/split_util.o
                0x000000000000283a                split_pre_init
 .text.split_post_init
                0x000000000000284e        0xe .build/obj_redox_rev1_base_default/quantum/split_common/split_util.o
                0x000000000000284e                split_post_init
 .text.is_transport_connected
                0x000000000000285c        0xe .build/obj_redox_rev1_base_default/quantum/split_common/split_util.o
                0x000000000000285c                is_transport_connected
 .text.transport_master_if_connected
                0x000000000000286a       0x70 .build/obj_redox_rev1_base_default/quantum/split_common/split_util.o
                0x000000000000286a                transport_master_if_connected
 .text.transport_master_init
                0x00000000000028da        0x6 .build/obj_redox_rev1_base_default/quantum/split_common/transport.o
                0x00000000000028da                transport_master_init
 .text.transport_slave_init
                0x00000000000028e0        0x6 .build/obj_redox_rev1_base_default/quantum/split_common/transport.o
                0x00000000000028e0                transport_slave_init
 .text.transport_execute_transaction
                0x00000000000028e6       0x90 .build/obj_redox_rev1_base_default/quantum/split_common/transport.o
                0x00000000000028e6                transport_execute_transaction
 .text.transport_master
                0x0000000000002976        0x6 .build/obj_redox_rev1_base_default/quantum/split_common/transport.o
                0x0000000000002976                transport_master
 .text.transport_slave
                0x000000000000297c        0x6 .build/obj_redox_rev1_base_default/quantum/split_common/transport.o
                0x000000000000297c                transport_slave
 .text.sync_timer_handlers_master
                0x0000000000002982       0x80 .build/obj_redox_rev1_base_default/quantum/split_common/transactions.o
 .text.transaction_handler_master.isra.1
                0x0000000000002a02       0x6a .build/obj_redox_rev1_base_default/quantum/split_common/transactions.o
 .text.rgblight_handlers_master
                0x0000000000002a6c       0x7c .build/obj_redox_rev1_base_default/quantum/split_common/transactions.o
 .text.slave_matrix_handlers_master
                0x0000000000002ae8       0xf4 .build/obj_redox_rev1_base_default/quantum/split_common/transactions.o
 .text.transactions_master
                0x0000000000002bdc       0x42 .build/obj_redox_rev1_base_default/quantum/split_common/transactions.o
                0x0000000000002bdc                transactions_master
 .text.transactions_slave
                0x0000000000002c1e       0x96 .build/obj_redox_rev1_base_default/quantum/split_common/transactions.o
                0x0000000000002c1e                transactions_slave
 .text.protocol_init
                0x0000000000002cb4        0xe .build/obj_redox_rev1_base_default/quantum/main.o
                0x0000000000002cb4                protocol_init
 .text.protocol_task
                0x0000000000002cc2        0xe .build/obj_redox_rev1_base_default/quantum/main.o
                0x0000000000002cc2                protocol_task
 .text.startup.main
                0x0000000000002cd0       0x1a .build/obj_redox_rev1_base_default/quantum/main.o
                0x0000000000002cd0                main
 .text.print_set_sendchar
                0x0000000000002cea        0xa .build/obj_redox_rev1_base_default/platforms/avr/printf.o
                0x0000000000002cea                print_set_sendchar
 .text.times_inv_sqrt2
                0x0000000000002cf4       0x1c .build/obj_redox_rev1_base_default/quantum/mousekey.o
 .text.move_unit
                0x0000000000002d10       0x7e .build/obj_redox_rev1_base_default/quantum/mousekey.o
 .text.wheel_unit
                0x0000000000002d8e       0x72 .build/obj_redox_rev1_base_default/quantum/mousekey.o
 .text.mousekey_on
                0x0000000000002e00       0xb6 .build/obj_redox_rev1_base_default/quantum/mousekey.o
                0x0000000000002e00                mousekey_on
 .text.mousekey_off
                0x0000000000002eb6       0xee .build/obj_redox_rev1_base_default/quantum/mousekey.o
                0x0000000000002eb6                mousekey_off
 .text.mousekey_send
                0x0000000000002fa4       0x3e .build/obj_redox_rev1_base_default/quantum/mousekey.o
                0x0000000000002fa4                mousekey_send
 .text.mousekey_clear
                0x0000000000002fe2       0x1c .build/obj_redox_rev1_base_default/quantum/mousekey.o
                0x0000000000002fe2                mousekey_clear
 .text.should_mousekey_report_send
                0x0000000000002ffe       0x28 .build/obj_redox_rev1_base_default/quantum/mousekey.o
                0x0000000000002ffe                should_mousekey_report_send
 .text.mousekey_task
                0x0000000000003026      0x1dc .build/obj_redox_rev1_base_default/quantum/mousekey.o
                0x0000000000003026                mousekey_task
 .text.hsv_to_rgb_impl
                0x0000000000003202      0x11c .build/obj_redox_rev1_base_default/quantum/color.o
                0x0000000000003202                hsv_to_rgb_impl
 .text.hsv_to_rgb
                0x000000000000331e        0x8 .build/obj_redox_rev1_base_default/quantum/color.o
                0x000000000000331e                hsv_to_rgb
 .text.rgblight_effect_dummy
                0x0000000000003326        0x2 .build/obj_redox_rev1_base_default/quantum/rgblight/rgblight.o
 .text.rgblight_hsv_to_rgb
                0x0000000000003328        0x6 .build/obj_redox_rev1_base_default/quantum/rgblight/rgblight.o
                0x0000000000003328                rgblight_hsv_to_rgb
 .text.sethsv_raw
                0x000000000000332e       0x1c .build/obj_redox_rev1_base_default/quantum/rgblight/rgblight.o
                0x000000000000332e                sethsv_raw
 .text.rgblight_check_config
                0x000000000000334a       0x26 .build/obj_redox_rev1_base_default/quantum/rgblight/rgblight.o
                0x000000000000334a                rgblight_check_config
 .text.eeconfig_read_rgblight
                0x0000000000003370       0x64 .build/obj_redox_rev1_base_default/quantum/rgblight/rgblight.o
                0x0000000000003370                eeconfig_read_rgblight
 .text.eeconfig_update_rgblight
                0x00000000000033d4       0x4c .build/obj_redox_rev1_base_default/quantum/rgblight/rgblight.o
                0x00000000000033d4                eeconfig_update_rgblight
 .text.eeconfig_update_rgblight_default
                0x0000000000003420       0x36 .build/obj_redox_rev1_base_default/quantum/rgblight/rgblight.o
                0x0000000000003420                eeconfig_update_rgblight_default
 .text.rgblight_get_mode
                0x0000000000003456       0x10 .build/obj_redox_rev1_base_default/quantum/rgblight/rgblight.o
                0x0000000000003456                rgblight_get_mode
 .text.rgblight_increase_speed_helper
                0x0000000000003466       0x38 .build/obj_redox_rev1_base_default/quantum/rgblight/rgblight.o
                0x0000000000003466                rgblight_increase_speed_helper
 .text.rgblight_increase_speed
                0x000000000000349e        0x8 .build/obj_redox_rev1_base_default/quantum/rgblight/rgblight.o
                0x000000000000349e                rgblight_increase_speed
 .text.rgblight_decrease_speed_helper
                0x00000000000034a6       0x38 .build/obj_redox_rev1_base_default/quantum/rgblight/rgblight.o
                0x00000000000034a6                rgblight_decrease_speed_helper
 .text.rgblight_decrease_speed
                0x00000000000034de        0x8 .build/obj_redox_rev1_base_default/quantum/rgblight/rgblight.o
                0x00000000000034de                rgblight_decrease_speed
 .text.rgblight_call_driver
                0x00000000000034e6        0x8 .build/obj_redox_rev1_base_default/quantum/rgblight/rgblight.o
                0x00000000000034e6                rgblight_call_driver
 .text.rgblight_set
                0x00000000000034ee       0x4a .build/obj_redox_rev1_base_default/quantum/rgblight/rgblight.o
                0x00000000000034ee                rgblight_set
 .text.rgblight_setrgb
                0x0000000000003538       0x36 .build/obj_redox_rev1_base_default/quantum/rgblight/rgblight.o
                0x0000000000003538                rgblight_setrgb
 .text.rgblight_sethsv_noeeprom_old
                0x000000000000356e       0x30 .build/obj_redox_rev1_base_default/quantum/rgblight/rgblight.o
                0x000000000000356e                rgblight_sethsv_noeeprom_old
 .text.rgblight_effect_breathing
                0x000000000000359e       0x28 .build/obj_redox_rev1_base_default/quantum/rgblight/rgblight.o
                0x000000000000359e                rgblight_effect_breathing
 .text.rgblight_effect_rainbow_mood
                0x00000000000035c6       0x20 .build/obj_redox_rev1_base_default/quantum/rgblight/rgblight.o
                0x00000000000035c6                rgblight_effect_rainbow_mood
 .text.rgblight_effect_rgbtest
                0x00000000000035e6       0x74 .build/obj_redox_rev1_base_default/quantum/rgblight/rgblight.o
                0x00000000000035e6                rgblight_effect_rgbtest
 .text.rgblight_sethsv_eeprom_helper
                0x000000000000365a      0x11e .build/obj_redox_rev1_base_default/quantum/rgblight/rgblight.o
                0x000000000000365a                rgblight_sethsv_eeprom_helper
 .text.rgblight_increase_hue_helper
                0x0000000000003778       0x16 .build/obj_redox_rev1_base_default/quantum/rgblight/rgblight.o
                0x0000000000003778                rgblight_increase_hue_helper
 .text.rgblight_increase_hue
                0x000000000000378e        0x8 .build/obj_redox_rev1_base_default/quantum/rgblight/rgblight.o
                0x000000000000378e                rgblight_increase_hue
 .text.rgblight_decrease_hue_helper
                0x0000000000003796       0x16 .build/obj_redox_rev1_base_default/quantum/rgblight/rgblight.o
                0x0000000000003796                rgblight_decrease_hue_helper
 .text.rgblight_decrease_hue
                0x00000000000037ac        0x8 .build/obj_redox_rev1_base_default/quantum/rgblight/rgblight.o
                0x00000000000037ac                rgblight_decrease_hue
 .text.rgblight_increase_sat_helper
                0x00000000000037b4       0x1a .build/obj_redox_rev1_base_default/quantum/rgblight/rgblight.o
                0x00000000000037b4                rgblight_increase_sat_helper
 .text.rgblight_increase_sat
                0x00000000000037ce        0x8 .build/obj_redox_rev1_base_default/quantum/rgblight/rgblight.o
                0x00000000000037ce                rgblight_increase_sat
 .text.rgblight_decrease_sat_helper
                0x00000000000037d6       0x1a .build/obj_redox_rev1_base_default/quantum/rgblight/rgblight.o
                0x00000000000037d6                rgblight_decrease_sat_helper
 .text.rgblight_decrease_sat
                0x00000000000037f0        0x8 .build/obj_redox_rev1_base_default/quantum/rgblight/rgblight.o
                0x00000000000037f0                rgblight_decrease_sat
 .text.rgblight_increase_val_helper
                0x00000000000037f8       0x1a .build/obj_redox_rev1_base_default/quantum/rgblight/rgblight.o
                0x00000000000037f8                rgblight_increase_val_helper
 .text.rgblight_increase_val
                0x0000000000003812        0x8 .build/obj_redox_rev1_base_default/quantum/rgblight/rgblight.o
                0x0000000000003812                rgblight_increase_val
 .text.rgblight_decrease_val_helper
                0x000000000000381a       0x1a .build/obj_redox_rev1_base_default/quantum/rgblight/rgblight.o
                0x000000000000381a                rgblight_decrease_val_helper
 .text.rgblight_decrease_val
                0x0000000000003834        0x8 .build/obj_redox_rev1_base_default/quantum/rgblight/rgblight.o
                0x0000000000003834                rgblight_decrease_val
 .text.rgblight_sethsv_noeeprom
                0x000000000000383c        0x8 .build/obj_redox_rev1_base_default/quantum/rgblight/rgblight.o
                0x000000000000383c                rgblight_sethsv_noeeprom
 .text.rgblight_effect_rainbow_swirl
                0x0000000000003844       0x74 .build/obj_redox_rev1_base_default/quantum/rgblight/rgblight.o
                0x0000000000003844                rgblight_effect_rainbow_swirl
 .text.rgblight_effect_snake
                0x00000000000038b8      0x11e .build/obj_redox_rev1_base_default/quantum/rgblight/rgblight.o
                0x00000000000038b8                rgblight_effect_snake
 .text.rgblight_effect_knight
                0x00000000000039d6      0x10c .build/obj_redox_rev1_base_default/quantum/rgblight/rgblight.o
                0x00000000000039d6                rgblight_effect_knight
 .text.rgblight_effect_christmas
                0x0000000000003ae2      0x10a .build/obj_redox_rev1_base_default/quantum/rgblight/rgblight.o
                0x0000000000003ae2                rgblight_effect_christmas
 .text.rgblight_effect_alternating
                0x0000000000003bec       0x7e .build/obj_redox_rev1_base_default/quantum/rgblight/rgblight.o
                0x0000000000003bec                rgblight_effect_alternating
 .text.rgblight_effect_twinkle
                0x0000000000003c6a      0x1be .build/obj_redox_rev1_base_default/quantum/rgblight/rgblight.o
                0x0000000000003c6a                rgblight_effect_twinkle
 .text.rgblight_clear_change_flags
                0x0000000000003e28        0x6 .build/obj_redox_rev1_base_default/quantum/rgblight/rgblight.o
                0x0000000000003e28                rgblight_clear_change_flags
 .text.rgblight_get_syncinfo
                0x0000000000003e2e       0x26 .build/obj_redox_rev1_base_default/quantum/rgblight/rgblight.o
                0x0000000000003e2e                rgblight_get_syncinfo
 .text.rgblight_timer_enable
                0x0000000000003e54       0x36 .build/obj_redox_rev1_base_default/quantum/rgblight/rgblight.o
                0x0000000000003e54                rgblight_timer_enable
 .text.rgblight_timer_disable
                0x0000000000003e8a        0xe .build/obj_redox_rev1_base_default/quantum/rgblight/rgblight.o
                0x0000000000003e8a                rgblight_timer_disable
 .text.rgblight_mode_eeprom_helper
                0x0000000000003e98       0x8e .build/obj_redox_rev1_base_default/quantum/rgblight/rgblight.o
                0x0000000000003e98                rgblight_mode_eeprom_helper
 .text.rgblight_step_helper
                0x0000000000003f26       0x18 .build/obj_redox_rev1_base_default/quantum/rgblight/rgblight.o
                0x0000000000003f26                rgblight_step_helper
 .text.rgblight_step
                0x0000000000003f3e        0x8 .build/obj_redox_rev1_base_default/quantum/rgblight/rgblight.o
                0x0000000000003f3e                rgblight_step
 .text.rgblight_step_reverse_helper
                0x0000000000003f46       0x16 .build/obj_redox_rev1_base_default/quantum/rgblight/rgblight.o
                0x0000000000003f46                rgblight_step_reverse_helper
 .text.rgblight_step_reverse
                0x0000000000003f5c        0x8 .build/obj_redox_rev1_base_default/quantum/rgblight/rgblight.o
                0x0000000000003f5c                rgblight_step_reverse
 .text.rgblight_mode
                0x0000000000003f64        0x8 .build/obj_redox_rev1_base_default/quantum/rgblight/rgblight.o
                0x0000000000003f64                rgblight_mode
 .text.rgblight_enable
                0x0000000000003f6c       0x12 .build/obj_redox_rev1_base_default/quantum/rgblight/rgblight.o
                0x0000000000003f6c                rgblight_enable
 .text.rgblight_mode_noeeprom
                0x0000000000003f7e        0x8 .build/obj_redox_rev1_base_default/quantum/rgblight/rgblight.o
                0x0000000000003f7e                rgblight_mode_noeeprom
 .text.rgblight_disable
                0x0000000000003f86       0x30 .build/obj_redox_rev1_base_default/quantum/rgblight/rgblight.o
                0x0000000000003f86                rgblight_disable
 .text.rgblight_toggle
                0x0000000000003fb6       0x14 .build/obj_redox_rev1_base_default/quantum/rgblight/rgblight.o
                0x0000000000003fb6                rgblight_toggle
 .text.rgblight_disable_noeeprom
                0x0000000000003fca       0x1e .build/obj_redox_rev1_base_default/quantum/rgblight/rgblight.o
                0x0000000000003fca                rgblight_disable_noeeprom
 .text.rgblight_update_sync
                0x0000000000003fe8       0x6a .build/obj_redox_rev1_base_default/quantum/rgblight/rgblight.o
                0x0000000000003fe8                rgblight_update_sync
 .text.rgblight_init
                0x0000000000004052       0x90 .build/obj_redox_rev1_base_default/quantum/rgblight/rgblight.o
                0x0000000000004052                rgblight_init
 .text.rgblight_task
                0x00000000000040e2      0x198 .build/obj_redox_rev1_base_default/quantum/rgblight/rgblight.o
                0x00000000000040e2                rgblight_task
 .text.handleKeycodeRGB
                0x000000000000427a        0xe .build/obj_redox_rev1_base_default/quantum/process_keycode/process_rgb.o
 .text.handleKeycodeRGBMode
                0x0000000000004288       0x2a .build/obj_redox_rev1_base_default/quantum/process_keycode/process_rgb.o
 .text.process_rgb
                0x00000000000042b2       0xe4 .build/obj_redox_rev1_base_default/quantum/process_keycode/process_rgb.o
                0x00000000000042b2                process_rgb
 .text.ws2812_setleds
                0x0000000000004396       0x56 .build/obj_redox_rev1_base_default/ws2812_bitbang.o
                0x0000000000004396                ws2812_setleds
 .text.crc_init
                0x00000000000043ec        0x2 .build/obj_redox_rev1_base_default/crc.o
                0x00000000000043ec                crc_init
 .text.crc8     0x00000000000043ee       0x2e .build/obj_redox_rev1_base_default/crc.o
                0x00000000000043ee                crc8
 .text.process_magic
                0x000000000000441c      0x1d4 .build/obj_redox_rev1_base_default/quantum/process_keycode/process_magic.o
                0x000000000000441c                process_magic
 .text.mousekey_console
                0x00000000000045f0      0x104 .build/obj_redox_rev1_base_default/quantum/command.o
 .text.command_common
                0x00000000000046f4      0x13c .build/obj_redox_rev1_base_default/quantum/command.o
 .text.command_console_extra
                0x0000000000004830        0x4 .build/obj_redox_rev1_base_default/quantum/command.o
                0x0000000000004830                command_console_extra
 .text.command_extra
                0x0000000000004834        0x6 .build/obj_redox_rev1_base_default/quantum/command.o
                0x0000000000004834                command_extra
 .text.command_proc
                0x000000000000483a       0x92 .build/obj_redox_rev1_base_default/quantum/command.o
                0x000000000000483a                command_proc
 .text.process_grave_esc
                0x00000000000048cc       0x62 .build/obj_redox_rev1_base_default/quantum/process_keycode/process_grave_esc.o
                0x00000000000048cc                process_grave_esc
 .text.perform_space_cadet
                0x000000000000492e       0xd2 .build/obj_redox_rev1_base_default/quantum/process_keycode/process_space_cadet.o
                0x000000000000492e                perform_space_cadet
 .text.process_space_cadet
                0x0000000000004a00       0x86 .build/obj_redox_rev1_base_default/quantum/process_keycode/process_space_cadet.o
                0x0000000000004a00                process_space_cadet
 .text.host_set_driver
                0x0000000000004a86        0xa .build/obj_redox_rev1_base_default/protocol/host.o
                0x0000000000004a86                host_set_driver
 .text.host_keyboard_leds
                0x0000000000004a90       0x28 .build/obj_redox_rev1_base_default/protocol/host.o
                0x0000000000004a90                host_keyboard_leds
 .text.host_keyboard_led_state
                0x0000000000004ab8        0x6 .build/obj_redox_rev1_base_default/protocol/host.o
                0x0000000000004ab8                host_keyboard_led_state
 .text.host_keyboard_send
                0x0000000000004abe       0x16 .build/obj_redox_rev1_base_default/protocol/host.o
                0x0000000000004abe                host_keyboard_send
 .text.host_mouse_send
                0x0000000000004ad4       0x1c .build/obj_redox_rev1_base_default/protocol/host.o
                0x0000000000004ad4                host_mouse_send
 .text.host_system_send
                0x0000000000004af0       0x4a .build/obj_redox_rev1_base_default/protocol/host.o
                0x0000000000004af0                host_system_send
 .text.host_consumer_send
                0x0000000000004b3a       0x4a .build/obj_redox_rev1_base_default/protocol/host.o
                0x0000000000004b3a                host_consumer_send
 .text.has_anykey
                0x0000000000004b84       0x18 .build/obj_redox_rev1_base_default/protocol/report.o
                0x0000000000004b84                has_anykey
 .text.is_key_pressed
                0x0000000000004b9c       0x1e .build/obj_redox_rev1_base_default/protocol/report.o
                0x0000000000004b9c                is_key_pressed
 .text.add_key_byte
                0x0000000000004bba       0x34 .build/obj_redox_rev1_base_default/protocol/report.o
                0x0000000000004bba                add_key_byte
 .text.del_key_byte
                0x0000000000004bee       0x1a .build/obj_redox_rev1_base_default/protocol/report.o
                0x0000000000004bee                del_key_byte
 .text.add_key_to_report
                0x0000000000004c08        0x6 .build/obj_redox_rev1_base_default/protocol/report.o
                0x0000000000004c08                add_key_to_report
 .text.del_key_from_report
                0x0000000000004c0e        0x6 .build/obj_redox_rev1_base_default/protocol/report.o
                0x0000000000004c0e                del_key_from_report
 .text.clear_keys_from_report
                0x0000000000004c14        0xe .build/obj_redox_rev1_base_default/protocol/report.o
                0x0000000000004c14                clear_keys_from_report
 .text.has_mouse_report_changed
                0x0000000000004c22       0x5c .build/obj_redox_rev1_base_default/protocol/report.o
                0x0000000000004c22                has_mouse_report_changed
 .text.notify_usb_device_state_change_user
                0x0000000000004c7e        0x2 .build/obj_redox_rev1_base_default/protocol/usb_device_state.o
                0x0000000000004c7e                notify_usb_device_state_change_user
 .text.notify_usb_device_state_change_kb
                0x0000000000004c80        0x6 .build/obj_redox_rev1_base_default/protocol/usb_device_state.o
                0x0000000000004c80                notify_usb_device_state_change_kb
 .text.usb_device_state_set_suspend
                0x0000000000004c86        0xc .build/obj_redox_rev1_base_default/protocol/usb_device_state.o
                0x0000000000004c86                usb_device_state_set_suspend
 .text.usb_device_state_set_resume
                0x0000000000004c92       0x14 .build/obj_redox_rev1_base_default/protocol/usb_device_state.o
                0x0000000000004c92                usb_device_state_set_resume
 .text.usb_device_state_set_configuration
                0x0000000000004ca6        0x6 .build/obj_redox_rev1_base_default/protocol/usb_device_state.o
                0x0000000000004ca6                usb_device_state_set_configuration
 .text.usb_device_state_init
                0x0000000000004cac        0xc .build/obj_redox_rev1_base_default/protocol/usb_device_state.o
                0x0000000000004cac                usb_device_state_init
 .text.usb_device_state_set_reset
                0x0000000000004cb8        0x6 .build/obj_redox_rev1_base_default/protocol/usb_device_state.o
                0x0000000000004cb8                usb_device_state_set_reset
 .text.suspend_wakeup_init_user
                0x0000000000004cbe        0x2 .build/obj_redox_rev1_base_default/platforms/suspend.o
                0x0000000000004cbe                suspend_wakeup_init_user
 .text.suspend_power_down_user
                0x0000000000004cc0        0x6 .build/obj_redox_rev1_base_default/platforms/suspend.o
                0x0000000000004cc0                suspend_power_down_user
 .text.suspend_power_down_kb
                0x0000000000004cc6        0x6 .build/obj_redox_rev1_base_default/platforms/suspend.o
                0x0000000000004cc6                suspend_power_down_kb
 .text.matrix_power_down
                0x0000000000004ccc        0x6 .build/obj_redox_rev1_base_default/platforms/suspend.o
                0x0000000000004ccc                matrix_power_down
 .text.matrix_power_up
                0x0000000000004cd2        0x6 .build/obj_redox_rev1_base_default/platforms/suspend.o
                0x0000000000004cd2                matrix_power_up
 .text.suspend_wakeup_init_kb
                0x0000000000004cd8        0x6 .build/obj_redox_rev1_base_default/platforms/suspend.o
                0x0000000000004cd8                suspend_wakeup_init_kb
 .text.suspend_wakeup_condition
                0x0000000000004cde       0x28 .build/obj_redox_rev1_base_default/platforms/suspend.o
                0x0000000000004cde                suspend_wakeup_condition
 .text.platform_setup
                0x0000000000004d06        0xe .build/obj_redox_rev1_base_default/platforms/avr/platform.o
                0x0000000000004d06                platform_setup
 .text.__vector_12
                0x0000000000004d14       0x52 .build/obj_redox_rev1_base_default/platforms/avr/suspend.o
                0x0000000000004d14                __vector_12
 .text.suspend_power_down
                0x0000000000004d66       0x56 .build/obj_redox_rev1_base_default/platforms/avr/suspend.o
                0x0000000000004d66                suspend_power_down
 .text.suspend_wakeup_init
                0x0000000000004dbc        0xa .build/obj_redox_rev1_base_default/platforms/avr/suspend.o
                0x0000000000004dbc                suspend_wakeup_init
 .text.timer_init
                0x0000000000004dc6       0x12 .build/obj_redox_rev1_base_default/platforms/avr/timer.o
                0x0000000000004dc6                timer_init
 .text.timer_read
                0x0000000000004dd8       0x18 .build/obj_redox_rev1_base_default/platforms/avr/timer.o
                0x0000000000004dd8                timer_read
 .text.timer_read32
                0x0000000000004df0       0x18 .build/obj_redox_rev1_base_default/platforms/avr/timer.o
                0x0000000000004df0                timer_read32
 .text.timer_elapsed
                0x0000000000004e08       0x1e .build/obj_redox_rev1_base_default/platforms/avr/timer.o
                0x0000000000004e08                timer_elapsed
 .text.timer_elapsed32
                0x0000000000004e26       0x38 .build/obj_redox_rev1_base_default/platforms/avr/timer.o
                0x0000000000004e26                timer_elapsed32
 .text.__vector_21
                0x0000000000004e5e       0x4c .build/obj_redox_rev1_base_default/platforms/avr/timer.o
                0x0000000000004e5e                __vector_21
 .text.bootloader_jump
                0x0000000000004eaa       0x22 .build/obj_redox_rev1_base_default/platforms/avr/bootloaders/caterina.o
                0x0000000000004eaa                bootloader_jump
 .text.mcu_reset
                0x0000000000004ecc       0x16 .build/obj_redox_rev1_base_default/platforms/avr/bootloaders/caterina.o
                0x0000000000004ecc                mcu_reset
 .text.sync_recv
                0x0000000000004ee2       0x10 .build/obj_redox_rev1_base_default/serial.a(serial.o)
 .text.sync_send
                0x0000000000004ef2        0xc .build/obj_redox_rev1_base_default/serial.a(serial.o)
 .text.serial_read_chunk.constprop.0
                0x0000000000004efe       0x4c .build/obj_redox_rev1_base_default/serial.a(serial.o)
 .text.serial_recive_packet
                0x0000000000004f4a       0x40 .build/obj_redox_rev1_base_default/serial.a(serial.o)
 .text.soft_serial_initiator_init
                0x0000000000004f8a        0x6 .build/obj_redox_rev1_base_default/serial.a(serial.o)
                0x0000000000004f8a                soft_serial_initiator_init
 .text.soft_serial_target_init
                0x0000000000004f90       0x12 .build/obj_redox_rev1_base_default/serial.a(serial.o)
                0x0000000000004f90                soft_serial_target_init
 .text.serial_write_chunk
                0x0000000000004fa2       0x40 .build/obj_redox_rev1_base_default/serial.a(serial.o)
                0x0000000000004fa2                serial_write_chunk
 .text.serial_send_packet
                0x0000000000004fe2       0x32 .build/obj_redox_rev1_base_default/serial.a(serial.o)
 .text.__vector_1
                0x0000000000005014      0x14c .build/obj_redox_rev1_base_default/serial.a(serial.o)
                0x0000000000005014                __vector_1
 .text.soft_serial_transaction
                0x0000000000005160       0xf6 .build/obj_redox_rev1_base_default/serial.a(serial.o)
                0x0000000000005160                soft_serial_transaction
 .text.keyboard_leds
                0x0000000000005256        0x6 .build/obj_redox_rev1_base_default/lufa.o
 .text.send_report
                0x000000000000525c       0x48 .build/obj_redox_rev1_base_default/lufa.o
                0x000000000000525c                send_report
 .text.send_extra
                0x00000000000052a4        0xe .build/obj_redox_rev1_base_default/lufa.o
 .text.send_mouse
                0x00000000000052b2        0xe .build/obj_redox_rev1_base_default/lufa.o
 .text.send_keyboard
                0x00000000000052c0       0x28 .build/obj_redox_rev1_base_default/lufa.o
 .text.EVENT_USB_Device_Connect
                0x00000000000052e8       0x1c .build/obj_redox_rev1_base_default/lufa.o
                0x00000000000052e8                EVENT_USB_Device_Connect
 .text.EVENT_USB_Device_Disconnect
                0x0000000000005304        0x6 .build/obj_redox_rev1_base_default/lufa.o
                0x0000000000005304                EVENT_USB_Device_Disconnect
 .text.EVENT_USB_Device_Reset
                0x000000000000530a        0x6 .build/obj_redox_rev1_base_default/lufa.o
                0x000000000000530a                EVENT_USB_Device_Reset
 .text.EVENT_USB_Device_Suspend
                0x0000000000005310       0x12 .build/obj_redox_rev1_base_default/lufa.o
                0x0000000000005310                EVENT_USB_Device_Suspend
 .text.EVENT_USB_Device_WakeUp
                0x0000000000005322       0x16 .build/obj_redox_rev1_base_default/lufa.o
                0x0000000000005322                EVENT_USB_Device_WakeUp
 .text.EVENT_USB_Device_ConfigurationChanged
                0x0000000000005338       0x2a .build/obj_redox_rev1_base_default/lufa.o
                0x0000000000005338                EVENT_USB_Device_ConfigurationChanged
 .text.EVENT_USB_Device_ControlRequest
                0x0000000000005362      0x17e .build/obj_redox_rev1_base_default/lufa.o
                0x0000000000005362                EVENT_USB_Device_ControlRequest
 .text.protocol_setup
                0x00000000000054e0       0x34 .build/obj_redox_rev1_base_default/lufa.o
                0x00000000000054e0                protocol_setup
 .text.protocol_pre_init
                0x0000000000005514       0x1a .build/obj_redox_rev1_base_default/lufa.o
                0x0000000000005514                protocol_pre_init
 .text.protocol_post_init
                0x000000000000552e        0xa .build/obj_redox_rev1_base_default/lufa.o
                0x000000000000552e                protocol_post_init
 .text.protocol_pre_task
                0x0000000000005538       0x34 .build/obj_redox_rev1_base_default/lufa.o
                0x0000000000005538                protocol_pre_task
 .text.protocol_post_task
                0x000000000000556c        0x2 .build/obj_redox_rev1_base_default/lufa.o
                0x000000000000556c                protocol_post_task
 .text.CALLBACK_USB_GetDescriptor
                0x000000000000556e       0x10 .build/obj_redox_rev1_base_default/lufa.o
                0x000000000000556e                CALLBACK_USB_GetDescriptor
 .text.get_usb_descriptor
                0x000000000000557e       0xb2 .build/obj_redox_rev1_base_default/usb_descriptor.o
                0x000000000000557e                get_usb_descriptor
 .text.USB_Device_SendRemoteWakeup
                0x0000000000005630       0x2c .build/obj_redox_rev1_base_default/lib/lufa/LUFA/Drivers/USB/Core/AVR8/Device_AVR8.o
                0x0000000000005630                USB_Device_SendRemoteWakeup
 .text.Endpoint_Write_Stream_LE
                0x000000000000565c       0x8a .build/obj_redox_rev1_base_default/lib/lufa/LUFA/Drivers/USB/Core/AVR8/EndpointStream_AVR8.o
                0x000000000000565c                Endpoint_Write_Stream_LE
 .text.Endpoint_Write_Control_Stream_LE
                0x00000000000056e6       0xbc .build/obj_redox_rev1_base_default/lib/lufa/LUFA/Drivers/USB/Core/AVR8/EndpointStream_AVR8.o
                0x00000000000056e6                Endpoint_Write_Control_Stream_LE
 .text.Endpoint_Write_Control_PStream_LE
                0x00000000000057a2       0xc2 .build/obj_redox_rev1_base_default/lib/lufa/LUFA/Drivers/USB/Core/AVR8/EndpointStream_AVR8.o
                0x00000000000057a2                Endpoint_Write_Control_PStream_LE
 .text.Endpoint_ConfigureEndpoint_Prv
                0x0000000000005864       0x6a .build/obj_redox_rev1_base_default/lib/lufa/LUFA/Drivers/USB/Core/AVR8/Endpoint_AVR8.o
                0x0000000000005864                Endpoint_ConfigureEndpoint_Prv
 .text.Endpoint_ClearStatusStage
                0x00000000000058ce       0x3e .build/obj_redox_rev1_base_default/lib/lufa/LUFA/Drivers/USB/Core/AVR8/Endpoint_AVR8.o
                0x00000000000058ce                Endpoint_ClearStatusStage
 .text.Endpoint_WaitUntilReady
                0x000000000000590c       0x66 .build/obj_redox_rev1_base_default/lib/lufa/LUFA/Drivers/USB/Core/AVR8/Endpoint_AVR8.o
                0x000000000000590c                Endpoint_WaitUntilReady
 .text.USB_Disable
                0x0000000000005972       0x34 .build/obj_redox_rev1_base_default/lib/lufa/LUFA/Drivers/USB/Core/AVR8/USBController_AVR8.o
                0x0000000000005972                USB_Disable
 .text.USB_ResetInterface
                0x00000000000059a6       0x86 .build/obj_redox_rev1_base_default/lib/lufa/LUFA/Drivers/USB/Core/AVR8/USBController_AVR8.o
                0x00000000000059a6                USB_ResetInterface
 .text.USB_Init
                0x0000000000005a2c       0x24 .build/obj_redox_rev1_base_default/lib/lufa/LUFA/Drivers/USB/Core/AVR8/USBController_AVR8.o
                0x0000000000005a2c                USB_Init
 .text.USB_INT_DisableAllInterrupts
                0x0000000000005a50       0x10 .build/obj_redox_rev1_base_default/lib/lufa/LUFA/Drivers/USB/Core/AVR8/USBInterrupt_AVR8.o
                0x0000000000005a50                USB_INT_DisableAllInterrupts
 .text.USB_INT_ClearAllInterrupts
                0x0000000000005a60        0xa .build/obj_redox_rev1_base_default/lib/lufa/LUFA/Drivers/USB/Core/AVR8/USBInterrupt_AVR8.o
                0x0000000000005a60                USB_INT_ClearAllInterrupts
 .text.__vector_10
                0x0000000000005a6a      0x1a4 .build/obj_redox_rev1_base_default/lib/lufa/LUFA/Drivers/USB/Core/AVR8/USBInterrupt_AVR8.o
                0x0000000000005a6a                __vector_10
 .text.__vector_11
                0x0000000000005c0e       0x88 .build/obj_redox_rev1_base_default/lib/lufa/LUFA/Drivers/USB/Core/AVR8/USBInterrupt_AVR8.o
                0x0000000000005c0e                __vector_11
 .text.USB_Device_ProcessControlRequest
                0x0000000000005c96      0x2aa .build/obj_redox_rev1_base_default/lib/lufa/LUFA/Drivers/USB/Core/DeviceStandardReq.o
                0x0000000000005c96                USB_Device_ProcessControlRequest
 .text.USB_Event_Stub
                0x0000000000005f40        0x2 .build/obj_redox_rev1_base_default/lib/lufa/LUFA/Drivers/USB/Core/Events.o
                0x0000000000005f40                USB_Event_Stub
                0x0000000000005f40                EVENT_USB_Device_StartOfFrame
 .text.USB_USBTask
                0x0000000000005f42       0x36 .build/obj_redox_rev1_base_default/lib/lufa/LUFA/Drivers/USB/Core/USBTask.o
                0x0000000000005f42                USB_USBTask
 .text.usb_disconnect
                0x0000000000005f78        0xa .build/obj_redox_rev1_base_default/protocol/lufa/usb_util.o
                0x0000000000005f78                usb_disconnect
 .text.usb_vbus_state
                0x0000000000005f82       0x1a .build/obj_redox_rev1_base_default/protocol/lufa/usb_util.o
                0x0000000000005f82                usb_vbus_state
 .text.libgcc.div
                0x0000000000005f9c       0x18 /usr/lib/gcc/avr/5.4.0/avr5/libgcc.a(_udivmodqi4.o)
                0x0000000000005f9c                __udivmodqi4
 .text.libgcc.div
                0x0000000000005fb4       0x1c /usr/lib/gcc/avr/5.4.0/avr5/libgcc.a(_divmodqi4.o)
                0x0000000000005fb4                __divmodqi4
 .text.libgcc.div
                0x0000000000005fd0       0x28 /usr/lib/gcc/avr/5.4.0/avr5/libgcc.a(_udivmodhi4.o)
                0x0000000000005fd0                __udivmodhi4
 .text.libgcc.div
                0x0000000000005ff8       0x28 /usr/lib/gcc/avr/5.4.0/avr5/libgcc.a(_divmodhi4.o)
                0x0000000000005ff8                __divmodhi4
                0x0000000000005ff8                _div
 .text.libgcc.div
                0x0000000000006020       0x44 /usr/lib/gcc/avr/5.4.0/avr5/libgcc.a(_udivmodsi4.o)
                0x0000000000006020                __udivmodsi4
 .text.libgcc   0x0000000000006064        0xc /usr/lib/gcc/avr/5.4.0/avr5/libgcc.a(_tablejump2.o)
                0x0000000000006064                __tablejump2__
 .text.libgcc.mul
                0x0000000000006070       0x10 /usr/lib/gcc/avr/5.4.0/avr5/libgcc.a(_mulhisi3.o)
                0x0000000000006070                __mulhisi3
 .text.libgcc.mul
                0x0000000000006080       0x1e /usr/lib/gcc/avr/5.4.0/avr5/libgcc.a(_umulhisi3.o)
                0x0000000000006080                __umulhisi3
 .text.libgcc.mul
                0x000000000000609e        0xe /usr/lib/gcc/avr/5.4.0/avr5/libgcc.a(_usmulhisi3.o)
                0x000000000000609e                __usmulhisi3
                0x00000000000060a2                __usmulhisi3_tail
 .text.libgcc.mul
                0x00000000000060ac       0x16 /usr/lib/gcc/avr/5.4.0/avr5/libgcc.a(_muluhisi3.o)
                0x00000000000060ac                __muluhisi3
 .text.libgcc.mul
                0x00000000000060c2       0x10 /usr/lib/gcc/avr/5.4.0/avr5/libgcc.a(_mulshisi3.o)
                0x00000000000060c2                __mulshisi3
                0x00000000000060c8                __mulohisi3
 .text.libgcc.prologue
                0x00000000000060d2       0x38 /usr/lib/gcc/avr/5.4.0/avr5/libgcc.a(_prologue.o)
                0x00000000000060d2                __prologue_saves__
 .text.libgcc.prologue
                0x000000000000610a       0x36 /usr/lib/gcc/avr/5.4.0/avr5/libgcc.a(_epilogue.o)
                0x000000000000610a                __epilogue_restores__
 .text.libgcc.builtins
                0x0000000000006140       0x32 /usr/lib/gcc/avr/5.4.0/avr5/libgcc.a(_ashldi3.o)
                0x0000000000006140                __ashldi3
 .text.libgcc.builtins
                0x0000000000006172       0x3c /usr/lib/gcc/avr/5.4.0/avr5/libgcc.a(_ashrdi3.o)
                0x0000000000006172                __ashrdi3
                0x0000000000006176                __lshrdi3
 .text.avr-libc
                0x00000000000061ae       0xb8 /usr/lib/gcc/avr/5.4.0/../../../avr/lib/avr5/libc.a(rand.o)
                0x0000000000006240                rand_r
                0x0000000000006246                rand
                0x0000000000006250                srand
 .text.avr-libc
                0x0000000000006266       0x1a /usr/lib/gcc/avr/5.4.0/../../../avr/lib/avr5/libc.a(memchr.o)
                0x0000000000006266                memchr
 .text.avr-libc
                0x0000000000006280       0x1a /usr/lib/gcc/avr/5.4.0/../../../avr/lib/avr5/libc.a(memcmp.o)
                0x0000000000006280                memcmp
 .text.avr-libc
                0x000000000000629a       0x12 /usr/lib/gcc/avr/5.4.0/../../../avr/lib/avr5/libc.a(memcpy.o)
                0x000000000000629a                memcpy
 .text.avr-libc
                0x00000000000062ac       0x10 /usr/lib/gcc/avr/5.4.0/../../../avr/lib/avr5/libatmega32u4.a(eerd_byte.o)
                0x00000000000062ac                eeprom_read_byte
 .text.avr-libc
                0x00000000000062bc        0xc /usr/lib/gcc/avr/5.4.0/../../../avr/lib/avr5/libatmega32u4.a(eerd_dword.o)
                0x00000000000062bc                eeprom_read_dword
                0x00000000000062bc                eeprom_read_float
 .text.avr-libc
                0x00000000000062c8        0xc /usr/lib/gcc/avr/5.4.0/../../../avr/lib/avr5/libatmega32u4.a(eerd_word.o)
                0x00000000000062c8                eeprom_read_word
 .text.avr-libc
                0x00000000000062d4       0x20 /usr/lib/gcc/avr/5.4.0/../../../avr/lib/avr5/libatmega32u4.a(eeupd_block.o)
                0x00000000000062d4                eeprom_update_block
 .text.avr-libc
                0x00000000000062f4       0x24 /usr/lib/gcc/avr/5.4.0/../../../avr/lib/avr5/libatmega32u4.a(eeupd_byte.o)
                0x00000000000062f4                eeprom_update_byte
                0x00000000000062f6                eeprom_update_r18
 .text.avr-libc
                0x0000000000006318       0x18 /usr/lib/gcc/avr/5.4.0/../../../avr/lib/avr5/libatmega32u4.a(eeupd_dword.o)
                0x0000000000006318                eeprom_update_dword
                0x0000000000006318                eeprom_update_float
 .text.avr-libc
                0x0000000000006330        0xc /usr/lib/gcc/avr/5.4.0/../../../avr/lib/avr5/libatmega32u4.a(eeupd_word.o)
                0x0000000000006330                eeprom_update_word
 .text.avr-libc
                0x000000000000633c       0x20 /usr/lib/gcc/avr/5.4.0/../../../avr/lib/avr5/libatmega32u4.a(eerd_block.o)
                0x000000000000633c                eeprom_read_block
                0x0000000000006340                eeprom_read_blraw
 .text.libgcc.div
                0x000000000000635c       0x2e /usr/lib/gcc/avr/5.4.0/avr5/libgcc.a(_divmodsi4.o)
                0x000000000000635c                __divmodsi4
 .text.libgcc.div
                0x000000000000638a       0x10 /usr/lib/gcc/avr/5.4.0/avr5/libgcc.a(_negsi2.o)
                0x000000000000638a                __negsi2
                0x000000000000639a                . = ALIGN (0x2)
 *(.fini9)
 .fini9         0x000000000000639a        0x0 /usr/lib/gcc/avr/5.4.0/avr5/libgcc.a(_exit.o)
                0x000000000000639a                exit
                0x000000000000639a                _exit
 *(.fini9)
 *(.fini8)
 *(.fini8)
 *(.fini7)
 *(.fini7)
 *(.fini6)
 *(.fini6)
 *(.fini5)
 *(.fini5)
 *(.fini4)
 *(.fini4)
 *(.fini3)
 *(.fini3)
 *(.fini2)
 *(.fini2)
 *(.fini1)
 *(.fini1)
 *(.fini0)
 .fini0         0x000000000000639a        0x4 /usr/lib/gcc/avr/5.4.0/avr5/libgcc.a(_exit.o)
 *(.fini0)
                0x000000000000639e                _etext = .

.data           0x0000000000800100       0xf6 load address 0x000000000000639e
                0x0000000000800100                PROVIDE (__data_start, .)
 *(.data)
 .data          0x0000000000800100        0x4 /usr/lib/gcc/avr/5.4.0/../../../avr/lib/avr5/libc.a(rand.o)
 *(.data*)
 .data.keyboard_report