Archive member included to satisfy reference by file (symbol)

.build/obj_redox_rev1_base_ad/serial.a(serial.o)
                              .build/obj_redox_rev1_base_ad/quantum/split_common/transport.o (soft_serial_initiator_init)
/usr/lib/gcc/avr/5.4.0/avr5/libgcc.a(_udivmodhi4.o)
                              .build/obj_redox_rev1_base_ad/quantum/color.o (__udivmodhi4)
/usr/lib/gcc/avr/5.4.0/avr5/libgcc.a(_divmodhi4.o)
                              .build/obj_redox_rev1_base_ad/quantum/mousekey.o (__divmodhi4)
/usr/lib/gcc/avr/5.4.0/avr5/libgcc.a(_udivmodsi4.o)
                              .build/obj_redox_rev1_base_ad/quantum/quantum.o (__udivmodsi4)
/usr/lib/gcc/avr/5.4.0/avr5/libgcc.a(_exit.o)
                              /usr/lib/gcc/avr/5.4.0/../../../avr/lib/avr5/crtatmega32u4.o (exit)
/usr/lib/gcc/avr/5.4.0/avr5/libgcc.a(_tablejump2.o)
                              .build/obj_redox_rev1_base_ad/quantum/action.o (__tablejump2__)
/usr/lib/gcc/avr/5.4.0/avr5/libgcc.a(_copy_data.o)
                              .build/obj_redox_rev1_base_ad/quantum/keymap_introspection.o (__do_copy_data)
/usr/lib/gcc/avr/5.4.0/avr5/libgcc.a(_clear_bss.o)
                              .build/obj_redox_rev1_base_ad/quantum/keymap_introspection.o (__do_clear_bss)
/usr/lib/gcc/avr/5.4.0/avr5/libgcc.a(_prologue.o)
                              .build/obj_redox_rev1_base_ad/quantum/quantum.o (__prologue_saves__)
/usr/lib/gcc/avr/5.4.0/avr5/libgcc.a(_epilogue.o)
                              .build/obj_redox_rev1_base_ad/quantum/quantum.o (__epilogue_restores__)
/usr/lib/gcc/avr/5.4.0/avr5/libgcc.a(_ashldi3.o)
                              .build/obj_redox_rev1_base_ad/quantum/rgblight/rgblight.o (__ashldi3)
/usr/lib/gcc/avr/5.4.0/avr5/libgcc.a(_ashrdi3.o)
                              .build/obj_redox_rev1_base_ad/quantum/rgblight/rgblight.o (__lshrdi3)
/usr/lib/gcc/avr/5.4.0/../../../avr/lib/avr5/libc.a(memcmp.o)
                              .build/obj_redox_rev1_base_ad/quantum/action_util.o (memcmp)
/usr/lib/gcc/avr/5.4.0/../../../avr/lib/avr5/libc.a(memcpy.o)
                              .build/obj_redox_rev1_base_ad/quantum/debounce/sym_defer_g.o (memcpy)
/usr/lib/gcc/avr/5.4.0/../../../avr/lib/avr5/libatmega32u4.a(eerd_byte.o)
                              .build/obj_redox_rev1_base_ad/quantum/eeconfig.o (eeprom_read_byte)
/usr/lib/gcc/avr/5.4.0/../../../avr/lib/avr5/libatmega32u4.a(eerd_dword.o)
                              .build/obj_redox_rev1_base_ad/quantum/eeconfig.o (eeprom_read_dword)
/usr/lib/gcc/avr/5.4.0/../../../avr/lib/avr5/libatmega32u4.a(eerd_word.o)
                              .build/obj_redox_rev1_base_ad/quantum/eeconfig.o (eeprom_read_word)
/usr/lib/gcc/avr/5.4.0/../../../avr/lib/avr5/libatmega32u4.a(eeupd_block.o)
                              .build/obj_redox_rev1_base_ad/quantum/eeconfig.o (eeprom_update_block)
/usr/lib/gcc/avr/5.4.0/../../../avr/lib/avr5/libatmega32u4.a(eeupd_byte.o)
                              .build/obj_redox_rev1_base_ad/quantum/eeconfig.o (eeprom_update_byte)
/usr/lib/gcc/avr/5.4.0/../../../avr/lib/avr5/libatmega32u4.a(eeupd_dword.o)
                              .build/obj_redox_rev1_base_ad/quantum/eeconfig.o (eeprom_update_dword)
/usr/lib/gcc/avr/5.4.0/../../../avr/lib/avr5/libatmega32u4.a(eeupd_word.o)
                              .build/obj_redox_rev1_base_ad/quantum/eeconfig.o (eeprom_update_word)
/usr/lib/gcc/avr/5.4.0/../../../avr/lib/avr5/libatmega32u4.a(eerd_block.o)
                              /usr/lib/gcc/avr/5.4.0/../../../avr/lib/avr5/libatmega32u4.a(eerd_dword.o) (eeprom_read_blraw)

Allocating common symbols
Common symbol       size              file

rgblight_config     0x8               .build/obj_redox_rev1_base_ad/quantum/rgblight/rgblight.o
unicode_saved_led_state
                    0x1               .build/obj_redox_rev1_base_ad/quantum/unicode/unicode.o
USB_IsInitialized   0x1               .build/obj_redox_rev1_base_ad/lib/lufa/LUFA/Drivers/USB/Core/USBTask.o
keymap_config       0x2               .build/obj_redox_rev1_base_ad/quantum/bootmagic/magic.o
thatHand            0x1               .build/obj_redox_rev1_base_ad/quantum/matrix_common.o
unicode_config      0x1               .build/obj_redox_rev1_base_ad/quantum/unicode/unicode.o
sync_timer_ms       0x4               .build/obj_redox_rev1_base_ad/quantum/sync_timer.o
USB_DeviceState     0x1               .build/obj_redox_rev1_base_ad/lib/lufa/LUFA/Drivers/USB/Core/USBTask.o
unicode_saved_mods  0x1               .build/obj_redox_rev1_base_ad/quantum/unicode/unicode.o
USB_Device_ConfigurationNumber
                    0x1               .build/obj_redox_rev1_base_ad/lib/lufa/LUFA/Drivers/USB/Core/DeviceStandardReq.o
led                 0x2a              .build/obj_redox_rev1_base_ad/quantum/rgblight/rgblight.o
raw_matrix          0xa               .build/obj_redox_rev1_base_ad/quantum/matrix_common.o
USB_Device_CurrentlySelfPowered
[...]
Memory Configuration

Name             Origin             Length             Attributes
text             0x0000000000000000 0x0000000000008000 xr
data             0x0000000000800100 0x0000000000000a00 rw !x
eeprom           0x0000000000810000 0x0000000000000400 rw !x
fuse             0x0000000000820000 0x0000000000000003 rw !x
lock             0x0000000000830000 0x0000000000000400 rw !x
signature        0x0000000000840000 0x0000000000000400 rw !x
user_signatures  0x0000000000850000 0x0000000000000400 rw !x
*default*        0x0000000000000000 0xffffffffffffffff

Linker script and memory map

Address of section .data set to 0x800100
LOAD /usr/lib/gcc/avr/5.4.0/../../../avr/lib/avr5/crtatmega32u4.o
LOAD .build/obj_redox_rev1_base_ad/.build/obj_redox_rev1_base_ad/src/default_keyboard.o
LOAD .build/obj_redox_rev1_base_ad/quantum/keymap_introspection.o
LOAD .build/obj_redox_rev1_base_ad/quantum/quantum.o
LOAD .build/obj_redox_rev1_base_ad/quantum/bitwise.o
LOAD .build/obj_redox_rev1_base_ad/quantum/led.o
LOAD .build/obj_redox_rev1_base_ad/quantum/action.o
LOAD .build/obj_redox_rev1_base_ad/quantum/action_layer.o
LOAD .build/obj_redox_rev1_base_ad/quantum/action_tapping.o
LOAD .build/obj_redox_rev1_base_ad/quantum/action_util.o
LOAD .build/obj_redox_rev1_base_ad/quantum/eeconfig.o
LOAD .build/obj_redox_rev1_base_ad/quantum/keyboard.o
LOAD .build/obj_redox_rev1_base_ad/quantum/keymap_common.o
LOAD .build/obj_redox_rev1_base_ad/quantum/keycode_config.o
LOAD .build/obj_redox_rev1_base_ad/quantum/sync_timer.o
LOAD .build/obj_redox_rev1_base_ad/quantum/logging/debug.o
LOAD .build/obj_redox_rev1_base_ad/quantum/logging/sendchar.o
LOAD .build/obj_redox_rev1_base_ad/quantum/bootmagic/magic.o
LOAD .build/obj_redox_rev1_base_ad/quantum/matrix_common.o
LOAD .build/obj_redox_rev1_base_ad/quantum/matrix.o
LOAD .build/obj_redox_rev1_base_ad/quantum/debounce/sym_defer_g.o
LOAD .build/obj_redox_rev1_base_ad/quantum/split_common/split_util.o
LOAD .build/obj_redox_rev1_base_ad/quantum/split_common/transport.o
LOAD .build/obj_redox_rev1_base_ad/quantum/split_common/transactions.o
LOAD .build/obj_redox_rev1_base_ad/quantum/main.o
LOAD .build/obj_redox_rev1_base_ad/platforms/avr/xprintf.o
LOAD .build/obj_redox_rev1_base_ad/platforms/avr/printf.o
LOAD .build/obj_redox_rev1_base_ad/quantum/mousekey.o
LOAD .build/obj_redox_rev1_base_ad/quantum/color.o
LOAD .build/obj_redox_rev1_base_ad/quantum/rgblight/rgblight.o
LOAD .build/obj_redox_rev1_base_ad/quantum/process_keycode/process_rgb.o
LOAD .build/obj_redox_rev1_base_ad/ws2812_bitbang.o
LOAD .build/obj_redox_rev1_base_ad/quantum/led_tables.o
LOAD .build/obj_redox_rev1_base_ad/crc.o
LOAD .build/obj_redox_rev1_base_ad/quantum/process_keycode/process_unicode.o
LOAD .build/obj_redox_rev1_base_ad/quantum/process_keycode/process_unicode_common.o
LOAD .build/obj_redox_rev1_base_ad/quantum/unicode/unicode.o
LOAD .build/obj_redox_rev1_base_ad/quantum/unicode/utf8.o
LOAD .build/obj_redox_rev1_base_ad/quantum/process_keycode/process_magic.o
LOAD .build/obj_redox_rev1_base_ad/quantum/send_string/send_string.o
LOAD .build/obj_redox_rev1_base_ad/quantum/command.o
LOAD .build/obj_redox_rev1_base_ad/quantum/process_keycode/process_grave_esc.o
LOAD .build/obj_redox_rev1_base_ad/quantum/process_keycode/process_space_cadet.o
LOAD .build/obj_redox_rev1_base_ad/quantum/process_keycode/process_tap_dance.o
LOAD .build/obj_redox_rev1_base_ad/protocol/host.o
LOAD .build/obj_redox_rev1_base_ad/protocol/report.o
LOAD .build/obj_redox_rev1_base_ad/protocol/usb_device_state.o
LOAD .build/obj_redox_rev1_base_ad/protocol/usb_util.o
LOAD .build/obj_redox_rev1_base_ad/platforms/suspend.o
LOAD .build/obj_redox_rev1_base_ad/platforms/synchronization_util.o
LOAD .build/obj_redox_rev1_base_ad/platforms/timer.o
LOAD .build/obj_redox_rev1_base_ad/platforms/avr/hardware_id.o
LOAD .build/obj_redox_rev1_base_ad/platforms/avr/platform.o
LOAD .build/obj_redox_rev1_base_ad/platforms/avr/suspend.o
LOAD .build/obj_redox_rev1_base_ad/platforms/avr/timer.o
LOAD .build/obj_redox_rev1_base_ad/platforms/avr/bootloaders/caterina.o
LOAD .build/obj_redox_rev1_base_ad/i2c_master.a
LOAD .build/obj_redox_rev1_base_ad/i2c_slave.a
LOAD .build/obj_redox_rev1_base_ad/serial.a
LOAD .build/obj_redox_rev1_base_ad/lufa.o
LOAD .build/obj_redox_rev1_base_ad/usb_descriptor.o
LOAD .build/obj_redox_rev1_base_ad/lib/lufa/LUFA/Drivers/USB/Class/Common/HIDParser.o
LOAD .build/obj_redox_rev1_base_ad/lib/lufa/LUFA/Drivers/USB/Core/AVR8/Device_AVR8.o
LOAD .build/obj_redox_rev1_base_ad/lib/lufa/LUFA/Drivers/USB/Core/AVR8/EndpointStream_AVR8.o
LOAD .build/obj_redox_rev1_base_ad/lib/lufa/LUFA/Drivers/USB/Core/AVR8/Endpoint_AVR8.o
LOAD .build/obj_redox_rev1_base_ad/lib/lufa/LUFA/Drivers/USB/Core/AVR8/Host_AVR8.o
LOAD .build/obj_redox_rev1_base_ad/lib/lufa/LUFA/Drivers/USB/Core/AVR8/PipeStream_AVR8.o
LOAD .build/obj_redox_rev1_base_ad/lib/lufa/LUFA/Drivers/USB/Core/AVR8/Pipe_AVR8.o
LOAD .build/obj_redox_rev1_base_ad/lib/lufa/LUFA/Drivers/USB/Core/AVR8/USBController_AVR8.o
LOAD .build/obj_redox_rev1_base_ad/lib/lufa/LUFA/Drivers/USB/Core/AVR8/USBInterrupt_AVR8.o
LOAD .build/obj_redox_rev1_base_ad/lib/lufa/LUFA/Drivers/USB/Core/ConfigDescriptors.o
LOAD .build/obj_redox_rev1_base_ad/lib/lufa/LUFA/Drivers/USB/Core/DeviceStandardReq.o
LOAD .build/obj_redox_rev1_base_ad/lib/lufa/LUFA/Drivers/USB/Core/Events.o
LOAD .build/obj_redox_rev1_base_ad/lib/lufa/LUFA/Drivers/USB/Core/HostStandardReq.o
LOAD .build/obj_redox_rev1_base_ad/lib/lufa/LUFA/Drivers/USB/Core/USBTask.o
LOAD .build/obj_redox_rev1_base_ad/protocol/lufa/usb_util.o
LOAD /usr/lib/gcc/avr/5.4.0/../../../avr/lib/avr5/libm.a
START GROUP
LOAD /usr/lib/gcc/avr/5.4.0/avr5/libgcc.a
LOAD /usr/lib/gcc/avr/5.4.0/../../../avr/lib/avr5/libm.a
LOAD /usr/lib/gcc/avr/5.4.0/../../../avr/lib/avr5/libc.a
LOAD /usr/lib/gcc/avr/5.4.0/../../../avr/lib/avr5/libatmega32u4.a
END GROUP
                0x0000000000000000                __TEXT_REGION_ORIGIN__ = DEFINED (__TEXT_REGION_ORIGIN__)?__TEXT_REGION_ORIGIN__:0x0
                [0x0000000000800100]                __DATA_REGION_ORIGIN__ = DEFINED (__DATA_REGION_ORIGIN__)?__DATA_REGION_ORIGIN__:0x800060
                [0x0000000000008000]                __TEXT_REGION_LENGTH__ = DEFINED (__TEXT_REGION_LENGTH__)?__TEXT_REGION_LENGTH__:0x20000
                [0x0000000000000a00]                __DATA_REGION_LENGTH__ = DEFINED (__DATA_REGION_LENGTH__)?__DATA_REGION_LENGTH__:0xffa0
                [0x0000000000000400]                __EEPROM_REGION_LENGTH__ = DEFINED (__EEPROM_REGION_LENGTH__)?__EEPROM_REGION_LENGTH__:0x10000
                [0x0000000000000003]                __FUSE_REGION_LENGTH__ = DEFINED (__FUSE_REGION_LENGTH__)?__FUSE_REGION_LENGTH__:0x400
                0x0000000000000400                __LOCK_REGION_LENGTH__ = DEFINED (__LOCK_REGION_LENGTH__)?__LOCK_REGION_LENGTH__:0x400
                0x0000000000000400                __SIGNATURE_REGION_LENGTH__ = DEFINED (__SIGNATURE_REGION_LENGTH__)?__SIGNATURE_REGION_LENGTH__:0x400
                0x0000000000000400                __USER_SIGNATURE_REGION_LENGTH__ = DEFINED (__USER_SIGNATURE_REGION_LENGTH__)?__USER_SIGNATURE_REGION_LENGTH__:0x400

.hash
 *(.hash)

.dynsym
 *(.dynsym)

.dynstr
 *(.dynstr)

.gnu.version
 *(.gnu.version)

.gnu.version_d
 *(.gnu.version_d)

.gnu.version_r
 *(.gnu.version_r)

.rel.init
 *(.rel.init)

.rela.init
 *(.rela.init)

.rel.text
 *(.rel.text)
 *(.rel.text.*)
 *(.rel.gnu.linkonce.t*)

.rela.text
 *(.rela.text)
 *(.rela.text.*)
 *(.rela.gnu.linkonce.t*)

.rel.fini
 *(.rel.fini)

.rela.fini
 *(.rela.fini)

.rel.rodata
 *(.rel.rodata)
 *(.rel.rodata.*)
 *(.rel.gnu.linkonce.r*)

.rela.rodata
 *(.rela.rodata)
 *(.rela.rodata.*)
 *(.rela.gnu.linkonce.r*)

.rel.data
 *(.rel.data)
 *(.rel.data.*)
 *(.rel.gnu.linkonce.d*)

.rela.data
 *(.rela.data)
 *(.rela.data.*)
 *(.rela.gnu.linkonce.d*)

.rel.ctors
 *(.rel.ctors)

.rela.ctors
 *(.rela.ctors)

.rel.dtors
 *(.rel.dtors)

.rela.dtors
 *(.rela.dtors)

.rel.got
 *(.rel.got)

.rela.got
 *(.rela.got)

.rel.bss
 *(.rel.bss)

.rela.bss
 *(.rela.bss)

.rel.plt
 *(.rel.plt)

.rela.plt
 *(.rela.plt)

.text           0x0000000000000000     0x63a8
 *(.vectors)
 .vectors       0x0000000000000000       0xac /usr/lib/gcc/avr/5.4.0/../../../avr/lib/avr5/crtatmega32u4.o
                0x0000000000000000                __vectors
                0x0000000000000000                __vector_default
 *(.vectors)
 *(.progmem.gcc*)
 .progmem.gcc_sw_table.process_action
                0x00000000000000ac       0x18 .build/obj_redox_rev1_base_ad/quantum/action.o
 .progmem.gcc_sw_table.process_rgb
                0x00000000000000c4       0x2a .build/obj_redox_rev1_base_ad/quantum/process_keycode/process_rgb.o
 .progmem.gcc_sw_table.process_unicode_common
                0x00000000000000ee       0x10 .build/obj_redox_rev1_base_ad/quantum/process_keycode/process_unicode_common.o
 .progmem.gcc_sw_table.process_magic
                0x00000000000000fe       0x44 .build/obj_redox_rev1_base_ad/quantum/process_keycode/process_magic.o
 .progmem.gcc_sw_table.process_space_cadet
                0x0000000000000142        0xe .build/obj_redox_rev1_base_ad/quantum/process_keycode/process_space_cadet.o
 .progmem.gcc_sw_table.USB_Device_ProcessControlRequest
                0x0000000000000150       0x14 .build/obj_redox_rev1_base_ad/lib/lufa/LUFA/Drivers/USB/Core/DeviceStandardReq.o
                0x0000000000000164                . = ALIGN (0x2)
                0x0000000000000164                __trampolines_start = .
 *(.trampolines)
 .trampolines   0x0000000000000164        0x0 linker stubs
 *(.trampolines*)
                0x0000000000000164                __trampolines_end = .
 *libprintf_flt.a:*(.progmem.data)
 *libc.a:*(.progmem.data)
 *(.progmem*)
 .progmem.data.__c.4870
                0x0000000000000164        0x7 .build/obj_redox_rev1_base_ad/quantum/keymap_introspection.o
 .progmem.data.__c.4867
                0x000000000000016b        0xb .build/obj_redox_rev1_base_ad/quantum/keymap_introspection.o
 .progmem.data.__c.4864
                0x0000000000000176        0xe .build/obj_redox_rev1_base_ad/quantum/keymap_introspection.o
 .progmem.data.keymaps
                0x0000000000000184      0x2bc .build/obj_redox_rev1_base_ad/quantum/keymap_introspection.o
                0x0000000000000184                keymaps
 .progmem.data.CIE1931_CURVE
                0x0000000000000440      0x100 .build/obj_redox_rev1_base_ad/quantum/led_tables.o
                0x0000000000000440                CIE1931_CURVE
 .progmem.data.ascii_to_keycode_lut
                0x0000000000000540       0x80 .build/obj_redox_rev1_base_ad/quantum/send_string/send_string.o
                0x0000000000000540                ascii_to_keycode_lut
 .progmem.data.ascii_to_dead_lut
                0x00000000000005c0       0x10 .build/obj_redox_rev1_base_ad/quantum/send_string/send_string.o
                0x00000000000005c0                ascii_to_dead_lut
 .progmem.data.ascii_to_altgr_lut
                0x00000000000005d0       0x10 .build/obj_redox_rev1_base_ad/quantum/send_string/send_string.o
                0x00000000000005d0                ascii_to_altgr_lut
 .progmem.data.ascii_to_shift_lut
                0x00000000000005e0       0x10 .build/obj_redox_rev1_base_ad/quantum/send_string/send_string.o
                0x00000000000005e0                ascii_to_shift_lut
 .progmem.data.ProductString
                0x00000000000005f0       0x22 .build/obj_redox_rev1_base_ad/usb_descriptor.o
                0x00000000000005f0                ProductString
 .progmem.data.ManufacturerString
                0x0000000000000612       0x14 .build/obj_redox_rev1_base_ad/usb_descriptor.o
                0x0000000000000612                ManufacturerString
 .progmem.data.LanguageString
                0x0000000000000626        0x4 .build/obj_redox_rev1_base_ad/usb_descriptor.o
                0x0000000000000626                LanguageString
 .progmem.data.ConfigurationDescriptor
                0x000000000000062a       0x3b .build/obj_redox_rev1_base_ad/usb_descriptor.o
                0x000000000000062a                ConfigurationDescriptor
 .progmem.data.DeviceDescriptor
                0x0000000000000665       0x12 .build/obj_redox_rev1_base_ad/usb_descriptor.o
                0x0000000000000665                DeviceDescriptor
 .progmem.data.SharedReport
                0x0000000000000677       0x7b .build/obj_redox_rev1_base_ad/usb_descriptor.o
                0x0000000000000677                SharedReport
 .progmem.data.KeyboardReport
                0x00000000000006f2       0x44 .build/obj_redox_rev1_base_ad/usb_descriptor.o
                0x00000000000006f2                KeyboardReport
                0x0000000000000736                . = ALIGN (0x2)
 *(.jumptables)
 *(.jumptables*)
 *(.lowtext)
 *(.lowtext*)
                0x0000000000000736                __ctors_start = .
 *(.ctors)
                0x0000000000000736                __ctors_end = .
                0x0000000000000736                __dtors_start = .
 *(.dtors)
                0x0000000000000736                __dtors_end = .
 SORT(*)(.ctors)
 SORT(*)(.dtors)
 *(.init0)
 .init0         0x0000000000000736        0x0 /usr/lib/gcc/avr/5.4.0/../../../avr/lib/avr5/crtatmega32u4.o
                0x0000000000000736                __init
 *(.init0)
 *(.init1)
 *(.init1)
 *(.init2)
 .init2         0x0000000000000736        0xc /usr/lib/gcc/avr/5.4.0/../../../avr/lib/avr5/crtatmega32u4.o
 *(.init2)
 *(.init3)
 *(.init3)
 *(.init4)
 .init4         0x0000000000000742       0x16 /usr/lib/gcc/avr/5.4.0/avr5/libgcc.a(_copy_data.o)
                0x0000000000000742                __do_copy_data
 .init4         0x0000000000000758       0x10 /usr/lib/gcc/avr/5.4.0/avr5/libgcc.a(_clear_bss.o)
                0x0000000000000758                __do_clear_bss
 *(.init4)
 *(.init5)
 *(.init5)
 *(.init6)
 *(.init6)
 *(.init7)
 *(.init7)
 *(.init8)
 *(.init8)
 *(.init9)
 .init9         0x0000000000000768        0x8 /usr/lib/gcc/avr/5.4.0/../../../avr/lib/avr5/crtatmega32u4.o
 *(.init9)
 *(.text)
 .text          0x0000000000000770        0x4 /usr/lib/gcc/avr/5.4.0/../../../avr/lib/avr5/crtatmega32u4.o
                0x0000000000000770                __vector_38
                0x0000000000000770                __vector_22
                0x0000000000000770                __vector_28
                0x0000000000000770                __vector_32
                0x0000000000000770                __vector_34
                0x0000000000000770                __vector_24
                0x0000000000000770                __bad_interrupt
                0x0000000000000770                __vector_6
                0x0000000000000770                __vector_31
                0x0000000000000770                __vector_35
                0x0000000000000770                __vector_39
                0x0000000000000770                __vector_3
                0x0000000000000770                __vector_23
                0x0000000000000770                __vector_30
                0x0000000000000770                __vector_25
                0x0000000000000770                __vector_13
                0x0000000000000770                __vector_17
                0x0000000000000770                __vector_19
                0x0000000000000770                __vector_7
                0x0000000000000770                __vector_41
                0x0000000000000770                __vector_27
                0x0000000000000770                __vector_5
                0x0000000000000770                __vector_33
                0x0000000000000770                __vector_37
                0x0000000000000770                __vector_4
                0x0000000000000770                __vector_9
                0x0000000000000770                __vector_2
                0x0000000000000770                __vector_15
                0x0000000000000770                __vector_36
                0x0000000000000770                __vector_29
                0x0000000000000770                __vector_40
                0x0000000000000770                __vector_8
                0x0000000000000770                __vector_26
                0x0000000000000770                __vector_14
                0x0000000000000770                __vector_16
                0x0000000000000770                __vector_18
                0x0000000000000770                __vector_20
                0x0000000000000770                __vector_42
                0x0000000000000774                . = ALIGN (0x2)
 *(.text.*)
 .text.process_record_user
                0x0000000000000774      0x11e .build/obj_redox_rev1_base_ad/quantum/keymap_introspection.o
                0x0000000000000774                process_record_user
 .text.keycode_at_keymap_location_raw
                0x0000000000000892       0x36 .build/obj_redox_rev1_base_ad/quantum/keymap_introspection.o
                0x0000000000000892                keycode_at_keymap_location_raw
 .text.keycode_at_keymap_location
                0x00000000000008c8        0x6 .build/obj_redox_rev1_base_ad/quantum/keymap_introspection.o
                0x00000000000008c8                keycode_at_keymap_location
 .text.extract_mod_bits
                0x00000000000008ce       0x5a .build/obj_redox_rev1_base_ad/quantum/quantum.o
                0x00000000000008ce                extract_mod_bits
 .text.do_code16
                0x0000000000000928       0x14 .build/obj_redox_rev1_base_ad/quantum/quantum.o
                0x0000000000000928                do_code16
 .text.register_code16
                0x000000000000093c       0x2e .build/obj_redox_rev1_base_ad/quantum/quantum.o
                0x000000000000093c                register_code16
 .text.unregister_code16
                0x000000000000096a       0x2e .build/obj_redox_rev1_base_ad/quantum/quantum.o
                0x000000000000096a                unregister_code16
 .text.tap_code16_delay
                0x0000000000000998       0x34 .build/obj_redox_rev1_base_ad/quantum/quantum.o
                0x0000000000000998                tap_code16_delay
 .text.tap_code16
                0x00000000000009cc       0x16 .build/obj_redox_rev1_base_ad/quantum/quantum.o
                0x00000000000009cc                tap_code16
 .text.process_action_kb
                0x00000000000009e2        0x4 .build/obj_redox_rev1_base_ad/quantum/quantum.o
                0x00000000000009e2                process_action_kb
 .text.process_record_user
                0x00000000000009e6        0x4 .build/obj_redox_rev1_base_ad/quantum/quantum.o
 .text.pre_process_record_user
                0x00000000000009ea        0x6 .build/obj_redox_rev1_base_ad/quantum/quantum.o
                0x00000000000009ea                pre_process_record_user
 .text.pre_process_record_kb
                0x00000000000009f0        0x6 .build/obj_redox_rev1_base_ad/quantum/quantum.o
                0x00000000000009f0                pre_process_record_kb
 .text.process_record_kb
                0x00000000000009f6        0x6 .build/obj_redox_rev1_base_ad/quantum/quantum.o
                0x00000000000009f6                process_record_kb
 .text.post_process_record_user
                0x00000000000009fc        0x2 .build/obj_redox_rev1_base_ad/quantum/quantum.o
                0x00000000000009fc                post_process_record_user
 .text.post_process_record_kb
                0x00000000000009fe        0x6 .build/obj_redox_rev1_base_ad/quantum/quantum.o
                0x00000000000009fe                post_process_record_kb
 .text.get_event_keycode
                0x0000000000000a04       0x5c .build/obj_redox_rev1_base_ad/quantum/quantum.o
                0x0000000000000a04                get_event_keycode
 .text.get_record_keycode
                0x0000000000000a60       0x16 .build/obj_redox_rev1_base_ad/quantum/quantum.o
                0x0000000000000a60                get_record_keycode
 .text.pre_process_record_quantum
                0x0000000000000a76       0x18 .build/obj_redox_rev1_base_ad/quantum/quantum.o
                0x0000000000000a76                pre_process_record_quantum
 .text.post_process_record_quantum
                0x0000000000000a8e       0x18 .build/obj_redox_rev1_base_ad/quantum/quantum.o
                0x0000000000000a8e                post_process_record_quantum
 .text.shutdown_user
                0x0000000000000aa6        0x2 .build/obj_redox_rev1_base_ad/quantum/quantum.o
                0x0000000000000aa6                shutdown_user
 .text.shutdown_quantum
                0x0000000000000aa8       0x1c .build/obj_redox_rev1_base_ad/quantum/quantum.o
                0x0000000000000aa8                shutdown_quantum
 .text.reset_keyboard
                0x0000000000000ac4        0xa .build/obj_redox_rev1_base_ad/quantum/quantum.o
                0x0000000000000ac4                reset_keyboard
 .text.soft_reset_keyboard
                0x0000000000000ace        0xa .build/obj_redox_rev1_base_ad/quantum/quantum.o
                0x0000000000000ace                soft_reset_keyboard
 .text.process_record_quantum
                0x0000000000000ad8       0xe4 .build/obj_redox_rev1_base_ad/quantum/quantum.o
                0x0000000000000ad8                process_record_quantum
 .text.suspend_power_down_quantum
                0x0000000000000bbc        0xa .build/obj_redox_rev1_base_ad/quantum/quantum.o
                0x0000000000000bbc                suspend_power_down_quantum
 .text.suspend_wakeup_init_quantum
                0x0000000000000bc6        0xa .build/obj_redox_rev1_base_ad/quantum/quantum.o
                0x0000000000000bc6                suspend_wakeup_init_quantum
 .text.led_set_user
                0x0000000000000bd0        0x2 .build/obj_redox_rev1_base_ad/quantum/led.o
                0x0000000000000bd0                led_set_user
 .text.led_update_user
                0x0000000000000bd2        0x4 .build/obj_redox_rev1_base_ad/quantum/led.o
                0x0000000000000bd2                led_update_user
 .text.led_update_ports
                0x0000000000000bd6        0x2 .build/obj_redox_rev1_base_ad/quantum/led.o
                0x0000000000000bd6                led_update_ports
 .text.led_update_kb
                0x0000000000000bd8       0x1e .build/obj_redox_rev1_base_ad/quantum/led.o
                0x0000000000000bd8                led_update_kb
 .text.led_init_ports
                0x0000000000000bf6        0x2 .build/obj_redox_rev1_base_ad/quantum/led.o
                0x0000000000000bf6                led_init_ports
 .text.led_set  0x0000000000000bf8       0x12 .build/obj_redox_rev1_base_ad/quantum/led.o
                0x0000000000000bf8                led_set
 .text.led_suspend
                0x0000000000000c0a        0x8 .build/obj_redox_rev1_base_ad/quantum/led.o
                0x0000000000000c0a                led_suspend
 .text.led_wakeup
                0x0000000000000c12        0xa .build/obj_redox_rev1_base_ad/quantum/led.o
                0x0000000000000c12                led_wakeup
 .text.led_task
                0x0000000000000c1c       0x32 .build/obj_redox_rev1_base_ad/quantum/led.o
                0x0000000000000c1c                led_task
 .text.action_exec
                0x0000000000000c4e       0x66 .build/obj_redox_rev1_base_ad/quantum/action.o
                0x0000000000000c4e                action_exec
 .text.process_record_tap_hint
                0x0000000000000cb4       0x12 .build/obj_redox_rev1_base_ad/quantum/action.o
                0x0000000000000cb4                process_record_tap_hint
 .text.register_mouse
                0x0000000000000cc6       0x14 .build/obj_redox_rev1_base_ad/quantum/action.o
                0x0000000000000cc6                register_mouse
 .text.register_code
                0x0000000000000cda      0x15e .build/obj_redox_rev1_base_ad/quantum/action.o
                0x0000000000000cda                register_code
 .text.unregister_code
                0x0000000000000e38       0xd8 .build/obj_redox_rev1_base_ad/quantum/action.o
                0x0000000000000e38                unregister_code
 .text.tap_code_delay
                0x0000000000000f10       0x30 .build/obj_redox_rev1_base_ad/quantum/action.o
                0x0000000000000f10                tap_code_delay
 .text.tap_code
                0x0000000000000f40       0x14 .build/obj_redox_rev1_base_ad/quantum/action.o
                0x0000000000000f40                tap_code
 .text.register_mods
                0x0000000000000f54        0xe .build/obj_redox_rev1_base_ad/quantum/action.o
                0x0000000000000f54                register_mods
 .text.unregister_mods
                0x0000000000000f62        0xe .build/obj_redox_rev1_base_ad/quantum/action.o
                0x0000000000000f62                unregister_mods
 .text.process_action
                0x0000000000000f70      0x3f2 .build/obj_redox_rev1_base_ad/quantum/action.o
                0x0000000000000f70                process_action
 .text.process_record_handler
                0x0000000000001362       0x30 .build/obj_redox_rev1_base_ad/quantum/action.o
                0x0000000000001362                process_record_handler
 .text.process_record
                0x0000000000001392       0x46 .build/obj_redox_rev1_base_ad/quantum/action.o
                0x0000000000001392                process_record
 .text.register_weak_mods
                0x00000000000013d8        0xe .build/obj_redox_rev1_base_ad/quantum/action.o
                0x00000000000013d8                register_weak_mods
 .text.unregister_weak_mods
                0x00000000000013e6        0xe .build/obj_redox_rev1_base_ad/quantum/action.o
                0x00000000000013e6                unregister_weak_mods
 .text.clear_keyboard_but_mods_and_keys
                0x00000000000013f4       0x22 .build/obj_redox_rev1_base_ad/quantum/action.o
                0x00000000000013f4                clear_keyboard_but_mods_and_keys
 .text.clear_keyboard_but_mods
                0x0000000000001416       0x12 .build/obj_redox_rev1_base_ad/quantum/action.o
                0x0000000000001416                clear_keyboard_but_mods
 .text.clear_keyboard
                0x0000000000001428        0xa .build/obj_redox_rev1_base_ad/quantum/action.o
                0x0000000000001428                clear_keyboard
 .text.is_tap_action
                0x0000000000001432       0x36 .build/obj_redox_rev1_base_ad/quantum/action.o
                0x0000000000001432                is_tap_action
 .text.is_tap_record
                0x0000000000001468       0x1a .build/obj_redox_rev1_base_ad/quantum/action.o
                0x0000000000001468                is_tap_record
 .text.debug_event
                0x0000000000001482       0x14 .build/obj_redox_rev1_base_ad/quantum/action.o
                0x0000000000001482                debug_event
 .text.debug_record
                0x0000000000001496       0x14 .build/obj_redox_rev1_base_ad/quantum/action.o
                0x0000000000001496                debug_record
 .text.default_layer_debug
                0x00000000000014aa        0x2 .build/obj_redox_rev1_base_ad/quantum/action_layer.o
                0x00000000000014aa                default_layer_debug
 .text.layer_state_set_user
                0x00000000000014ac        0x2 .build/obj_redox_rev1_base_ad/quantum/action_layer.o
                0x00000000000014ac                layer_state_set_user
 .text.default_layer_state_set_user
                0x00000000000014ae        0x6 .build/obj_redox_rev1_base_ad/quantum/action_layer.o
                0x00000000000014ae                default_layer_state_set_user
 .text.default_layer_state_set_kb
                0x00000000000014b4        0x6 .build/obj_redox_rev1_base_ad/quantum/action_layer.o
                0x00000000000014b4                default_layer_state_set_kb
 .text.default_layer_state_set
                0x00000000000014ba        0xe .build/obj_redox_rev1_base_ad/quantum/action_layer.o
 .text.default_layer_set
                0x00000000000014c8        0x6 .build/obj_redox_rev1_base_ad/quantum/action_layer.o
                0x00000000000014c8                default_layer_set
 .text.default_layer_or
                0x00000000000014ce       0x12 .build/obj_redox_rev1_base_ad/quantum/action_layer.o
                0x00000000000014ce                default_layer_or
 .text.default_layer_and
                0x00000000000014e0       0x12 .build/obj_redox_rev1_base_ad/quantum/action_layer.o
                0x00000000000014e0                default_layer_and
 .text.default_layer_xor
                0x00000000000014f2       0x12 .build/obj_redox_rev1_base_ad/quantum/action_layer.o
                0x00000000000014f2                default_layer_xor
 .text.layer_state_set_kb
                0x0000000000001504        0x6 .build/obj_redox_rev1_base_ad/quantum/action_layer.o
                0x0000000000001504                layer_state_set_kb
 .text.layer_state_set
                0x000000000000150a        0xe .build/obj_redox_rev1_base_ad/quantum/action_layer.o
                0x000000000000150a                layer_state_set
 .text.layer_clear
                0x0000000000001518        0xa .build/obj_redox_rev1_base_ad/quantum/action_layer.o
                0x0000000000001518                layer_clear
 .text.layer_move
                0x0000000000001522       0x18 .build/obj_redox_rev1_base_ad/quantum/action_layer.o
                0x0000000000001522                layer_move
 .text.layer_on
                0x000000000000153a       0x20 .build/obj_redox_rev1_base_ad/quantum/action_layer.o
                0x000000000000153a                layer_on
 .text.layer_off
                0x000000000000155a       0x24 .build/obj_redox_rev1_base_ad/quantum/action_layer.o
                0x000000000000155a                layer_off
 .text.layer_invert
                0x000000000000157e       0x20 .build/obj_redox_rev1_base_ad/quantum/action_layer.o
                0x000000000000157e                layer_invert
 .text.layer_or
                0x000000000000159e       0x12 .build/obj_redox_rev1_base_ad/quantum/action_layer.o
                0x000000000000159e                layer_or
 .text.layer_and
                0x00000000000015b0       0x12 .build/obj_redox_rev1_base_ad/quantum/action_layer.o
                0x00000000000015b0                layer_and
 .text.layer_xor
                0x00000000000015c2       0x12 .build/obj_redox_rev1_base_ad/quantum/action_layer.o
                0x00000000000015c2                layer_xor
 .text.layer_debug
                0x00000000000015d4        0x2 .build/obj_redox_rev1_base_ad/quantum/action_layer.o
                0x00000000000015d4                layer_debug
 .text.update_source_layers_cache_impl
                0x00000000000015d6       0x56 .build/obj_redox_rev1_base_ad/quantum/action_layer.o
                0x00000000000015d6                update_source_layers_cache_impl
 .text.read_source_layers_cache_impl
                0x000000000000162c       0x4e .build/obj_redox_rev1_base_ad/quantum/action_layer.o
                0x000000000000162c                read_source_layers_cache_impl
 .text.update_source_layers_cache
                0x000000000000167a       0x24 .build/obj_redox_rev1_base_ad/quantum/action_layer.o
                0x000000000000167a                update_source_layers_cache
 .text.read_source_layers_cache
                0x000000000000169e       0x24 .build/obj_redox_rev1_base_ad/quantum/action_layer.o
                0x000000000000169e                read_source_layers_cache
 .text.layer_switch_get_layer
                0x00000000000016c2       0x64 .build/obj_redox_rev1_base_ad/quantum/action_layer.o
                0x00000000000016c2                layer_switch_get_layer
 .text.layer_switch_get_action
                0x0000000000001726       0x16 .build/obj_redox_rev1_base_ad/quantum/action_layer.o
                0x0000000000001726                layer_switch_get_action
 .text.store_or_get_action
                0x000000000000173c       0x46 .build/obj_redox_rev1_base_ad/quantum/action_layer.o
                0x000000000000173c                store_or_get_action
 .text.debug_waiting_buffer
                0x0000000000001782       0x44 .build/obj_redox_rev1_base_ad/quantum/action_tapping.o
 .text.debug_tapping_key
                0x00000000000017c6       0x22 .build/obj_redox_rev1_base_ad/quantum/action_tapping.o
 .text.waiting_buffer_scan_tap
                0x00000000000017e8       0xb2 .build/obj_redox_rev1_base_ad/quantum/action_tapping.o
 .text.waiting_buffer_typed.isra.2
                0x000000000000189a       0x40 .build/obj_redox_rev1_base_ad/quantum/action_tapping.o
 .text.process_tapping
                0x00000000000018da      0x348 .build/obj_redox_rev1_base_ad/quantum/action_tapping.o
 .text.action_tapping_process
                0x0000000000001c22      0x10a .build/obj_redox_rev1_base_ad/quantum/action_tapping.o
                0x0000000000001c22                action_tapping_process
 .text.get_oneshot_layer
                0x0000000000001d2c        0xc .build/obj_redox_rev1_base_ad/quantum/action_util.o
                0x0000000000001d2c                get_oneshot_layer
 .text.get_oneshot_layer_state
                0x0000000000001d38        0x8 .build/obj_redox_rev1_base_ad/quantum/action_util.o
                0x0000000000001d38                get_oneshot_layer_state
 .text.is_oneshot_layer_active
                0x0000000000001d40        0xe .build/obj_redox_rev1_base_ad/quantum/action_util.o
                0x0000000000001d40                is_oneshot_layer_active
 .text.get_mods
                0x0000000000001d4e        0x6 .build/obj_redox_rev1_base_ad/quantum/action_util.o
                0x0000000000001d4e                get_mods
 .text.add_mods
                0x0000000000001d54        0xc .build/obj_redox_rev1_base_ad/quantum/action_util.o
                0x0000000000001d54                add_mods
 .text.del_mods
                0x0000000000001d60        0xe .build/obj_redox_rev1_base_ad/quantum/action_util.o
                0x0000000000001d60                del_mods
 .text.set_mods
                0x0000000000001d6e        0x6 .build/obj_redox_rev1_base_ad/quantum/action_util.o
                0x0000000000001d6e                set_mods
 .text.clear_mods
                0x0000000000001d74        0x6 .build/obj_redox_rev1_base_ad/quantum/action_util.o
                0x0000000000001d74                clear_mods
 .text.get_weak_mods
                0x0000000000001d7a        0x6 .build/obj_redox_rev1_base_ad/quantum/action_util.o
                0x0000000000001d7a                get_weak_mods
 .text.add_weak_mods
                0x0000000000001d80        0xc .build/obj_redox_rev1_base_ad/quantum/action_util.o
                0x0000000000001d80                add_weak_mods
 .text.del_weak_mods
                0x0000000000001d8c        0xe .build/obj_redox_rev1_base_ad/quantum/action_util.o
                0x0000000000001d8c                del_weak_mods
 .text.clear_weak_mods
                0x0000000000001d9a        0x6 .build/obj_redox_rev1_base_ad/quantum/action_util.o
                0x0000000000001d9a                clear_weak_mods
 .text.get_oneshot_mods
                0x0000000000001da0        0x6 .build/obj_redox_rev1_base_ad/quantum/action_util.o
                0x0000000000001da0                get_oneshot_mods
 .text.oneshot_layer_changed_user
                0x0000000000001da6        0x2 .build/obj_redox_rev1_base_ad/quantum/action_util.o
                0x0000000000001da6                oneshot_layer_changed_user
 .text.oneshot_mods_changed_user
                0x0000000000001da8        0x6 .build/obj_redox_rev1_base_ad/quantum/action_util.o
                0x0000000000001da8                oneshot_mods_changed_user
 .text.oneshot_mods_changed_kb
                0x0000000000001dae        0x6 .build/obj_redox_rev1_base_ad/quantum/action_util.o
                0x0000000000001dae                oneshot_mods_changed_kb
 .text.add_oneshot_mods
                0x0000000000001db4       0x18 .build/obj_redox_rev1_base_ad/quantum/action_util.o
                0x0000000000001db4                add_oneshot_mods
 .text.del_oneshot_mods
                0x0000000000001dcc       0x18 .build/obj_redox_rev1_base_ad/quantum/action_util.o
                0x0000000000001dcc                del_oneshot_mods
 .text.clear_oneshot_mods
                0x0000000000001de4       0x14 .build/obj_redox_rev1_base_ad/quantum/action_util.o
                0x0000000000001de4                clear_oneshot_mods
 .text.send_keyboard_report
                0x0000000000001df8       0x82 .build/obj_redox_rev1_base_ad/quantum/action_util.o
                0x0000000000001df8                send_keyboard_report
 .text.oneshot_locked_mods_changed_user
                0x0000000000001e7a        0x6 .build/obj_redox_rev1_base_ad/quantum/action_util.o
                0x0000000000001e7a                oneshot_locked_mods_changed_user
 .text.oneshot_locked_mods_changed_kb
                0x0000000000001e80        0x6 .build/obj_redox_rev1_base_ad/quantum/action_util.o
                0x0000000000001e80                oneshot_locked_mods_changed_kb
 .text.del_oneshot_locked_mods
                0x0000000000001e86       0x18 .build/obj_redox_rev1_base_ad/quantum/action_util.o
                0x0000000000001e86                del_oneshot_locked_mods
 .text.oneshot_layer_changed_kb
                0x0000000000001e9e        0x6 .build/obj_redox_rev1_base_ad/quantum/action_util.o
                0x0000000000001e9e                oneshot_layer_changed_kb
 .text.set_oneshot_layer
                0x0000000000001ea4       0x30 .build/obj_redox_rev1_base_ad/quantum/action_util.o
                0x0000000000001ea4                set_oneshot_layer
 .text.reset_oneshot_layer
                0x0000000000001ed4        0xc .build/obj_redox_rev1_base_ad/quantum/action_util.o
                0x0000000000001ed4                reset_oneshot_layer
 .text.clear_oneshot_layer_state
                0x0000000000001ee0       0x2e .build/obj_redox_rev1_base_ad/quantum/action_util.o
                0x0000000000001ee0                clear_oneshot_layer_state
 .text.oneshot_set
                0x0000000000001f0e       0x2a .build/obj_redox_rev1_base_ad/quantum/action_util.o
                0x0000000000001f0e                oneshot_set
 .text.oneshot_toggle
                0x0000000000001f38       0x14 .build/obj_redox_rev1_base_ad/quantum/action_util.o
                0x0000000000001f38                oneshot_toggle
 .text.oneshot_enable
                0x0000000000001f4c        0x8 .build/obj_redox_rev1_base_ad/quantum/action_util.o
                0x0000000000001f4c                oneshot_enable
 .text.oneshot_disable
                0x0000000000001f54        0x8 .build/obj_redox_rev1_base_ad/quantum/action_util.o
                0x0000000000001f54                oneshot_disable
 .text.eeconfig_disable
                0x0000000000001f5c        0xe .build/obj_redox_rev1_base_ad/quantum/eeconfig.o
                0x0000000000001f5c                eeconfig_disable
 .text.eeconfig_is_enabled
                0x0000000000001f6a       0x16 .build/obj_redox_rev1_base_ad/quantum/eeconfig.o
                0x0000000000001f6a                eeconfig_is_enabled
 .text.eeconfig_read_debug
                0x0000000000001f80        0xa .build/obj_redox_rev1_base_ad/quantum/eeconfig.o
                0x0000000000001f80                eeconfig_read_debug
 .text.eeconfig_read_default_layer
                0x0000000000001f8a        0xa .build/obj_redox_rev1_base_ad/quantum/eeconfig.o
                0x0000000000001f8a                eeconfig_read_default_layer
 .text.eeconfig_read_keymap
                0x0000000000001f94        0xa .build/obj_redox_rev1_base_ad/quantum/eeconfig.o
                0x0000000000001f94                eeconfig_read_keymap
 .text.eeconfig_update_keymap
                0x0000000000001f9e        0xc .build/obj_redox_rev1_base_ad/quantum/eeconfig.o
                0x0000000000001f9e                eeconfig_update_keymap
 .text.eeconfig_update_kb
                0x0000000000001faa        0xe .build/obj_redox_rev1_base_ad/quantum/eeconfig.o
                0x0000000000001faa                eeconfig_update_kb
 .text.eeconfig_update_user
                0x0000000000001fb8        0xe .build/obj_redox_rev1_base_ad/quantum/eeconfig.o
                0x0000000000001fb8                eeconfig_update_user
 .text.eeconfig_init_user
                0x0000000000001fc6        0xc .build/obj_redox_rev1_base_ad/quantum/eeconfig.o
                0x0000000000001fc6                eeconfig_init_user
 .text.eeconfig_init_kb
                0x0000000000001fd2       0x10 .build/obj_redox_rev1_base_ad/quantum/eeconfig.o
                0x0000000000001fd2                eeconfig_init_kb
 .text.eeconfig_init_quantum
                0x0000000000001fe2       0xc4 .build/obj_redox_rev1_base_ad/quantum/eeconfig.o
                0x0000000000001fe2                eeconfig_init_quantum
 .text.eeconfig_init
                0x00000000000020a6        0x6 .build/obj_redox_rev1_base_ad/quantum/eeconfig.o
                0x00000000000020a6                eeconfig_init
 .text.eeconfig_update_handedness
                0x00000000000020ac        0xc .build/obj_redox_rev1_base_ad/quantum/eeconfig.o
                0x00000000000020ac                eeconfig_update_handedness
 .text.generate_tick_event
                0x00000000000020b8       0x48 .build/obj_redox_rev1_base_ad/quantum/keyboard.o
 .text.last_matrix_activity_trigger
                0x0000000000002100       0x26 .build/obj_redox_rev1_base_ad/quantum/keyboard.o
                0x0000000000002100                last_matrix_activity_trigger
 .text.matrix_can_read
                0x0000000000002126        0x4 .build/obj_redox_rev1_base_ad/quantum/keyboard.o
                0x0000000000002126                matrix_can_read
 .text.should_process_keypress
                0x000000000000212a        0x6 .build/obj_redox_rev1_base_ad/quantum/keyboard.o
                0x000000000000212a                should_process_keypress
 .text.housekeeping_task_user
                0x0000000000002130        0x2 .build/obj_redox_rev1_base_ad/quantum/keyboard.o
                0x0000000000002130                housekeeping_task_user
 .text.housekeeping_task_kb
                0x0000000000002132        0x6 .build/obj_redox_rev1_base_ad/quantum/keyboard.o
                0x0000000000002132                housekeeping_task_kb
 .text.keyboard_post_init_user
                0x0000000000002138        0x6 .build/obj_redox_rev1_base_ad/quantum/keyboard.o
                0x0000000000002138                keyboard_post_init_user
 .text.keyboard_post_init_kb
                0x000000000000213e        0x6 .build/obj_redox_rev1_base_ad/quantum/keyboard.o
                0x000000000000213e                keyboard_post_init_kb
 .text.keyboard_pre_init_user
                0x0000000000002144        0x6 .build/obj_redox_rev1_base_ad/quantum/keyboard.o
                0x0000000000002144                keyboard_pre_init_user
 .text.keyboard_pre_init_kb
                0x000000000000214a        0x6 .build/obj_redox_rev1_base_ad/quantum/keyboard.o
                0x000000000000214a                keyboard_pre_init_kb
 .text.matrix_setup
                0x0000000000002150        0x6 .build/obj_redox_rev1_base_ad/quantum/keyboard.o
                0x0000000000002150                matrix_setup
 .text.keyboard_setup
                0x0000000000002156       0x12 .build/obj_redox_rev1_base_ad/quantum/keyboard.o
                0x0000000000002156                keyboard_setup
 .text.housekeeping_task
                0x0000000000002168        0xa .build/obj_redox_rev1_base_ad/quantum/keyboard.o
                0x0000000000002168                housekeeping_task
 .text.quantum_init
                0x0000000000002172        0xe .build/obj_redox_rev1_base_ad/quantum/keyboard.o
                0x0000000000002172                quantum_init
 .text.keyboard_init
                0x0000000000002180       0x26 .build/obj_redox_rev1_base_ad/quantum/keyboard.o
                0x0000000000002180                keyboard_init
 .text.quantum_task
                0x00000000000021a6        0xc .build/obj_redox_rev1_base_ad/quantum/keyboard.o
                0x00000000000021a6                quantum_task
 .text.keyboard_task
                0x00000000000021b2       0xd4 .build/obj_redox_rev1_base_ad/quantum/keyboard.o
                0x00000000000021b2                keyboard_task
 .text.action_for_keycode
                0x0000000000002286      0x23a .build/obj_redox_rev1_base_ad/quantum/keymap_common.o
                0x0000000000002286                action_for_keycode
 .text.keymap_key_to_keycode
                0x00000000000024c0       0x18 .build/obj_redox_rev1_base_ad/quantum/keymap_common.o
                0x00000000000024c0                keymap_key_to_keycode
 .text.action_for_key
                0x00000000000024d8        0xa .build/obj_redox_rev1_base_ad/quantum/keymap_common.o
                0x00000000000024d8                action_for_key
 .text.keycode_config
                0x00000000000024e2      0x138 .build/obj_redox_rev1_base_ad/quantum/keycode_config.o
                0x00000000000024e2                keycode_config
 .text.mod_config
                0x000000000000261a       0x9e .build/obj_redox_rev1_base_ad/quantum/keycode_config.o
                0x000000000000261a                mod_config
 .text.sync_timer_init
                0x00000000000026b8       0x12 .build/obj_redox_rev1_base_ad/quantum/sync_timer.o
                0x00000000000026b8                sync_timer_init
 .text.sync_timer_update
                0x00000000000026ca       0x3a .build/obj_redox_rev1_base_ad/quantum/sync_timer.o
                0x00000000000026ca                sync_timer_update
 .text.sync_timer_read32
                0x0000000000002704       0x34 .build/obj_redox_rev1_base_ad/quantum/sync_timer.o
                0x0000000000002704                sync_timer_read32
 .text.sendchar
                0x0000000000002738        0x4 .build/obj_redox_rev1_base_ad/quantum/logging/sendchar.o
                0x0000000000002738                sendchar
 .text.bootmagic
                0x000000000000273c        0x2 .build/obj_redox_rev1_base_ad/quantum/bootmagic/magic.o
                0x000000000000273c                bootmagic
 .text.magic    0x000000000000273e       0x3c .build/obj_redox_rev1_base_ad/quantum/bootmagic/magic.o
                0x000000000000273e                magic
 .text.matrix_get_row
                0x000000000000277a        0xc .build/obj_redox_rev1_base_ad/quantum/matrix_common.o
                0x000000000000277a                matrix_get_row
 .text.matrix_print
                0x0000000000002786        0x2 .build/obj_redox_rev1_base_ad/quantum/matrix_common.o
                0x0000000000002786                matrix_print
 .text.matrix_io_delay
                0x0000000000002788        0x8 .build/obj_redox_rev1_base_ad/quantum/matrix_common.o
                0x0000000000002788                matrix_io_delay
 .text.matrix_output_select_delay
                0x0000000000002790        0x4 .build/obj_redox_rev1_base_ad/quantum/matrix_common.o
                0x0000000000002790                matrix_output_select_delay
 .text.matrix_output_unselect_delay
                0x0000000000002794        0x6 .build/obj_redox_rev1_base_ad/quantum/matrix_common.o
                0x0000000000002794                matrix_output_unselect_delay
 .text.matrix_slave_scan_user
                0x000000000000279a        0x2 .build/obj_redox_rev1_base_ad/quantum/matrix_common.o
                0x000000000000279a                matrix_slave_scan_user
 .text.matrix_scan_user
                0x000000000000279c        0x6 .build/obj_redox_rev1_base_ad/quantum/matrix_common.o
                0x000000000000279c                matrix_scan_user
 .text.matrix_scan_kb
                0x00000000000027a2        0x6 .build/obj_redox_rev1_base_ad/quantum/matrix_common.o
                0x00000000000027a2                matrix_scan_kb
 .text.matrix_init_user
                0x00000000000027a8        0x6 .build/obj_redox_rev1_base_ad/quantum/matrix_common.o
                0x00000000000027a8                matrix_init_user
 .text.matrix_init_kb
                0x00000000000027ae        0x6 .build/obj_redox_rev1_base_ad/quantum/matrix_common.o
                0x00000000000027ae                matrix_init_kb
 .text.matrix_slave_scan_kb
                0x00000000000027b4        0x6 .build/obj_redox_rev1_base_ad/quantum/matrix_common.o
                0x00000000000027b4                matrix_slave_scan_kb
 .text.matrix_post_scan
                0x00000000000027ba       0xb6 .build/obj_redox_rev1_base_ad/quantum/matrix_common.o
                0x00000000000027ba                matrix_post_scan
 .text.setPinInputHigh_atomic
                0x0000000000002870       0x2e .build/obj_redox_rev1_base_ad/quantum/matrix.o
 .text.matrix_init_pins
                0x000000000000289e       0x40 .build/obj_redox_rev1_base_ad/quantum/matrix.o
                0x000000000000289e                matrix_init_pins
 .text.matrix_read_cols_on_row
                0x00000000000028de       0xbc .build/obj_redox_rev1_base_ad/quantum/matrix.o
                0x00000000000028de                matrix_read_cols_on_row
 .text.matrix_init
                0x000000000000299a       0x4a .build/obj_redox_rev1_base_ad/quantum/matrix.o
                0x000000000000299a                matrix_init
 .text.matrix_scan
                0x00000000000029e4       0x7c .build/obj_redox_rev1_base_ad/quantum/matrix.o
                0x00000000000029e4                matrix_scan
 .text.debounce_init
                0x0000000000002a60        0x2 .build/obj_redox_rev1_base_ad/quantum/debounce/sym_defer_g.o
                0x0000000000002a60                debounce_init
 .text.debounce
                0x0000000000002a62       0x72 .build/obj_redox_rev1_base_ad/quantum/debounce/sym_defer_g.o
                0x0000000000002a62                debounce
 .text.is_keyboard_master
                0x0000000000002ad4       0x30 .build/obj_redox_rev1_base_ad/quantum/split_common/split_util.o
                0x0000000000002ad4                is_keyboard_master
 .text.is_keyboard_left
                0x0000000000002b04        0x6 .build/obj_redox_rev1_base_ad/quantum/split_common/split_util.o
                0x0000000000002b04                is_keyboard_left
 .text.split_pre_init
                0x0000000000002b0a       0x14 .build/obj_redox_rev1_base_ad/quantum/split_common/split_util.o
                0x0000000000002b0a                split_pre_init
 .text.split_post_init
                0x0000000000002b1e        0xe .build/obj_redox_rev1_base_ad/quantum/split_common/split_util.o
                0x0000000000002b1e                split_post_init
 .text.is_transport_connected
                0x0000000000002b2c        0xe .build/obj_redox_rev1_base_ad/quantum/split_common/split_util.o
                0x0000000000002b2c                is_transport_connected
 .text.transport_master_if_connected
                0x0000000000002b3a       0x70 .build/obj_redox_rev1_base_ad/quantum/split_common/split_util.o
                0x0000000000002b3a                transport_master_if_connected
 .text.transport_master_init
                0x0000000000002baa        0x6 .build/obj_redox_rev1_base_ad/quantum/split_common/transport.o
                0x0000000000002baa                transport_master_init
 .text.transport_slave_init
                0x0000000000002bb0        0x6 .build/obj_redox_rev1_base_ad/quantum/split_common/transport.o
                0x0000000000002bb0                transport_slave_init
 .text.transport_execute_transaction
                0x0000000000002bb6       0x90 .build/obj_redox_rev1_base_ad/quantum/split_common/transport.o
                0x0000000000002bb6                transport_execute_transaction
 .text.transport_master
                0x0000000000002c46        0x6 .build/obj_redox_rev1_base_ad/quantum/split_common/transport.o
                0x0000000000002c46                transport_master
 .text.transport_slave
                0x0000000000002c4c        0x6 .build/obj_redox_rev1_base_ad/quantum/split_common/transport.o
                0x0000000000002c4c                transport_slave
 .text.sync_timer_handlers_master
                0x0000000000002c52       0x80 .build/obj_redox_rev1_base_ad/quantum/split_common/transactions.o
 .text.transaction_handler_master.isra.1
                0x0000000000002cd2       0x6a .build/obj_redox_rev1_base_ad/quantum/split_common/transactions.o
 .text.rgblight_handlers_master
                0x0000000000002d3c       0x7c .build/obj_redox_rev1_base_ad/quantum/split_common/transactions.o
 .text.slave_matrix_handlers_master
                0x0000000000002db8       0xf4 .build/obj_redox_rev1_base_ad/quantum/split_common/transactions.o
 .text.transactions_master
                0x0000000000002eac       0x42 .build/obj_redox_rev1_base_ad/quantum/split_common/transactions.o
                0x0000000000002eac                transactions_master
 .text.transactions_slave
                0x0000000000002eee       0x96 .build/obj_redox_rev1_base_ad/quantum/split_common/transactions.o
                0x0000000000002eee                transactions_slave
 .text.protocol_init
                0x0000000000002f84        0xe .build/obj_redox_rev1_base_ad/quantum/main.o
                0x0000000000002f84                protocol_init
 .text.protocol_task
                0x0000000000002f92        0xe .build/obj_redox_rev1_base_ad/quantum/main.o
                0x0000000000002f92                protocol_task
 .text.startup.main
                0x0000000000002fa0       0x1a .build/obj_redox_rev1_base_ad/quantum/main.o
                0x0000000000002fa0                main
 .text.print_set_sendchar
                0x0000000000002fba        0xa .build/obj_redox_rev1_base_ad/platforms/avr/printf.o
                0x0000000000002fba                print_set_sendchar
 .text.times_inv_sqrt2
                0x0000000000002fc4       0x1c .build/obj_redox_rev1_base_ad/quantum/mousekey.o
 .text.move_unit
                0x0000000000002fe0       0x7e .build/obj_redox_rev1_base_ad/quantum/mousekey.o
 .text.wheel_unit
                0x000000000000305e       0x72 .build/obj_redox_rev1_base_ad/quantum/mousekey.o
 .text.mousekey_on
                0x00000000000030d0       0xb6 .build/obj_redox_rev1_base_ad/quantum/mousekey.o
                0x00000000000030d0                mousekey_on
 .text.mousekey_off
                0x0000000000003186       0xee .build/obj_redox_rev1_base_ad/quantum/mousekey.o
                0x0000000000003186                mousekey_off
 .text.mousekey_send
                0x0000000000003274       0x3e .build/obj_redox_rev1_base_ad/quantum/mousekey.o
                0x0000000000003274                mousekey_send
 .text.mousekey_clear
                0x00000000000032b2       0x1c .build/obj_redox_rev1_base_ad/quantum/mousekey.o
                0x00000000000032b2                mousekey_clear
 .text.should_mousekey_report_send
                0x00000000000032ce       0x28 .build/obj_redox_rev1_base_ad/quantum/mousekey.o
                0x00000000000032ce                should_mousekey_report_send
 .text.mousekey_task
                0x00000000000032f6      0x1dc .build/obj_redox_rev1_base_ad/quantum/mousekey.o
                0x00000000000032f6                mousekey_task
 .text.hsv_to_rgb_impl
                0x00000000000034d2      0x11c .build/obj_redox_rev1_base_ad/quantum/color.o
                0x00000000000034d2                hsv_to_rgb_impl
 .text.hsv_to_rgb
                0x00000000000035ee        0x8 .build/obj_redox_rev1_base_ad/quantum/color.o
                0x00000000000035ee                hsv_to_rgb
 .text.rgblight_hsv_to_rgb
                0x00000000000035f6        0x6 .build/obj_redox_rev1_base_ad/quantum/rgblight/rgblight.o
                0x00000000000035f6                rgblight_hsv_to_rgb
 .text.sethsv_raw
                0x00000000000035fc       0x1c .build/obj_redox_rev1_base_ad/quantum/rgblight/rgblight.o
                0x00000000000035fc                sethsv_raw
 .text.rgblight_check_config
                0x0000000000003618       0x16 .build/obj_redox_rev1_base_ad/quantum/rgblight/rgblight.o
                0x0000000000003618                rgblight_check_config
 .text.eeconfig_read_rgblight
                0x000000000000362e       0x64 .build/obj_redox_rev1_base_ad/quantum/rgblight/rgblight.o
                0x000000000000362e                eeconfig_read_rgblight
 .text.eeconfig_update_rgblight
                0x0000000000003692       0x4c .build/obj_redox_rev1_base_ad/quantum/rgblight/rgblight.o
                0x0000000000003692                eeconfig_update_rgblight
 .text.eeconfig_update_rgblight_default
                0x00000000000036de       0x36 .build/obj_redox_rev1_base_ad/quantum/rgblight/rgblight.o
                0x00000000000036de                eeconfig_update_rgblight_default
 .text.rgblight_increase_speed_helper
                0x0000000000003714       0x38 .build/obj_redox_rev1_base_ad/quantum/rgblight/rgblight.o
                0x0000000000003714                rgblight_increase_speed_helper
 .text.rgblight_increase_speed
                0x000000000000374c        0x8 .build/obj_redox_rev1_base_ad/quantum/rgblight/rgblight.o
                0x000000000000374c                rgblight_increase_speed
 .text.rgblight_decrease_speed_helper
                0x0000000000003754       0x38 .build/obj_redox_rev1_base_ad/quantum/rgblight/rgblight.o
                0x0000000000003754                rgblight_decrease_speed_helper
 .text.rgblight_decrease_speed
                0x000000000000378c        0x8 .build/obj_redox_rev1_base_ad/quantum/rgblight/rgblight.o
                0x000000000000378c                rgblight_decrease_speed
 .text.rgblight_call_driver
                0x0000000000003794        0x8 .build/obj_redox_rev1_base_ad/quantum/rgblight/rgblight.o
                0x0000000000003794                rgblight_call_driver
 .text.rgblight_set
                0x000000000000379c       0x4a .build/obj_redox_rev1_base_ad/quantum/rgblight/rgblight.o
                0x000000000000379c                rgblight_set
 .text.rgblight_disable
                0x00000000000037e6       0x2c .build/obj_redox_rev1_base_ad/quantum/rgblight/rgblight.o
                0x00000000000037e6                rgblight_disable
 .text.rgblight_disable_noeeprom
                0x0000000000003812       0x1a .build/obj_redox_rev1_base_ad/quantum/rgblight/rgblight.o
                0x0000000000003812                rgblight_disable_noeeprom
 .text.rgblight_setrgb
                0x000000000000382c       0x36 .build/obj_redox_rev1_base_ad/quantum/rgblight/rgblight.o
                0x000000000000382c                rgblight_setrgb
 .text.rgblight_sethsv_eeprom_helper
                0x0000000000003862       0x9e .build/obj_redox_rev1_base_ad/quantum/rgblight/rgblight.o
                0x0000000000003862                rgblight_sethsv_eeprom_helper
 .text.rgblight_increase_hue_helper
                0x0000000000003900       0x16 .build/obj_redox_rev1_base_ad/quantum/rgblight/rgblight.o
                0x0000000000003900                rgblight_increase_hue_helper
 .text.rgblight_increase_hue
                0x0000000000003916        0x8 .build/obj_redox_rev1_base_ad/quantum/rgblight/rgblight.o
                0x0000000000003916                rgblight_increase_hue
 .text.rgblight_decrease_hue_helper
                0x000000000000391e       0x16 .build/obj_redox_rev1_base_ad/quantum/rgblight/rgblight.o
                0x000000000000391e                rgblight_decrease_hue_helper
 .text.rgblight_decrease_hue
                0x0000000000003934        0x8 .build/obj_redox_rev1_base_ad/quantum/rgblight/rgblight.o
                0x0000000000003934                rgblight_decrease_hue
 .text.rgblight_increase_sat_helper
                0x000000000000393c       0x1a .build/obj_redox_rev1_base_ad/quantum/rgblight/rgblight.o
                0x000000000000393c                rgblight_increase_sat_helper
 .text.rgblight_increase_sat
                0x0000000000003956        0x8 .build/obj_redox_rev1_base_ad/quantum/rgblight/rgblight.o
                0x0000000000003956                rgblight_increase_sat
 .text.rgblight_decrease_sat_helper
                0x000000000000395e       0x1a .build/obj_redox_rev1_base_ad/quantum/rgblight/rgblight.o
                0x000000000000395e                rgblight_decrease_sat_helper
 .text.rgblight_decrease_sat
                0x0000000000003978        0x8 .build/obj_redox_rev1_base_ad/quantum/rgblight/rgblight.o
                0x0000000000003978                rgblight_decrease_sat
 .text.rgblight_increase_val_helper
                0x0000000000003980       0x1a .build/obj_redox_rev1_base_ad/quantum/rgblight/rgblight.o
                0x0000000000003980                rgblight_increase_val_helper
 .text.rgblight_increase_val
                0x000000000000399a        0x8 .build/obj_redox_rev1_base_ad/quantum/rgblight/rgblight.o
                0x000000000000399a                rgblight_increase_val
 .text.rgblight_decrease_val_helper
                0x00000000000039a2       0x1a .build/obj_redox_rev1_base_ad/quantum/rgblight/rgblight.o
                0x00000000000039a2                rgblight_decrease_val_helper
 .text.rgblight_decrease_val
                0x00000000000039bc        0x8 .build/obj_redox_rev1_base_ad/quantum/rgblight/rgblight.o
                0x00000000000039bc                rgblight_decrease_val
 .text.rgblight_sethsv_noeeprom
                0x00000000000039c4        0x8 .build/obj_redox_rev1_base_ad/quantum/rgblight/rgblight.o
                0x00000000000039c4                rgblight_sethsv_noeeprom
 .text.rgblight_mode_eeprom_helper
                0x00000000000039cc       0x50 .build/obj_redox_rev1_base_ad/quantum/rgblight/rgblight.o
                0x00000000000039cc                rgblight_mode_eeprom_helper
 .text.rgblight_step_helper
                0x0000000000003a1c        0xa .build/obj_redox_rev1_base_ad/quantum/rgblight/rgblight.o
                0x0000000000003a1c                rgblight_step_helper
 .text.rgblight_step
                0x0000000000003a26        0x8 .build/obj_redox_rev1_base_ad/quantum/rgblight/rgblight.o
                0x0000000000003a26                rgblight_step
 .text.rgblight_step_reverse_helper
                0x0000000000003a2e       0x16 .build/obj_redox_rev1_base_ad/quantum/rgblight/rgblight.o
                0x0000000000003a2e                rgblight_step_reverse_helper
 .text.rgblight_step_reverse
                0x0000000000003a44        0x8 .build/obj_redox_rev1_base_ad/quantum/rgblight/rgblight.o
                0x0000000000003a44                rgblight_step_reverse
 .text.rgblight_mode
                0x0000000000003a4c        0x8 .build/obj_redox_rev1_base_ad/quantum/rgblight/rgblight.o
                0x0000000000003a4c                rgblight_mode
 .text.rgblight_enable
                0x0000000000003a54       0x12 .build/obj_redox_rev1_base_ad/quantum/rgblight/rgblight.o
                0x0000000000003a54                rgblight_enable
 .text.rgblight_toggle
                0x0000000000003a66       0x14 .build/obj_redox_rev1_base_ad/quantum/rgblight/rgblight.o
                0x0000000000003a66                rgblight_toggle
 .text.rgblight_mode_noeeprom
                0x0000000000003a7a        0x8 .build/obj_redox_rev1_base_ad/quantum/rgblight/rgblight.o
                0x0000000000003a7a                rgblight_mode_noeeprom
 .text.rgblight_init
                0x0000000000003a82       0x8c .build/obj_redox_rev1_base_ad/quantum/rgblight/rgblight.o
                0x0000000000003a82                rgblight_init
 .text.rgblight_clear_change_flags
                0x0000000000003b0e        0x6 .build/obj_redox_rev1_base_ad/quantum/rgblight/rgblight.o
                0x0000000000003b0e                rgblight_clear_change_flags
 .text.rgblight_get_syncinfo
                0x0000000000003b14       0x26 .build/obj_redox_rev1_base_ad/quantum/rgblight/rgblight.o
                0x0000000000003b14                rgblight_get_syncinfo
 .text.rgblight_update_sync
                0x0000000000003b3a       0x48 .build/obj_redox_rev1_base_ad/quantum/rgblight/rgblight.o
                0x0000000000003b3a                rgblight_update_sync
 .text.handleKeycodeRGB
                0x0000000000003b82        0xe .build/obj_redox_rev1_base_ad/quantum/process_keycode/process_rgb.o
 .text.process_rgb
                0x0000000000003b90       0xac .build/obj_redox_rev1_base_ad/quantum/process_keycode/process_rgb.o
                0x0000000000003b90                process_rgb
 .text.ws2812_setleds
                0x0000000000003c3c       0x56 .build/obj_redox_rev1_base_ad/ws2812_bitbang.o
                0x0000000000003c3c                ws2812_setleds
 .text.crc_init
                0x0000000000003c92        0x2 .build/obj_redox_rev1_base_ad/crc.o
                0x0000000000003c92                crc_init
 .text.crc8     0x0000000000003c94       0x2e .build/obj_redox_rev1_base_ad/crc.o
                0x0000000000003c94                crc8
 .text.process_unicode
                0x0000000000003cc2       0x1c .build/obj_redox_rev1_base_ad/quantum/process_keycode/process_unicode.o
                0x0000000000003cc2                process_unicode
 .text.process_unicode_common
                0x0000000000003cde       0x6e .build/obj_redox_rev1_base_ad/quantum/process_keycode/process_unicode_common.o
                0x0000000000003cde                process_unicode_common
 .text.send_nibble_wrapper
                0x0000000000003d4c       0x2a .build/obj_redox_rev1_base_ad/quantum/unicode/unicode.o
 .text.unicode_input_mode_set_user
                0x0000000000003d76        0x2 .build/obj_redox_rev1_base_ad/quantum/unicode/unicode.o
                0x0000000000003d76                unicode_input_mode_set_user
 .text.unicode_input_mode_set_kb
                0x0000000000003d78        0x6 .build/obj_redox_rev1_base_ad/quantum/unicode/unicode.o
                0x0000000000003d78                unicode_input_mode_set_kb
 .text.cycle_unicode_input_mode
                0x0000000000003d7e       0x48 .build/obj_redox_rev1_base_ad/quantum/unicode/unicode.o
 .text.unicode_input_mode_init
                0x0000000000003dc6       0x3a .build/obj_redox_rev1_base_ad/quantum/unicode/unicode.o
                0x0000000000003dc6                unicode_input_mode_init
 .text.set_unicode_input_mode
                0x0000000000003e00       0x1c .build/obj_redox_rev1_base_ad/quantum/unicode/unicode.o
                0x0000000000003e00                set_unicode_input_mode
 .text.unicode_input_mode_step
                0x0000000000003e1c        0x8 .build/obj_redox_rev1_base_ad/quantum/unicode/unicode.o
                0x0000000000003e1c                unicode_input_mode_step
 .text.unicode_input_mode_step_reverse
                0x0000000000003e24        0x8 .build/obj_redox_rev1_base_ad/quantum/unicode/unicode.o
                0x0000000000003e24                unicode_input_mode_step_reverse
 .text.unicode_input_start
                0x0000000000003e2c       0xac .build/obj_redox_rev1_base_ad/quantum/unicode/unicode.o
                0x0000000000003e2c                unicode_input_start
 .text.unicode_input_finish
                0x0000000000003ed8       0x64 .build/obj_redox_rev1_base_ad/quantum/unicode/unicode.o
                0x0000000000003ed8                unicode_input_finish
 .text.register_hex32
                0x0000000000003f3c       0x8e .build/obj_redox_rev1_base_ad/quantum/unicode/unicode.o
                0x0000000000003f3c                register_hex32
 .text.register_unicode
                0x0000000000003fca       0x9e .build/obj_redox_rev1_base_ad/quantum/unicode/unicode.o
                0x0000000000003fca                register_unicode
 .text.send_unicode_string
                0x0000000000004068       0x4a .build/obj_redox_rev1_base_ad/quantum/unicode/unicode.o
                0x0000000000004068                send_unicode_string
 .text.decode_utf8
                0x00000000000040b2      0x16c .build/obj_redox_rev1_base_ad/quantum/unicode/utf8.o
                0x00000000000040b2                decode_utf8
 .text.process_magic
                0x000000000000421e      0x1d4 .build/obj_redox_rev1_base_ad/quantum/process_keycode/process_magic.o
                0x000000000000421e                process_magic
 .text.send_char
                0x00000000000043f2       0xba .build/obj_redox_rev1_base_ad/quantum/send_string/send_string.o
                0x00000000000043f2                send_char
 .text.send_nibble
                0x00000000000044ac       0x16 .build/obj_redox_rev1_base_ad/quantum/send_string/send_string.o
                0x00000000000044ac                send_nibble
 .text.send_string_with_delay_P
                0x00000000000044c2       0xd6 .build/obj_redox_rev1_base_ad/quantum/send_string/send_string.o
                0x00000000000044c2                send_string_with_delay_P
 .text.mousekey_console
                0x0000000000004598      0x104 .build/obj_redox_rev1_base_ad/quantum/command.o
 .text.command_common
                0x000000000000469c      0x13c .build/obj_redox_rev1_base_ad/quantum/command.o
 .text.command_console_extra
                0x00000000000047d8        0x4 .build/obj_redox_rev1_base_ad/quantum/command.o
                0x00000000000047d8                command_console_extra
 .text.command_extra
                0x00000000000047dc        0x6 .build/obj_redox_rev1_base_ad/quantum/command.o
                0x00000000000047dc                command_extra
 .text.command_proc
                0x00000000000047e2       0x92 .build/obj_redox_rev1_base_ad/quantum/command.o
                0x00000000000047e2                command_proc
 .text.process_grave_esc
                0x0000000000004874       0x62 .build/obj_redox_rev1_base_ad/quantum/process_keycode/process_grave_esc.o
                0x0000000000004874                process_grave_esc
 .text.perform_space_cadet
                0x00000000000048d6       0xd2 .build/obj_redox_rev1_base_ad/quantum/process_keycode/process_space_cadet.o
                0x00000000000048d6                perform_space_cadet
 .text.process_space_cadet
                0x00000000000049a8       0x86 .build/obj_redox_rev1_base_ad/quantum/process_keycode/process_space_cadet.o
                0x00000000000049a8                process_space_cadet
 .text._process_tap_dance_action_fn
                0x0000000000004a2e        0xc .build/obj_redox_rev1_base_ad/quantum/process_keycode/process_tap_dance.o
 .text.process_tap_dance_action_on_reset
                0x0000000000004a3a       0x32 .build/obj_redox_rev1_base_ad/quantum/process_keycode/process_tap_dance.o
 .text.process_tap_dance_action_on_dance_finished
                0x0000000000004a6c       0x48 .build/obj_redox_rev1_base_ad/quantum/process_keycode/process_tap_dance.o
 .text.tap_dance_pair_on_each_tap
                0x0000000000004ab4       0x24 .build/obj_redox_rev1_base_ad/quantum/process_keycode/process_tap_dance.o
                0x0000000000004ab4                tap_dance_pair_on_each_tap
 .text.tap_dance_pair_finished
                0x0000000000004ad8        0xc .build/obj_redox_rev1_base_ad/quantum/process_keycode/process_tap_dance.o
                0x0000000000004ad8                tap_dance_pair_finished
 .text.tap_dance_pair_reset
                0x0000000000004ae4       0x20 .build/obj_redox_rev1_base_ad/quantum/process_keycode/process_tap_dance.o
                0x0000000000004ae4                tap_dance_pair_reset
 .text.preprocess_tap_dance
                0x0000000000004b04       0x56 .build/obj_redox_rev1_base_ad/quantum/process_keycode/process_tap_dance.o
                0x0000000000004b04                preprocess_tap_dance
 .text.process_tap_dance
                0x0000000000004b5a       0xd8 .build/obj_redox_rev1_base_ad/quantum/process_keycode/process_tap_dance.o
                0x0000000000004b5a                process_tap_dance
 .text.tap_dance_task
                0x0000000000004c32       0x48 .build/obj_redox_rev1_base_ad/quantum/process_keycode/process_tap_dance.o
                0x0000000000004c32                tap_dance_task
 .text.host_set_driver
                0x0000000000004c7a        0xa .build/obj_redox_rev1_base_ad/protocol/host.o
                0x0000000000004c7a                host_set_driver
 .text.host_keyboard_leds
                0x0000000000004c84       0x28 .build/obj_redox_rev1_base_ad/protocol/host.o
                0x0000000000004c84                host_keyboard_leds
 .text.host_keyboard_led_state
                0x0000000000004cac        0x6 .build/obj_redox_rev1_base_ad/protocol/host.o
                0x0000000000004cac                host_keyboard_led_state
 .text.host_keyboard_send
                0x0000000000004cb2       0x16 .build/obj_redox_rev1_base_ad/protocol/host.o
                0x0000000000004cb2                host_keyboard_send
 .text.host_mouse_send
                0x0000000000004cc8       0x1c .build/obj_redox_rev1_base_ad/protocol/host.o
                0x0000000000004cc8                host_mouse_send
 .text.host_system_send
                0x0000000000004ce4       0x4a .build/obj_redox_rev1_base_ad/protocol/host.o
                0x0000000000004ce4                host_system_send
 .text.host_consumer_send
                0x0000000000004d2e       0x4a .build/obj_redox_rev1_base_ad/protocol/host.o
                0x0000000000004d2e                host_consumer_send
 .text.has_anykey
                0x0000000000004d78       0x18 .build/obj_redox_rev1_base_ad/protocol/report.o
                0x0000000000004d78                has_anykey
 .text.is_key_pressed
                0x0000000000004d90       0x1e .build/obj_redox_rev1_base_ad/protocol/report.o
                0x0000000000004d90                is_key_pressed
 .text.add_key_byte
                0x0000000000004dae       0x34 .build/obj_redox_rev1_base_ad/protocol/report.o
                0x0000000000004dae                add_key_byte
 .text.del_key_byte
                0x0000000000004de2       0x1a .build/obj_redox_rev1_base_ad/protocol/report.o
                0x0000000000004de2                del_key_byte
 .text.add_key_to_report
                0x0000000000004dfc        0x6 .build/obj_redox_rev1_base_ad/protocol/report.o
                0x0000000000004dfc                add_key_to_report
 .text.del_key_from_report
                0x0000000000004e02        0x6 .build/obj_redox_rev1_base_ad/protocol/report.o
                0x0000000000004e02                del_key_from_report
 .text.clear_keys_from_report
                0x0000000000004e08        0xe .build/obj_redox_rev1_base_ad/protocol/report.o
                0x0000000000004e08                clear_keys_from_report
 .text.has_mouse_report_changed
                0x0000000000004e16       0x5c .build/obj_redox_rev1_base_ad/protocol/report.o
                0x0000000000004e16                has_mouse_report_changed
 .text.notify_usb_device_state_change_user
                0x0000000000004e72        0x2 .build/obj_redox_rev1_base_ad/protocol/usb_device_state.o
                0x0000000000004e72                notify_usb_device_state_change_user
 .text.notify_usb_device_state_change_kb
                0x0000000000004e74        0x6 .build/obj_redox_rev1_base_ad/protocol/usb_device_state.o
                0x0000000000004e74                notify_usb_device_state_change_kb
 .text.usb_device_state_set_suspend
                0x0000000000004e7a        0xc .build/obj_redox_rev1_base_ad/protocol/usb_device_state.o
                0x0000000000004e7a                usb_device_state_set_suspend
 .text.usb_device_state_set_resume
                0x0000000000004e86       0x14 .build/obj_redox_rev1_base_ad/protocol/usb_device_state.o
                0x0000000000004e86                usb_device_state_set_resume
 .text.usb_device_state_set_configuration
                0x0000000000004e9a        0x6 .build/obj_redox_rev1_base_ad/protocol/usb_device_state.o
                0x0000000000004e9a                usb_device_state_set_configuration
 .text.usb_device_state_init
                0x0000000000004ea0        0xc .build/obj_redox_rev1_base_ad/protocol/usb_device_state.o
                0x0000000000004ea0                usb_device_state_init
 .text.usb_device_state_set_reset
                0x0000000000004eac        0x6 .build/obj_redox_rev1_base_ad/protocol/usb_device_state.o
                0x0000000000004eac                usb_device_state_set_reset
 .text.suspend_wakeup_init_user
                0x0000000000004eb2        0x2 .build/obj_redox_rev1_base_ad/platforms/suspend.o
                0x0000000000004eb2                suspend_wakeup_init_user
 .text.suspend_power_down_user
                0x0000000000004eb4        0x6 .build/obj_redox_rev1_base_ad/platforms/suspend.o
                0x0000000000004eb4                suspend_power_down_user
 .text.suspend_power_down_kb
                0x0000000000004eba        0x6 .build/obj_redox_rev1_base_ad/platforms/suspend.o
                0x0000000000004eba                suspend_power_down_kb
 .text.matrix_power_down
                0x0000000000004ec0        0x6 .build/obj_redox_rev1_base_ad/platforms/suspend.o
                0x0000000000004ec0                matrix_power_down
 .text.matrix_power_up
                0x0000000000004ec6        0x6 .build/obj_redox_rev1_base_ad/platforms/suspend.o
                0x0000000000004ec6                matrix_power_up
 .text.suspend_wakeup_init_kb
                0x0000000000004ecc        0x6 .build/obj_redox_rev1_base_ad/platforms/suspend.o
                0x0000000000004ecc                suspend_wakeup_init_kb
 .text.suspend_wakeup_condition
                0x0000000000004ed2       0x28 .build/obj_redox_rev1_base_ad/platforms/suspend.o
                0x0000000000004ed2                suspend_wakeup_condition
 .text.platform_setup
                0x0000000000004efa        0xe .build/obj_redox_rev1_base_ad/platforms/avr/platform.o
                0x0000000000004efa                platform_setup
 .text.__vector_12
                0x0000000000004f08       0x52 .build/obj_redox_rev1_base_ad/platforms/avr/suspend.o
                0x0000000000004f08                __vector_12
 .text.suspend_power_down
                0x0000000000004f5a       0x56 .build/obj_redox_rev1_base_ad/platforms/avr/suspend.o
                0x0000000000004f5a                suspend_power_down
 .text.suspend_wakeup_init
                0x0000000000004fb0        0xa .build/obj_redox_rev1_base_ad/platforms/avr/suspend.o
                0x0000000000004fb0                suspend_wakeup_init
 .text.timer_init
                0x0000000000004fba       0x12 .build/obj_redox_rev1_base_ad/platforms/avr/timer.o
                0x0000000000004fba                timer_init
 .text.timer_read
                0x0000000000004fcc       0x18 .build/obj_redox_rev1_base_ad/platforms/avr/timer.o
                0x0000000000004fcc                timer_read
 .text.timer_read32
                0x0000000000004fe4       0x18 .build/obj_redox_rev1_base_ad/platforms/avr/timer.o
                0x0000000000004fe4                timer_read32
 .text.timer_elapsed
                0x0000000000004ffc       0x1e .build/obj_redox_rev1_base_ad/platforms/avr/timer.o
                0x0000000000004ffc                timer_elapsed
 .text.timer_elapsed32
                0x000000000000501a       0x38 .build/obj_redox_rev1_base_ad/platforms/avr/timer.o
                0x000000000000501a                timer_elapsed32
 .text.__vector_21
                0x0000000000005052       0x4c .build/obj_redox_rev1_base_ad/platforms/avr/timer.o
                0x0000000000005052                __vector_21
 .text.bootloader_jump
                0x000000000000509e       0x22 .build/obj_redox_rev1_base_ad/platforms/avr/bootloaders/caterina.o
                0x000000000000509e                bootloader_jump
 .text.mcu_reset
                0x00000000000050c0       0x16 .build/obj_redox_rev1_base_ad/platforms/avr/bootloaders/caterina.o
                0x00000000000050c0                mcu_reset
 .text.sync_recv
                0x00000000000050d6       0x10 .build/obj_redox_rev1_base_ad/serial.a(serial.o)
 .text.sync_send
                0x00000000000050e6        0xc .build/obj_redox_rev1_base_ad/serial.a(serial.o)
 .text.serial_read_chunk.constprop.0
                0x00000000000050f2       0x4c .build/obj_redox_rev1_base_ad/serial.a(serial.o)
 .text.serial_recive_packet
                0x000000000000513e       0x40 .build/obj_redox_rev1_base_ad/serial.a(serial.o)
 .text.soft_serial_initiator_init
                0x000000000000517e        0x6 .build/obj_redox_rev1_base_ad/serial.a(serial.o)
                0x000000000000517e                soft_serial_initiator_init
 .text.soft_serial_target_init
                0x0000000000005184       0x12 .build/obj_redox_rev1_base_ad/serial.a(serial.o)
                0x0000000000005184                soft_serial_target_init
 .text.serial_write_chunk
                0x0000000000005196       0x40 .build/obj_redox_rev1_base_ad/serial.a(serial.o)
                0x0000000000005196                serial_write_chunk
 .text.serial_send_packet
                0x00000000000051d6       0x32 .build/obj_redox_rev1_base_ad/serial.a(serial.o)
 .text.__vector_1
                0x0000000000005208      0x14c .build/obj_redox_rev1_base_ad/serial.a(serial.o)
                0x0000000000005208                __vector_1
 .text.soft_serial_transaction
                0x0000000000005354       0xf6 .build/obj_redox_rev1_base_ad/serial.a(serial.o)
                0x0000000000005354                soft_serial_transaction
 .text.keyboard_leds
                0x000000000000544a        0x6 .build/obj_redox_rev1_base_ad/lufa.o
 .text.send_report
                0x0000000000005450       0x48 .build/obj_redox_rev1_base_ad/lufa.o
                0x0000000000005450                send_report
 .text.send_extra
                0x0000000000005498        0xe .build/obj_redox_rev1_base_ad/lufa.o
 .text.send_mouse
                0x00000000000054a6        0xe .build/obj_redox_rev1_base_ad/lufa.o
 .text.send_keyboard
                0x00000000000054b4       0x28 .build/obj_redox_rev1_base_ad/lufa.o
 .text.EVENT_USB_Device_Connect
                0x00000000000054dc       0x1c .build/obj_redox_rev1_base_ad/lufa.o
                0x00000000000054dc                EVENT_USB_Device_Connect
 .text.EVENT_USB_Device_Disconnect
                0x00000000000054f8        0x6 .build/obj_redox_rev1_base_ad/lufa.o
                0x00000000000054f8                EVENT_USB_Device_Disconnect
 .text.EVENT_USB_Device_Reset
                0x00000000000054fe        0x6 .build/obj_redox_rev1_base_ad/lufa.o
                0x00000000000054fe                EVENT_USB_Device_Reset
 .text.EVENT_USB_Device_Suspend
                0x0000000000005504       0x12 .build/obj_redox_rev1_base_ad/lufa.o
                0x0000000000005504                EVENT_USB_Device_Suspend
 .text.EVENT_USB_Device_WakeUp
                0x0000000000005516       0x16 .build/obj_redox_rev1_base_ad/lufa.o
                0x0000000000005516                EVENT_USB_Device_WakeUp
 .text.EVENT_USB_Device_ConfigurationChanged
                0x000000000000552c       0x2a .build/obj_redox_rev1_base_ad/lufa.o
                0x000000000000552c                EVENT_USB_Device_ConfigurationChanged
 .text.EVENT_USB_Device_ControlRequest
                0x0000000000005556      0x17e .build/obj_redox_rev1_base_ad/lufa.o
                0x0000000000005556                EVENT_USB_Device_ControlRequest
 .text.protocol_setup
                0x00000000000056d4       0x34 .build/obj_redox_rev1_base_ad/lufa.o
                0x00000000000056d4                protocol_setup
 .text.protocol_pre_init
                0x0000000000005708       0x1a .build/obj_redox_rev1_base_ad/lufa.o
                0x0000000000005708                protocol_pre_init
 .text.protocol_post_init
                0x0000000000005722        0xa .build/obj_redox_rev1_base_ad/lufa.o
                0x0000000000005722                protocol_post_init
 .text.protocol_pre_task
                0x000000000000572c       0x34 .build/obj_redox_rev1_base_ad/lufa.o
                0x000000000000572c                protocol_pre_task
 .text.protocol_post_task
                0x0000000000005760        0x2 .build/obj_redox_rev1_base_ad/lufa.o
                0x0000000000005760                protocol_post_task
 .text.CALLBACK_USB_GetDescriptor
                0x0000000000005762       0x10 .build/obj_redox_rev1_base_ad/lufa.o
                0x0000000000005762                CALLBACK_USB_GetDescriptor
 .text.get_usb_descriptor
                0x0000000000005772       0xb2 .build/obj_redox_rev1_base_ad/usb_descriptor.o
                0x0000000000005772                get_usb_descriptor
 .text.USB_Device_SendRemoteWakeup
                0x0000000000005824       0x2c .build/obj_redox_rev1_base_ad/lib/lufa/LUFA/Drivers/USB/Core/AVR8/Device_AVR8.o
                0x0000000000005824                USB_Device_SendRemoteWakeup
 .text.Endpoint_Write_Stream_LE
                0x0000000000005850       0x8a .build/obj_redox_rev1_base_ad/lib/lufa/LUFA/Drivers/USB/Core/AVR8/EndpointStream_AVR8.o
                0x0000000000005850                Endpoint_Write_Stream_LE
 .text.Endpoint_Write_Control_Stream_LE
                0x00000000000058da       0xbc .build/obj_redox_rev1_base_ad/lib/lufa/LUFA/Drivers/USB/Core/AVR8/EndpointStream_AVR8.o
                0x00000000000058da                Endpoint_Write_Control_Stream_LE
 .text.Endpoint_Write_Control_PStream_LE
                0x0000000000005996       0xc2 .build/obj_redox_rev1_base_ad/lib/lufa/LUFA/Drivers/USB/Core/AVR8/EndpointStream_AVR8.o
                0x0000000000005996                Endpoint_Write_Control_PStream_LE
 .text.Endpoint_ConfigureEndpoint_Prv
                0x0000000000005a58       0x6a .build/obj_redox_rev1_base_ad/lib/lufa/LUFA/Drivers/USB/Core/AVR8/Endpoint_AVR8.o
                0x0000000000005a58                Endpoint_ConfigureEndpoint_Prv
 .text.Endpoint_ClearStatusStage
                0x0000000000005ac2       0x3e .build/obj_redox_rev1_base_ad/lib/lufa/LUFA/Drivers/USB/Core/AVR8/Endpoint_AVR8.o
                0x0000000000005ac2                Endpoint_ClearStatusStage
 .text.Endpoint_WaitUntilReady
                0x0000000000005b00       0x66 .build/obj_redox_rev1_base_ad/lib/lufa/LUFA/Drivers/USB/Core/AVR8/Endpoint_AVR8.o
                0x0000000000005b00                Endpoint_WaitUntilReady
 .text.USB_Disable
                0x0000000000005b66       0x34 .build/obj_redox_rev1_base_ad/lib/lufa/LUFA/Drivers/USB/Core/AVR8/USBController_AVR8.o
                0x0000000000005b66                USB_Disable
 .text.USB_ResetInterface
                0x0000000000005b9a       0x86 .build/obj_redox_rev1_base_ad/lib/lufa/LUFA/Drivers/USB/Core/AVR8/USBController_AVR8.o
                0x0000000000005b9a                USB_ResetInterface
 .text.USB_Init
                0x0000000000005c20       0x24 .build/obj_redox_rev1_base_ad/lib/lufa/LUFA/Drivers/USB/Core/AVR8/USBController_AVR8.o
                0x0000000000005c20                USB_Init
 .text.USB_INT_DisableAllInterrupts
                0x0000000000005c44       0x10 .build/obj_redox_rev1_base_ad/lib/lufa/LUFA/Drivers/USB/Core/AVR8/USBInterrupt_AVR8.o
                0x0000000000005c44                USB_INT_DisableAllInterrupts
 .text.USB_INT_ClearAllInterrupts
                0x0000000000005c54        0xa .build/obj_redox_rev1_base_ad/lib/lufa/LUFA/Drivers/USB/Core/AVR8/USBInterrupt_AVR8.o
                0x0000000000005c54                USB_INT_ClearAllInterrupts
 .text.__vector_10
                0x0000000000005c5e      0x1a4 .build/obj_redox_rev1_base_ad/lib/lufa/LUFA/Drivers/USB/Core/AVR8/USBInterrupt_AVR8.o
                0x0000000000005c5e                __vector_10
 .text.__vector_11
                0x0000000000005e02       0x88 .build/obj_redox_rev1_base_ad/lib/lufa/LUFA/Drivers/USB/Core/AVR8/USBInterrupt_AVR8.o
                0x0000000000005e02                __vector_11
 .text.USB_Device_ProcessControlRequest
                0x0000000000005e8a      0x2aa .build/obj_redox_rev1_base_ad/lib/lufa/LUFA/Drivers/USB/Core/DeviceStandardReq.o
                0x0000000000005e8a                USB_Device_ProcessControlRequest
 .text.USB_Event_Stub
                0x0000000000006134        0x2 .build/obj_redox_rev1_base_ad/lib/lufa/LUFA/Drivers/USB/Core/Events.o
                0x0000000000006134                USB_Event_Stub
                0x0000000000006134                EVENT_USB_Device_StartOfFrame
 .text.USB_USBTask
                0x0000000000006136       0x36 .build/obj_redox_rev1_base_ad/lib/lufa/LUFA/Drivers/USB/Core/USBTask.o
                0x0000000000006136                USB_USBTask
 .text.usb_disconnect
                0x000000000000616c        0xa .build/obj_redox_rev1_base_ad/protocol/lufa/usb_util.o
                0x000000000000616c                usb_disconnect
 .text.usb_vbus_state
                0x0000000000006176       0x1a .build/obj_redox_rev1_base_ad/protocol/lufa/usb_util.o
                0x0000000000006176                usb_vbus_state
 .text.libgcc.div
                0x0000000000006190       0x28 /usr/lib/gcc/avr/5.4.0/avr5/libgcc.a(_udivmodhi4.o)
                0x0000000000006190                __udivmodhi4
 .text.libgcc.div
                0x00000000000061b8       0x28 /usr/lib/gcc/avr/5.4.0/avr5/libgcc.a(_divmodhi4.o)
                0x00000000000061b8                __divmodhi4
                0x00000000000061b8                _div
 .text.libgcc   0x00000000000061e0        0xc /usr/lib/gcc/avr/5.4.0/avr5/libgcc.a(_tablejump2.o)
                0x00000000000061e0                __tablejump2__
 .text.libgcc.prologue
                0x00000000000061ec       0x38 /usr/lib/gcc/avr/5.4.0/avr5/libgcc.a(_prologue.o)
                0x00000000000061ec                __prologue_saves__
 .text.libgcc.prologue
                0x0000000000006224       0x36 /usr/lib/gcc/avr/5.4.0/avr5/libgcc.a(_epilogue.o)
                0x0000000000006224                __epilogue_restores__
 .text.libgcc.builtins
                0x000000000000625a       0x32 /usr/lib/gcc/avr/5.4.0/avr5/libgcc.a(_ashldi3.o)
                0x000000000000625a                __ashldi3
 .text.libgcc.builtins
                0x000000000000628c       0x3c /usr/lib/gcc/avr/5.4.0/avr5/libgcc.a(_ashrdi3.o)
                0x000000000000628c                __ashrdi3
                0x0000000000006290                __lshrdi3
 .text.avr-libc
                0x00000000000062c8       0x1a /usr/lib/gcc/avr/5.4.0/../../../avr/lib/avr5/libc.a(memcmp.o)
                0x00000000000062c8                memcmp
 .text.avr-libc
                0x00000000000062e2       0x12 /usr/lib/gcc/avr/5.4.0/../../../avr/lib/avr5/libc.a(memcpy.o)
                0x00000000000062e2                memcpy
 .text.avr-libc
                0x00000000000062f4       0x10 /usr/lib/gcc/avr/5.4.0/../../../avr/lib/avr5/libatmega32u4.a(eerd_byte.o)
                0x00000000000062f4                eeprom_read_byte
 .text.avr-libc
                0x0000000000006304        0xc /usr/lib/gcc/avr/5.4.0/../../../avr/lib/avr5/libatmega32u4.a(eerd_dword.o)
                0x0000000000006304                eeprom_read_dword
                0x0000000000006304                eeprom_read_float
 .text.avr-libc
                0x0000000000006310        0xc /usr/lib/gcc/avr/5.4.0/../../../avr/lib/avr5/libatmega32u4.a(eerd_word.o)
                0x0000000000006310                eeprom_read_word
 .text.avr-libc
                0x000000000000631c       0x20 /usr/lib/gcc/avr/5.4.0/../../../avr/lib/avr5/libatmega32u4.a(eeupd_block.o)
                0x000000000000631c                eeprom_update_block
 .text.avr-libc
                0x000000000000633c       0x24 /usr/lib/gcc/avr/5.4.0/../../../avr/lib/avr5/libatmega32u4.a(eeupd_byte.o)
                0x000000000000633c                eeprom_update_byte
                0x000000000000633e                eeprom_update_r18
 .text.avr-libc
                0x0000000000006360       0x18 /usr/lib/gcc/avr/5.4.0/../../../avr/lib/avr5/libatmega32u4.a(eeupd_dword.o)
                0x0000000000006360                eeprom_update_dword
                0x0000000000006360                eeprom_update_float
 .text.avr-libc
                0x0000000000006378        0xc /usr/lib/gcc/avr/5.4.0/../../../avr/lib/avr5/libatmega32u4.a(eeupd_word.o)
                0x0000000000006378                eeprom_update_word
 .text.avr-libc
                0x0000000000006384       0x20 /usr/lib/gcc/avr/5.4.0/../../../avr/lib/avr5/libatmega32u4.a(eerd_block.o)
                0x0000000000006384                eeprom_read_block
                0x0000000000006388                eeprom_read_blraw
                0x00000000000063a4                . = ALIGN (0x2)
 *(.fini9)
 .fini9         0x00000000000063a4        0x0 /usr/lib/gcc/avr/5.4.0/avr5/libgcc.a(_exit.o)
                0x00000000000063a4                exit
                0x00000000000063a4                _exit
 *(.fini9)
 *(.fini8)
 *(.fini8)
 *(.fini7)
 *(.fini7)
 *(.fini6)
 *(.fini6)
 *(.fini5)
 *(.fini5)
 *(.fini4)
 *(.fini4)
 *(.fini3)
 *(.fini3)
 *(.fini2)
 *(.fini2)
 *(.fini1)
 *(.fini1)
 *(.fini0)
 .fini0         0x00000000000063a4        0x4 /usr/lib/gcc/avr/5.4.0/avr5/libgcc.a(_exit.o)
 *(.fini0)
                0x00000000000063a8                _etext = .

.data           0x0000000000800100      0x102 load address 0x00000000000063a8
                0x0000000000800100                PROVIDE (__data_start, .)
 *(.data)
 *(.data*)
 .data.tap_dance_actions
                0x0000000000800100       0x30 .build/obj_redox_rev1_base_ad/quantum/keymap_introspection.o
                0x0000000000800100                tap_dance_actions
 .data.__compound_literal.2
                0x0000000000800130        0x4 .build/obj_redox_rev1_base_ad/quantum/keymap_introspection.o
 .data.__compound_literal.1
                0x0000000000800134        0x4 .build/obj_redox_rev1_base_ad/quantum/keymap_introspection.o
 .data.__compound_literal.0