Archive member included to satisfy reference by file (symbol)

.build/obj_redox_rev1_base_ad_rev2/serial.a(serial.o)
                              .build/obj_redox_rev1_base_ad_rev2/quantum/split_common/transport.o (soft_serial_initiator_init)
/usr/lib/gcc/avr/5.4.0/avr5/libgcc.a(_udivmodhi4.o)
                              .build/obj_redox_rev1_base_ad_rev2/quantum/color.o (__udivmodhi4)
/usr/lib/gcc/avr/5.4.0/avr5/libgcc.a(_divmodhi4.o)
                              .build/obj_redox_rev1_base_ad_rev2/quantum/mousekey.o (__divmodhi4)
/usr/lib/gcc/avr/5.4.0/avr5/libgcc.a(_udivmodsi4.o)
                              .build/obj_redox_rev1_base_ad_rev2/quantum/quantum.o (__udivmodsi4)
/usr/lib/gcc/avr/5.4.0/avr5/libgcc.a(_exit.o)
                              /usr/lib/gcc/avr/5.4.0/../../../avr/lib/avr5/crtatmega32u4.o (exit)
/usr/lib/gcc/avr/5.4.0/avr5/libgcc.a(_tablejump2.o)
                              .build/obj_redox_rev1_base_ad_rev2/quantum/action.o (__tablejump2__)
/usr/lib/gcc/avr/5.4.0/avr5/libgcc.a(_copy_data.o)
                              .build/obj_redox_rev1_base_ad_rev2/quantum/keymap_introspection.o (__do_copy_data)
/usr/lib/gcc/avr/5.4.0/avr5/libgcc.a(_clear_bss.o)
                              .build/obj_redox_rev1_base_ad_rev2/quantum/keymap_introspection.o (__do_clear_bss)
/usr/lib/gcc/avr/5.4.0/avr5/libgcc.a(_prologue.o)
                              .build/obj_redox_rev1_base_ad_rev2/quantum/quantum.o (__prologue_saves__)
/usr/lib/gcc/avr/5.4.0/avr5/libgcc.a(_epilogue.o)
                              .build/obj_redox_rev1_base_ad_rev2/quantum/quantum.o (__epilogue_restores__)
/usr/lib/gcc/avr/5.4.0/avr5/libgcc.a(_ashldi3.o)
                              .build/obj_redox_rev1_base_ad_rev2/quantum/rgblight/rgblight.o (__ashldi3)
/usr/lib/gcc/avr/5.4.0/avr5/libgcc.a(_ashrdi3.o)
                              .build/obj_redox_rev1_base_ad_rev2/quantum/rgblight/rgblight.o (__lshrdi3)
/usr/lib/gcc/avr/5.4.0/../../../avr/lib/avr5/libc.a(memcmp.o)
                              .build/obj_redox_rev1_base_ad_rev2/quantum/action_util.o (memcmp)
/usr/lib/gcc/avr/5.4.0/../../../avr/lib/avr5/libc.a(memcpy.o)
                              .build/obj_redox_rev1_base_ad_rev2/quantum/debounce/sym_defer_g.o (memcpy)
/usr/lib/gcc/avr/5.4.0/../../../avr/lib/avr5/libatmega32u4.a(eerd_byte.o)
                              .build/obj_redox_rev1_base_ad_rev2/quantum/eeconfig.o (eeprom_read_byte)
/usr/lib/gcc/avr/5.4.0/../../../avr/lib/avr5/libatmega32u4.a(eerd_dword.o)
                              .build/obj_redox_rev1_base_ad_rev2/quantum/eeconfig.o (eeprom_read_dword)
/usr/lib/gcc/avr/5.4.0/../../../avr/lib/avr5/libatmega32u4.a(eerd_word.o)
                              .build/obj_redox_rev1_base_ad_rev2/quantum/eeconfig.o (eeprom_read_word)
/usr/lib/gcc/avr/5.4.0/../../../avr/lib/avr5/libatmega32u4.a(eeupd_block.o)
                              .build/obj_redox_rev1_base_ad_rev2/quantum/eeconfig.o (eeprom_update_block)
/usr/lib/gcc/avr/5.4.0/../../../avr/lib/avr5/libatmega32u4.a(eeupd_byte.o)
                              .build/obj_redox_rev1_base_ad_rev2/quantum/eeconfig.o (eeprom_update_byte)
/usr/lib/gcc/avr/5.4.0/../../../avr/lib/avr5/libatmega32u4.a(eeupd_dword.o)
                              .build/obj_redox_rev1_base_ad_rev2/quantum/eeconfig.o (eeprom_update_dword)
/usr/lib/gcc/avr/5.4.0/../../../avr/lib/avr5/libatmega32u4.a(eeupd_word.o)
                              .build/obj_redox_rev1_base_ad_rev2/quantum/eeconfig.o (eeprom_update_word)
/usr/lib/gcc/avr/5.4.0/../../../avr/lib/avr5/libatmega32u4.a(eerd_block.o)
                              /usr/lib/gcc/avr/5.4.0/../../../avr/lib/avr5/libatmega32u4.a(eerd_dword.o) (eeprom_read_blraw)

Allocating common symbols
Common symbol       size              file

rgblight_config     0x8               .build/obj_redox_rev1_base_ad_rev2/quantum/rgblight/rgblight.o
unicode_saved_led_state
                    0x1               .build/obj_redox_rev1_base_ad_rev2/quantum/unicode/unicode.o
USB_IsInitialized   0x1               .build/obj_redox_rev1_base_ad_rev2/lib/lufa/LUFA/Drivers/USB/Core/USBTask.o
keymap_config       0x2               .build/obj_redox_rev1_base_ad_rev2/quantum/bootmagic/magic.o
thatHand            0x1               .build/obj_redox_rev1_base_ad_rev2/quantum/matrix_common.o
unicode_config      0x1               .build/obj_redox_rev1_base_ad_rev2/quantum/unicode/unicode.o
sync_timer_ms       0x4               .build/obj_redox_rev1_base_ad_rev2/quantum/sync_timer.o
USB_DeviceState     0x1               .build/obj_redox_rev1_base_ad_rev2/lib/lufa/LUFA/Drivers/USB/Core/USBTask.o
unicode_saved_mods  0x1               .build/obj_redox_rev1_base_ad_rev2/quantum/unicode/unicode.o
USB_Device_ConfigurationNumber
                    0x1               .build/obj_redox_rev1_base_ad_rev2/lib/lufa/LUFA/Drivers/USB/Core/DeviceStandardReq.o
led                 0x2a              .build/obj_redox_rev1_base_ad_rev2/quantum/rgblight/rgblight.o
[...]
Memory Configuration

Name             Origin             Length             Attributes
text             0x0000000000000000 0x0000000000008000 xr
data             0x0000000000800100 0x0000000000000a00 rw !x
eeprom           0x0000000000810000 0x0000000000000400 rw !x
fuse             0x0000000000820000 0x0000000000000003 rw !x
lock             0x0000000000830000 0x0000000000000400 rw !x
signature        0x0000000000840000 0x0000000000000400 rw !x
user_signatures  0x0000000000850000 0x0000000000000400 rw !x
*default*        0x0000000000000000 0xffffffffffffffff

Linker script and memory map

Address of section .data set to 0x800100
LOAD /usr/lib/gcc/avr/5.4.0/../../../avr/lib/avr5/crtatmega32u4.o
LOAD .build/obj_redox_rev1_base_ad_rev2/.build/obj_redox_rev1_base_ad_rev2/src/default_keyboard.o
LOAD .build/obj_redox_rev1_base_ad_rev2/quantum/keymap_introspection.o
LOAD .build/obj_redox_rev1_base_ad_rev2/quantum/quantum.o
LOAD .build/obj_redox_rev1_base_ad_rev2/quantum/bitwise.o
LOAD .build/obj_redox_rev1_base_ad_rev2/quantum/led.o
LOAD .build/obj_redox_rev1_base_ad_rev2/quantum/action.o
LOAD .build/obj_redox_rev1_base_ad_rev2/quantum/action_layer.o
LOAD .build/obj_redox_rev1_base_ad_rev2/quantum/action_tapping.o
LOAD .build/obj_redox_rev1_base_ad_rev2/quantum/action_util.o
LOAD .build/obj_redox_rev1_base_ad_rev2/quantum/eeconfig.o
LOAD .build/obj_redox_rev1_base_ad_rev2/quantum/keyboard.o
LOAD .build/obj_redox_rev1_base_ad_rev2/quantum/keymap_common.o
LOAD .build/obj_redox_rev1_base_ad_rev2/quantum/keycode_config.o
LOAD .build/obj_redox_rev1_base_ad_rev2/quantum/sync_timer.o
LOAD .build/obj_redox_rev1_base_ad_rev2/quantum/logging/debug.o
LOAD .build/obj_redox_rev1_base_ad_rev2/quantum/logging/sendchar.o
LOAD .build/obj_redox_rev1_base_ad_rev2/quantum/bootmagic/magic.o
LOAD .build/obj_redox_rev1_base_ad_rev2/quantum/matrix_common.o
LOAD .build/obj_redox_rev1_base_ad_rev2/quantum/matrix.o
LOAD .build/obj_redox_rev1_base_ad_rev2/quantum/debounce/sym_defer_g.o
LOAD .build/obj_redox_rev1_base_ad_rev2/quantum/split_common/split_util.o
LOAD .build/obj_redox_rev1_base_ad_rev2/quantum/split_common/transport.o
LOAD .build/obj_redox_rev1_base_ad_rev2/quantum/split_common/transactions.o
LOAD .build/obj_redox_rev1_base_ad_rev2/quantum/main.o
LOAD .build/obj_redox_rev1_base_ad_rev2/platforms/avr/xprintf.o
LOAD .build/obj_redox_rev1_base_ad_rev2/platforms/avr/printf.o
LOAD .build/obj_redox_rev1_base_ad_rev2/quantum/mousekey.o
LOAD .build/obj_redox_rev1_base_ad_rev2/quantum/color.o
LOAD .build/obj_redox_rev1_base_ad_rev2/quantum/rgblight/rgblight.o
LOAD .build/obj_redox_rev1_base_ad_rev2/quantum/process_keycode/process_rgb.o
LOAD .build/obj_redox_rev1_base_ad_rev2/ws2812_bitbang.o
LOAD .build/obj_redox_rev1_base_ad_rev2/quantum/led_tables.o
LOAD .build/obj_redox_rev1_base_ad_rev2/crc.o
LOAD .build/obj_redox_rev1_base_ad_rev2/quantum/process_keycode/process_unicode.o
LOAD .build/obj_redox_rev1_base_ad_rev2/quantum/process_keycode/process_unicode_common.o
LOAD .build/obj_redox_rev1_base_ad_rev2/quantum/unicode/unicode.o
LOAD .build/obj_redox_rev1_base_ad_rev2/quantum/unicode/utf8.o
LOAD .build/obj_redox_rev1_base_ad_rev2/quantum/process_keycode/process_magic.o
LOAD .build/obj_redox_rev1_base_ad_rev2/quantum/send_string/send_string.o
LOAD .build/obj_redox_rev1_base_ad_rev2/quantum/command.o
LOAD .build/obj_redox_rev1_base_ad_rev2/quantum/process_keycode/process_grave_esc.o
LOAD .build/obj_redox_rev1_base_ad_rev2/quantum/process_keycode/process_space_cadet.o
LOAD .build/obj_redox_rev1_base_ad_rev2/quantum/process_keycode/process_tap_dance.o
LOAD .build/obj_redox_rev1_base_ad_rev2/protocol/host.o
LOAD .build/obj_redox_rev1_base_ad_rev2/protocol/report.o
LOAD .build/obj_redox_rev1_base_ad_rev2/protocol/usb_device_state.o
LOAD .build/obj_redox_rev1_base_ad_rev2/protocol/usb_util.o
LOAD .build/obj_redox_rev1_base_ad_rev2/platforms/suspend.o
LOAD .build/obj_redox_rev1_base_ad_rev2/platforms/synchronization_util.o
LOAD .build/obj_redox_rev1_base_ad_rev2/platforms/timer.o
LOAD .build/obj_redox_rev1_base_ad_rev2/platforms/avr/hardware_id.o
LOAD .build/obj_redox_rev1_base_ad_rev2/platforms/avr/platform.o
LOAD .build/obj_redox_rev1_base_ad_rev2/platforms/avr/suspend.o
LOAD .build/obj_redox_rev1_base_ad_rev2/platforms/avr/timer.o
LOAD .build/obj_redox_rev1_base_ad_rev2/platforms/avr/bootloaders/caterina.o
LOAD .build/obj_redox_rev1_base_ad_rev2/i2c_master.a
LOAD .build/obj_redox_rev1_base_ad_rev2/i2c_slave.a
LOAD .build/obj_redox_rev1_base_ad_rev2/serial.a
LOAD .build/obj_redox_rev1_base_ad_rev2/lufa.o
LOAD .build/obj_redox_rev1_base_ad_rev2/usb_descriptor.o
LOAD .build/obj_redox_rev1_base_ad_rev2/lib/lufa/LUFA/Drivers/USB/Class/Common/HIDParser.o
LOAD .build/obj_redox_rev1_base_ad_rev2/lib/lufa/LUFA/Drivers/USB/Core/AVR8/Device_AVR8.o
LOAD .build/obj_redox_rev1_base_ad_rev2/lib/lufa/LUFA/Drivers/USB/Core/AVR8/EndpointStream_AVR8.o
LOAD .build/obj_redox_rev1_base_ad_rev2/lib/lufa/LUFA/Drivers/USB/Core/AVR8/Endpoint_AVR8.o
LOAD .build/obj_redox_rev1_base_ad_rev2/lib/lufa/LUFA/Drivers/USB/Core/AVR8/Host_AVR8.o
LOAD .build/obj_redox_rev1_base_ad_rev2/lib/lufa/LUFA/Drivers/USB/Core/AVR8/PipeStream_AVR8.o
LOAD .build/obj_redox_rev1_base_ad_rev2/lib/lufa/LUFA/Drivers/USB/Core/AVR8/Pipe_AVR8.o
LOAD .build/obj_redox_rev1_base_ad_rev2/lib/lufa/LUFA/Drivers/USB/Core/AVR8/USBController_AVR8.o
LOAD .build/obj_redox_rev1_base_ad_rev2/lib/lufa/LUFA/Drivers/USB/Core/AVR8/USBInterrupt_AVR8.o
LOAD .build/obj_redox_rev1_base_ad_rev2/lib/lufa/LUFA/Drivers/USB/Core/ConfigDescriptors.o
LOAD .build/obj_redox_rev1_base_ad_rev2/lib/lufa/LUFA/Drivers/USB/Core/DeviceStandardReq.o
LOAD .build/obj_redox_rev1_base_ad_rev2/lib/lufa/LUFA/Drivers/USB/Core/Events.o
LOAD .build/obj_redox_rev1_base_ad_rev2/lib/lufa/LUFA/Drivers/USB/Core/HostStandardReq.o
LOAD .build/obj_redox_rev1_base_ad_rev2/lib/lufa/LUFA/Drivers/USB/Core/USBTask.o
LOAD .build/obj_redox_rev1_base_ad_rev2/protocol/lufa/usb_util.o
LOAD /usr/lib/gcc/avr/5.4.0/../../../avr/lib/avr5/libm.a
START GROUP
LOAD /usr/lib/gcc/avr/5.4.0/avr5/libgcc.a
LOAD /usr/lib/gcc/avr/5.4.0/../../../avr/lib/avr5/libm.a
LOAD /usr/lib/gcc/avr/5.4.0/../../../avr/lib/avr5/libc.a
LOAD /usr/lib/gcc/avr/5.4.0/../../../avr/lib/avr5/libatmega32u4.a
END GROUP
                0x0000000000000000                __TEXT_REGION_ORIGIN__ = DEFINED (__TEXT_REGION_ORIGIN__)?__TEXT_REGION_ORIGIN__:0x0
                [0x0000000000800100]                __DATA_REGION_ORIGIN__ = DEFINED (__DATA_REGION_ORIGIN__)?__DATA_REGION_ORIGIN__:0x800060
                [0x0000000000008000]                __TEXT_REGION_LENGTH__ = DEFINED (__TEXT_REGION_LENGTH__)?__TEXT_REGION_LENGTH__:0x20000
                [0x0000000000000a00]                __DATA_REGION_LENGTH__ = DEFINED (__DATA_REGION_LENGTH__)?__DATA_REGION_LENGTH__:0xffa0
                [0x0000000000000400]                __EEPROM_REGION_LENGTH__ = DEFINED (__EEPROM_REGION_LENGTH__)?__EEPROM_REGION_LENGTH__:0x10000
                [0x0000000000000003]                __FUSE_REGION_LENGTH__ = DEFINED (__FUSE_REGION_LENGTH__)?__FUSE_REGION_LENGTH__:0x400
                0x0000000000000400                __LOCK_REGION_LENGTH__ = DEFINED (__LOCK_REGION_LENGTH__)?__LOCK_REGION_LENGTH__:0x400
                0x0000000000000400                __SIGNATURE_REGION_LENGTH__ = DEFINED (__SIGNATURE_REGION_LENGTH__)?__SIGNATURE_REGION_LENGTH__:0x400
                0x0000000000000400                __USER_SIGNATURE_REGION_LENGTH__ = DEFINED (__USER_SIGNATURE_REGION_LENGTH__)?__USER_SIGNATURE_REGION_LENGTH__:0x400

.hash
 *(.hash)

.dynsym
 *(.dynsym)

.dynstr
 *(.dynstr)

.gnu.version
 *(.gnu.version)

.gnu.version_d
 *(.gnu.version_d)

.gnu.version_r
 *(.gnu.version_r)

.rel.init
 *(.rel.init)

.rela.init
 *(.rela.init)

.rel.text
 *(.rel.text)
 *(.rel.text.*)
 *(.rel.gnu.linkonce.t*)

.rela.text
 *(.rela.text)
 *(.rela.text.*)
 *(.rela.gnu.linkonce.t*)

.rel.fini
 *(.rel.fini)

.rela.fini
 *(.rela.fini)

.rel.rodata
 *(.rel.rodata)
 *(.rel.rodata.*)
 *(.rel.gnu.linkonce.r*)

.rela.rodata
 *(.rela.rodata)
 *(.rela.rodata.*)
 *(.rela.gnu.linkonce.r*)

.rel.data
 *(.rel.data)
 *(.rel.data.*)
 *(.rel.gnu.linkonce.d*)

.rela.data
 *(.rela.data)
 *(.rela.data.*)
 *(.rela.gnu.linkonce.d*)

.rel.ctors
 *(.rel.ctors)

.rela.ctors
 *(.rela.ctors)

.rel.dtors
 *(.rel.dtors)

.rela.dtors
 *(.rela.dtors)

.rel.got
 *(.rel.got)

.rela.got
 *(.rela.got)

.rel.bss
 *(.rel.bss)

.rela.bss
 *(.rela.bss)

.rel.plt
 *(.rel.plt)

.rela.plt
 *(.rela.plt)

.text           0x0000000000000000     0x61fe
 *(.vectors)
 .vectors       0x0000000000000000       0xac /usr/lib/gcc/avr/5.4.0/../../../avr/lib/avr5/crtatmega32u4.o
                0x0000000000000000                __vectors
                0x0000000000000000                __vector_default
 *(.vectors)
 *(.progmem.gcc*)
 .progmem.gcc_sw_table.process_action
                0x00000000000000ac       0x18 .build/obj_redox_rev1_base_ad_rev2/quantum/action.o
 .progmem.gcc_sw_table.process_rgb
                0x00000000000000c4       0x2a .build/obj_redox_rev1_base_ad_rev2/quantum/process_keycode/process_rgb.o
 .progmem.gcc_sw_table.process_unicode_common
                0x00000000000000ee       0x10 .build/obj_redox_rev1_base_ad_rev2/quantum/process_keycode/process_unicode_common.o
 .progmem.gcc_sw_table.process_magic
                0x00000000000000fe       0x44 .build/obj_redox_rev1_base_ad_rev2/quantum/process_keycode/process_magic.o
 .progmem.gcc_sw_table.process_space_cadet
                0x0000000000000142        0xe .build/obj_redox_rev1_base_ad_rev2/quantum/process_keycode/process_space_cadet.o
 .progmem.gcc_sw_table.USB_Device_ProcessControlRequest
                0x0000000000000150       0x14 .build/obj_redox_rev1_base_ad_rev2/lib/lufa/LUFA/Drivers/USB/Core/DeviceStandardReq.o
                0x0000000000000164                . = ALIGN (0x2)
                0x0000000000000164                __trampolines_start = .
 *(.trampolines)
 .trampolines   0x0000000000000164        0x0 linker stubs
 *(.trampolines*)
                0x0000000000000164                __trampolines_end = .
 *libprintf_flt.a:*(.progmem.data)
 *libc.a:*(.progmem.data)
 *(.progmem*)
 .progmem.data.__c.4880
                0x0000000000000164        0x7 .build/obj_redox_rev1_base_ad_rev2/quantum/keymap_introspection.o
 .progmem.data.__c.4877
                0x000000000000016b        0xb .build/obj_redox_rev1_base_ad_rev2/quantum/keymap_introspection.o
 .progmem.data.__c.4874
                0x0000000000000176        0xe .build/obj_redox_rev1_base_ad_rev2/quantum/keymap_introspection.o
 .progmem.data.__c.4871
                0x0000000000000184        0xe .build/obj_redox_rev1_base_ad_rev2/quantum/keymap_introspection.o
 .progmem.data.keymaps
                0x0000000000000192      0x2bc .build/obj_redox_rev1_base_ad_rev2/quantum/keymap_introspection.o
                0x0000000000000192                keymaps
 .progmem.data.CIE1931_CURVE
                0x000000000000044e      0x100 .build/obj_redox_rev1_base_ad_rev2/quantum/led_tables.o
                0x000000000000044e                CIE1931_CURVE
 .progmem.data.ascii_to_keycode_lut
                0x000000000000054e       0x80 .build/obj_redox_rev1_base_ad_rev2/quantum/send_string/send_string.o
                0x000000000000054e                ascii_to_keycode_lut
 .progmem.data.ascii_to_dead_lut
                0x00000000000005ce       0x10 .build/obj_redox_rev1_base_ad_rev2/quantum/send_string/send_string.o
                0x00000000000005ce                ascii_to_dead_lut
 .progmem.data.ascii_to_altgr_lut
                0x00000000000005de       0x10 .build/obj_redox_rev1_base_ad_rev2/quantum/send_string/send_string.o
                0x00000000000005de                ascii_to_altgr_lut
 .progmem.data.ascii_to_shift_lut
                0x00000000000005ee       0x10 .build/obj_redox_rev1_base_ad_rev2/quantum/send_string/send_string.o
                0x00000000000005ee                ascii_to_shift_lut
 .progmem.data.ProductString
                0x00000000000005fe       0x22 .build/obj_redox_rev1_base_ad_rev2/usb_descriptor.o
                0x00000000000005fe                ProductString
 .progmem.data.ManufacturerString
                0x0000000000000620       0x14 .build/obj_redox_rev1_base_ad_rev2/usb_descriptor.o
                0x0000000000000620                ManufacturerString
 .progmem.data.LanguageString
                0x0000000000000634        0x4 .build/obj_redox_rev1_base_ad_rev2/usb_descriptor.o
                0x0000000000000634                LanguageString
 .progmem.data.ConfigurationDescriptor
                0x0000000000000638       0x3b .build/obj_redox_rev1_base_ad_rev2/usb_descriptor.o
                0x0000000000000638                ConfigurationDescriptor
 .progmem.data.DeviceDescriptor
                0x0000000000000673       0x12 .build/obj_redox_rev1_base_ad_rev2/usb_descriptor.o
                0x0000000000000673                DeviceDescriptor
 .progmem.data.SharedReport
                0x0000000000000685       0x7b .build/obj_redox_rev1_base_ad_rev2/usb_descriptor.o
                0x0000000000000685                SharedReport
 .progmem.data.KeyboardReport
                0x0000000000000700       0x44 .build/obj_redox_rev1_base_ad_rev2/usb_descriptor.o
                0x0000000000000700                KeyboardReport
                0x0000000000000744                . = ALIGN (0x2)
 *(.jumptables)
 *(.jumptables*)
 *(.lowtext)
 *(.lowtext*)
                0x0000000000000744                __ctors_start = .
 *(.ctors)
                0x0000000000000744                __ctors_end = .
                0x0000000000000744                __dtors_start = .
 *(.dtors)
                0x0000000000000744                __dtors_end = .
 SORT(*)(.ctors)
 SORT(*)(.dtors)
 *(.init0)
 .init0         0x0000000000000744        0x0 /usr/lib/gcc/avr/5.4.0/../../../avr/lib/avr5/crtatmega32u4.o
                0x0000000000000744                __init
 *(.init0)
 *(.init1)
 *(.init1)
 *(.init2)
 .init2         0x0000000000000744        0xc /usr/lib/gcc/avr/5.4.0/../../../avr/lib/avr5/crtatmega32u4.o
 *(.init2)
 *(.init3)
 *(.init3)
 *(.init4)
 .init4         0x0000000000000750       0x16 /usr/lib/gcc/avr/5.4.0/avr5/libgcc.a(_copy_data.o)
                0x0000000000000750                __do_copy_data
 .init4         0x0000000000000766       0x10 /usr/lib/gcc/avr/5.4.0/avr5/libgcc.a(_clear_bss.o)
                0x0000000000000766                __do_clear_bss
 *(.init4)
 *(.init5)
 *(.init5)
 *(.init6)
 *(.init6)
 *(.init7)
 *(.init7)
 *(.init8)
 *(.init8)
 *(.init9)
 .init9         0x0000000000000776        0x8 /usr/lib/gcc/avr/5.4.0/../../../avr/lib/avr5/crtatmega32u4.o
 *(.init9)
 *(.text)
 .text          0x000000000000077e        0x4 /usr/lib/gcc/avr/5.4.0/../../../avr/lib/avr5/crtatmega32u4.o
                0x000000000000077e                __vector_38
                0x000000000000077e                __vector_22
                0x000000000000077e                __vector_28
                0x000000000000077e                __vector_32
                0x000000000000077e                __vector_34
                0x000000000000077e                __vector_24
                0x000000000000077e                __bad_interrupt
                0x000000000000077e                __vector_6
                0x000000000000077e                __vector_31
                0x000000000000077e                __vector_35
                0x000000000000077e                __vector_39
                0x000000000000077e                __vector_3
                0x000000000000077e                __vector_23
                0x000000000000077e                __vector_30
                0x000000000000077e                __vector_25
                0x000000000000077e                __vector_13
                0x000000000000077e                __vector_17
                0x000000000000077e                __vector_19
                0x000000000000077e                __vector_7
                0x000000000000077e                __vector_41
                0x000000000000077e                __vector_27
                0x000000000000077e                __vector_5
                0x000000000000077e                __vector_33
                0x000000000000077e                __vector_37
                0x000000000000077e                __vector_4
                0x000000000000077e                __vector_9
                0x000000000000077e                __vector_2
                0x000000000000077e                __vector_15
                0x000000000000077e                __vector_36
                0x000000000000077e                __vector_29
                0x000000000000077e                __vector_40
                0x000000000000077e                __vector_8
                0x000000000000077e                __vector_26
                0x000000000000077e                __vector_14
                0x000000000000077e                __vector_16
                0x000000000000077e                __vector_18
                0x000000000000077e                __vector_20
                0x000000000000077e                __vector_42
                0x0000000000000782                . = ALIGN (0x2)
 *(.text.*)
 .text.process_record_user
                0x0000000000000782      0x11c .build/obj_redox_rev1_base_ad_rev2/quantum/keymap_introspection.o
                0x0000000000000782                process_record_user
 .text.keycode_at_keymap_location_raw
                0x000000000000089e       0x36 .build/obj_redox_rev1_base_ad_rev2/quantum/keymap_introspection.o
                0x000000000000089e                keycode_at_keymap_location_raw
 .text.keycode_at_keymap_location
                0x00000000000008d4        0x6 .build/obj_redox_rev1_base_ad_rev2/quantum/keymap_introspection.o
                0x00000000000008d4                keycode_at_keymap_location
 .text.extract_mod_bits
                0x00000000000008da       0x5a .build/obj_redox_rev1_base_ad_rev2/quantum/quantum.o
                0x00000000000008da                extract_mod_bits
 .text.do_code16
                0x0000000000000934       0x14 .build/obj_redox_rev1_base_ad_rev2/quantum/quantum.o
                0x0000000000000934                do_code16
 .text.register_code16
                0x0000000000000948       0x2e .build/obj_redox_rev1_base_ad_rev2/quantum/quantum.o
                0x0000000000000948                register_code16
 .text.unregister_code16
                0x0000000000000976       0x2e .build/obj_redox_rev1_base_ad_rev2/quantum/quantum.o
                0x0000000000000976                unregister_code16
 .text.tap_code16_delay
                0x00000000000009a4       0x34 .build/obj_redox_rev1_base_ad_rev2/quantum/quantum.o
                0x00000000000009a4                tap_code16_delay
 .text.tap_code16
                0x00000000000009d8       0x16 .build/obj_redox_rev1_base_ad_rev2/quantum/quantum.o
                0x00000000000009d8                tap_code16
 .text.process_action_kb
                0x00000000000009ee        0x4 .build/obj_redox_rev1_base_ad_rev2/quantum/quantum.o
                0x00000000000009ee                process_action_kb
 .text.process_record_user
                0x00000000000009f2        0x4 .build/obj_redox_rev1_base_ad_rev2/quantum/quantum.o
 .text.pre_process_record_user
                0x00000000000009f6        0x6 .build/obj_redox_rev1_base_ad_rev2/quantum/quantum.o
                0x00000000000009f6                pre_process_record_user
 .text.pre_process_record_kb
                0x00000000000009fc        0x6 .build/obj_redox_rev1_base_ad_rev2/quantum/quantum.o
                0x00000000000009fc                pre_process_record_kb
 .text.process_record_kb
                0x0000000000000a02        0x6 .build/obj_redox_rev1_base_ad_rev2/quantum/quantum.o
                0x0000000000000a02                process_record_kb
 .text.post_process_record_user
                0x0000000000000a08        0x2 .build/obj_redox_rev1_base_ad_rev2/quantum/quantum.o
                0x0000000000000a08                post_process_record_user
 .text.post_process_record_kb
                0x0000000000000a0a        0x6 .build/obj_redox_rev1_base_ad_rev2/quantum/quantum.o
                0x0000000000000a0a                post_process_record_kb
 .text.get_event_keycode
                0x0000000000000a10       0x5c .build/obj_redox_rev1_base_ad_rev2/quantum/quantum.o
                0x0000000000000a10                get_event_keycode
 .text.get_record_keycode
                0x0000000000000a6c       0x16 .build/obj_redox_rev1_base_ad_rev2/quantum/quantum.o
                0x0000000000000a6c                get_record_keycode
 .text.pre_process_record_quantum
                0x0000000000000a82       0x18 .build/obj_redox_rev1_base_ad_rev2/quantum/quantum.o
                0x0000000000000a82                pre_process_record_quantum
 .text.post_process_record_quantum
                0x0000000000000a9a       0x18 .build/obj_redox_rev1_base_ad_rev2/quantum/quantum.o
                0x0000000000000a9a                post_process_record_quantum
 .text.shutdown_user
                0x0000000000000ab2        0x2 .build/obj_redox_rev1_base_ad_rev2/quantum/quantum.o
                0x0000000000000ab2                shutdown_user
 .text.shutdown_quantum
                0x0000000000000ab4       0x1c .build/obj_redox_rev1_base_ad_rev2/quantum/quantum.o
                0x0000000000000ab4                shutdown_quantum
 .text.reset_keyboard
                0x0000000000000ad0        0xa .build/obj_redox_rev1_base_ad_rev2/quantum/quantum.o
                0x0000000000000ad0                reset_keyboard
 .text.soft_reset_keyboard
                0x0000000000000ada        0xa .build/obj_redox_rev1_base_ad_rev2/quantum/quantum.o
                0x0000000000000ada                soft_reset_keyboard
 .text.process_record_quantum
                0x0000000000000ae4       0xe4 .build/obj_redox_rev1_base_ad_rev2/quantum/quantum.o
                0x0000000000000ae4                process_record_quantum
 .text.suspend_power_down_quantum
                0x0000000000000bc8        0xa .build/obj_redox_rev1_base_ad_rev2/quantum/quantum.o
                0x0000000000000bc8                suspend_power_down_quantum
 .text.suspend_wakeup_init_quantum
                0x0000000000000bd2        0xa .build/obj_redox_rev1_base_ad_rev2/quantum/quantum.o
                0x0000000000000bd2                suspend_wakeup_init_quantum
 .text.led_set_user
                0x0000000000000bdc        0x2 .build/obj_redox_rev1_base_ad_rev2/quantum/led.o
                0x0000000000000bdc                led_set_user
 .text.led_update_user
                0x0000000000000bde        0x4 .build/obj_redox_rev1_base_ad_rev2/quantum/led.o
                0x0000000000000bde                led_update_user
 .text.led_update_ports
                0x0000000000000be2        0x2 .build/obj_redox_rev1_base_ad_rev2/quantum/led.o
                0x0000000000000be2                led_update_ports
 .text.led_update_kb
                0x0000000000000be4       0x1e .build/obj_redox_rev1_base_ad_rev2/quantum/led.o
                0x0000000000000be4                led_update_kb
 .text.led_init_ports
                0x0000000000000c02        0x2 .build/obj_redox_rev1_base_ad_rev2/quantum/led.o
                0x0000000000000c02                led_init_ports
 .text.led_set  0x0000000000000c04       0x12 .build/obj_redox_rev1_base_ad_rev2/quantum/led.o
                0x0000000000000c04                led_set
 .text.led_suspend
                0x0000000000000c16        0x8 .build/obj_redox_rev1_base_ad_rev2/quantum/led.o
                0x0000000000000c16                led_suspend
 .text.led_wakeup
                0x0000000000000c1e        0xa .build/obj_redox_rev1_base_ad_rev2/quantum/led.o
                0x0000000000000c1e                led_wakeup
 .text.led_task
                0x0000000000000c28       0x32 .build/obj_redox_rev1_base_ad_rev2/quantum/led.o
                0x0000000000000c28                led_task
 .text.action_exec
                0x0000000000000c5a       0x66 .build/obj_redox_rev1_base_ad_rev2/quantum/action.o
                0x0000000000000c5a                action_exec
 .text.process_record_tap_hint
                0x0000000000000cc0       0x12 .build/obj_redox_rev1_base_ad_rev2/quantum/action.o
                0x0000000000000cc0                process_record_tap_hint
 .text.register_mouse
                0x0000000000000cd2       0x14 .build/obj_redox_rev1_base_ad_rev2/quantum/action.o
                0x0000000000000cd2                register_mouse
 .text.register_code
                0x0000000000000ce6      0x15e .build/obj_redox_rev1_base_ad_rev2/quantum/action.o
                0x0000000000000ce6                register_code
 .text.unregister_code
                0x0000000000000e44       0xd8 .build/obj_redox_rev1_base_ad_rev2/quantum/action.o
                0x0000000000000e44                unregister_code
 .text.tap_code_delay
                0x0000000000000f1c       0x30 .build/obj_redox_rev1_base_ad_rev2/quantum/action.o
                0x0000000000000f1c                tap_code_delay
 .text.tap_code
                0x0000000000000f4c       0x14 .build/obj_redox_rev1_base_ad_rev2/quantum/action.o
                0x0000000000000f4c                tap_code
 .text.register_mods
                0x0000000000000f60        0xe .build/obj_redox_rev1_base_ad_rev2/quantum/action.o
                0x0000000000000f60                register_mods
 .text.unregister_mods
                0x0000000000000f6e        0xe .build/obj_redox_rev1_base_ad_rev2/quantum/action.o
                0x0000000000000f6e                unregister_mods
 .text.process_action
                0x0000000000000f7c      0x3f2 .build/obj_redox_rev1_base_ad_rev2/quantum/action.o
                0x0000000000000f7c                process_action
 .text.process_record_handler
                0x000000000000136e       0x30 .build/obj_redox_rev1_base_ad_rev2/quantum/action.o
                0x000000000000136e                process_record_handler
 .text.process_record
                0x000000000000139e       0x46 .build/obj_redox_rev1_base_ad_rev2/quantum/action.o
                0x000000000000139e                process_record
 .text.register_weak_mods
                0x00000000000013e4        0xe .build/obj_redox_rev1_base_ad_rev2/quantum/action.o
                0x00000000000013e4                register_weak_mods
 .text.unregister_weak_mods
                0x00000000000013f2        0xe .build/obj_redox_rev1_base_ad_rev2/quantum/action.o
                0x00000000000013f2                unregister_weak_mods
 .text.clear_keyboard_but_mods_and_keys
                0x0000000000001400       0x22 .build/obj_redox_rev1_base_ad_rev2/quantum/action.o
                0x0000000000001400                clear_keyboard_but_mods_and_keys
 .text.clear_keyboard_but_mods
                0x0000000000001422       0x12 .build/obj_redox_rev1_base_ad_rev2/quantum/action.o
                0x0000000000001422                clear_keyboard_but_mods
 .text.clear_keyboard
                0x0000000000001434        0xa .build/obj_redox_rev1_base_ad_rev2/quantum/action.o
                0x0000000000001434                clear_keyboard
 .text.is_tap_action
                0x000000000000143e       0x36 .build/obj_redox_rev1_base_ad_rev2/quantum/action.o
                0x000000000000143e                is_tap_action
 .text.is_tap_record
                0x0000000000001474       0x1a .build/obj_redox_rev1_base_ad_rev2/quantum/action.o
                0x0000000000001474                is_tap_record
 .text.debug_event
                0x000000000000148e       0x14 .build/obj_redox_rev1_base_ad_rev2/quantum/action.o
                0x000000000000148e                debug_event
 .text.debug_record
                0x00000000000014a2       0x14 .build/obj_redox_rev1_base_ad_rev2/quantum/action.o
                0x00000000000014a2                debug_record
 .text.default_layer_debug
                0x00000000000014b6        0x2 .build/obj_redox_rev1_base_ad_rev2/quantum/action_layer.o
                0x00000000000014b6                default_layer_debug
 .text.layer_state_set_user
                0x00000000000014b8        0x2 .build/obj_redox_rev1_base_ad_rev2/quantum/action_layer.o
                0x00000000000014b8                layer_state_set_user
 .text.default_layer_state_set_user
                0x00000000000014ba        0x6 .build/obj_redox_rev1_base_ad_rev2/quantum/action_layer.o
                0x00000000000014ba                default_layer_state_set_user
 .text.default_layer_state_set_kb
                0x00000000000014c0        0x6 .build/obj_redox_rev1_base_ad_rev2/quantum/action_layer.o
                0x00000000000014c0                default_layer_state_set_kb
 .text.default_layer_state_set
                0x00000000000014c6        0xe .build/obj_redox_rev1_base_ad_rev2/quantum/action_layer.o
 .text.default_layer_set
                0x00000000000014d4        0x6 .build/obj_redox_rev1_base_ad_rev2/quantum/action_layer.o
                0x00000000000014d4                default_layer_set
 .text.default_layer_or
                0x00000000000014da       0x12 .build/obj_redox_rev1_base_ad_rev2/quantum/action_layer.o
                0x00000000000014da                default_layer_or
 .text.default_layer_and
                0x00000000000014ec       0x12 .build/obj_redox_rev1_base_ad_rev2/quantum/action_layer.o
                0x00000000000014ec                default_layer_and
 .text.default_layer_xor
                0x00000000000014fe       0x12 .build/obj_redox_rev1_base_ad_rev2/quantum/action_layer.o
                0x00000000000014fe                default_layer_xor
 .text.layer_state_set_kb
                0x0000000000001510        0x6 .build/obj_redox_rev1_base_ad_rev2/quantum/action_layer.o
                0x0000000000001510                layer_state_set_kb
 .text.layer_state_set
                0x0000000000001516        0xe .build/obj_redox_rev1_base_ad_rev2/quantum/action_layer.o
                0x0000000000001516                layer_state_set
 .text.layer_clear
                0x0000000000001524        0xa .build/obj_redox_rev1_base_ad_rev2/quantum/action_layer.o
                0x0000000000001524                layer_clear
 .text.layer_move
                0x000000000000152e       0x18 .build/obj_redox_rev1_base_ad_rev2/quantum/action_layer.o
                0x000000000000152e                layer_move
 .text.layer_on
                0x0000000000001546       0x20 .build/obj_redox_rev1_base_ad_rev2/quantum/action_layer.o
                0x0000000000001546                layer_on
 .text.layer_off
                0x0000000000001566       0x24 .build/obj_redox_rev1_base_ad_rev2/quantum/action_layer.o
                0x0000000000001566                layer_off
 .text.layer_invert
                0x000000000000158a       0x20 .build/obj_redox_rev1_base_ad_rev2/quantum/action_layer.o
                0x000000000000158a                layer_invert
 .text.layer_or
                0x00000000000015aa       0x12 .build/obj_redox_rev1_base_ad_rev2/quantum/action_layer.o
                0x00000000000015aa                layer_or
 .text.layer_and
                0x00000000000015bc       0x12 .build/obj_redox_rev1_base_ad_rev2/quantum/action_layer.o
                0x00000000000015bc                layer_and
 .text.layer_xor
                0x00000000000015ce       0x12 .build/obj_redox_rev1_base_ad_rev2/quantum/action_layer.o
                0x00000000000015ce                layer_xor
 .text.layer_debug
                0x00000000000015e0        0x2 .build/obj_redox_rev1_base_ad_rev2/quantum/action_layer.o
                0x00000000000015e0                layer_debug
 .text.update_source_layers_cache_impl
                0x00000000000015e2       0x56 .build/obj_redox_rev1_base_ad_rev2/quantum/action_layer.o
                0x00000000000015e2                update_source_layers_cache_impl
 .text.read_source_layers_cache_impl
                0x0000000000001638       0x4e .build/obj_redox_rev1_base_ad_rev2/quantum/action_layer.o
                0x0000000000001638                read_source_layers_cache_impl
 .text.update_source_layers_cache
                0x0000000000001686       0x24 .build/obj_redox_rev1_base_ad_rev2/quantum/action_layer.o
                0x0000000000001686                update_source_layers_cache
 .text.read_source_layers_cache
                0x00000000000016aa       0x24 .build/obj_redox_rev1_base_ad_rev2/quantum/action_layer.o
                0x00000000000016aa                read_source_layers_cache
 .text.layer_switch_get_layer
                0x00000000000016ce       0x64 .build/obj_redox_rev1_base_ad_rev2/quantum/action_layer.o
                0x00000000000016ce                layer_switch_get_layer
 .text.layer_switch_get_action
                0x0000000000001732       0x16 .build/obj_redox_rev1_base_ad_rev2/quantum/action_layer.o
                0x0000000000001732                layer_switch_get_action
 .text.store_or_get_action
                0x0000000000001748       0x46 .build/obj_redox_rev1_base_ad_rev2/quantum/action_layer.o
                0x0000000000001748                store_or_get_action
 .text.debug_waiting_buffer
                0x000000000000178e       0x44 .build/obj_redox_rev1_base_ad_rev2/quantum/action_tapping.o
 .text.debug_tapping_key
                0x00000000000017d2       0x22 .build/obj_redox_rev1_base_ad_rev2/quantum/action_tapping.o
 .text.waiting_buffer_scan_tap
                0x00000000000017f4       0xb2 .build/obj_redox_rev1_base_ad_rev2/quantum/action_tapping.o
 .text.waiting_buffer_typed.isra.2
                0x00000000000018a6       0x40 .build/obj_redox_rev1_base_ad_rev2/quantum/action_tapping.o
 .text.process_tapping
                0x00000000000018e6      0x348 .build/obj_redox_rev1_base_ad_rev2/quantum/action_tapping.o
 .text.action_tapping_process
                0x0000000000001c2e      0x10a .build/obj_redox_rev1_base_ad_rev2/quantum/action_tapping.o
                0x0000000000001c2e                action_tapping_process
 .text.get_oneshot_layer
                0x0000000000001d38        0xc .build/obj_redox_rev1_base_ad_rev2/quantum/action_util.o
                0x0000000000001d38                get_oneshot_layer
 .text.get_oneshot_layer_state
                0x0000000000001d44        0x8 .build/obj_redox_rev1_base_ad_rev2/quantum/action_util.o
                0x0000000000001d44                get_oneshot_layer_state
 .text.is_oneshot_layer_active
                0x0000000000001d4c        0xe .build/obj_redox_rev1_base_ad_rev2/quantum/action_util.o
                0x0000000000001d4c                is_oneshot_layer_active
 .text.get_mods
                0x0000000000001d5a        0x6 .build/obj_redox_rev1_base_ad_rev2/quantum/action_util.o
                0x0000000000001d5a                get_mods
 .text.add_mods
                0x0000000000001d60        0xc .build/obj_redox_rev1_base_ad_rev2/quantum/action_util.o
                0x0000000000001d60                add_mods
 .text.del_mods
                0x0000000000001d6c        0xe .build/obj_redox_rev1_base_ad_rev2/quantum/action_util.o
                0x0000000000001d6c                del_mods
 .text.set_mods
                0x0000000000001d7a        0x6 .build/obj_redox_rev1_base_ad_rev2/quantum/action_util.o
                0x0000000000001d7a                set_mods
 .text.clear_mods
                0x0000000000001d80        0x6 .build/obj_redox_rev1_base_ad_rev2/quantum/action_util.o
                0x0000000000001d80                clear_mods
 .text.get_weak_mods
                0x0000000000001d86        0x6 .build/obj_redox_rev1_base_ad_rev2/quantum/action_util.o
                0x0000000000001d86                get_weak_mods
 .text.add_weak_mods
                0x0000000000001d8c        0xc .build/obj_redox_rev1_base_ad_rev2/quantum/action_util.o
                0x0000000000001d8c                add_weak_mods
 .text.del_weak_mods
                0x0000000000001d98        0xe .build/obj_redox_rev1_base_ad_rev2/quantum/action_util.o
                0x0000000000001d98                del_weak_mods
 .text.clear_weak_mods
                0x0000000000001da6        0x6 .build/obj_redox_rev1_base_ad_rev2/quantum/action_util.o
                0x0000000000001da6                clear_weak_mods
 .text.get_oneshot_mods
                0x0000000000001dac        0x6 .build/obj_redox_rev1_base_ad_rev2/quantum/action_util.o
                0x0000000000001dac                get_oneshot_mods
 .text.oneshot_layer_changed_user
                0x0000000000001db2        0x2 .build/obj_redox_rev1_base_ad_rev2/quantum/action_util.o
                0x0000000000001db2                oneshot_layer_changed_user
 .text.oneshot_mods_changed_user
                0x0000000000001db4        0x6 .build/obj_redox_rev1_base_ad_rev2/quantum/action_util.o
                0x0000000000001db4                oneshot_mods_changed_user
 .text.oneshot_mods_changed_kb
                0x0000000000001dba        0x6 .build/obj_redox_rev1_base_ad_rev2/quantum/action_util.o
                0x0000000000001dba                oneshot_mods_changed_kb
 .text.add_oneshot_mods
                0x0000000000001dc0       0x18 .build/obj_redox_rev1_base_ad_rev2/quantum/action_util.o
                0x0000000000001dc0                add_oneshot_mods
 .text.del_oneshot_mods
                0x0000000000001dd8       0x18 .build/obj_redox_rev1_base_ad_rev2/quantum/action_util.o
                0x0000000000001dd8                del_oneshot_mods
 .text.clear_oneshot_mods
                0x0000000000001df0       0x14 .build/obj_redox_rev1_base_ad_rev2/quantum/action_util.o
                0x0000000000001df0                clear_oneshot_mods
 .text.send_keyboard_report
                0x0000000000001e04       0x82 .build/obj_redox_rev1_base_ad_rev2/quantum/action_util.o
                0x0000000000001e04                send_keyboard_report
 .text.oneshot_locked_mods_changed_user
                0x0000000000001e86        0x6 .build/obj_redox_rev1_base_ad_rev2/quantum/action_util.o
                0x0000000000001e86                oneshot_locked_mods_changed_user
 .text.oneshot_locked_mods_changed_kb
                0x0000000000001e8c        0x6 .build/obj_redox_rev1_base_ad_rev2/quantum/action_util.o
                0x0000000000001e8c                oneshot_locked_mods_changed_kb
 .text.del_oneshot_locked_mods
                0x0000000000001e92       0x18 .build/obj_redox_rev1_base_ad_rev2/quantum/action_util.o
                0x0000000000001e92                del_oneshot_locked_mods
 .text.oneshot_layer_changed_kb
                0x0000000000001eaa        0x6 .build/obj_redox_rev1_base_ad_rev2/quantum/action_util.o
                0x0000000000001eaa                oneshot_layer_changed_kb
 .text.set_oneshot_layer
                0x0000000000001eb0       0x30 .build/obj_redox_rev1_base_ad_rev2/quantum/action_util.o
                0x0000000000001eb0                set_oneshot_layer
 .text.reset_oneshot_layer
                0x0000000000001ee0        0xc .build/obj_redox_rev1_base_ad_rev2/quantum/action_util.o
                0x0000000000001ee0                reset_oneshot_layer
 .text.clear_oneshot_layer_state
                0x0000000000001eec       0x2e .build/obj_redox_rev1_base_ad_rev2/quantum/action_util.o
                0x0000000000001eec                clear_oneshot_layer_state
 .text.oneshot_set
                0x0000000000001f1a       0x2a .build/obj_redox_rev1_base_ad_rev2/quantum/action_util.o
                0x0000000000001f1a                oneshot_set
 .text.oneshot_toggle
                0x0000000000001f44       0x14 .build/obj_redox_rev1_base_ad_rev2/quantum/action_util.o
                0x0000000000001f44                oneshot_toggle
 .text.oneshot_enable
                0x0000000000001f58        0x8 .build/obj_redox_rev1_base_ad_rev2/quantum/action_util.o
                0x0000000000001f58                oneshot_enable
 .text.oneshot_disable
                0x0000000000001f60        0x8 .build/obj_redox_rev1_base_ad_rev2/quantum/action_util.o
                0x0000000000001f60                oneshot_disable
 .text.eeconfig_disable
                0x0000000000001f68        0xe .build/obj_redox_rev1_base_ad_rev2/quantum/eeconfig.o
                0x0000000000001f68                eeconfig_disable
 .text.eeconfig_is_enabled
                0x0000000000001f76       0x16 .build/obj_redox_rev1_base_ad_rev2/quantum/eeconfig.o
                0x0000000000001f76                eeconfig_is_enabled
 .text.eeconfig_read_debug
                0x0000000000001f8c        0xa .build/obj_redox_rev1_base_ad_rev2/quantum/eeconfig.o
                0x0000000000001f8c                eeconfig_read_debug
 .text.eeconfig_read_default_layer
                0x0000000000001f96        0xa .build/obj_redox_rev1_base_ad_rev2/quantum/eeconfig.o
                0x0000000000001f96                eeconfig_read_default_layer
 .text.eeconfig_read_keymap
                0x0000000000001fa0        0xa .build/obj_redox_rev1_base_ad_rev2/quantum/eeconfig.o
                0x0000000000001fa0                eeconfig_read_keymap
 .text.eeconfig_update_keymap
                0x0000000000001faa        0xc .build/obj_redox_rev1_base_ad_rev2/quantum/eeconfig.o
                0x0000000000001faa                eeconfig_update_keymap
 .text.eeconfig_update_kb
                0x0000000000001fb6        0xe .build/obj_redox_rev1_base_ad_rev2/quantum/eeconfig.o
                0x0000000000001fb6                eeconfig_update_kb
 .text.eeconfig_update_user
                0x0000000000001fc4        0xe .build/obj_redox_rev1_base_ad_rev2/quantum/eeconfig.o
                0x0000000000001fc4                eeconfig_update_user
 .text.eeconfig_init_user
                0x0000000000001fd2        0xc .build/obj_redox_rev1_base_ad_rev2/quantum/eeconfig.o
                0x0000000000001fd2                eeconfig_init_user
 .text.eeconfig_init_kb
                0x0000000000001fde       0x10 .build/obj_redox_rev1_base_ad_rev2/quantum/eeconfig.o
                0x0000000000001fde                eeconfig_init_kb
 .text.eeconfig_init_quantum
                0x0000000000001fee       0xc4 .build/obj_redox_rev1_base_ad_rev2/quantum/eeconfig.o
                0x0000000000001fee                eeconfig_init_quantum
 .text.eeconfig_init
                0x00000000000020b2        0x6 .build/obj_redox_rev1_base_ad_rev2/quantum/eeconfig.o
                0x00000000000020b2                eeconfig_init
 .text.eeconfig_update_handedness
                0x00000000000020b8        0xc .build/obj_redox_rev1_base_ad_rev2/quantum/eeconfig.o
                0x00000000000020b8                eeconfig_update_handedness
 .text.generate_tick_event
                0x00000000000020c4       0x48 .build/obj_redox_rev1_base_ad_rev2/quantum/keyboard.o
 .text.last_matrix_activity_trigger
                0x000000000000210c       0x26 .build/obj_redox_rev1_base_ad_rev2/quantum/keyboard.o
                0x000000000000210c                last_matrix_activity_trigger
 .text.matrix_can_read
                0x0000000000002132        0x4 .build/obj_redox_rev1_base_ad_rev2/quantum/keyboard.o
                0x0000000000002132                matrix_can_read
 .text.should_process_keypress
                0x0000000000002136        0x6 .build/obj_redox_rev1_base_ad_rev2/quantum/keyboard.o
                0x0000000000002136                should_process_keypress
 .text.housekeeping_task_user
                0x000000000000213c        0x2 .build/obj_redox_rev1_base_ad_rev2/quantum/keyboard.o
                0x000000000000213c                housekeeping_task_user
 .text.housekeeping_task_kb
                0x000000000000213e        0x6 .build/obj_redox_rev1_base_ad_rev2/quantum/keyboard.o
                0x000000000000213e                housekeeping_task_kb
 .text.keyboard_post_init_user
                0x0000000000002144        0x6 .build/obj_redox_rev1_base_ad_rev2/quantum/keyboard.o
                0x0000000000002144                keyboard_post_init_user
 .text.keyboard_post_init_kb
                0x000000000000214a        0x6 .build/obj_redox_rev1_base_ad_rev2/quantum/keyboard.o
                0x000000000000214a                keyboard_post_init_kb
 .text.keyboard_pre_init_user
                0x0000000000002150        0x6 .build/obj_redox_rev1_base_ad_rev2/quantum/keyboard.o
                0x0000000000002150                keyboard_pre_init_user
 .text.keyboard_pre_init_kb
                0x0000000000002156        0x6 .build/obj_redox_rev1_base_ad_rev2/quantum/keyboard.o
                0x0000000000002156                keyboard_pre_init_kb
 .text.matrix_setup
                0x000000000000215c        0x6 .build/obj_redox_rev1_base_ad_rev2/quantum/keyboard.o
                0x000000000000215c                matrix_setup
 .text.keyboard_setup
                0x0000000000002162       0x12 .build/obj_redox_rev1_base_ad_rev2/quantum/keyboard.o
                0x0000000000002162                keyboard_setup
 .text.housekeeping_task
                0x0000000000002174        0xa .build/obj_redox_rev1_base_ad_rev2/quantum/keyboard.o
                0x0000000000002174                housekeeping_task
 .text.quantum_init
                0x000000000000217e        0xe .build/obj_redox_rev1_base_ad_rev2/quantum/keyboard.o
                0x000000000000217e                quantum_init
 .text.keyboard_init
                0x000000000000218c       0x26 .build/obj_redox_rev1_base_ad_rev2/quantum/keyboard.o
                0x000000000000218c                keyboard_init
 .text.quantum_task
                0x00000000000021b2        0xc .build/obj_redox_rev1_base_ad_rev2/quantum/keyboard.o
                0x00000000000021b2                quantum_task
 .text.keyboard_task
                0x00000000000021be       0xd4 .build/obj_redox_rev1_base_ad_rev2/quantum/keyboard.o
                0x00000000000021be                keyboard_task
 .text.action_for_keycode
                0x0000000000002292      0x23a .build/obj_redox_rev1_base_ad_rev2/quantum/keymap_common.o
                0x0000000000002292                action_for_keycode
 .text.keymap_key_to_keycode
                0x00000000000024cc       0x18 .build/obj_redox_rev1_base_ad_rev2/quantum/keymap_common.o
                0x00000000000024cc                keymap_key_to_keycode
 .text.action_for_key
                0x00000000000024e4        0xa .build/obj_redox_rev1_base_ad_rev2/quantum/keymap_common.o
                0x00000000000024e4                action_for_key
 .text.keycode_config
                0x00000000000024ee      0x138 .build/obj_redox_rev1_base_ad_rev2/quantum/keycode_config.o
                0x00000000000024ee                keycode_config
 .text.mod_config
                0x0000000000002626       0x9e .build/obj_redox_rev1_base_ad_rev2/quantum/keycode_config.o
                0x0000000000002626                mod_config
 .text.sync_timer_init
                0x00000000000026c4       0x12 .build/obj_redox_rev1_base_ad_rev2/quantum/sync_timer.o
                0x00000000000026c4                sync_timer_init
 .text.sync_timer_update
                0x00000000000026d6       0x3a .build/obj_redox_rev1_base_ad_rev2/quantum/sync_timer.o
                0x00000000000026d6                sync_timer_update
 .text.sync_timer_read32
                0x0000000000002710       0x34 .build/obj_redox_rev1_base_ad_rev2/quantum/sync_timer.o
                0x0000000000002710                sync_timer_read32
 .text.sendchar
                0x0000000000002744        0x4 .build/obj_redox_rev1_base_ad_rev2/quantum/logging/sendchar.o
                0x0000000000002744                sendchar
 .text.bootmagic
                0x0000000000002748        0x2 .build/obj_redox_rev1_base_ad_rev2/quantum/bootmagic/magic.o
                0x0000000000002748                bootmagic
 .text.magic    0x000000000000274a       0x3c .build/obj_redox_rev1_base_ad_rev2/quantum/bootmagic/magic.o
                0x000000000000274a                magic
 .text.matrix_get_row
                0x0000000000002786        0xc .build/obj_redox_rev1_base_ad_rev2/quantum/matrix_common.o
                0x0000000000002786                matrix_get_row
 .text.matrix_print
                0x0000000000002792        0x2 .build/obj_redox_rev1_base_ad_rev2/quantum/matrix_common.o
                0x0000000000002792                matrix_print
 .text.matrix_io_delay
                0x0000000000002794        0x8 .build/obj_redox_rev1_base_ad_rev2/quantum/matrix_common.o
                0x0000000000002794                matrix_io_delay
 .text.matrix_output_select_delay
                0x000000000000279c        0x4 .build/obj_redox_rev1_base_ad_rev2/quantum/matrix_common.o
                0x000000000000279c                matrix_output_select_delay
 .text.matrix_output_unselect_delay
                0x00000000000027a0        0x6 .build/obj_redox_rev1_base_ad_rev2/quantum/matrix_common.o
                0x00000000000027a0                matrix_output_unselect_delay
 .text.matrix_slave_scan_user
                0x00000000000027a6        0x2 .build/obj_redox_rev1_base_ad_rev2/quantum/matrix_common.o
                0x00000000000027a6                matrix_slave_scan_user
 .text.matrix_scan_user
                0x00000000000027a8        0x6 .build/obj_redox_rev1_base_ad_rev2/quantum/matrix_common.o
                0x00000000000027a8                matrix_scan_user
 .text.matrix_scan_kb
                0x00000000000027ae        0x6 .build/obj_redox_rev1_base_ad_rev2/quantum/matrix_common.o
                0x00000000000027ae                matrix_scan_kb
 .text.matrix_init_user
                0x00000000000027b4        0x6 .build/obj_redox_rev1_base_ad_rev2/quantum/matrix_common.o
                0x00000000000027b4                matrix_init_user
 .text.matrix_init_kb
                0x00000000000027ba        0x6 .build/obj_redox_rev1_base_ad_rev2/quantum/matrix_common.o
                0x00000000000027ba                matrix_init_kb
 .text.matrix_slave_scan_kb
                0x00000000000027c0        0x6 .build/obj_redox_rev1_base_ad_rev2/quantum/matrix_common.o
                0x00000000000027c0                matrix_slave_scan_kb
 .text.matrix_post_scan
                0x00000000000027c6       0xb6 .build/obj_redox_rev1_base_ad_rev2/quantum/matrix_common.o
                0x00000000000027c6                matrix_post_scan
 .text.setPinInputHigh_atomic
                0x000000000000287c       0x2e .build/obj_redox_rev1_base_ad_rev2/quantum/matrix.o
 .text.matrix_init_pins
                0x00000000000028aa       0x40 .build/obj_redox_rev1_base_ad_rev2/quantum/matrix.o
                0x00000000000028aa                matrix_init_pins
 .text.matrix_read_cols_on_row
                0x00000000000028ea       0xbc .build/obj_redox_rev1_base_ad_rev2/quantum/matrix.o
                0x00000000000028ea                matrix_read_cols_on_row
 .text.matrix_init
                0x00000000000029a6       0x4a .build/obj_redox_rev1_base_ad_rev2/quantum/matrix.o
                0x00000000000029a6                matrix_init
 .text.matrix_scan
                0x00000000000029f0       0x7c .build/obj_redox_rev1_base_ad_rev2/quantum/matrix.o
                0x00000000000029f0                matrix_scan
 .text.debounce_init
                0x0000000000002a6c        0x2 .build/obj_redox_rev1_base_ad_rev2/quantum/debounce/sym_defer_g.o
                0x0000000000002a6c                debounce_init
 .text.debounce
                0x0000000000002a6e       0x72 .build/obj_redox_rev1_base_ad_rev2/quantum/debounce/sym_defer_g.o
                0x0000000000002a6e                debounce
 .text.is_keyboard_master
                0x0000000000002ae0       0x30 .build/obj_redox_rev1_base_ad_rev2/quantum/split_common/split_util.o
                0x0000000000002ae0                is_keyboard_master
 .text.is_keyboard_left
                0x0000000000002b10        0x6 .build/obj_redox_rev1_base_ad_rev2/quantum/split_common/split_util.o
                0x0000000000002b10                is_keyboard_left
 .text.split_pre_init
                0x0000000000002b16       0x14 .build/obj_redox_rev1_base_ad_rev2/quantum/split_common/split_util.o
                0x0000000000002b16                split_pre_init
 .text.split_post_init
                0x0000000000002b2a        0xe .build/obj_redox_rev1_base_ad_rev2/quantum/split_common/split_util.o
                0x0000000000002b2a                split_post_init
 .text.is_transport_connected
                0x0000000000002b38        0xe .build/obj_redox_rev1_base_ad_rev2/quantum/split_common/split_util.o
                0x0000000000002b38                is_transport_connected
 .text.transport_master_if_connected
                0x0000000000002b46       0x70 .build/obj_redox_rev1_base_ad_rev2/quantum/split_common/split_util.o
                0x0000000000002b46                transport_master_if_connected
 .text.transport_master_init
                0x0000000000002bb6        0x6 .build/obj_redox_rev1_base_ad_rev2/quantum/split_common/transport.o
                0x0000000000002bb6                transport_master_init
 .text.transport_slave_init
                0x0000000000002bbc        0x6 .build/obj_redox_rev1_base_ad_rev2/quantum/split_common/transport.o
                0x0000000000002bbc                transport_slave_init
 .text.transport_execute_transaction
                0x0000000000002bc2       0x90 .build/obj_redox_rev1_base_ad_rev2/quantum/split_common/transport.o
                0x0000000000002bc2                transport_execute_transaction
 .text.transport_master
                0x0000000000002c52        0x6 .build/obj_redox_rev1_base_ad_rev2/quantum/split_common/transport.o
                0x0000000000002c52                transport_master
 .text.transport_slave
                0x0000000000002c58        0x6 .build/obj_redox_rev1_base_ad_rev2/quantum/split_common/transport.o
                0x0000000000002c58                transport_slave
 .text.sync_timer_handlers_master
                0x0000000000002c5e       0x80 .build/obj_redox_rev1_base_ad_rev2/quantum/split_common/transactions.o
 .text.transaction_handler_master.isra.1
                0x0000000000002cde       0x6a .build/obj_redox_rev1_base_ad_rev2/quantum/split_common/transactions.o
 .text.rgblight_handlers_master
                0x0000000000002d48       0x7c .build/obj_redox_rev1_base_ad_rev2/quantum/split_common/transactions.o
 .text.slave_matrix_handlers_master
                0x0000000000002dc4       0xf4 .build/obj_redox_rev1_base_ad_rev2/quantum/split_common/transactions.o
 .text.transactions_master
                0x0000000000002eb8       0x42 .build/obj_redox_rev1_base_ad_rev2/quantum/split_common/transactions.o
                0x0000000000002eb8                transactions_master
 .text.transactions_slave
                0x0000000000002efa       0x96 .build/obj_redox_rev1_base_ad_rev2/quantum/split_common/transactions.o
                0x0000000000002efa                transactions_slave
 .text.protocol_init
                0x0000000000002f90        0xe .build/obj_redox_rev1_base_ad_rev2/quantum/main.o
                0x0000000000002f90                protocol_init
 .text.protocol_task
                0x0000000000002f9e        0xe .build/obj_redox_rev1_base_ad_rev2/quantum/main.o
                0x0000000000002f9e                protocol_task
 .text.startup.main
                0x0000000000002fac       0x1a .build/obj_redox_rev1_base_ad_rev2/quantum/main.o
                0x0000000000002fac                main
 .text.print_set_sendchar
                0x0000000000002fc6        0xa .build/obj_redox_rev1_base_ad_rev2/platforms/avr/printf.o
                0x0000000000002fc6                print_set_sendchar
 .text.times_inv_sqrt2
                0x0000000000002fd0       0x1c .build/obj_redox_rev1_base_ad_rev2/quantum/mousekey.o
 .text.move_unit
                0x0000000000002fec       0x7e .build/obj_redox_rev1_base_ad_rev2/quantum/mousekey.o
 .text.wheel_unit
                0x000000000000306a       0x72 .build/obj_redox_rev1_base_ad_rev2/quantum/mousekey.o
 .text.mousekey_on
                0x00000000000030dc       0xb6 .build/obj_redox_rev1_base_ad_rev2/quantum/mousekey.o
                0x00000000000030dc                mousekey_on
 .text.mousekey_off
                0x0000000000003192       0xee .build/obj_redox_rev1_base_ad_rev2/quantum/mousekey.o
                0x0000000000003192                mousekey_off
 .text.mousekey_send
                0x0000000000003280       0x3e .build/obj_redox_rev1_base_ad_rev2/quantum/mousekey.o
                0x0000000000003280                mousekey_send
 .text.mousekey_clear
                0x00000000000032be       0x1c .build/obj_redox_rev1_base_ad_rev2/quantum/mousekey.o
                0x00000000000032be                mousekey_clear
 .text.should_mousekey_report_send
                0x00000000000032da       0x28 .build/obj_redox_rev1_base_ad_rev2/quantum/mousekey.o
                0x00000000000032da                should_mousekey_report_send
 .text.mousekey_task
                0x0000000000003302      0x1dc .build/obj_redox_rev1_base_ad_rev2/quantum/mousekey.o
                0x0000000000003302                mousekey_task
 .text.hsv_to_rgb_impl
                0x00000000000034de      0x11c .build/obj_redox_rev1_base_ad_rev2/quantum/color.o
                0x00000000000034de                hsv_to_rgb_impl
 .text.hsv_to_rgb
                0x00000000000035fa        0x8 .build/obj_redox_rev1_base_ad_rev2/quantum/color.o
                0x00000000000035fa                hsv_to_rgb
 .text.rgblight_hsv_to_rgb
                0x0000000000003602        0x6 .build/obj_redox_rev1_base_ad_rev2/quantum/rgblight/rgblight.o
                0x0000000000003602                rgblight_hsv_to_rgb
 .text.sethsv_raw
                0x0000000000003608       0x1c .build/obj_redox_rev1_base_ad_rev2/quantum/rgblight/rgblight.o
                0x0000000000003608                sethsv_raw
 .text.rgblight_check_config
                0x0000000000003624       0x16 .build/obj_redox_rev1_base_ad_rev2/quantum/rgblight/rgblight.o
                0x0000000000003624                rgblight_check_config
 .text.eeconfig_read_rgblight
                0x000000000000363a       0x64 .build/obj_redox_rev1_base_ad_rev2/quantum/rgblight/rgblight.o
                0x000000000000363a                eeconfig_read_rgblight
 .text.eeconfig_update_rgblight
                0x000000000000369e       0x4c .build/obj_redox_rev1_base_ad_rev2/quantum/rgblight/rgblight.o
                0x000000000000369e                eeconfig_update_rgblight
 .text.eeconfig_update_rgblight_default
                0x00000000000036ea       0x36 .build/obj_redox_rev1_base_ad_rev2/quantum/rgblight/rgblight.o
                0x00000000000036ea                eeconfig_update_rgblight_default
 .text.rgblight_increase_speed_helper
                0x0000000000003720       0x38 .build/obj_redox_rev1_base_ad_rev2/quantum/rgblight/rgblight.o
                0x0000000000003720                rgblight_increase_speed_helper
 .text.rgblight_increase_speed
                0x0000000000003758        0x8 .build/obj_redox_rev1_base_ad_rev2/quantum/rgblight/rgblight.o
                0x0000000000003758                rgblight_increase_speed
 .text.rgblight_decrease_speed_helper
                0x0000000000003760       0x38 .build/obj_redox_rev1_base_ad_rev2/quantum/rgblight/rgblight.o
                0x0000000000003760                rgblight_decrease_speed_helper
 .text.rgblight_decrease_speed
                0x0000000000003798        0x8 .build/obj_redox_rev1_base_ad_rev2/quantum/rgblight/rgblight.o
                0x0000000000003798                rgblight_decrease_speed
 .text.rgblight_call_driver
                0x00000000000037a0        0x8 .build/obj_redox_rev1_base_ad_rev2/quantum/rgblight/rgblight.o
                0x00000000000037a0                rgblight_call_driver
 .text.rgblight_set
                0x00000000000037a8       0x4a .build/obj_redox_rev1_base_ad_rev2/quantum/rgblight/rgblight.o
                0x00000000000037a8                rgblight_set
 .text.rgblight_disable
                0x00000000000037f2       0x2c .build/obj_redox_rev1_base_ad_rev2/quantum/rgblight/rgblight.o
                0x00000000000037f2                rgblight_disable
 .text.rgblight_disable_noeeprom
                0x000000000000381e       0x1a .build/obj_redox_rev1_base_ad_rev2/quantum/rgblight/rgblight.o
                0x000000000000381e                rgblight_disable_noeeprom
 .text.rgblight_setrgb
                0x0000000000003838       0x36 .build/obj_redox_rev1_base_ad_rev2/quantum/rgblight/rgblight.o
                0x0000000000003838                rgblight_setrgb
 .text.rgblight_sethsv_eeprom_helper
                0x000000000000386e       0x9e .build/obj_redox_rev1_base_ad_rev2/quantum/rgblight/rgblight.o
                0x000000000000386e                rgblight_sethsv_eeprom_helper
 .text.rgblight_increase_hue_helper
                0x000000000000390c       0x16 .build/obj_redox_rev1_base_ad_rev2/quantum/rgblight/rgblight.o
                0x000000000000390c                rgblight_increase_hue_helper
 .text.rgblight_increase_hue
                0x0000000000003922        0x8 .build/obj_redox_rev1_base_ad_rev2/quantum/rgblight/rgblight.o
                0x0000000000003922                rgblight_increase_hue
 .text.rgblight_decrease_hue_helper
                0x000000000000392a       0x16 .build/obj_redox_rev1_base_ad_rev2/quantum/rgblight/rgblight.o
                0x000000000000392a                rgblight_decrease_hue_helper
 .text.rgblight_decrease_hue
                0x0000000000003940        0x8 .build/obj_redox_rev1_base_ad_rev2/quantum/rgblight/rgblight.o
                0x0000000000003940                rgblight_decrease_hue
 .text.rgblight_increase_sat_helper
                0x0000000000003948       0x1a .build/obj_redox_rev1_base_ad_rev2/quantum/rgblight/rgblight.o
                0x0000000000003948                rgblight_increase_sat_helper
 .text.rgblight_increase_sat
                0x0000000000003962        0x8 .build/obj_redox_rev1_base_ad_rev2/quantum/rgblight/rgblight.o
                0x0000000000003962                rgblight_increase_sat
 .text.rgblight_decrease_sat_helper
                0x000000000000396a       0x1a .build/obj_redox_rev1_base_ad_rev2/quantum/rgblight/rgblight.o
                0x000000000000396a                rgblight_decrease_sat_helper
 .text.rgblight_decrease_sat
                0x0000000000003984        0x8 .build/obj_redox_rev1_base_ad_rev2/quantum/rgblight/rgblight.o
                0x0000000000003984                rgblight_decrease_sat
 .text.rgblight_increase_val_helper
                0x000000000000398c       0x1a .build/obj_redox_rev1_base_ad_rev2/quantum/rgblight/rgblight.o
                0x000000000000398c                rgblight_increase_val_helper
 .text.rgblight_increase_val
                0x00000000000039a6        0x8 .build/obj_redox_rev1_base_ad_rev2/quantum/rgblight/rgblight.o
                0x00000000000039a6                rgblight_increase_val
 .text.rgblight_decrease_val_helper
                0x00000000000039ae       0x1a .build/obj_redox_rev1_base_ad_rev2/quantum/rgblight/rgblight.o
                0x00000000000039ae                rgblight_decrease_val_helper
 .text.rgblight_decrease_val
                0x00000000000039c8        0x8 .build/obj_redox_rev1_base_ad_rev2/quantum/rgblight/rgblight.o
                0x00000000000039c8                rgblight_decrease_val
 .text.rgblight_sethsv_noeeprom
                0x00000000000039d0        0x8 .build/obj_redox_rev1_base_ad_rev2/quantum/rgblight/rgblight.o
                0x00000000000039d0                rgblight_sethsv_noeeprom
 .text.rgblight_mode_eeprom_helper
                0x00000000000039d8       0x50 .build/obj_redox_rev1_base_ad_rev2/quantum/rgblight/rgblight.o
                0x00000000000039d8                rgblight_mode_eeprom_helper
 .text.rgblight_step_helper
                0x0000000000003a28        0xa .build/obj_redox_rev1_base_ad_rev2/quantum/rgblight/rgblight.o
                0x0000000000003a28                rgblight_step_helper
 .text.rgblight_step
                0x0000000000003a32        0x8 .build/obj_redox_rev1_base_ad_rev2/quantum/rgblight/rgblight.o
                0x0000000000003a32                rgblight_step
 .text.rgblight_step_reverse_helper
                0x0000000000003a3a       0x16 .build/obj_redox_rev1_base_ad_rev2/quantum/rgblight/rgblight.o
                0x0000000000003a3a                rgblight_step_reverse_helper
 .text.rgblight_step_reverse
                0x0000000000003a50        0x8 .build/obj_redox_rev1_base_ad_rev2/quantum/rgblight/rgblight.o
                0x0000000000003a50                rgblight_step_reverse
 .text.rgblight_mode
                0x0000000000003a58        0x8 .build/obj_redox_rev1_base_ad_rev2/quantum/rgblight/rgblight.o
                0x0000000000003a58                rgblight_mode
 .text.rgblight_enable
                0x0000000000003a60       0x12 .build/obj_redox_rev1_base_ad_rev2/quantum/rgblight/rgblight.o
                0x0000000000003a60                rgblight_enable
 .text.rgblight_toggle
                0x0000000000003a72       0x14 .build/obj_redox_rev1_base_ad_rev2/quantum/rgblight/rgblight.o
                0x0000000000003a72                rgblight_toggle
 .text.rgblight_mode_noeeprom
                0x0000000000003a86        0x8 .build/obj_redox_rev1_base_ad_rev2/quantum/rgblight/rgblight.o
                0x0000000000003a86                rgblight_mode_noeeprom
 .text.rgblight_init
                0x0000000000003a8e       0x8c .build/obj_redox_rev1_base_ad_rev2/quantum/rgblight/rgblight.o
                0x0000000000003a8e                rgblight_init
 .text.rgblight_clear_change_flags
                0x0000000000003b1a        0x6 .build/obj_redox_rev1_base_ad_rev2/quantum/rgblight/rgblight.o
                0x0000000000003b1a                rgblight_clear_change_flags
 .text.rgblight_get_syncinfo
                0x0000000000003b20       0x26 .build/obj_redox_rev1_base_ad_rev2/quantum/rgblight/rgblight.o
                0x0000000000003b20                rgblight_get_syncinfo
 .text.rgblight_update_sync
                0x0000000000003b46       0x48 .build/obj_redox_rev1_base_ad_rev2/quantum/rgblight/rgblight.o
                0x0000000000003b46                rgblight_update_sync
 .text.handleKeycodeRGB
                0x0000000000003b8e        0xe .build/obj_redox_rev1_base_ad_rev2/quantum/process_keycode/process_rgb.o
 .text.process_rgb
                0x0000000000003b9c       0xac .build/obj_redox_rev1_base_ad_rev2/quantum/process_keycode/process_rgb.o
                0x0000000000003b9c                process_rgb
 .text.ws2812_setleds
                0x0000000000003c48       0x56 .build/obj_redox_rev1_base_ad_rev2/ws2812_bitbang.o
                0x0000000000003c48                ws2812_setleds
 .text.crc_init
                0x0000000000003c9e        0x2 .build/obj_redox_rev1_base_ad_rev2/crc.o
                0x0000000000003c9e                crc_init
 .text.crc8     0x0000000000003ca0       0x2e .build/obj_redox_rev1_base_ad_rev2/crc.o
                0x0000000000003ca0                crc8
 .text.process_unicode
                0x0000000000003cce       0x1c .build/obj_redox_rev1_base_ad_rev2/quantum/process_keycode/process_unicode.o
                0x0000000000003cce                process_unicode
 .text.process_unicode_common
                0x0000000000003cea       0x6e .build/obj_redox_rev1_base_ad_rev2/quantum/process_keycode/process_unicode_common.o
                0x0000000000003cea                process_unicode_common
 .text.send_nibble_wrapper
                0x0000000000003d58       0x2a .build/obj_redox_rev1_base_ad_rev2/quantum/unicode/unicode.o
 .text.unicode_input_mode_set_user
                0x0000000000003d82        0x2 .build/obj_redox_rev1_base_ad_rev2/quantum/unicode/unicode.o
                0x0000000000003d82                unicode_input_mode_set_user
 .text.unicode_input_mode_set_kb
                0x0000000000003d84        0x6 .build/obj_redox_rev1_base_ad_rev2/quantum/unicode/unicode.o
                0x0000000000003d84                unicode_input_mode_set_kb
 .text.cycle_unicode_input_mode
                0x0000000000003d8a       0x48 .build/obj_redox_rev1_base_ad_rev2/quantum/unicode/unicode.o
 .text.unicode_input_mode_init
                0x0000000000003dd2       0x3a .build/obj_redox_rev1_base_ad_rev2/quantum/unicode/unicode.o
                0x0000000000003dd2                unicode_input_mode_init
 .text.set_unicode_input_mode
                0x0000000000003e0c       0x1c .build/obj_redox_rev1_base_ad_rev2/quantum/unicode/unicode.o
                0x0000000000003e0c                set_unicode_input_mode
 .text.unicode_input_mode_step
                0x0000000000003e28        0x8 .build/obj_redox_rev1_base_ad_rev2/quantum/unicode/unicode.o
                0x0000000000003e28                unicode_input_mode_step
 .text.unicode_input_mode_step_reverse
                0x0000000000003e30        0x8 .build/obj_redox_rev1_base_ad_rev2/quantum/unicode/unicode.o
                0x0000000000003e30                unicode_input_mode_step_reverse
 .text.unicode_input_start
                0x0000000000003e38       0xac .build/obj_redox_rev1_base_ad_rev2/quantum/unicode/unicode.o
                0x0000000000003e38                unicode_input_start
 .text.unicode_input_finish
                0x0000000000003ee4       0x64 .build/obj_redox_rev1_base_ad_rev2/quantum/unicode/unicode.o
                0x0000000000003ee4                unicode_input_finish
 .text.register_hex32
                0x0000000000003f48       0x8e .build/obj_redox_rev1_base_ad_rev2/quantum/unicode/unicode.o
                0x0000000000003f48                register_hex32
 .text.register_unicode
                0x0000000000003fd6       0x9e .build/obj_redox_rev1_base_ad_rev2/quantum/unicode/unicode.o
                0x0000000000003fd6                register_unicode
 .text.process_magic
                0x0000000000004074      0x1d4 .build/obj_redox_rev1_base_ad_rev2/quantum/process_keycode/process_magic.o
                0x0000000000004074                process_magic
 .text.send_char
                0x0000000000004248       0xba .build/obj_redox_rev1_base_ad_rev2/quantum/send_string/send_string.o
                0x0000000000004248                send_char
 .text.send_nibble
                0x0000000000004302       0x16 .build/obj_redox_rev1_base_ad_rev2/quantum/send_string/send_string.o
                0x0000000000004302                send_nibble
 .text.send_string_with_delay_P
                0x0000000000004318       0xd6 .build/obj_redox_rev1_base_ad_rev2/quantum/send_string/send_string.o
                0x0000000000004318                send_string_with_delay_P
 .text.mousekey_console
                0x00000000000043ee      0x104 .build/obj_redox_rev1_base_ad_rev2/quantum/command.o
 .text.command_common
                0x00000000000044f2      0x13c .build/obj_redox_rev1_base_ad_rev2/quantum/command.o
 .text.command_console_extra
                0x000000000000462e        0x4 .build/obj_redox_rev1_base_ad_rev2/quantum/command.o
                0x000000000000462e                command_console_extra
 .text.command_extra
                0x0000000000004632        0x6 .build/obj_redox_rev1_base_ad_rev2/quantum/command.o
                0x0000000000004632                command_extra
 .text.command_proc
                0x0000000000004638       0x92 .build/obj_redox_rev1_base_ad_rev2/quantum/command.o
                0x0000000000004638                command_proc
 .text.process_grave_esc
                0x00000000000046ca       0x62 .build/obj_redox_rev1_base_ad_rev2/quantum/process_keycode/process_grave_esc.o
                0x00000000000046ca                process_grave_esc
 .text.perform_space_cadet
                0x000000000000472c       0xd2 .build/obj_redox_rev1_base_ad_rev2/quantum/process_keycode/process_space_cadet.o
                0x000000000000472c                perform_space_cadet
 .text.process_space_cadet
                0x00000000000047fe       0x86 .build/obj_redox_rev1_base_ad_rev2/quantum/process_keycode/process_space_cadet.o
                0x00000000000047fe                process_space_cadet
 .text._process_tap_dance_action_fn
                0x0000000000004884        0xc .build/obj_redox_rev1_base_ad_rev2/quantum/process_keycode/process_tap_dance.o
 .text.process_tap_dance_action_on_reset
                0x0000000000004890       0x32 .build/obj_redox_rev1_base_ad_rev2/quantum/process_keycode/process_tap_dance.o
 .text.process_tap_dance_action_on_dance_finished
                0x00000000000048c2       0x48 .build/obj_redox_rev1_base_ad_rev2/quantum/process_keycode/process_tap_dance.o
 .text.tap_dance_pair_on_each_tap
                0x000000000000490a       0x24 .build/obj_redox_rev1_base_ad_rev2/quantum/process_keycode/process_tap_dance.o
                0x000000000000490a                tap_dance_pair_on_each_tap
 .text.tap_dance_pair_finished
                0x000000000000492e        0xc .build/obj_redox_rev1_base_ad_rev2/quantum/process_keycode/process_tap_dance.o
                0x000000000000492e                tap_dance_pair_finished
 .text.tap_dance_pair_reset
                0x000000000000493a       0x20 .build/obj_redox_rev1_base_ad_rev2/quantum/process_keycode/process_tap_dance.o
                0x000000000000493a                tap_dance_pair_reset
 .text.preprocess_tap_dance
                0x000000000000495a       0x56 .build/obj_redox_rev1_base_ad_rev2/quantum/process_keycode/process_tap_dance.o
                0x000000000000495a                preprocess_tap_dance
 .text.process_tap_dance
                0x00000000000049b0       0xd8 .build/obj_redox_rev1_base_ad_rev2/quantum/process_keycode/process_tap_dance.o
                0x00000000000049b0                process_tap_dance
 .text.tap_dance_task
                0x0000000000004a88       0x48 .build/obj_redox_rev1_base_ad_rev2/quantum/process_keycode/process_tap_dance.o
                0x0000000000004a88                tap_dance_task
 .text.host_set_driver
                0x0000000000004ad0        0xa .build/obj_redox_rev1_base_ad_rev2/protocol/host.o
                0x0000000000004ad0                host_set_driver
 .text.host_keyboard_leds
                0x0000000000004ada       0x28 .build/obj_redox_rev1_base_ad_rev2/protocol/host.o
                0x0000000000004ada                host_keyboard_leds
 .text.host_keyboard_led_state
                0x0000000000004b02        0x6 .build/obj_redox_rev1_base_ad_rev2/protocol/host.o
                0x0000000000004b02                host_keyboard_led_state
 .text.host_keyboard_send
                0x0000000000004b08       0x16 .build/obj_redox_rev1_base_ad_rev2/protocol/host.o
                0x0000000000004b08                host_keyboard_send
 .text.host_mouse_send
                0x0000000000004b1e       0x1c .build/obj_redox_rev1_base_ad_rev2/protocol/host.o
                0x0000000000004b1e                host_mouse_send
 .text.host_system_send
                0x0000000000004b3a       0x4a .build/obj_redox_rev1_base_ad_rev2/protocol/host.o
                0x0000000000004b3a                host_system_send
 .text.host_consumer_send
                0x0000000000004b84       0x4a .build/obj_redox_rev1_base_ad_rev2/protocol/host.o
                0x0000000000004b84                host_consumer_send
 .text.has_anykey
                0x0000000000004bce       0x18 .build/obj_redox_rev1_base_ad_rev2/protocol/report.o
                0x0000000000004bce                has_anykey
 .text.is_key_pressed
                0x0000000000004be6       0x1e .build/obj_redox_rev1_base_ad_rev2/protocol/report.o
                0x0000000000004be6                is_key_pressed
 .text.add_key_byte
                0x0000000000004c04       0x34 .build/obj_redox_rev1_base_ad_rev2/protocol/report.o
                0x0000000000004c04                add_key_byte
 .text.del_key_byte
                0x0000000000004c38       0x1a .build/obj_redox_rev1_base_ad_rev2/protocol/report.o
                0x0000000000004c38                del_key_byte
 .text.add_key_to_report
                0x0000000000004c52        0x6 .build/obj_redox_rev1_base_ad_rev2/protocol/report.o
                0x0000000000004c52                add_key_to_report
 .text.del_key_from_report
                0x0000000000004c58        0x6 .build/obj_redox_rev1_base_ad_rev2/protocol/report.o
                0x0000000000004c58                del_key_from_report
 .text.clear_keys_from_report
                0x0000000000004c5e        0xe .build/obj_redox_rev1_base_ad_rev2/protocol/report.o
                0x0000000000004c5e                clear_keys_from_report
 .text.has_mouse_report_changed
                0x0000000000004c6c       0x5c .build/obj_redox_rev1_base_ad_rev2/protocol/report.o
                0x0000000000004c6c                has_mouse_report_changed
 .text.notify_usb_device_state_change_user
                0x0000000000004cc8        0x2 .build/obj_redox_rev1_base_ad_rev2/protocol/usb_device_state.o
                0x0000000000004cc8                notify_usb_device_state_change_user
 .text.notify_usb_device_state_change_kb
                0x0000000000004cca        0x6 .build/obj_redox_rev1_base_ad_rev2/protocol/usb_device_state.o
                0x0000000000004cca                notify_usb_device_state_change_kb
 .text.usb_device_state_set_suspend
                0x0000000000004cd0        0xc .build/obj_redox_rev1_base_ad_rev2/protocol/usb_device_state.o
                0x0000000000004cd0                usb_device_state_set_suspend
 .text.usb_device_state_set_resume
                0x0000000000004cdc       0x14 .build/obj_redox_rev1_base_ad_rev2/protocol/usb_device_state.o
                0x0000000000004cdc                usb_device_state_set_resume
 .text.usb_device_state_set_configuration
                0x0000000000004cf0        0x6 .build/obj_redox_rev1_base_ad_rev2/protocol/usb_device_state.o
                0x0000000000004cf0                usb_device_state_set_configuration
 .text.usb_device_state_init
                0x0000000000004cf6        0xc .build/obj_redox_rev1_base_ad_rev2/protocol/usb_device_state.o
                0x0000000000004cf6                usb_device_state_init
 .text.usb_device_state_set_reset
                0x0000000000004d02        0x6 .build/obj_redox_rev1_base_ad_rev2/protocol/usb_device_state.o
                0x0000000000004d02                usb_device_state_set_reset
 .text.suspend_wakeup_init_user
                0x0000000000004d08        0x2 .build/obj_redox_rev1_base_ad_rev2/platforms/suspend.o
                0x0000000000004d08                suspend_wakeup_init_user
 .text.suspend_power_down_user
                0x0000000000004d0a        0x6 .build/obj_redox_rev1_base_ad_rev2/platforms/suspend.o
                0x0000000000004d0a                suspend_power_down_user
 .text.suspend_power_down_kb
                0x0000000000004d10        0x6 .build/obj_redox_rev1_base_ad_rev2/platforms/suspend.o
                0x0000000000004d10                suspend_power_down_kb
 .text.matrix_power_down
                0x0000000000004d16        0x6 .build/obj_redox_rev1_base_ad_rev2/platforms/suspend.o
                0x0000000000004d16                matrix_power_down
 .text.matrix_power_up
                0x0000000000004d1c        0x6 .build/obj_redox_rev1_base_ad_rev2/platforms/suspend.o
                0x0000000000004d1c                matrix_power_up
 .text.suspend_wakeup_init_kb
                0x0000000000004d22        0x6 .build/obj_redox_rev1_base_ad_rev2/platforms/suspend.o
                0x0000000000004d22                suspend_wakeup_init_kb
 .text.suspend_wakeup_condition
                0x0000000000004d28       0x28 .build/obj_redox_rev1_base_ad_rev2/platforms/suspend.o
                0x0000000000004d28                suspend_wakeup_condition
 .text.platform_setup
                0x0000000000004d50        0xe .build/obj_redox_rev1_base_ad_rev2/platforms/avr/platform.o
                0x0000000000004d50                platform_setup
 .text.__vector_12
                0x0000000000004d5e       0x52 .build/obj_redox_rev1_base_ad_rev2/platforms/avr/suspend.o
                0x0000000000004d5e                __vector_12
 .text.suspend_power_down
                0x0000000000004db0       0x56 .build/obj_redox_rev1_base_ad_rev2/platforms/avr/suspend.o
                0x0000000000004db0                suspend_power_down
 .text.suspend_wakeup_init
                0x0000000000004e06        0xa .build/obj_redox_rev1_base_ad_rev2/platforms/avr/suspend.o
                0x0000000000004e06                suspend_wakeup_init
 .text.timer_init
                0x0000000000004e10       0x12 .build/obj_redox_rev1_base_ad_rev2/platforms/avr/timer.o
                0x0000000000004e10                timer_init
 .text.timer_read
                0x0000000000004e22       0x18 .build/obj_redox_rev1_base_ad_rev2/platforms/avr/timer.o
                0x0000000000004e22                timer_read
 .text.timer_read32
                0x0000000000004e3a       0x18 .build/obj_redox_rev1_base_ad_rev2/platforms/avr/timer.o
                0x0000000000004e3a                timer_read32
 .text.timer_elapsed
                0x0000000000004e52       0x1e .build/obj_redox_rev1_base_ad_rev2/platforms/avr/timer.o
                0x0000000000004e52                timer_elapsed
 .text.timer_elapsed32
                0x0000000000004e70       0x38 .build/obj_redox_rev1_base_ad_rev2/platforms/avr/timer.o
                0x0000000000004e70                timer_elapsed32
 .text.__vector_21
                0x0000000000004ea8       0x4c .build/obj_redox_rev1_base_ad_rev2/platforms/avr/timer.o
                0x0000000000004ea8                __vector_21
 .text.bootloader_jump
                0x0000000000004ef4       0x22 .build/obj_redox_rev1_base_ad_rev2/platforms/avr/bootloaders/caterina.o
                0x0000000000004ef4                bootloader_jump
 .text.mcu_reset
                0x0000000000004f16       0x16 .build/obj_redox_rev1_base_ad_rev2/platforms/avr/bootloaders/caterina.o
                0x0000000000004f16                mcu_reset
 .text.sync_recv
                0x0000000000004f2c       0x10 .build/obj_redox_rev1_base_ad_rev2/serial.a(serial.o)
 .text.sync_send
                0x0000000000004f3c        0xc .build/obj_redox_rev1_base_ad_rev2/serial.a(serial.o)
 .text.serial_read_chunk.constprop.0
                0x0000000000004f48       0x4c .build/obj_redox_rev1_base_ad_rev2/serial.a(serial.o)
 .text.serial_recive_packet
                0x0000000000004f94       0x40 .build/obj_redox_rev1_base_ad_rev2/serial.a(serial.o)
 .text.soft_serial_initiator_init
                0x0000000000004fd4        0x6 .build/obj_redox_rev1_base_ad_rev2/serial.a(serial.o)
                0x0000000000004fd4                soft_serial_initiator_init
 .text.soft_serial_target_init
                0x0000000000004fda       0x12 .build/obj_redox_rev1_base_ad_rev2/serial.a(serial.o)
                0x0000000000004fda                soft_serial_target_init
 .text.serial_write_chunk
                0x0000000000004fec       0x40 .build/obj_redox_rev1_base_ad_rev2/serial.a(serial.o)
                0x0000000000004fec                serial_write_chunk
 .text.serial_send_packet
                0x000000000000502c       0x32 .build/obj_redox_rev1_base_ad_rev2/serial.a(serial.o)
 .text.__vector_1
                0x000000000000505e      0x14c .build/obj_redox_rev1_base_ad_rev2/serial.a(serial.o)
                0x000000000000505e                __vector_1
 .text.soft_serial_transaction
                0x00000000000051aa       0xf6 .build/obj_redox_rev1_base_ad_rev2/serial.a(serial.o)
                0x00000000000051aa                soft_serial_transaction
 .text.keyboard_leds
                0x00000000000052a0        0x6 .build/obj_redox_rev1_base_ad_rev2/lufa.o
 .text.send_report
                0x00000000000052a6       0x48 .build/obj_redox_rev1_base_ad_rev2/lufa.o
                0x00000000000052a6                send_report
 .text.send_extra
                0x00000000000052ee        0xe .build/obj_redox_rev1_base_ad_rev2/lufa.o
 .text.send_mouse
                0x00000000000052fc        0xe .build/obj_redox_rev1_base_ad_rev2/lufa.o
 .text.send_keyboard
                0x000000000000530a       0x28 .build/obj_redox_rev1_base_ad_rev2/lufa.o
 .text.EVENT_USB_Device_Connect
                0x0000000000005332       0x1c .build/obj_redox_rev1_base_ad_rev2/lufa.o
                0x0000000000005332                EVENT_USB_Device_Connect
 .text.EVENT_USB_Device_Disconnect
                0x000000000000534e        0x6 .build/obj_redox_rev1_base_ad_rev2/lufa.o
                0x000000000000534e                EVENT_USB_Device_Disconnect
 .text.EVENT_USB_Device_Reset
                0x0000000000005354        0x6 .build/obj_redox_rev1_base_ad_rev2/lufa.o
                0x0000000000005354                EVENT_USB_Device_Reset
 .text.EVENT_USB_Device_Suspend
                0x000000000000535a       0x12 .build/obj_redox_rev1_base_ad_rev2/lufa.o
                0x000000000000535a                EVENT_USB_Device_Suspend
 .text.EVENT_USB_Device_WakeUp
                0x000000000000536c       0x16 .build/obj_redox_rev1_base_ad_rev2/lufa.o
                0x000000000000536c                EVENT_USB_Device_WakeUp
 .text.EVENT_USB_Device_ConfigurationChanged
                0x0000000000005382       0x2a .build/obj_redox_rev1_base_ad_rev2/lufa.o
                0x0000000000005382                EVENT_USB_Device_ConfigurationChanged
 .text.EVENT_USB_Device_ControlRequest
                0x00000000000053ac      0x17e .build/obj_redox_rev1_base_ad_rev2/lufa.o
                0x00000000000053ac                EVENT_USB_Device_ControlRequest
 .text.protocol_setup
                0x000000000000552a       0x34 .build/obj_redox_rev1_base_ad_rev2/lufa.o
                0x000000000000552a                protocol_setup
 .text.protocol_pre_init
                0x000000000000555e       0x1a .build/obj_redox_rev1_base_ad_rev2/lufa.o
                0x000000000000555e                protocol_pre_init
 .text.protocol_post_init
                0x0000000000005578        0xa .build/obj_redox_rev1_base_ad_rev2/lufa.o
                0x0000000000005578                protocol_post_init
 .text.protocol_pre_task
                0x0000000000005582       0x34 .build/obj_redox_rev1_base_ad_rev2/lufa.o
                0x0000000000005582                protocol_pre_task
 .text.protocol_post_task
                0x00000000000055b6        0x2 .build/obj_redox_rev1_base_ad_rev2/lufa.o
                0x00000000000055b6                protocol_post_task
 .text.CALLBACK_USB_GetDescriptor
                0x00000000000055b8       0x10 .build/obj_redox_rev1_base_ad_rev2/lufa.o
                0x00000000000055b8                CALLBACK_USB_GetDescriptor
 .text.get_usb_descriptor
                0x00000000000055c8       0xb2 .build/obj_redox_rev1_base_ad_rev2/usb_descriptor.o
                0x00000000000055c8                get_usb_descriptor
 .text.USB_Device_SendRemoteWakeup
                0x000000000000567a       0x2c .build/obj_redox_rev1_base_ad_rev2/lib/lufa/LUFA/Drivers/USB/Core/AVR8/Device_AVR8.o
                0x000000000000567a                USB_Device_SendRemoteWakeup
 .text.Endpoint_Write_Stream_LE
                0x00000000000056a6       0x8a .build/obj_redox_rev1_base_ad_rev2/lib/lufa/LUFA/Drivers/USB/Core/AVR8/EndpointStream_AVR8.o
                0x00000000000056a6                Endpoint_Write_Stream_LE
 .text.Endpoint_Write_Control_Stream_LE
                0x0000000000005730       0xbc .build/obj_redox_rev1_base_ad_rev2/lib/lufa/LUFA/Drivers/USB/Core/AVR8/EndpointStream_AVR8.o
                0x0000000000005730                Endpoint_Write_Control_Stream_LE
 .text.Endpoint_Write_Control_PStream_LE
                0x00000000000057ec       0xc2 .build/obj_redox_rev1_base_ad_rev2/lib/lufa/LUFA/Drivers/USB/Core/AVR8/EndpointStream_AVR8.o
                0x00000000000057ec                Endpoint_Write_Control_PStream_LE
 .text.Endpoint_ConfigureEndpoint_Prv
                0x00000000000058ae       0x6a .build/obj_redox_rev1_base_ad_rev2/lib/lufa/LUFA/Drivers/USB/Core/AVR8/Endpoint_AVR8.o
                0x00000000000058ae                Endpoint_ConfigureEndpoint_Prv
 .text.Endpoint_ClearStatusStage
                0x0000000000005918       0x3e .build/obj_redox_rev1_base_ad_rev2/lib/lufa/LUFA/Drivers/USB/Core/AVR8/Endpoint_AVR8.o
                0x0000000000005918                Endpoint_ClearStatusStage
 .text.Endpoint_WaitUntilReady
                0x0000000000005956       0x66 .build/obj_redox_rev1_base_ad_rev2/lib/lufa/LUFA/Drivers/USB/Core/AVR8/Endpoint_AVR8.o
                0x0000000000005956                Endpoint_WaitUntilReady
 .text.USB_Disable
                0x00000000000059bc       0x34 .build/obj_redox_rev1_base_ad_rev2/lib/lufa/LUFA/Drivers/USB/Core/AVR8/USBController_AVR8.o
                0x00000000000059bc                USB_Disable
 .text.USB_ResetInterface
                0x00000000000059f0       0x86 .build/obj_redox_rev1_base_ad_rev2/lib/lufa/LUFA/Drivers/USB/Core/AVR8/USBController_AVR8.o
                0x00000000000059f0                USB_ResetInterface
 .text.USB_Init
                0x0000000000005a76       0x24 .build/obj_redox_rev1_base_ad_rev2/lib/lufa/LUFA/Drivers/USB/Core/AVR8/USBController_AVR8.o
                0x0000000000005a76                USB_Init
 .text.USB_INT_DisableAllInterrupts
                0x0000000000005a9a       0x10 .build/obj_redox_rev1_base_ad_rev2/lib/lufa/LUFA/Drivers/USB/Core/AVR8/USBInterrupt_AVR8.o
                0x0000000000005a9a                USB_INT_DisableAllInterrupts
 .text.USB_INT_ClearAllInterrupts
                0x0000000000005aaa        0xa .build/obj_redox_rev1_base_ad_rev2/lib/lufa/LUFA/Drivers/USB/Core/AVR8/USBInterrupt_AVR8.o
                0x0000000000005aaa                USB_INT_ClearAllInterrupts
 .text.__vector_10
                0x0000000000005ab4      0x1a4 .build/obj_redox_rev1_base_ad_rev2/lib/lufa/LUFA/Drivers/USB/Core/AVR8/USBInterrupt_AVR8.o
                0x0000000000005ab4                __vector_10
 .text.__vector_11
                0x0000000000005c58       0x88 .build/obj_redox_rev1_base_ad_rev2/lib/lufa/LUFA/Drivers/USB/Core/AVR8/USBInterrupt_AVR8.o
                0x0000000000005c58                __vector_11
 .text.USB_Device_ProcessControlRequest
                0x0000000000005ce0      0x2aa .build/obj_redox_rev1_base_ad_rev2/lib/lufa/LUFA/Drivers/USB/Core/DeviceStandardReq.o
                0x0000000000005ce0                USB_Device_ProcessControlRequest
 .text.USB_Event_Stub
                0x0000000000005f8a        0x2 .build/obj_redox_rev1_base_ad_rev2/lib/lufa/LUFA/Drivers/USB/Core/Events.o
                0x0000000000005f8a                USB_Event_Stub
                0x0000000000005f8a                EVENT_USB_Device_StartOfFrame
 .text.USB_USBTask
                0x0000000000005f8c       0x36 .build/obj_redox_rev1_base_ad_rev2/lib/lufa/LUFA/Drivers/USB/Core/USBTask.o
                0x0000000000005f8c                USB_USBTask
 .text.usb_disconnect
                0x0000000000005fc2        0xa .build/obj_redox_rev1_base_ad_rev2/protocol/lufa/usb_util.o
                0x0000000000005fc2                usb_disconnect
 .text.usb_vbus_state
                0x0000000000005fcc       0x1a .build/obj_redox_rev1_base_ad_rev2/protocol/lufa/usb_util.o
                0x0000000000005fcc                usb_vbus_state
 .text.libgcc.div
                0x0000000000005fe6       0x28 /usr/lib/gcc/avr/5.4.0/avr5/libgcc.a(_udivmodhi4.o)
                0x0000000000005fe6                __udivmodhi4
 .text.libgcc.div
                0x000000000000600e       0x28 /usr/lib/gcc/avr/5.4.0/avr5/libgcc.a(_divmodhi4.o)
                0x000000000000600e                __divmodhi4
                0x000000000000600e                _div
 .text.libgcc   0x0000000000006036        0xc /usr/lib/gcc/avr/5.4.0/avr5/libgcc.a(_tablejump2.o)
                0x0000000000006036                __tablejump2__
 .text.libgcc.prologue
                0x0000000000006042       0x38 /usr/lib/gcc/avr/5.4.0/avr5/libgcc.a(_prologue.o)
                0x0000000000006042                __prologue_saves__
 .text.libgcc.prologue
                0x000000000000607a       0x36 /usr/lib/gcc/avr/5.4.0/avr5/libgcc.a(_epilogue.o)
                0x000000000000607a                __epilogue_restores__
 .text.libgcc.builtins
                0x00000000000060b0       0x32 /usr/lib/gcc/avr/5.4.0/avr5/libgcc.a(_ashldi3.o)
                0x00000000000060b0                __ashldi3
 .text.libgcc.builtins
                0x00000000000060e2       0x3c /usr/lib/gcc/avr/5.4.0/avr5/libgcc.a(_ashrdi3.o)
                0x00000000000060e2                __ashrdi3
                0x00000000000060e6                __lshrdi3
 .text.avr-libc
                0x000000000000611e       0x1a /usr/lib/gcc/avr/5.4.0/../../../avr/lib/avr5/libc.a(memcmp.o)
                0x000000000000611e                memcmp
 .text.avr-libc
                0x0000000000006138       0x12 /usr/lib/gcc/avr/5.4.0/../../../avr/lib/avr5/libc.a(memcpy.o)
                0x0000000000006138                memcpy
 .text.avr-libc
                0x000000000000614a       0x10 /usr/lib/gcc/avr/5.4.0/../../../avr/lib/avr5/libatmega32u4.a(eerd_byte.o)
                0x000000000000614a                eeprom_read_byte
 .text.avr-libc
                0x000000000000615a        0xc /usr/lib/gcc/avr/5.4.0/../../../avr/lib/avr5/libatmega32u4.a(eerd_dword.o)
                0x000000000000615a                eeprom_read_dword
                0x000000000000615a                eeprom_read_float
 .text.avr-libc
                0x0000000000006166        0xc /usr/lib/gcc/avr/5.4.0/../../../avr/lib/avr5/libatmega32u4.a(eerd_word.o)
                0x0000000000006166                eeprom_read_word
 .text.avr-libc
                0x0000000000006172       0x20 /usr/lib/gcc/avr/5.4.0/../../../avr/lib/avr5/libatmega32u4.a(eeupd_block.o)
                0x0000000000006172                eeprom_update_block
 .text.avr-libc
                0x0000000000006192       0x24 /usr/lib/gcc/avr/5.4.0/../../../avr/lib/avr5/libatmega32u4.a(eeupd_byte.o)
                0x0000000000006192                eeprom_update_byte