Archive member included to satisfy reference by file (symbol)

.build/obj_redox_rev1_base_ad_rev3/serial.a(serial.o)
                              .build/obj_redox_rev1_base_ad_rev3/quantum/split_common/transport.o (soft_serial_initiator_init)
/usr/lib/gcc/avr/5.4.0/avr5/libgcc.a(_udivmodhi4.o)
                              .build/obj_redox_rev1_base_ad_rev3/quantum/color.o (__udivmodhi4)
/usr/lib/gcc/avr/5.4.0/avr5/libgcc.a(_divmodhi4.o)
                              .build/obj_redox_rev1_base_ad_rev3/quantum/mousekey.o (__divmodhi4)
/usr/lib/gcc/avr/5.4.0/avr5/libgcc.a(_udivmodsi4.o)
                              .build/obj_redox_rev1_base_ad_rev3/quantum/quantum.o (__udivmodsi4)
/usr/lib/gcc/avr/5.4.0/avr5/libgcc.a(_exit.o)
                              /usr/lib/gcc/avr/5.4.0/../../../avr/lib/avr5/crtatmega32u4.o (exit)
/usr/lib/gcc/avr/5.4.0/avr5/libgcc.a(_tablejump2.o)
                              .build/obj_redox_rev1_base_ad_rev3/quantum/action.o (__tablejump2__)
/usr/lib/gcc/avr/5.4.0/avr5/libgcc.a(_copy_data.o)
                              .build/obj_redox_rev1_base_ad_rev3/quantum/quantum.o (__do_copy_data)
/usr/lib/gcc/avr/5.4.0/avr5/libgcc.a(_clear_bss.o)
                              .build/obj_redox_rev1_base_ad_rev3/quantum/keymap_introspection.o (__do_clear_bss)
/usr/lib/gcc/avr/5.4.0/avr5/libgcc.a(_prologue.o)
                              .build/obj_redox_rev1_base_ad_rev3/quantum/quantum.o (__prologue_saves__)
/usr/lib/gcc/avr/5.4.0/avr5/libgcc.a(_epilogue.o)
                              .build/obj_redox_rev1_base_ad_rev3/quantum/quantum.o (__epilogue_restores__)
/usr/lib/gcc/avr/5.4.0/avr5/libgcc.a(_ashldi3.o)
                              .build/obj_redox_rev1_base_ad_rev3/quantum/rgblight/rgblight.o (__ashldi3)
/usr/lib/gcc/avr/5.4.0/avr5/libgcc.a(_ashrdi3.o)
                              .build/obj_redox_rev1_base_ad_rev3/quantum/rgblight/rgblight.o (__lshrdi3)
/usr/lib/gcc/avr/5.4.0/../../../avr/lib/avr5/libc.a(memcmp.o)
                              .build/obj_redox_rev1_base_ad_rev3/quantum/action_util.o (memcmp)
/usr/lib/gcc/avr/5.4.0/../../../avr/lib/avr5/libc.a(memcpy.o)
                              .build/obj_redox_rev1_base_ad_rev3/quantum/debounce/sym_defer_g.o (memcpy)
/usr/lib/gcc/avr/5.4.0/../../../avr/lib/avr5/libatmega32u4.a(eerd_byte.o)
                              .build/obj_redox_rev1_base_ad_rev3/quantum/eeconfig.o (eeprom_read_byte)
/usr/lib/gcc/avr/5.4.0/../../../avr/lib/avr5/libatmega32u4.a(eerd_dword.o)
                              .build/obj_redox_rev1_base_ad_rev3/quantum/eeconfig.o (eeprom_read_dword)
/usr/lib/gcc/avr/5.4.0/../../../avr/lib/avr5/libatmega32u4.a(eerd_word.o)
                              .build/obj_redox_rev1_base_ad_rev3/quantum/eeconfig.o (eeprom_read_word)
/usr/lib/gcc/avr/5.4.0/../../../avr/lib/avr5/libatmega32u4.a(eeupd_block.o)
                              .build/obj_redox_rev1_base_ad_rev3/quantum/eeconfig.o (eeprom_update_block)
/usr/lib/gcc/avr/5.4.0/../../../avr/lib/avr5/libatmega32u4.a(eeupd_byte.o)
                              .build/obj_redox_rev1_base_ad_rev3/quantum/eeconfig.o (eeprom_update_byte)
/usr/lib/gcc/avr/5.4.0/../../../avr/lib/avr5/libatmega32u4.a(eeupd_dword.o)
                              .build/obj_redox_rev1_base_ad_rev3/quantum/eeconfig.o (eeprom_update_dword)
/usr/lib/gcc/avr/5.4.0/../../../avr/lib/avr5/libatmega32u4.a(eeupd_word.o)
                              .build/obj_redox_rev1_base_ad_rev3/quantum/eeconfig.o (eeprom_update_word)
/usr/lib/gcc/avr/5.4.0/../../../avr/lib/avr5/libatmega32u4.a(eerd_block.o)
                              /usr/lib/gcc/avr/5.4.0/../../../avr/lib/avr5/libatmega32u4.a(eerd_dword.o) (eeprom_read_blraw)

Allocating common symbols
Common symbol       size              file

rgblight_config     0x8               .build/obj_redox_rev1_base_ad_rev3/quantum/rgblight/rgblight.o
unicode_saved_led_state
                    0x1               .build/obj_redox_rev1_base_ad_rev3/quantum/unicode/unicode.o
USB_IsInitialized   0x1               .build/obj_redox_rev1_base_ad_rev3/lib/lufa/LUFA/Drivers/USB/Core/USBTask.o
keymap_config       0x2               .build/obj_redox_rev1_base_ad_rev3/quantum/bootmagic/magic.o
thatHand            0x1               .build/obj_redox_rev1_base_ad_rev3/quantum/matrix_common.o
unicode_config      0x1               .build/obj_redox_rev1_base_ad_rev3/quantum/unicode/unicode.o
sync_timer_ms       0x4               .build/obj_redox_rev1_base_ad_rev3/quantum/sync_timer.o
USB_DeviceState     0x1               .build/obj_redox_rev1_base_ad_rev3/lib/lufa/LUFA/Drivers/USB/Core/USBTask.o
unicode_saved_mods  0x1               .build/obj_redox_rev1_base_ad_rev3/quantum/unicode/unicode.o
USB_Device_ConfigurationNumber
                    0x1               .build/obj_redox_rev1_base_ad_rev3/lib/lufa/LUFA/Drivers/USB/Core/DeviceStandardReq.o
led                 0x2a              .build/obj_redox_rev1_base_ad_rev3/quantum/rgblight/rgblight.o
[...]
Memory Configuration

Name             Origin             Length             Attributes
text             0x0000000000000000 0x0000000000008000 xr
data             0x0000000000800100 0x0000000000000a00 rw !x
eeprom           0x0000000000810000 0x0000000000000400 rw !x
fuse             0x0000000000820000 0x0000000000000003 rw !x
lock             0x0000000000830000 0x0000000000000400 rw !x
signature        0x0000000000840000 0x0000000000000400 rw !x
user_signatures  0x0000000000850000 0x0000000000000400 rw !x
*default*        0x0000000000000000 0xffffffffffffffff

Linker script and memory map

Address of section .data set to 0x800100
LOAD /usr/lib/gcc/avr/5.4.0/../../../avr/lib/avr5/crtatmega32u4.o
LOAD .build/obj_redox_rev1_base_ad_rev3/.build/obj_redox_rev1_base_ad_rev3/src/default_keyboard.o
LOAD .build/obj_redox_rev1_base_ad_rev3/quantum/keymap_introspection.o
LOAD .build/obj_redox_rev1_base_ad_rev3/quantum/quantum.o
LOAD .build/obj_redox_rev1_base_ad_rev3/quantum/bitwise.o
LOAD .build/obj_redox_rev1_base_ad_rev3/quantum/led.o
LOAD .build/obj_redox_rev1_base_ad_rev3/quantum/action.o
LOAD .build/obj_redox_rev1_base_ad_rev3/quantum/action_layer.o
LOAD .build/obj_redox_rev1_base_ad_rev3/quantum/action_tapping.o
LOAD .build/obj_redox_rev1_base_ad_rev3/quantum/action_util.o
LOAD .build/obj_redox_rev1_base_ad_rev3/quantum/eeconfig.o
LOAD .build/obj_redox_rev1_base_ad_rev3/quantum/keyboard.o
LOAD .build/obj_redox_rev1_base_ad_rev3/quantum/keymap_common.o
LOAD .build/obj_redox_rev1_base_ad_rev3/quantum/keycode_config.o
LOAD .build/obj_redox_rev1_base_ad_rev3/quantum/sync_timer.o
LOAD .build/obj_redox_rev1_base_ad_rev3/quantum/logging/debug.o
LOAD .build/obj_redox_rev1_base_ad_rev3/quantum/logging/sendchar.o
LOAD .build/obj_redox_rev1_base_ad_rev3/quantum/bootmagic/magic.o
LOAD .build/obj_redox_rev1_base_ad_rev3/quantum/matrix_common.o
LOAD .build/obj_redox_rev1_base_ad_rev3/quantum/matrix.o
LOAD .build/obj_redox_rev1_base_ad_rev3/quantum/debounce/sym_defer_g.o
LOAD .build/obj_redox_rev1_base_ad_rev3/quantum/split_common/split_util.o
LOAD .build/obj_redox_rev1_base_ad_rev3/quantum/split_common/transport.o
LOAD .build/obj_redox_rev1_base_ad_rev3/quantum/split_common/transactions.o
LOAD .build/obj_redox_rev1_base_ad_rev3/quantum/main.o
LOAD .build/obj_redox_rev1_base_ad_rev3/platforms/avr/xprintf.o
LOAD .build/obj_redox_rev1_base_ad_rev3/platforms/avr/printf.o
LOAD .build/obj_redox_rev1_base_ad_rev3/quantum/mousekey.o
LOAD .build/obj_redox_rev1_base_ad_rev3/quantum/color.o
LOAD .build/obj_redox_rev1_base_ad_rev3/quantum/rgblight/rgblight.o
LOAD .build/obj_redox_rev1_base_ad_rev3/quantum/process_keycode/process_rgb.o
LOAD .build/obj_redox_rev1_base_ad_rev3/ws2812_bitbang.o
LOAD .build/obj_redox_rev1_base_ad_rev3/quantum/led_tables.o
LOAD .build/obj_redox_rev1_base_ad_rev3/crc.o
LOAD .build/obj_redox_rev1_base_ad_rev3/quantum/process_keycode/process_unicode.o
LOAD .build/obj_redox_rev1_base_ad_rev3/quantum/process_keycode/process_unicode_common.o
LOAD .build/obj_redox_rev1_base_ad_rev3/quantum/unicode/unicode.o
LOAD .build/obj_redox_rev1_base_ad_rev3/quantum/unicode/utf8.o
LOAD .build/obj_redox_rev1_base_ad_rev3/quantum/process_keycode/process_magic.o
LOAD .build/obj_redox_rev1_base_ad_rev3/quantum/send_string/send_string.o
LOAD .build/obj_redox_rev1_base_ad_rev3/quantum/command.o
LOAD .build/obj_redox_rev1_base_ad_rev3/quantum/process_keycode/process_grave_esc.o
LOAD .build/obj_redox_rev1_base_ad_rev3/quantum/process_keycode/process_space_cadet.o
LOAD .build/obj_redox_rev1_base_ad_rev3/quantum/process_keycode/process_tap_dance.o
LOAD .build/obj_redox_rev1_base_ad_rev3/protocol/host.o
LOAD .build/obj_redox_rev1_base_ad_rev3/protocol/report.o
LOAD .build/obj_redox_rev1_base_ad_rev3/protocol/usb_device_state.o
LOAD .build/obj_redox_rev1_base_ad_rev3/protocol/usb_util.o
LOAD .build/obj_redox_rev1_base_ad_rev3/platforms/suspend.o
LOAD .build/obj_redox_rev1_base_ad_rev3/platforms/synchronization_util.o
LOAD .build/obj_redox_rev1_base_ad_rev3/platforms/timer.o
LOAD .build/obj_redox_rev1_base_ad_rev3/platforms/avr/hardware_id.o
LOAD .build/obj_redox_rev1_base_ad_rev3/platforms/avr/platform.o
LOAD .build/obj_redox_rev1_base_ad_rev3/platforms/avr/suspend.o
LOAD .build/obj_redox_rev1_base_ad_rev3/platforms/avr/timer.o
LOAD .build/obj_redox_rev1_base_ad_rev3/platforms/avr/bootloaders/caterina.o
LOAD .build/obj_redox_rev1_base_ad_rev3/i2c_master.a
LOAD .build/obj_redox_rev1_base_ad_rev3/i2c_slave.a
LOAD .build/obj_redox_rev1_base_ad_rev3/serial.a
LOAD .build/obj_redox_rev1_base_ad_rev3/lufa.o
LOAD .build/obj_redox_rev1_base_ad_rev3/usb_descriptor.o
LOAD .build/obj_redox_rev1_base_ad_rev3/lib/lufa/LUFA/Drivers/USB/Class/Common/HIDParser.o
LOAD .build/obj_redox_rev1_base_ad_rev3/lib/lufa/LUFA/Drivers/USB/Core/AVR8/Device_AVR8.o
LOAD .build/obj_redox_rev1_base_ad_rev3/lib/lufa/LUFA/Drivers/USB/Core/AVR8/EndpointStream_AVR8.o
LOAD .build/obj_redox_rev1_base_ad_rev3/lib/lufa/LUFA/Drivers/USB/Core/AVR8/Endpoint_AVR8.o
LOAD .build/obj_redox_rev1_base_ad_rev3/lib/lufa/LUFA/Drivers/USB/Core/AVR8/Host_AVR8.o
LOAD .build/obj_redox_rev1_base_ad_rev3/lib/lufa/LUFA/Drivers/USB/Core/AVR8/PipeStream_AVR8.o
LOAD .build/obj_redox_rev1_base_ad_rev3/lib/lufa/LUFA/Drivers/USB/Core/AVR8/Pipe_AVR8.o
LOAD .build/obj_redox_rev1_base_ad_rev3/lib/lufa/LUFA/Drivers/USB/Core/AVR8/USBController_AVR8.o
LOAD .build/obj_redox_rev1_base_ad_rev3/lib/lufa/LUFA/Drivers/USB/Core/AVR8/USBInterrupt_AVR8.o
LOAD .build/obj_redox_rev1_base_ad_rev3/lib/lufa/LUFA/Drivers/USB/Core/ConfigDescriptors.o
LOAD .build/obj_redox_rev1_base_ad_rev3/lib/lufa/LUFA/Drivers/USB/Core/DeviceStandardReq.o
LOAD .build/obj_redox_rev1_base_ad_rev3/lib/lufa/LUFA/Drivers/USB/Core/Events.o
LOAD .build/obj_redox_rev1_base_ad_rev3/lib/lufa/LUFA/Drivers/USB/Core/HostStandardReq.o
LOAD .build/obj_redox_rev1_base_ad_rev3/lib/lufa/LUFA/Drivers/USB/Core/USBTask.o
LOAD .build/obj_redox_rev1_base_ad_rev3/protocol/lufa/usb_util.o
LOAD /usr/lib/gcc/avr/5.4.0/../../../avr/lib/avr5/libm.a
START GROUP
LOAD /usr/lib/gcc/avr/5.4.0/avr5/libgcc.a
LOAD /usr/lib/gcc/avr/5.4.0/../../../avr/lib/avr5/libm.a
LOAD /usr/lib/gcc/avr/5.4.0/../../../avr/lib/avr5/libc.a
LOAD /usr/lib/gcc/avr/5.4.0/../../../avr/lib/avr5/libatmega32u4.a
END GROUP
                0x0000000000000000                __TEXT_REGION_ORIGIN__ = DEFINED (__TEXT_REGION_ORIGIN__)?__TEXT_REGION_ORIGIN__:0x0
                [0x0000000000800100]                __DATA_REGION_ORIGIN__ = DEFINED (__DATA_REGION_ORIGIN__)?__DATA_REGION_ORIGIN__:0x800060
                [0x0000000000008000]                __TEXT_REGION_LENGTH__ = DEFINED (__TEXT_REGION_LENGTH__)?__TEXT_REGION_LENGTH__:0x20000
                [0x0000000000000a00]                __DATA_REGION_LENGTH__ = DEFINED (__DATA_REGION_LENGTH__)?__DATA_REGION_LENGTH__:0xffa0
                [0x0000000000000400]                __EEPROM_REGION_LENGTH__ = DEFINED (__EEPROM_REGION_LENGTH__)?__EEPROM_REGION_LENGTH__:0x10000
                [0x0000000000000003]                __FUSE_REGION_LENGTH__ = DEFINED (__FUSE_REGION_LENGTH__)?__FUSE_REGION_LENGTH__:0x400
                0x0000000000000400                __LOCK_REGION_LENGTH__ = DEFINED (__LOCK_REGION_LENGTH__)?__LOCK_REGION_LENGTH__:0x400
                0x0000000000000400                __SIGNATURE_REGION_LENGTH__ = DEFINED (__SIGNATURE_REGION_LENGTH__)?__SIGNATURE_REGION_LENGTH__:0x400
                0x0000000000000400                __USER_SIGNATURE_REGION_LENGTH__ = DEFINED (__USER_SIGNATURE_REGION_LENGTH__)?__USER_SIGNATURE_REGION_LENGTH__:0x400

.hash
 *(.hash)

.dynsym
 *(.dynsym)

.dynstr
 *(.dynstr)

.gnu.version
 *(.gnu.version)

.gnu.version_d
 *(.gnu.version_d)

.gnu.version_r
 *(.gnu.version_r)

.rel.init
 *(.rel.init)

.rela.init
 *(.rela.init)

.rel.text
 *(.rel.text)
 *(.rel.text.*)
 *(.rel.gnu.linkonce.t*)

.rela.text
 *(.rela.text)
 *(.rela.text.*)
 *(.rela.gnu.linkonce.t*)

.rel.fini
 *(.rel.fini)

.rela.fini
 *(.rela.fini)

.rel.rodata
 *(.rel.rodata)
 *(.rel.rodata.*)
 *(.rel.gnu.linkonce.r*)

.rela.rodata
 *(.rela.rodata)
 *(.rela.rodata.*)
 *(.rela.gnu.linkonce.r*)

.rel.data
 *(.rel.data)
 *(.rel.data.*)
 *(.rel.gnu.linkonce.d*)

.rela.data
 *(.rela.data)
 *(.rela.data.*)
 *(.rela.gnu.linkonce.d*)

.rel.ctors
 *(.rel.ctors)

.rela.ctors
 *(.rela.ctors)

.rel.dtors
 *(.rel.dtors)

.rela.dtors
 *(.rela.dtors)

.rel.got
 *(.rel.got)

.rela.got
 *(.rela.got)

.rel.bss
 *(.rel.bss)

.rela.bss
 *(.rela.bss)

.rel.plt
 *(.rel.plt)

.rela.plt
 *(.rela.plt)

.text           0x0000000000000000     0x62bc
 *(.vectors)
 .vectors       0x0000000000000000       0xac /usr/lib/gcc/avr/5.4.0/../../../avr/lib/avr5/crtatmega32u4.o
                0x0000000000000000                __vectors
                0x0000000000000000                __vector_default
 *(.vectors)
 *(.progmem.gcc*)
 .progmem.gcc_sw_table.process_action
                0x00000000000000ac       0x18 .build/obj_redox_rev1_base_ad_rev3/quantum/action.o
 .progmem.gcc_sw_table.process_rgb
                0x00000000000000c4       0x2a .build/obj_redox_rev1_base_ad_rev3/quantum/process_keycode/process_rgb.o
 .progmem.gcc_sw_table.process_unicode_common
                0x00000000000000ee       0x10 .build/obj_redox_rev1_base_ad_rev3/quantum/process_keycode/process_unicode_common.o
 .progmem.gcc_sw_table.process_magic
                0x00000000000000fe       0x44 .build/obj_redox_rev1_base_ad_rev3/quantum/process_keycode/process_magic.o
 .progmem.gcc_sw_table.process_space_cadet
                0x0000000000000142        0xe .build/obj_redox_rev1_base_ad_rev3/quantum/process_keycode/process_space_cadet.o
 .progmem.gcc_sw_table.USB_Device_ProcessControlRequest
                0x0000000000000150       0x14 .build/obj_redox_rev1_base_ad_rev3/lib/lufa/LUFA/Drivers/USB/Core/DeviceStandardReq.o
                0x0000000000000164                . = ALIGN (0x2)
                0x0000000000000164                __trampolines_start = .
 *(.trampolines)
 .trampolines   0x0000000000000164        0x0 linker stubs
 *(.trampolines*)
                0x0000000000000164                __trampolines_end = .
 *libprintf_flt.a:*(.progmem.data)
 *libc.a:*(.progmem.data)
 *(.progmem*)
 .progmem.data.__c.4865
                0x0000000000000164        0x7 .build/obj_redox_rev1_base_ad_rev3/quantum/keymap_introspection.o
 .progmem.data.__c.4862
                0x000000000000016b        0xb .build/obj_redox_rev1_base_ad_rev3/quantum/keymap_introspection.o
 .progmem.data.__c.4859
                0x0000000000000176        0xe .build/obj_redox_rev1_base_ad_rev3/quantum/keymap_introspection.o
 .progmem.data.__c.4856
                0x0000000000000184        0xe .build/obj_redox_rev1_base_ad_rev3/quantum/keymap_introspection.o
 .progmem.data.keymaps
                0x0000000000000192      0x2bc .build/obj_redox_rev1_base_ad_rev3/quantum/keymap_introspection.o
                0x0000000000000192                keymaps
 .progmem.data.CIE1931_CURVE
                0x000000000000044e      0x100 .build/obj_redox_rev1_base_ad_rev3/quantum/led_tables.o
                0x000000000000044e                CIE1931_CURVE
 .progmem.data.ascii_to_keycode_lut
                0x000000000000054e       0x80 .build/obj_redox_rev1_base_ad_rev3/quantum/send_string/send_string.o
                0x000000000000054e                ascii_to_keycode_lut
 .progmem.data.ascii_to_dead_lut
                0x00000000000005ce       0x10 .build/obj_redox_rev1_base_ad_rev3/quantum/send_string/send_string.o
                0x00000000000005ce                ascii_to_dead_lut
 .progmem.data.ascii_to_altgr_lut
                0x00000000000005de       0x10 .build/obj_redox_rev1_base_ad_rev3/quantum/send_string/send_string.o
                0x00000000000005de                ascii_to_altgr_lut
 .progmem.data.ascii_to_shift_lut
                0x00000000000005ee       0x10 .build/obj_redox_rev1_base_ad_rev3/quantum/send_string/send_string.o
                0x00000000000005ee                ascii_to_shift_lut
 .progmem.data.ProductString
                0x00000000000005fe       0x22 .build/obj_redox_rev1_base_ad_rev3/usb_descriptor.o
                0x00000000000005fe                ProductString
 .progmem.data.ManufacturerString
                0x0000000000000620       0x14 .build/obj_redox_rev1_base_ad_rev3/usb_descriptor.o
                0x0000000000000620                ManufacturerString
 .progmem.data.LanguageString
                0x0000000000000634        0x4 .build/obj_redox_rev1_base_ad_rev3/usb_descriptor.o
                0x0000000000000634                LanguageString
 .progmem.data.ConfigurationDescriptor
                0x0000000000000638       0x3b .build/obj_redox_rev1_base_ad_rev3/usb_descriptor.o
                0x0000000000000638                ConfigurationDescriptor
 .progmem.data.DeviceDescriptor
                0x0000000000000673       0x12 .build/obj_redox_rev1_base_ad_rev3/usb_descriptor.o
                0x0000000000000673                DeviceDescriptor
 .progmem.data.SharedReport
                0x0000000000000685       0x7b .build/obj_redox_rev1_base_ad_rev3/usb_descriptor.o
                0x0000000000000685                SharedReport
 .progmem.data.KeyboardReport
                0x0000000000000700       0x44 .build/obj_redox_rev1_base_ad_rev3/usb_descriptor.o
                0x0000000000000700                KeyboardReport
                0x0000000000000744                . = ALIGN (0x2)
 *(.jumptables)
 *(.jumptables*)
 *(.lowtext)
 *(.lowtext*)
                0x0000000000000744                __ctors_start = .
 *(.ctors)
                0x0000000000000744                __ctors_end = .
                0x0000000000000744                __dtors_start = .
 *(.dtors)
                0x0000000000000744                __dtors_end = .
 SORT(*)(.ctors)
 SORT(*)(.dtors)
 *(.init0)
 .init0         0x0000000000000744        0x0 /usr/lib/gcc/avr/5.4.0/../../../avr/lib/avr5/crtatmega32u4.o
                0x0000000000000744                __init
 *(.init0)
 *(.init1)
 *(.init1)
 *(.init2)
 .init2         0x0000000000000744        0xc /usr/lib/gcc/avr/5.4.0/../../../avr/lib/avr5/crtatmega32u4.o
 *(.init2)
 *(.init3)
 *(.init3)
 *(.init4)
 .init4         0x0000000000000750       0x16 /usr/lib/gcc/avr/5.4.0/avr5/libgcc.a(_copy_data.o)
                0x0000000000000750                __do_copy_data
 .init4         0x0000000000000766       0x10 /usr/lib/gcc/avr/5.4.0/avr5/libgcc.a(_clear_bss.o)
                0x0000000000000766                __do_clear_bss
 *(.init4)
 *(.init5)
 *(.init5)
 *(.init6)
 *(.init6)
 *(.init7)
 *(.init7)
 *(.init8)
 *(.init8)
 *(.init9)
 .init9         0x0000000000000776        0x8 /usr/lib/gcc/avr/5.4.0/../../../avr/lib/avr5/crtatmega32u4.o
 *(.init9)
 *(.text)
 .text          0x000000000000077e        0x4 /usr/lib/gcc/avr/5.4.0/../../../avr/lib/avr5/crtatmega32u4.o
                0x000000000000077e                __vector_38
                0x000000000000077e                __vector_22
                0x000000000000077e                __vector_28
                0x000000000000077e                __vector_32
                0x000000000000077e                __vector_34
                0x000000000000077e                __vector_24
                0x000000000000077e                __bad_interrupt
                0x000000000000077e                __vector_6
                0x000000000000077e                __vector_31
                0x000000000000077e                __vector_35
                0x000000000000077e                __vector_39
                0x000000000000077e                __vector_3
                0x000000000000077e                __vector_23
                0x000000000000077e                __vector_30
                0x000000000000077e                __vector_25
                0x000000000000077e                __vector_13
                0x000000000000077e                __vector_17
                0x000000000000077e                __vector_19
                0x000000000000077e                __vector_7
                0x000000000000077e                __vector_41
                0x000000000000077e                __vector_27
                0x000000000000077e                __vector_5
                0x000000000000077e                __vector_33
                0x000000000000077e                __vector_37
                0x000000000000077e                __vector_4
                0x000000000000077e                __vector_9
                0x000000000000077e                __vector_2
                0x000000000000077e                __vector_15
                0x000000000000077e                __vector_36
                0x000000000000077e                __vector_29
                0x000000000000077e                __vector_40
                0x000000000000077e                __vector_8
                0x000000000000077e                __vector_26
                0x000000000000077e                __vector_14
                0x000000000000077e                __vector_16
                0x000000000000077e                __vector_18
                0x000000000000077e                __vector_20
                0x000000000000077e                __vector_42
                0x0000000000000782                . = ALIGN (0x2)
 *(.text.*)
 .text.process_record_user
                0x0000000000000782      0x22a .build/obj_redox_rev1_base_ad_rev3/quantum/keymap_introspection.o
                0x0000000000000782                process_record_user
 .text.keycode_at_keymap_location_raw
                0x00000000000009ac       0x36 .build/obj_redox_rev1_base_ad_rev3/quantum/keymap_introspection.o
                0x00000000000009ac                keycode_at_keymap_location_raw
 .text.keycode_at_keymap_location
                0x00000000000009e2        0x6 .build/obj_redox_rev1_base_ad_rev3/quantum/keymap_introspection.o
                0x00000000000009e2                keycode_at_keymap_location
 .text.extract_mod_bits
                0x00000000000009e8       0x5a .build/obj_redox_rev1_base_ad_rev3/quantum/quantum.o
                0x00000000000009e8                extract_mod_bits
 .text.do_code16
                0x0000000000000a42       0x14 .build/obj_redox_rev1_base_ad_rev3/quantum/quantum.o
                0x0000000000000a42                do_code16
 .text.register_code16
                0x0000000000000a56       0x2e .build/obj_redox_rev1_base_ad_rev3/quantum/quantum.o
                0x0000000000000a56                register_code16
 .text.unregister_code16
                0x0000000000000a84       0x2e .build/obj_redox_rev1_base_ad_rev3/quantum/quantum.o
                0x0000000000000a84                unregister_code16
 .text.tap_code16_delay
                0x0000000000000ab2       0x34 .build/obj_redox_rev1_base_ad_rev3/quantum/quantum.o
                0x0000000000000ab2                tap_code16_delay
 .text.tap_code16
                0x0000000000000ae6       0x16 .build/obj_redox_rev1_base_ad_rev3/quantum/quantum.o
                0x0000000000000ae6                tap_code16
 .text.process_action_kb
                0x0000000000000afc        0x4 .build/obj_redox_rev1_base_ad_rev3/quantum/quantum.o
                0x0000000000000afc                process_action_kb
 .text.process_record_user
                0x0000000000000b00        0x4 .build/obj_redox_rev1_base_ad_rev3/quantum/quantum.o
 .text.pre_process_record_user
                0x0000000000000b04        0x6 .build/obj_redox_rev1_base_ad_rev3/quantum/quantum.o
                0x0000000000000b04                pre_process_record_user
 .text.pre_process_record_kb
                0x0000000000000b0a        0x6 .build/obj_redox_rev1_base_ad_rev3/quantum/quantum.o
                0x0000000000000b0a                pre_process_record_kb
 .text.process_record_kb
                0x0000000000000b10        0x6 .build/obj_redox_rev1_base_ad_rev3/quantum/quantum.o
                0x0000000000000b10                process_record_kb
 .text.post_process_record_user
                0x0000000000000b16        0x2 .build/obj_redox_rev1_base_ad_rev3/quantum/quantum.o
                0x0000000000000b16                post_process_record_user
 .text.post_process_record_kb
                0x0000000000000b18        0x6 .build/obj_redox_rev1_base_ad_rev3/quantum/quantum.o
                0x0000000000000b18                post_process_record_kb
 .text.get_event_keycode
                0x0000000000000b1e       0x5c .build/obj_redox_rev1_base_ad_rev3/quantum/quantum.o
                0x0000000000000b1e                get_event_keycode
 .text.get_record_keycode
                0x0000000000000b7a       0x16 .build/obj_redox_rev1_base_ad_rev3/quantum/quantum.o
                0x0000000000000b7a                get_record_keycode
 .text.pre_process_record_quantum
                0x0000000000000b90       0x18 .build/obj_redox_rev1_base_ad_rev3/quantum/quantum.o
                0x0000000000000b90                pre_process_record_quantum
 .text.post_process_record_quantum
                0x0000000000000ba8       0x18 .build/obj_redox_rev1_base_ad_rev3/quantum/quantum.o
                0x0000000000000ba8                post_process_record_quantum
 .text.shutdown_user
                0x0000000000000bc0        0x2 .build/obj_redox_rev1_base_ad_rev3/quantum/quantum.o
                0x0000000000000bc0                shutdown_user
 .text.shutdown_quantum
                0x0000000000000bc2       0x1c .build/obj_redox_rev1_base_ad_rev3/quantum/quantum.o
                0x0000000000000bc2                shutdown_quantum
 .text.reset_keyboard
                0x0000000000000bde        0xa .build/obj_redox_rev1_base_ad_rev3/quantum/quantum.o
                0x0000000000000bde                reset_keyboard
 .text.soft_reset_keyboard
                0x0000000000000be8        0xa .build/obj_redox_rev1_base_ad_rev3/quantum/quantum.o
                0x0000000000000be8                soft_reset_keyboard
 .text.process_record_quantum
                0x0000000000000bf2       0xe4 .build/obj_redox_rev1_base_ad_rev3/quantum/quantum.o
                0x0000000000000bf2                process_record_quantum
 .text.suspend_power_down_quantum
                0x0000000000000cd6        0xa .build/obj_redox_rev1_base_ad_rev3/quantum/quantum.o
                0x0000000000000cd6                suspend_power_down_quantum
 .text.suspend_wakeup_init_quantum
                0x0000000000000ce0        0xa .build/obj_redox_rev1_base_ad_rev3/quantum/quantum.o
                0x0000000000000ce0                suspend_wakeup_init_quantum
 .text.led_set_user
                0x0000000000000cea        0x2 .build/obj_redox_rev1_base_ad_rev3/quantum/led.o
                0x0000000000000cea                led_set_user
 .text.led_update_user
                0x0000000000000cec        0x4 .build/obj_redox_rev1_base_ad_rev3/quantum/led.o
                0x0000000000000cec                led_update_user
 .text.led_update_ports
                0x0000000000000cf0        0x2 .build/obj_redox_rev1_base_ad_rev3/quantum/led.o
                0x0000000000000cf0                led_update_ports
 .text.led_update_kb
                0x0000000000000cf2       0x1e .build/obj_redox_rev1_base_ad_rev3/quantum/led.o
                0x0000000000000cf2                led_update_kb
 .text.led_init_ports
                0x0000000000000d10        0x2 .build/obj_redox_rev1_base_ad_rev3/quantum/led.o
                0x0000000000000d10                led_init_ports
 .text.led_set  0x0000000000000d12       0x12 .build/obj_redox_rev1_base_ad_rev3/quantum/led.o
                0x0000000000000d12                led_set
 .text.led_suspend
                0x0000000000000d24        0x8 .build/obj_redox_rev1_base_ad_rev3/quantum/led.o
                0x0000000000000d24                led_suspend
 .text.led_wakeup
                0x0000000000000d2c        0xa .build/obj_redox_rev1_base_ad_rev3/quantum/led.o
                0x0000000000000d2c                led_wakeup
 .text.led_task
                0x0000000000000d36       0x32 .build/obj_redox_rev1_base_ad_rev3/quantum/led.o
                0x0000000000000d36                led_task
 .text.action_exec
                0x0000000000000d68       0x66 .build/obj_redox_rev1_base_ad_rev3/quantum/action.o
                0x0000000000000d68                action_exec
 .text.process_record_tap_hint
                0x0000000000000dce       0x12 .build/obj_redox_rev1_base_ad_rev3/quantum/action.o
                0x0000000000000dce                process_record_tap_hint
 .text.register_mouse
                0x0000000000000de0       0x14 .build/obj_redox_rev1_base_ad_rev3/quantum/action.o
                0x0000000000000de0                register_mouse
 .text.register_code
                0x0000000000000df4      0x15e .build/obj_redox_rev1_base_ad_rev3/quantum/action.o
                0x0000000000000df4                register_code
 .text.unregister_code
                0x0000000000000f52       0xd8 .build/obj_redox_rev1_base_ad_rev3/quantum/action.o
                0x0000000000000f52                unregister_code
 .text.tap_code_delay
                0x000000000000102a       0x30 .build/obj_redox_rev1_base_ad_rev3/quantum/action.o
                0x000000000000102a                tap_code_delay
 .text.tap_code
                0x000000000000105a       0x14 .build/obj_redox_rev1_base_ad_rev3/quantum/action.o
                0x000000000000105a                tap_code
 .text.register_mods
                0x000000000000106e        0xe .build/obj_redox_rev1_base_ad_rev3/quantum/action.o
                0x000000000000106e                register_mods
 .text.unregister_mods
                0x000000000000107c        0xe .build/obj_redox_rev1_base_ad_rev3/quantum/action.o
                0x000000000000107c                unregister_mods
 .text.process_action
                0x000000000000108a      0x3f2 .build/obj_redox_rev1_base_ad_rev3/quantum/action.o
                0x000000000000108a                process_action
 .text.process_record_handler
                0x000000000000147c       0x30 .build/obj_redox_rev1_base_ad_rev3/quantum/action.o
                0x000000000000147c                process_record_handler
 .text.process_record
                0x00000000000014ac       0x46 .build/obj_redox_rev1_base_ad_rev3/quantum/action.o
                0x00000000000014ac                process_record
 .text.register_weak_mods
                0x00000000000014f2        0xe .build/obj_redox_rev1_base_ad_rev3/quantum/action.o
                0x00000000000014f2                register_weak_mods
 .text.unregister_weak_mods
                0x0000000000001500        0xe .build/obj_redox_rev1_base_ad_rev3/quantum/action.o
                0x0000000000001500                unregister_weak_mods
 .text.clear_keyboard_but_mods_and_keys
                0x000000000000150e       0x22 .build/obj_redox_rev1_base_ad_rev3/quantum/action.o
                0x000000000000150e                clear_keyboard_but_mods_and_keys
 .text.clear_keyboard_but_mods
                0x0000000000001530       0x12 .build/obj_redox_rev1_base_ad_rev3/quantum/action.o
                0x0000000000001530                clear_keyboard_but_mods
 .text.clear_keyboard
                0x0000000000001542        0xa .build/obj_redox_rev1_base_ad_rev3/quantum/action.o
                0x0000000000001542                clear_keyboard
 .text.is_tap_action
                0x000000000000154c       0x36 .build/obj_redox_rev1_base_ad_rev3/quantum/action.o
                0x000000000000154c                is_tap_action
 .text.is_tap_record
                0x0000000000001582       0x1a .build/obj_redox_rev1_base_ad_rev3/quantum/action.o
                0x0000000000001582                is_tap_record
 .text.debug_event
                0x000000000000159c       0x14 .build/obj_redox_rev1_base_ad_rev3/quantum/action.o
                0x000000000000159c                debug_event
 .text.debug_record
                0x00000000000015b0       0x14 .build/obj_redox_rev1_base_ad_rev3/quantum/action.o
                0x00000000000015b0                debug_record
 .text.default_layer_debug
                0x00000000000015c4        0x2 .build/obj_redox_rev1_base_ad_rev3/quantum/action_layer.o
                0x00000000000015c4                default_layer_debug
 .text.layer_state_set_user
                0x00000000000015c6        0x2 .build/obj_redox_rev1_base_ad_rev3/quantum/action_layer.o
                0x00000000000015c6                layer_state_set_user
 .text.default_layer_state_set_user
                0x00000000000015c8        0x6 .build/obj_redox_rev1_base_ad_rev3/quantum/action_layer.o
                0x00000000000015c8                default_layer_state_set_user
 .text.default_layer_state_set_kb
                0x00000000000015ce        0x6 .build/obj_redox_rev1_base_ad_rev3/quantum/action_layer.o
                0x00000000000015ce                default_layer_state_set_kb
 .text.default_layer_state_set
                0x00000000000015d4        0xe .build/obj_redox_rev1_base_ad_rev3/quantum/action_layer.o
 .text.default_layer_set
                0x00000000000015e2        0x6 .build/obj_redox_rev1_base_ad_rev3/quantum/action_layer.o
                0x00000000000015e2                default_layer_set
 .text.default_layer_or
                0x00000000000015e8       0x12 .build/obj_redox_rev1_base_ad_rev3/quantum/action_layer.o
                0x00000000000015e8                default_layer_or
 .text.default_layer_and
                0x00000000000015fa       0x12 .build/obj_redox_rev1_base_ad_rev3/quantum/action_layer.o
                0x00000000000015fa                default_layer_and
 .text.default_layer_xor
                0x000000000000160c       0x12 .build/obj_redox_rev1_base_ad_rev3/quantum/action_layer.o
                0x000000000000160c                default_layer_xor
 .text.layer_state_set_kb
                0x000000000000161e        0x6 .build/obj_redox_rev1_base_ad_rev3/quantum/action_layer.o
                0x000000000000161e                layer_state_set_kb
 .text.layer_state_set
                0x0000000000001624        0xe .build/obj_redox_rev1_base_ad_rev3/quantum/action_layer.o
                0x0000000000001624                layer_state_set
 .text.layer_clear
                0x0000000000001632        0xa .build/obj_redox_rev1_base_ad_rev3/quantum/action_layer.o
                0x0000000000001632                layer_clear
 .text.layer_move
                0x000000000000163c       0x18 .build/obj_redox_rev1_base_ad_rev3/quantum/action_layer.o
                0x000000000000163c                layer_move
 .text.layer_on
                0x0000000000001654       0x20 .build/obj_redox_rev1_base_ad_rev3/quantum/action_layer.o
                0x0000000000001654                layer_on
 .text.layer_off
                0x0000000000001674       0x24 .build/obj_redox_rev1_base_ad_rev3/quantum/action_layer.o
                0x0000000000001674                layer_off
 .text.layer_invert
                0x0000000000001698       0x20 .build/obj_redox_rev1_base_ad_rev3/quantum/action_layer.o
                0x0000000000001698                layer_invert
 .text.layer_or
                0x00000000000016b8       0x12 .build/obj_redox_rev1_base_ad_rev3/quantum/action_layer.o
                0x00000000000016b8                layer_or
 .text.layer_and
                0x00000000000016ca       0x12 .build/obj_redox_rev1_base_ad_rev3/quantum/action_layer.o
                0x00000000000016ca                layer_and
 .text.layer_xor
                0x00000000000016dc       0x12 .build/obj_redox_rev1_base_ad_rev3/quantum/action_layer.o
                0x00000000000016dc                layer_xor
 .text.layer_debug
                0x00000000000016ee        0x2 .build/obj_redox_rev1_base_ad_rev3/quantum/action_layer.o
                0x00000000000016ee                layer_debug
 .text.update_source_layers_cache_impl
                0x00000000000016f0       0x56 .build/obj_redox_rev1_base_ad_rev3/quantum/action_layer.o
                0x00000000000016f0                update_source_layers_cache_impl
 .text.read_source_layers_cache_impl
                0x0000000000001746       0x4e .build/obj_redox_rev1_base_ad_rev3/quantum/action_layer.o
                0x0000000000001746                read_source_layers_cache_impl
 .text.update_source_layers_cache
                0x0000000000001794       0x24 .build/obj_redox_rev1_base_ad_rev3/quantum/action_layer.o
                0x0000000000001794                update_source_layers_cache
 .text.read_source_layers_cache
                0x00000000000017b8       0x24 .build/obj_redox_rev1_base_ad_rev3/quantum/action_layer.o
                0x00000000000017b8                read_source_layers_cache
 .text.layer_switch_get_layer
                0x00000000000017dc       0x64 .build/obj_redox_rev1_base_ad_rev3/quantum/action_layer.o
                0x00000000000017dc                layer_switch_get_layer
 .text.layer_switch_get_action
                0x0000000000001840       0x16 .build/obj_redox_rev1_base_ad_rev3/quantum/action_layer.o
                0x0000000000001840                layer_switch_get_action
 .text.store_or_get_action
                0x0000000000001856       0x46 .build/obj_redox_rev1_base_ad_rev3/quantum/action_layer.o
                0x0000000000001856                store_or_get_action
 .text.debug_waiting_buffer
                0x000000000000189c       0x44 .build/obj_redox_rev1_base_ad_rev3/quantum/action_tapping.o
 .text.debug_tapping_key
                0x00000000000018e0       0x22 .build/obj_redox_rev1_base_ad_rev3/quantum/action_tapping.o
 .text.waiting_buffer_scan_tap
                0x0000000000001902       0xb2 .build/obj_redox_rev1_base_ad_rev3/quantum/action_tapping.o
 .text.waiting_buffer_typed.isra.2
                0x00000000000019b4       0x40 .build/obj_redox_rev1_base_ad_rev3/quantum/action_tapping.o
 .text.process_tapping
                0x00000000000019f4      0x348 .build/obj_redox_rev1_base_ad_rev3/quantum/action_tapping.o
 .text.action_tapping_process
                0x0000000000001d3c      0x10a .build/obj_redox_rev1_base_ad_rev3/quantum/action_tapping.o
                0x0000000000001d3c                action_tapping_process
 .text.get_oneshot_layer
                0x0000000000001e46        0xc .build/obj_redox_rev1_base_ad_rev3/quantum/action_util.o
                0x0000000000001e46                get_oneshot_layer
 .text.get_oneshot_layer_state
                0x0000000000001e52        0x8 .build/obj_redox_rev1_base_ad_rev3/quantum/action_util.o
                0x0000000000001e52                get_oneshot_layer_state
 .text.is_oneshot_layer_active
                0x0000000000001e5a        0xe .build/obj_redox_rev1_base_ad_rev3/quantum/action_util.o
                0x0000000000001e5a                is_oneshot_layer_active
 .text.get_mods
                0x0000000000001e68        0x6 .build/obj_redox_rev1_base_ad_rev3/quantum/action_util.o
                0x0000000000001e68                get_mods
 .text.add_mods
                0x0000000000001e6e        0xc .build/obj_redox_rev1_base_ad_rev3/quantum/action_util.o
                0x0000000000001e6e                add_mods
 .text.del_mods
                0x0000000000001e7a        0xe .build/obj_redox_rev1_base_ad_rev3/quantum/action_util.o
                0x0000000000001e7a                del_mods
 .text.set_mods
                0x0000000000001e88        0x6 .build/obj_redox_rev1_base_ad_rev3/quantum/action_util.o
                0x0000000000001e88                set_mods
 .text.clear_mods
                0x0000000000001e8e        0x6 .build/obj_redox_rev1_base_ad_rev3/quantum/action_util.o
                0x0000000000001e8e                clear_mods
 .text.get_weak_mods
                0x0000000000001e94        0x6 .build/obj_redox_rev1_base_ad_rev3/quantum/action_util.o
                0x0000000000001e94                get_weak_mods
 .text.add_weak_mods
                0x0000000000001e9a        0xc .build/obj_redox_rev1_base_ad_rev3/quantum/action_util.o
                0x0000000000001e9a                add_weak_mods
 .text.del_weak_mods
                0x0000000000001ea6        0xe .build/obj_redox_rev1_base_ad_rev3/quantum/action_util.o
                0x0000000000001ea6                del_weak_mods
 .text.clear_weak_mods
                0x0000000000001eb4        0x6 .build/obj_redox_rev1_base_ad_rev3/quantum/action_util.o
                0x0000000000001eb4                clear_weak_mods
 .text.get_oneshot_mods
                0x0000000000001eba        0x6 .build/obj_redox_rev1_base_ad_rev3/quantum/action_util.o
                0x0000000000001eba                get_oneshot_mods
 .text.oneshot_layer_changed_user
                0x0000000000001ec0        0x2 .build/obj_redox_rev1_base_ad_rev3/quantum/action_util.o
                0x0000000000001ec0                oneshot_layer_changed_user
 .text.oneshot_mods_changed_user
                0x0000000000001ec2        0x6 .build/obj_redox_rev1_base_ad_rev3/quantum/action_util.o
                0x0000000000001ec2                oneshot_mods_changed_user
 .text.oneshot_mods_changed_kb
                0x0000000000001ec8        0x6 .build/obj_redox_rev1_base_ad_rev3/quantum/action_util.o
                0x0000000000001ec8                oneshot_mods_changed_kb
 .text.add_oneshot_mods
                0x0000000000001ece       0x18 .build/obj_redox_rev1_base_ad_rev3/quantum/action_util.o
                0x0000000000001ece                add_oneshot_mods
 .text.del_oneshot_mods
                0x0000000000001ee6       0x18 .build/obj_redox_rev1_base_ad_rev3/quantum/action_util.o
                0x0000000000001ee6                del_oneshot_mods
 .text.clear_oneshot_mods
                0x0000000000001efe       0x14 .build/obj_redox_rev1_base_ad_rev3/quantum/action_util.o
                0x0000000000001efe                clear_oneshot_mods
 .text.send_keyboard_report
                0x0000000000001f12       0x82 .build/obj_redox_rev1_base_ad_rev3/quantum/action_util.o
                0x0000000000001f12                send_keyboard_report
 .text.oneshot_locked_mods_changed_user
                0x0000000000001f94        0x6 .build/obj_redox_rev1_base_ad_rev3/quantum/action_util.o
                0x0000000000001f94                oneshot_locked_mods_changed_user
 .text.oneshot_locked_mods_changed_kb
                0x0000000000001f9a        0x6 .build/obj_redox_rev1_base_ad_rev3/quantum/action_util.o
                0x0000000000001f9a                oneshot_locked_mods_changed_kb
 .text.del_oneshot_locked_mods
                0x0000000000001fa0       0x18 .build/obj_redox_rev1_base_ad_rev3/quantum/action_util.o
                0x0000000000001fa0                del_oneshot_locked_mods
 .text.oneshot_layer_changed_kb
                0x0000000000001fb8        0x6 .build/obj_redox_rev1_base_ad_rev3/quantum/action_util.o
                0x0000000000001fb8                oneshot_layer_changed_kb
 .text.set_oneshot_layer
                0x0000000000001fbe       0x30 .build/obj_redox_rev1_base_ad_rev3/quantum/action_util.o
                0x0000000000001fbe                set_oneshot_layer
 .text.reset_oneshot_layer
                0x0000000000001fee        0xc .build/obj_redox_rev1_base_ad_rev3/quantum/action_util.o
                0x0000000000001fee                reset_oneshot_layer
 .text.clear_oneshot_layer_state
                0x0000000000001ffa       0x2e .build/obj_redox_rev1_base_ad_rev3/quantum/action_util.o
                0x0000000000001ffa                clear_oneshot_layer_state
 .text.oneshot_set
                0x0000000000002028       0x2a .build/obj_redox_rev1_base_ad_rev3/quantum/action_util.o
                0x0000000000002028                oneshot_set
 .text.oneshot_toggle
                0x0000000000002052       0x14 .build/obj_redox_rev1_base_ad_rev3/quantum/action_util.o
                0x0000000000002052                oneshot_toggle
 .text.oneshot_enable
                0x0000000000002066        0x8 .build/obj_redox_rev1_base_ad_rev3/quantum/action_util.o
                0x0000000000002066                oneshot_enable
 .text.oneshot_disable
                0x000000000000206e        0x8 .build/obj_redox_rev1_base_ad_rev3/quantum/action_util.o
                0x000000000000206e                oneshot_disable
 .text.eeconfig_disable
                0x0000000000002076        0xe .build/obj_redox_rev1_base_ad_rev3/quantum/eeconfig.o
                0x0000000000002076                eeconfig_disable
 .text.eeconfig_is_enabled
                0x0000000000002084       0x16 .build/obj_redox_rev1_base_ad_rev3/quantum/eeconfig.o
                0x0000000000002084                eeconfig_is_enabled
 .text.eeconfig_read_debug
                0x000000000000209a        0xa .build/obj_redox_rev1_base_ad_rev3/quantum/eeconfig.o
                0x000000000000209a                eeconfig_read_debug
 .text.eeconfig_read_default_layer
                0x00000000000020a4        0xa .build/obj_redox_rev1_base_ad_rev3/quantum/eeconfig.o
                0x00000000000020a4                eeconfig_read_default_layer
 .text.eeconfig_read_keymap
                0x00000000000020ae        0xa .build/obj_redox_rev1_base_ad_rev3/quantum/eeconfig.o
                0x00000000000020ae                eeconfig_read_keymap
 .text.eeconfig_update_keymap
                0x00000000000020b8        0xc .build/obj_redox_rev1_base_ad_rev3/quantum/eeconfig.o
                0x00000000000020b8                eeconfig_update_keymap
 .text.eeconfig_update_kb
                0x00000000000020c4        0xe .build/obj_redox_rev1_base_ad_rev3/quantum/eeconfig.o
                0x00000000000020c4                eeconfig_update_kb
 .text.eeconfig_update_user
                0x00000000000020d2        0xe .build/obj_redox_rev1_base_ad_rev3/quantum/eeconfig.o
                0x00000000000020d2                eeconfig_update_user
 .text.eeconfig_init_user
                0x00000000000020e0        0xc .build/obj_redox_rev1_base_ad_rev3/quantum/eeconfig.o
                0x00000000000020e0                eeconfig_init_user
 .text.eeconfig_init_kb
                0x00000000000020ec       0x10 .build/obj_redox_rev1_base_ad_rev3/quantum/eeconfig.o
                0x00000000000020ec                eeconfig_init_kb
 .text.eeconfig_init_quantum
                0x00000000000020fc       0xc4 .build/obj_redox_rev1_base_ad_rev3/quantum/eeconfig.o
                0x00000000000020fc                eeconfig_init_quantum
 .text.eeconfig_init
                0x00000000000021c0        0x6 .build/obj_redox_rev1_base_ad_rev3/quantum/eeconfig.o
                0x00000000000021c0                eeconfig_init
 .text.eeconfig_update_handedness
                0x00000000000021c6        0xc .build/obj_redox_rev1_base_ad_rev3/quantum/eeconfig.o
                0x00000000000021c6                eeconfig_update_handedness
 .text.generate_tick_event
                0x00000000000021d2       0x48 .build/obj_redox_rev1_base_ad_rev3/quantum/keyboard.o
 .text.last_matrix_activity_trigger
                0x000000000000221a       0x26 .build/obj_redox_rev1_base_ad_rev3/quantum/keyboard.o
                0x000000000000221a                last_matrix_activity_trigger
 .text.matrix_can_read
                0x0000000000002240        0x4 .build/obj_redox_rev1_base_ad_rev3/quantum/keyboard.o
                0x0000000000002240                matrix_can_read
 .text.should_process_keypress
                0x0000000000002244        0x6 .build/obj_redox_rev1_base_ad_rev3/quantum/keyboard.o
                0x0000000000002244                should_process_keypress
 .text.housekeeping_task_user
                0x000000000000224a        0x2 .build/obj_redox_rev1_base_ad_rev3/quantum/keyboard.o
                0x000000000000224a                housekeeping_task_user
 .text.housekeeping_task_kb
                0x000000000000224c        0x6 .build/obj_redox_rev1_base_ad_rev3/quantum/keyboard.o
                0x000000000000224c                housekeeping_task_kb
 .text.keyboard_post_init_user
                0x0000000000002252        0x6 .build/obj_redox_rev1_base_ad_rev3/quantum/keyboard.o
                0x0000000000002252                keyboard_post_init_user
 .text.keyboard_post_init_kb
                0x0000000000002258        0x6 .build/obj_redox_rev1_base_ad_rev3/quantum/keyboard.o
                0x0000000000002258                keyboard_post_init_kb
 .text.keyboard_pre_init_user
                0x000000000000225e        0x6 .build/obj_redox_rev1_base_ad_rev3/quantum/keyboard.o
                0x000000000000225e                keyboard_pre_init_user
 .text.keyboard_pre_init_kb
                0x0000000000002264        0x6 .build/obj_redox_rev1_base_ad_rev3/quantum/keyboard.o
                0x0000000000002264                keyboard_pre_init_kb
 .text.matrix_setup
                0x000000000000226a        0x6 .build/obj_redox_rev1_base_ad_rev3/quantum/keyboard.o
                0x000000000000226a                matrix_setup
 .text.keyboard_setup
                0x0000000000002270       0x12 .build/obj_redox_rev1_base_ad_rev3/quantum/keyboard.o
                0x0000000000002270                keyboard_setup
 .text.housekeeping_task
                0x0000000000002282        0xa .build/obj_redox_rev1_base_ad_rev3/quantum/keyboard.o
                0x0000000000002282                housekeeping_task
 .text.quantum_init
                0x000000000000228c        0xe .build/obj_redox_rev1_base_ad_rev3/quantum/keyboard.o
                0x000000000000228c                quantum_init
 .text.keyboard_init
                0x000000000000229a       0x26 .build/obj_redox_rev1_base_ad_rev3/quantum/keyboard.o
                0x000000000000229a                keyboard_init
 .text.quantum_task
                0x00000000000022c0        0xc .build/obj_redox_rev1_base_ad_rev3/quantum/keyboard.o
                0x00000000000022c0                quantum_task
 .text.keyboard_task
                0x00000000000022cc       0xd4 .build/obj_redox_rev1_base_ad_rev3/quantum/keyboard.o
                0x00000000000022cc                keyboard_task
 .text.action_for_keycode
                0x00000000000023a0      0x23a .build/obj_redox_rev1_base_ad_rev3/quantum/keymap_common.o
                0x00000000000023a0                action_for_keycode
 .text.keymap_key_to_keycode
                0x00000000000025da       0x18 .build/obj_redox_rev1_base_ad_rev3/quantum/keymap_common.o
                0x00000000000025da                keymap_key_to_keycode
 .text.action_for_key
                0x00000000000025f2        0xa .build/obj_redox_rev1_base_ad_rev3/quantum/keymap_common.o
                0x00000000000025f2                action_for_key
 .text.keycode_config
                0x00000000000025fc      0x138 .build/obj_redox_rev1_base_ad_rev3/quantum/keycode_config.o
                0x00000000000025fc                keycode_config
 .text.mod_config
                0x0000000000002734       0x9e .build/obj_redox_rev1_base_ad_rev3/quantum/keycode_config.o
                0x0000000000002734                mod_config
 .text.sync_timer_init
                0x00000000000027d2       0x12 .build/obj_redox_rev1_base_ad_rev3/quantum/sync_timer.o
                0x00000000000027d2                sync_timer_init
 .text.sync_timer_update
                0x00000000000027e4       0x3a .build/obj_redox_rev1_base_ad_rev3/quantum/sync_timer.o
                0x00000000000027e4                sync_timer_update
 .text.sync_timer_read32
                0x000000000000281e       0x34 .build/obj_redox_rev1_base_ad_rev3/quantum/sync_timer.o
                0x000000000000281e                sync_timer_read32
 .text.sendchar
                0x0000000000002852        0x4 .build/obj_redox_rev1_base_ad_rev3/quantum/logging/sendchar.o
                0x0000000000002852                sendchar
 .text.bootmagic
                0x0000000000002856        0x2 .build/obj_redox_rev1_base_ad_rev3/quantum/bootmagic/magic.o
                0x0000000000002856                bootmagic
 .text.magic    0x0000000000002858       0x3c .build/obj_redox_rev1_base_ad_rev3/quantum/bootmagic/magic.o
                0x0000000000002858                magic
 .text.matrix_get_row
                0x0000000000002894        0xc .build/obj_redox_rev1_base_ad_rev3/quantum/matrix_common.o
                0x0000000000002894                matrix_get_row
 .text.matrix_print
                0x00000000000028a0        0x2 .build/obj_redox_rev1_base_ad_rev3/quantum/matrix_common.o
                0x00000000000028a0                matrix_print
 .text.matrix_io_delay
                0x00000000000028a2        0x8 .build/obj_redox_rev1_base_ad_rev3/quantum/matrix_common.o
                0x00000000000028a2                matrix_io_delay
 .text.matrix_output_select_delay
                0x00000000000028aa        0x4 .build/obj_redox_rev1_base_ad_rev3/quantum/matrix_common.o
                0x00000000000028aa                matrix_output_select_delay
 .text.matrix_output_unselect_delay
                0x00000000000028ae        0x6 .build/obj_redox_rev1_base_ad_rev3/quantum/matrix_common.o
                0x00000000000028ae                matrix_output_unselect_delay
 .text.matrix_slave_scan_user
                0x00000000000028b4        0x2 .build/obj_redox_rev1_base_ad_rev3/quantum/matrix_common.o
                0x00000000000028b4                matrix_slave_scan_user
 .text.matrix_scan_user
                0x00000000000028b6        0x6 .build/obj_redox_rev1_base_ad_rev3/quantum/matrix_common.o
                0x00000000000028b6                matrix_scan_user
 .text.matrix_scan_kb
                0x00000000000028bc        0x6 .build/obj_redox_rev1_base_ad_rev3/quantum/matrix_common.o
                0x00000000000028bc                matrix_scan_kb
 .text.matrix_init_user
                0x00000000000028c2        0x6 .build/obj_redox_rev1_base_ad_rev3/quantum/matrix_common.o
                0x00000000000028c2                matrix_init_user
 .text.matrix_init_kb
                0x00000000000028c8        0x6 .build/obj_redox_rev1_base_ad_rev3/quantum/matrix_common.o
                0x00000000000028c8                matrix_init_kb
 .text.matrix_slave_scan_kb
                0x00000000000028ce        0x6 .build/obj_redox_rev1_base_ad_rev3/quantum/matrix_common.o
                0x00000000000028ce                matrix_slave_scan_kb
 .text.matrix_post_scan
                0x00000000000028d4       0xb6 .build/obj_redox_rev1_base_ad_rev3/quantum/matrix_common.o
                0x00000000000028d4                matrix_post_scan
 .text.setPinInputHigh_atomic
                0x000000000000298a       0x2e .build/obj_redox_rev1_base_ad_rev3/quantum/matrix.o
 .text.matrix_init_pins
                0x00000000000029b8       0x40 .build/obj_redox_rev1_base_ad_rev3/quantum/matrix.o
                0x00000000000029b8                matrix_init_pins
 .text.matrix_read_cols_on_row
                0x00000000000029f8       0xbc .build/obj_redox_rev1_base_ad_rev3/quantum/matrix.o
                0x00000000000029f8                matrix_read_cols_on_row
 .text.matrix_init
                0x0000000000002ab4       0x4a .build/obj_redox_rev1_base_ad_rev3/quantum/matrix.o
                0x0000000000002ab4                matrix_init
 .text.matrix_scan
                0x0000000000002afe       0x7c .build/obj_redox_rev1_base_ad_rev3/quantum/matrix.o
                0x0000000000002afe                matrix_scan
 .text.debounce_init
                0x0000000000002b7a        0x2 .build/obj_redox_rev1_base_ad_rev3/quantum/debounce/sym_defer_g.o
                0x0000000000002b7a                debounce_init
 .text.debounce
                0x0000000000002b7c       0x72 .build/obj_redox_rev1_base_ad_rev3/quantum/debounce/sym_defer_g.o
                0x0000000000002b7c                debounce
 .text.is_keyboard_master
                0x0000000000002bee       0x30 .build/obj_redox_rev1_base_ad_rev3/quantum/split_common/split_util.o
                0x0000000000002bee                is_keyboard_master
 .text.is_keyboard_left
                0x0000000000002c1e        0x6 .build/obj_redox_rev1_base_ad_rev3/quantum/split_common/split_util.o
                0x0000000000002c1e                is_keyboard_left
 .text.split_pre_init
                0x0000000000002c24       0x14 .build/obj_redox_rev1_base_ad_rev3/quantum/split_common/split_util.o
                0x0000000000002c24                split_pre_init
 .text.split_post_init
                0x0000000000002c38        0xe .build/obj_redox_rev1_base_ad_rev3/quantum/split_common/split_util.o
                0x0000000000002c38                split_post_init
 .text.is_transport_connected
                0x0000000000002c46        0xe .build/obj_redox_rev1_base_ad_rev3/quantum/split_common/split_util.o
                0x0000000000002c46                is_transport_connected
 .text.transport_master_if_connected
                0x0000000000002c54       0x70 .build/obj_redox_rev1_base_ad_rev3/quantum/split_common/split_util.o
                0x0000000000002c54                transport_master_if_connected
 .text.transport_master_init
                0x0000000000002cc4        0x6 .build/obj_redox_rev1_base_ad_rev3/quantum/split_common/transport.o
                0x0000000000002cc4                transport_master_init
 .text.transport_slave_init
                0x0000000000002cca        0x6 .build/obj_redox_rev1_base_ad_rev3/quantum/split_common/transport.o
                0x0000000000002cca                transport_slave_init
 .text.transport_execute_transaction
                0x0000000000002cd0       0x90 .build/obj_redox_rev1_base_ad_rev3/quantum/split_common/transport.o
                0x0000000000002cd0                transport_execute_transaction
 .text.transport_master
                0x0000000000002d60        0x6 .build/obj_redox_rev1_base_ad_rev3/quantum/split_common/transport.o
                0x0000000000002d60                transport_master
 .text.transport_slave
                0x0000000000002d66        0x6 .build/obj_redox_rev1_base_ad_rev3/quantum/split_common/transport.o
                0x0000000000002d66                transport_slave
 .text.sync_timer_handlers_master
                0x0000000000002d6c       0x80 .build/obj_redox_rev1_base_ad_rev3/quantum/split_common/transactions.o
 .text.transaction_handler_master.isra.1
                0x0000000000002dec       0x6a .build/obj_redox_rev1_base_ad_rev3/quantum/split_common/transactions.o
 .text.rgblight_handlers_master
                0x0000000000002e56       0x7c .build/obj_redox_rev1_base_ad_rev3/quantum/split_common/transactions.o
 .text.slave_matrix_handlers_master
                0x0000000000002ed2       0xf4 .build/obj_redox_rev1_base_ad_rev3/quantum/split_common/transactions.o
 .text.transactions_master
                0x0000000000002fc6       0x42 .build/obj_redox_rev1_base_ad_rev3/quantum/split_common/transactions.o
                0x0000000000002fc6                transactions_master
 .text.transactions_slave
                0x0000000000003008       0x96 .build/obj_redox_rev1_base_ad_rev3/quantum/split_common/transactions.o
                0x0000000000003008                transactions_slave
 .text.protocol_init
                0x000000000000309e        0xe .build/obj_redox_rev1_base_ad_rev3/quantum/main.o
                0x000000000000309e                protocol_init
 .text.protocol_task
                0x00000000000030ac        0xe .build/obj_redox_rev1_base_ad_rev3/quantum/main.o
                0x00000000000030ac                protocol_task
 .text.startup.main
                0x00000000000030ba       0x1a .build/obj_redox_rev1_base_ad_rev3/quantum/main.o
                0x00000000000030ba                main
 .text.print_set_sendchar
                0x00000000000030d4        0xa .build/obj_redox_rev1_base_ad_rev3/platforms/avr/printf.o
                0x00000000000030d4                print_set_sendchar
 .text.times_inv_sqrt2
                0x00000000000030de       0x1c .build/obj_redox_rev1_base_ad_rev3/quantum/mousekey.o
 .text.move_unit
                0x00000000000030fa       0x7e .build/obj_redox_rev1_base_ad_rev3/quantum/mousekey.o
 .text.wheel_unit
                0x0000000000003178       0x72 .build/obj_redox_rev1_base_ad_rev3/quantum/mousekey.o
 .text.mousekey_on
                0x00000000000031ea       0xb6 .build/obj_redox_rev1_base_ad_rev3/quantum/mousekey.o
                0x00000000000031ea                mousekey_on
 .text.mousekey_off
                0x00000000000032a0       0xee .build/obj_redox_rev1_base_ad_rev3/quantum/mousekey.o
                0x00000000000032a0                mousekey_off
 .text.mousekey_send
                0x000000000000338e       0x3e .build/obj_redox_rev1_base_ad_rev3/quantum/mousekey.o
                0x000000000000338e                mousekey_send
 .text.mousekey_clear
                0x00000000000033cc       0x1c .build/obj_redox_rev1_base_ad_rev3/quantum/mousekey.o
                0x00000000000033cc                mousekey_clear
 .text.should_mousekey_report_send
                0x00000000000033e8       0x28 .build/obj_redox_rev1_base_ad_rev3/quantum/mousekey.o
                0x00000000000033e8                should_mousekey_report_send
 .text.mousekey_task
                0x0000000000003410      0x1dc .build/obj_redox_rev1_base_ad_rev3/quantum/mousekey.o
                0x0000000000003410                mousekey_task
 .text.hsv_to_rgb_impl
                0x00000000000035ec      0x11c .build/obj_redox_rev1_base_ad_rev3/quantum/color.o
                0x00000000000035ec                hsv_to_rgb_impl
 .text.hsv_to_rgb
                0x0000000000003708        0x8 .build/obj_redox_rev1_base_ad_rev3/quantum/color.o
                0x0000000000003708                hsv_to_rgb
 .text.rgblight_hsv_to_rgb
                0x0000000000003710        0x6 .build/obj_redox_rev1_base_ad_rev3/quantum/rgblight/rgblight.o
                0x0000000000003710                rgblight_hsv_to_rgb
 .text.sethsv_raw
                0x0000000000003716       0x1c .build/obj_redox_rev1_base_ad_rev3/quantum/rgblight/rgblight.o
                0x0000000000003716                sethsv_raw
 .text.rgblight_check_config
                0x0000000000003732       0x16 .build/obj_redox_rev1_base_ad_rev3/quantum/rgblight/rgblight.o
                0x0000000000003732                rgblight_check_config
 .text.eeconfig_read_rgblight
                0x0000000000003748       0x64 .build/obj_redox_rev1_base_ad_rev3/quantum/rgblight/rgblight.o
                0x0000000000003748                eeconfig_read_rgblight
 .text.eeconfig_update_rgblight
                0x00000000000037ac       0x4c .build/obj_redox_rev1_base_ad_rev3/quantum/rgblight/rgblight.o
                0x00000000000037ac                eeconfig_update_rgblight
 .text.eeconfig_update_rgblight_default
                0x00000000000037f8       0x36 .build/obj_redox_rev1_base_ad_rev3/quantum/rgblight/rgblight.o
                0x00000000000037f8                eeconfig_update_rgblight_default
 .text.rgblight_increase_speed_helper
                0x000000000000382e       0x38 .build/obj_redox_rev1_base_ad_rev3/quantum/rgblight/rgblight.o
                0x000000000000382e                rgblight_increase_speed_helper
 .text.rgblight_increase_speed
                0x0000000000003866        0x8 .build/obj_redox_rev1_base_ad_rev3/quantum/rgblight/rgblight.o
                0x0000000000003866                rgblight_increase_speed
 .text.rgblight_decrease_speed_helper
                0x000000000000386e       0x38 .build/obj_redox_rev1_base_ad_rev3/quantum/rgblight/rgblight.o
                0x000000000000386e                rgblight_decrease_speed_helper
 .text.rgblight_decrease_speed
                0x00000000000038a6        0x8 .build/obj_redox_rev1_base_ad_rev3/quantum/rgblight/rgblight.o
                0x00000000000038a6                rgblight_decrease_speed
 .text.rgblight_call_driver
                0x00000000000038ae        0x8 .build/obj_redox_rev1_base_ad_rev3/quantum/rgblight/rgblight.o
                0x00000000000038ae                rgblight_call_driver
 .text.rgblight_set
                0x00000000000038b6       0x4a .build/obj_redox_rev1_base_ad_rev3/quantum/rgblight/rgblight.o
                0x00000000000038b6                rgblight_set
 .text.rgblight_disable
                0x0000000000003900       0x2c .build/obj_redox_rev1_base_ad_rev3/quantum/rgblight/rgblight.o
                0x0000000000003900                rgblight_disable
 .text.rgblight_disable_noeeprom
                0x000000000000392c       0x1a .build/obj_redox_rev1_base_ad_rev3/quantum/rgblight/rgblight.o
                0x000000000000392c                rgblight_disable_noeeprom
 .text.rgblight_setrgb
                0x0000000000003946       0x36 .build/obj_redox_rev1_base_ad_rev3/quantum/rgblight/rgblight.o
                0x0000000000003946                rgblight_setrgb
 .text.rgblight_sethsv_eeprom_helper
                0x000000000000397c       0x9e .build/obj_redox_rev1_base_ad_rev3/quantum/rgblight/rgblight.o
                0x000000000000397c                rgblight_sethsv_eeprom_helper
 .text.rgblight_increase_hue_helper
                0x0000000000003a1a       0x16 .build/obj_redox_rev1_base_ad_rev3/quantum/rgblight/rgblight.o
                0x0000000000003a1a                rgblight_increase_hue_helper
 .text.rgblight_increase_hue
                0x0000000000003a30        0x8 .build/obj_redox_rev1_base_ad_rev3/quantum/rgblight/rgblight.o
                0x0000000000003a30                rgblight_increase_hue
 .text.rgblight_decrease_hue_helper
                0x0000000000003a38       0x16 .build/obj_redox_rev1_base_ad_rev3/quantum/rgblight/rgblight.o
                0x0000000000003a38                rgblight_decrease_hue_helper
 .text.rgblight_decrease_hue
                0x0000000000003a4e        0x8 .build/obj_redox_rev1_base_ad_rev3/quantum/rgblight/rgblight.o
                0x0000000000003a4e                rgblight_decrease_hue
 .text.rgblight_increase_sat_helper
                0x0000000000003a56       0x1a .build/obj_redox_rev1_base_ad_rev3/quantum/rgblight/rgblight.o
                0x0000000000003a56                rgblight_increase_sat_helper
 .text.rgblight_increase_sat
                0x0000000000003a70        0x8 .build/obj_redox_rev1_base_ad_rev3/quantum/rgblight/rgblight.o
                0x0000000000003a70                rgblight_increase_sat
 .text.rgblight_decrease_sat_helper
                0x0000000000003a78       0x1a .build/obj_redox_rev1_base_ad_rev3/quantum/rgblight/rgblight.o
                0x0000000000003a78                rgblight_decrease_sat_helper
 .text.rgblight_decrease_sat
                0x0000000000003a92        0x8 .build/obj_redox_rev1_base_ad_rev3/quantum/rgblight/rgblight.o
                0x0000000000003a92                rgblight_decrease_sat
 .text.rgblight_increase_val_helper
                0x0000000000003a9a       0x1a .build/obj_redox_rev1_base_ad_rev3/quantum/rgblight/rgblight.o
                0x0000000000003a9a                rgblight_increase_val_helper
 .text.rgblight_increase_val
                0x0000000000003ab4        0x8 .build/obj_redox_rev1_base_ad_rev3/quantum/rgblight/rgblight.o
                0x0000000000003ab4                rgblight_increase_val
 .text.rgblight_decrease_val_helper
                0x0000000000003abc       0x1a .build/obj_redox_rev1_base_ad_rev3/quantum/rgblight/rgblight.o
                0x0000000000003abc                rgblight_decrease_val_helper
 .text.rgblight_decrease_val
                0x0000000000003ad6        0x8 .build/obj_redox_rev1_base_ad_rev3/quantum/rgblight/rgblight.o
                0x0000000000003ad6                rgblight_decrease_val
 .text.rgblight_sethsv_noeeprom
                0x0000000000003ade        0x8 .build/obj_redox_rev1_base_ad_rev3/quantum/rgblight/rgblight.o
                0x0000000000003ade                rgblight_sethsv_noeeprom
 .text.rgblight_mode_eeprom_helper
                0x0000000000003ae6       0x50 .build/obj_redox_rev1_base_ad_rev3/quantum/rgblight/rgblight.o
                0x0000000000003ae6                rgblight_mode_eeprom_helper
 .text.rgblight_step_helper
                0x0000000000003b36        0xa .build/obj_redox_rev1_base_ad_rev3/quantum/rgblight/rgblight.o
                0x0000000000003b36                rgblight_step_helper
 .text.rgblight_step
                0x0000000000003b40        0x8 .build/obj_redox_rev1_base_ad_rev3/quantum/rgblight/rgblight.o
                0x0000000000003b40                rgblight_step
 .text.rgblight_step_reverse_helper
                0x0000000000003b48       0x16 .build/obj_redox_rev1_base_ad_rev3/quantum/rgblight/rgblight.o
                0x0000000000003b48                rgblight_step_reverse_helper
 .text.rgblight_step_reverse
                0x0000000000003b5e        0x8 .build/obj_redox_rev1_base_ad_rev3/quantum/rgblight/rgblight.o
                0x0000000000003b5e                rgblight_step_reverse
 .text.rgblight_mode
                0x0000000000003b66        0x8 .build/obj_redox_rev1_base_ad_rev3/quantum/rgblight/rgblight.o
                0x0000000000003b66                rgblight_mode
 .text.rgblight_enable
                0x0000000000003b6e       0x12 .build/obj_redox_rev1_base_ad_rev3/quantum/rgblight/rgblight.o
                0x0000000000003b6e                rgblight_enable
 .text.rgblight_toggle
                0x0000000000003b80       0x14 .build/obj_redox_rev1_base_ad_rev3/quantum/rgblight/rgblight.o
                0x0000000000003b80                rgblight_toggle
 .text.rgblight_mode_noeeprom
                0x0000000000003b94        0x8 .build/obj_redox_rev1_base_ad_rev3/quantum/rgblight/rgblight.o
                0x0000000000003b94                rgblight_mode_noeeprom
 .text.rgblight_init
                0x0000000000003b9c       0x8c .build/obj_redox_rev1_base_ad_rev3/quantum/rgblight/rgblight.o
                0x0000000000003b9c                rgblight_init
 .text.rgblight_clear_change_flags
                0x0000000000003c28        0x6 .build/obj_redox_rev1_base_ad_rev3/quantum/rgblight/rgblight.o
                0x0000000000003c28                rgblight_clear_change_flags
 .text.rgblight_get_syncinfo
                0x0000000000003c2e       0x26 .build/obj_redox_rev1_base_ad_rev3/quantum/rgblight/rgblight.o
                0x0000000000003c2e                rgblight_get_syncinfo
 .text.rgblight_update_sync
                0x0000000000003c54       0x48 .build/obj_redox_rev1_base_ad_rev3/quantum/rgblight/rgblight.o
                0x0000000000003c54                rgblight_update_sync
 .text.handleKeycodeRGB
                0x0000000000003c9c        0xe .build/obj_redox_rev1_base_ad_rev3/quantum/process_keycode/process_rgb.o
 .text.process_rgb
                0x0000000000003caa       0xac .build/obj_redox_rev1_base_ad_rev3/quantum/process_keycode/process_rgb.o
                0x0000000000003caa                process_rgb
 .text.ws2812_setleds
                0x0000000000003d56       0x56 .build/obj_redox_rev1_base_ad_rev3/ws2812_bitbang.o
                0x0000000000003d56                ws2812_setleds
 .text.crc_init
                0x0000000000003dac        0x2 .build/obj_redox_rev1_base_ad_rev3/crc.o
                0x0000000000003dac                crc_init
 .text.crc8     0x0000000000003dae       0x2e .build/obj_redox_rev1_base_ad_rev3/crc.o
                0x0000000000003dae                crc8
 .text.process_unicode
                0x0000000000003ddc       0x1c .build/obj_redox_rev1_base_ad_rev3/quantum/process_keycode/process_unicode.o
                0x0000000000003ddc                process_unicode
 .text.process_unicode_common
                0x0000000000003df8       0x6e .build/obj_redox_rev1_base_ad_rev3/quantum/process_keycode/process_unicode_common.o
                0x0000000000003df8                process_unicode_common
 .text.send_nibble_wrapper
                0x0000000000003e66       0x2a .build/obj_redox_rev1_base_ad_rev3/quantum/unicode/unicode.o
 .text.unicode_input_mode_set_user
                0x0000000000003e90        0x2 .build/obj_redox_rev1_base_ad_rev3/quantum/unicode/unicode.o
                0x0000000000003e90                unicode_input_mode_set_user
 .text.unicode_input_mode_set_kb
                0x0000000000003e92        0x6 .build/obj_redox_rev1_base_ad_rev3/quantum/unicode/unicode.o
                0x0000000000003e92                unicode_input_mode_set_kb
 .text.cycle_unicode_input_mode
                0x0000000000003e98       0x48 .build/obj_redox_rev1_base_ad_rev3/quantum/unicode/unicode.o
 .text.unicode_input_mode_init
                0x0000000000003ee0       0x3a .build/obj_redox_rev1_base_ad_rev3/quantum/unicode/unicode.o
                0x0000000000003ee0                unicode_input_mode_init
 .text.set_unicode_input_mode
                0x0000000000003f1a       0x1c .build/obj_redox_rev1_base_ad_rev3/quantum/unicode/unicode.o
                0x0000000000003f1a                set_unicode_input_mode
 .text.unicode_input_mode_step
                0x0000000000003f36        0x8 .build/obj_redox_rev1_base_ad_rev3/quantum/unicode/unicode.o
                0x0000000000003f36                unicode_input_mode_step
 .text.unicode_input_mode_step_reverse
                0x0000000000003f3e        0x8 .build/obj_redox_rev1_base_ad_rev3/quantum/unicode/unicode.o
                0x0000000000003f3e                unicode_input_mode_step_reverse
 .text.unicode_input_start
                0x0000000000003f46       0xac .build/obj_redox_rev1_base_ad_rev3/quantum/unicode/unicode.o
                0x0000000000003f46                unicode_input_start
 .text.unicode_input_finish
                0x0000000000003ff2       0x64 .build/obj_redox_rev1_base_ad_rev3/quantum/unicode/unicode.o
                0x0000000000003ff2                unicode_input_finish
 .text.register_hex32
                0x0000000000004056       0x8e .build/obj_redox_rev1_base_ad_rev3/quantum/unicode/unicode.o
                0x0000000000004056                register_hex32
 .text.register_unicode
                0x00000000000040e4       0x9e .build/obj_redox_rev1_base_ad_rev3/quantum/unicode/unicode.o
                0x00000000000040e4                register_unicode
 .text.process_magic
                0x0000000000004182      0x1d4 .build/obj_redox_rev1_base_ad_rev3/quantum/process_keycode/process_magic.o
                0x0000000000004182                process_magic
 .text.send_char
                0x0000000000004356       0xba .build/obj_redox_rev1_base_ad_rev3/quantum/send_string/send_string.o
                0x0000000000004356                send_char
 .text.send_nibble
                0x0000000000004410       0x16 .build/obj_redox_rev1_base_ad_rev3/quantum/send_string/send_string.o
                0x0000000000004410                send_nibble
 .text.send_string_with_delay_P
                0x0000000000004426       0xd6 .build/obj_redox_rev1_base_ad_rev3/quantum/send_string/send_string.o
                0x0000000000004426                send_string_with_delay_P
 .text.mousekey_console
                0x00000000000044fc      0x104 .build/obj_redox_rev1_base_ad_rev3/quantum/command.o
 .text.command_common
                0x0000000000004600      0x13c .build/obj_redox_rev1_base_ad_rev3/quantum/command.o
 .text.command_console_extra
                0x000000000000473c        0x4 .build/obj_redox_rev1_base_ad_rev3/quantum/command.o
                0x000000000000473c                command_console_extra
 .text.command_extra
                0x0000000000004740        0x6 .build/obj_redox_rev1_base_ad_rev3/quantum/command.o
                0x0000000000004740                command_extra
 .text.command_proc
                0x0000000000004746       0x92 .build/obj_redox_rev1_base_ad_rev3/quantum/command.o
                0x0000000000004746                command_proc
 .text.process_grave_esc
                0x00000000000047d8       0x62 .build/obj_redox_rev1_base_ad_rev3/quantum/process_keycode/process_grave_esc.o
                0x00000000000047d8                process_grave_esc
 .text.perform_space_cadet
                0x000000000000483a       0xd2 .build/obj_redox_rev1_base_ad_rev3/quantum/process_keycode/process_space_cadet.o
                0x000000000000483a                perform_space_cadet
 .text.process_space_cadet
                0x000000000000490c       0x86 .build/obj_redox_rev1_base_ad_rev3/quantum/process_keycode/process_space_cadet.o
                0x000000000000490c                process_space_cadet
 .text._process_tap_dance_action_fn
                0x0000000000004992        0xc .build/obj_redox_rev1_base_ad_rev3/quantum/process_keycode/process_tap_dance.o
 .text.process_tap_dance_action_on_reset
                0x000000000000499e       0x32 .build/obj_redox_rev1_base_ad_rev3/quantum/process_keycode/process_tap_dance.o
 .text.process_tap_dance_action_on_dance_finished
                0x00000000000049d0       0x48 .build/obj_redox_rev1_base_ad_rev3/quantum/process_keycode/process_tap_dance.o
 .text.preprocess_tap_dance
                0x0000000000004a18       0x56 .build/obj_redox_rev1_base_ad_rev3/quantum/process_keycode/process_tap_dance.o
                0x0000000000004a18                preprocess_tap_dance
 .text.process_tap_dance
                0x0000000000004a6e       0xd8 .build/obj_redox_rev1_base_ad_rev3/quantum/process_keycode/process_tap_dance.o
                0x0000000000004a6e                process_tap_dance
 .text.tap_dance_task
                0x0000000000004b46       0x48 .build/obj_redox_rev1_base_ad_rev3/quantum/process_keycode/process_tap_dance.o
                0x0000000000004b46                tap_dance_task
 .text.host_set_driver
                0x0000000000004b8e        0xa .build/obj_redox_rev1_base_ad_rev3/protocol/host.o
                0x0000000000004b8e                host_set_driver
 .text.host_keyboard_leds
                0x0000000000004b98       0x28 .build/obj_redox_rev1_base_ad_rev3/protocol/host.o
                0x0000000000004b98                host_keyboard_leds
 .text.host_keyboard_led_state
                0x0000000000004bc0        0x6 .build/obj_redox_rev1_base_ad_rev3/protocol/host.o
                0x0000000000004bc0                host_keyboard_led_state
 .text.host_keyboard_send
                0x0000000000004bc6       0x16 .build/obj_redox_rev1_base_ad_rev3/protocol/host.o
                0x0000000000004bc6                host_keyboard_send
 .text.host_mouse_send
                0x0000000000004bdc       0x1c .build/obj_redox_rev1_base_ad_rev3/protocol/host.o
                0x0000000000004bdc                host_mouse_send
 .text.host_system_send
                0x0000000000004bf8       0x4a .build/obj_redox_rev1_base_ad_rev3/protocol/host.o
                0x0000000000004bf8                host_system_send
 .text.host_consumer_send
                0x0000000000004c42       0x4a .build/obj_redox_rev1_base_ad_rev3/protocol/host.o
                0x0000000000004c42                host_consumer_send
 .text.has_anykey
                0x0000000000004c8c       0x18 .build/obj_redox_rev1_base_ad_rev3/protocol/report.o
                0x0000000000004c8c                has_anykey
 .text.is_key_pressed
                0x0000000000004ca4       0x1e .build/obj_redox_rev1_base_ad_rev3/protocol/report.o
                0x0000000000004ca4                is_key_pressed
 .text.add_key_byte
                0x0000000000004cc2       0x34 .build/obj_redox_rev1_base_ad_rev3/protocol/report.o
                0x0000000000004cc2                add_key_byte
 .text.del_key_byte
                0x0000000000004cf6       0x1a .build/obj_redox_rev1_base_ad_rev3/protocol/report.o
                0x0000000000004cf6                del_key_byte
 .text.add_key_to_report
                0x0000000000004d10        0x6 .build/obj_redox_rev1_base_ad_rev3/protocol/report.o
                0x0000000000004d10                add_key_to_report
 .text.del_key_from_report
                0x0000000000004d16        0x6 .build/obj_redox_rev1_base_ad_rev3/protocol/report.o
                0x0000000000004d16                del_key_from_report
 .text.clear_keys_from_report
                0x0000000000004d1c        0xe .build/obj_redox_rev1_base_ad_rev3/protocol/report.o
                0x0000000000004d1c                clear_keys_from_report
 .text.has_mouse_report_changed
                0x0000000000004d2a       0x5c .build/obj_redox_rev1_base_ad_rev3/protocol/report.o
                0x0000000000004d2a                has_mouse_report_changed
 .text.notify_usb_device_state_change_user
                0x0000000000004d86        0x2 .build/obj_redox_rev1_base_ad_rev3/protocol/usb_device_state.o
                0x0000000000004d86                notify_usb_device_state_change_user
 .text.notify_usb_device_state_change_kb
                0x0000000000004d88        0x6 .build/obj_redox_rev1_base_ad_rev3/protocol/usb_device_state.o
                0x0000000000004d88                notify_usb_device_state_change_kb
 .text.usb_device_state_set_suspend
                0x0000000000004d8e        0xc .build/obj_redox_rev1_base_ad_rev3/protocol/usb_device_state.o
                0x0000000000004d8e                usb_device_state_set_suspend
 .text.usb_device_state_set_resume
                0x0000000000004d9a       0x14 .build/obj_redox_rev1_base_ad_rev3/protocol/usb_device_state.o
                0x0000000000004d9a                usb_device_state_set_resume
 .text.usb_device_state_set_configuration
                0x0000000000004dae        0x6 .build/obj_redox_rev1_base_ad_rev3/protocol/usb_device_state.o
                0x0000000000004dae                usb_device_state_set_configuration
 .text.usb_device_state_init
                0x0000000000004db4        0xc .build/obj_redox_rev1_base_ad_rev3/protocol/usb_device_state.o
                0x0000000000004db4                usb_device_state_init
 .text.usb_device_state_set_reset
                0x0000000000004dc0        0x6 .build/obj_redox_rev1_base_ad_rev3/protocol/usb_device_state.o
                0x0000000000004dc0                usb_device_state_set_reset
 .text.suspend_wakeup_init_user
                0x0000000000004dc6        0x2 .build/obj_redox_rev1_base_ad_rev3/platforms/suspend.o
                0x0000000000004dc6                suspend_wakeup_init_user
 .text.suspend_power_down_user
                0x0000000000004dc8        0x6 .build/obj_redox_rev1_base_ad_rev3/platforms/suspend.o
                0x0000000000004dc8                suspend_power_down_user
 .text.suspend_power_down_kb
                0x0000000000004dce        0x6 .build/obj_redox_rev1_base_ad_rev3/platforms/suspend.o
                0x0000000000004dce                suspend_power_down_kb
 .text.matrix_power_down
                0x0000000000004dd4        0x6 .build/obj_redox_rev1_base_ad_rev3/platforms/suspend.o
                0x0000000000004dd4                matrix_power_down
 .text.matrix_power_up
                0x0000000000004dda        0x6 .build/obj_redox_rev1_base_ad_rev3/platforms/suspend.o
                0x0000000000004dda                matrix_power_up
 .text.suspend_wakeup_init_kb
                0x0000000000004de0        0x6 .build/obj_redox_rev1_base_ad_rev3/platforms/suspend.o
                0x0000000000004de0                suspend_wakeup_init_kb
 .text.suspend_wakeup_condition
                0x0000000000004de6       0x28 .build/obj_redox_rev1_base_ad_rev3/platforms/suspend.o
                0x0000000000004de6                suspend_wakeup_condition
 .text.platform_setup
                0x0000000000004e0e        0xe .build/obj_redox_rev1_base_ad_rev3/platforms/avr/platform.o
                0x0000000000004e0e                platform_setup
 .text.__vector_12
                0x0000000000004e1c       0x52 .build/obj_redox_rev1_base_ad_rev3/platforms/avr/suspend.o
                0x0000000000004e1c                __vector_12
 .text.suspend_power_down
                0x0000000000004e6e       0x56 .build/obj_redox_rev1_base_ad_rev3/platforms/avr/suspend.o
                0x0000000000004e6e                suspend_power_down
 .text.suspend_wakeup_init
                0x0000000000004ec4        0xa .build/obj_redox_rev1_base_ad_rev3/platforms/avr/suspend.o
                0x0000000000004ec4                suspend_wakeup_init
 .text.timer_init
                0x0000000000004ece       0x12 .build/obj_redox_rev1_base_ad_rev3/platforms/avr/timer.o
                0x0000000000004ece                timer_init
 .text.timer_read
                0x0000000000004ee0       0x18 .build/obj_redox_rev1_base_ad_rev3/platforms/avr/timer.o
                0x0000000000004ee0                timer_read
 .text.timer_read32
                0x0000000000004ef8       0x18 .build/obj_redox_rev1_base_ad_rev3/platforms/avr/timer.o
                0x0000000000004ef8                timer_read32
 .text.timer_elapsed
                0x0000000000004f10       0x1e .build/obj_redox_rev1_base_ad_rev3/platforms/avr/timer.o
                0x0000000000004f10                timer_elapsed
 .text.timer_elapsed32
                0x0000000000004f2e       0x38 .build/obj_redox_rev1_base_ad_rev3/platforms/avr/timer.o
                0x0000000000004f2e                timer_elapsed32
 .text.__vector_21
                0x0000000000004f66       0x4c .build/obj_redox_rev1_base_ad_rev3/platforms/avr/timer.o
                0x0000000000004f66                __vector_21
 .text.bootloader_jump
                0x0000000000004fb2       0x22 .build/obj_redox_rev1_base_ad_rev3/platforms/avr/bootloaders/caterina.o
                0x0000000000004fb2                bootloader_jump
 .text.mcu_reset
                0x0000000000004fd4       0x16 .build/obj_redox_rev1_base_ad_rev3/platforms/avr/bootloaders/caterina.o
                0x0000000000004fd4                mcu_reset
 .text.sync_recv
                0x0000000000004fea       0x10 .build/obj_redox_rev1_base_ad_rev3/serial.a(serial.o)
 .text.sync_send
                0x0000000000004ffa        0xc .build/obj_redox_rev1_base_ad_rev3/serial.a(serial.o)
 .text.serial_read_chunk.constprop.0
                0x0000000000005006       0x4c .build/obj_redox_rev1_base_ad_rev3/serial.a(serial.o)
 .text.serial_recive_packet
                0x0000000000005052       0x40 .build/obj_redox_rev1_base_ad_rev3/serial.a(serial.o)
 .text.soft_serial_initiator_init
                0x0000000000005092        0x6 .build/obj_redox_rev1_base_ad_rev3/serial.a(serial.o)
                0x0000000000005092                soft_serial_initiator_init
 .text.soft_serial_target_init
                0x0000000000005098       0x12 .build/obj_redox_rev1_base_ad_rev3/serial.a(serial.o)
                0x0000000000005098                soft_serial_target_init
 .text.serial_write_chunk
                0x00000000000050aa       0x40 .build/obj_redox_rev1_base_ad_rev3/serial.a(serial.o)
                0x00000000000050aa                serial_write_chunk
 .text.serial_send_packet
                0x00000000000050ea       0x32 .build/obj_redox_rev1_base_ad_rev3/serial.a(serial.o)
 .text.__vector_1
                0x000000000000511c      0x14c .build/obj_redox_rev1_base_ad_rev3/serial.a(serial.o)
                0x000000000000511c                __vector_1
 .text.soft_serial_transaction
                0x0000000000005268       0xf6 .build/obj_redox_rev1_base_ad_rev3/serial.a(serial.o)
                0x0000000000005268                soft_serial_transaction
 .text.keyboard_leds
                0x000000000000535e        0x6 .build/obj_redox_rev1_base_ad_rev3/lufa.o
 .text.send_report
                0x0000000000005364       0x48 .build/obj_redox_rev1_base_ad_rev3/lufa.o
                0x0000000000005364                send_report
 .text.send_extra
                0x00000000000053ac        0xe .build/obj_redox_rev1_base_ad_rev3/lufa.o
 .text.send_mouse
                0x00000000000053ba        0xe .build/obj_redox_rev1_base_ad_rev3/lufa.o
 .text.send_keyboard
                0x00000000000053c8       0x28 .build/obj_redox_rev1_base_ad_rev3/lufa.o
 .text.EVENT_USB_Device_Connect
                0x00000000000053f0       0x1c .build/obj_redox_rev1_base_ad_rev3/lufa.o
                0x00000000000053f0                EVENT_USB_Device_Connect
 .text.EVENT_USB_Device_Disconnect
                0x000000000000540c        0x6 .build/obj_redox_rev1_base_ad_rev3/lufa.o
                0x000000000000540c                EVENT_USB_Device_Disconnect
 .text.EVENT_USB_Device_Reset
                0x0000000000005412        0x6 .build/obj_redox_rev1_base_ad_rev3/lufa.o
                0x0000000000005412                EVENT_USB_Device_Reset
 .text.EVENT_USB_Device_Suspend
                0x0000000000005418       0x12 .build/obj_redox_rev1_base_ad_rev3/lufa.o
                0x0000000000005418                EVENT_USB_Device_Suspend
 .text.EVENT_USB_Device_WakeUp
                0x000000000000542a       0x16 .build/obj_redox_rev1_base_ad_rev3/lufa.o
                0x000000000000542a                EVENT_USB_Device_WakeUp
 .text.EVENT_USB_Device_ConfigurationChanged
                0x0000000000005440       0x2a .build/obj_redox_rev1_base_ad_rev3/lufa.o
                0x0000000000005440                EVENT_USB_Device_ConfigurationChanged
 .text.EVENT_USB_Device_ControlRequest
                0x000000000000546a      0x17e .build/obj_redox_rev1_base_ad_rev3/lufa.o
                0x000000000000546a                EVENT_USB_Device_ControlRequest
 .text.protocol_setup
                0x00000000000055e8       0x34 .build/obj_redox_rev1_base_ad_rev3/lufa.o
                0x00000000000055e8                protocol_setup
 .text.protocol_pre_init
                0x000000000000561c       0x1a .build/obj_redox_rev1_base_ad_rev3/lufa.o
                0x000000000000561c                protocol_pre_init
 .text.protocol_post_init
                0x0000000000005636        0xa .build/obj_redox_rev1_base_ad_rev3/lufa.o
                0x0000000000005636                protocol_post_init
 .text.protocol_pre_task
                0x0000000000005640       0x34 .build/obj_redox_rev1_base_ad_rev3/lufa.o
                0x0000000000005640                protocol_pre_task
 .text.protocol_post_task
                0x0000000000005674        0x2 .build/obj_redox_rev1_base_ad_rev3/lufa.o
                0x0000000000005674                protocol_post_task
 .text.CALLBACK_USB_GetDescriptor
                0x0000000000005676       0x10 .build/obj_redox_rev1_base_ad_rev3/lufa.o
                0x0000000000005676                CALLBACK_USB_GetDescriptor
 .text.get_usb_descriptor
                0x0000000000005686       0xb2 .build/obj_redox_rev1_base_ad_rev3/usb_descriptor.o
                0x0000000000005686                get_usb_descriptor
 .text.USB_Device_SendRemoteWakeup
                0x0000000000005738       0x2c .build/obj_redox_rev1_base_ad_rev3/lib/lufa/LUFA/Drivers/USB/Core/AVR8/Device_AVR8.o
                0x0000000000005738                USB_Device_SendRemoteWakeup
 .text.Endpoint_Write_Stream_LE
                0x0000000000005764       0x8a .build/obj_redox_rev1_base_ad_rev3/lib/lufa/LUFA/Drivers/USB/Core/AVR8/EndpointStream_AVR8.o
                0x0000000000005764                Endpoint_Write_Stream_LE
 .text.Endpoint_Write_Control_Stream_LE
                0x00000000000057ee       0xbc .build/obj_redox_rev1_base_ad_rev3/lib/lufa/LUFA/Drivers/USB/Core/AVR8/EndpointStream_AVR8.o
                0x00000000000057ee                Endpoint_Write_Control_Stream_LE
 .text.Endpoint_Write_Control_PStream_LE
                0x00000000000058aa       0xc2 .build/obj_redox_rev1_base_ad_rev3/lib/lufa/LUFA/Drivers/USB/Core/AVR8/EndpointStream_AVR8.o
                0x00000000000058aa                Endpoint_Write_Control_PStream_LE
 .text.Endpoint_ConfigureEndpoint_Prv
                0x000000000000596c       0x6a .build/obj_redox_rev1_base_ad_rev3/lib/lufa/LUFA/Drivers/USB/Core/AVR8/Endpoint_AVR8.o
                0x000000000000596c                Endpoint_ConfigureEndpoint_Prv
 .text.Endpoint_ClearStatusStage
                0x00000000000059d6       0x3e .build/obj_redox_rev1_base_ad_rev3/lib/lufa/LUFA/Drivers/USB/Core/AVR8/Endpoint_AVR8.o
                0x00000000000059d6                Endpoint_ClearStatusStage
 .text.Endpoint_WaitUntilReady
                0x0000000000005a14       0x66 .build/obj_redox_rev1_base_ad_rev3/lib/lufa/LUFA/Drivers/USB/Core/AVR8/Endpoint_AVR8.o
                0x0000000000005a14                Endpoint_WaitUntilReady
 .text.USB_Disable
                0x0000000000005a7a       0x34 .build/obj_redox_rev1_base_ad_rev3/lib/lufa/LUFA/Drivers/USB/Core/AVR8/USBController_AVR8.o
                0x0000000000005a7a                USB_Disable
 .text.USB_ResetInterface
                0x0000000000005aae       0x86 .build/obj_redox_rev1_base_ad_rev3/lib/lufa/LUFA/Drivers/USB/Core/AVR8/USBController_AVR8.o
                0x0000000000005aae                USB_ResetInterface
 .text.USB_Init
                0x0000000000005b34       0x24 .build/obj_redox_rev1_base_ad_rev3/lib/lufa/LUFA/Drivers/USB/Core/AVR8/USBController_AVR8.o
                0x0000000000005b34                USB_Init
 .text.USB_INT_DisableAllInterrupts
                0x0000000000005b58       0x10 .build/obj_redox_rev1_base_ad_rev3/lib/lufa/LUFA/Drivers/USB/Core/AVR8/USBInterrupt_AVR8.o
                0x0000000000005b58                USB_INT_DisableAllInterrupts
 .text.USB_INT_ClearAllInterrupts
                0x0000000000005b68        0xa .build/obj_redox_rev1_base_ad_rev3/lib/lufa/LUFA/Drivers/USB/Core/AVR8/USBInterrupt_AVR8.o
                0x0000000000005b68                USB_INT_ClearAllInterrupts
 .text.__vector_10
                0x0000000000005b72      0x1a4 .build/obj_redox_rev1_base_ad_rev3/lib/lufa/LUFA/Drivers/USB/Core/AVR8/USBInterrupt_AVR8.o
                0x0000000000005b72                __vector_10
 .text.__vector_11
                0x0000000000005d16       0x88 .build/obj_redox_rev1_base_ad_rev3/lib/lufa/LUFA/Drivers/USB/Core/AVR8/USBInterrupt_AVR8.o
                0x0000000000005d16                __vector_11
 .text.USB_Device_ProcessControlRequest
                0x0000000000005d9e      0x2aa .build/obj_redox_rev1_base_ad_rev3/lib/lufa/LUFA/Drivers/USB/Core/DeviceStandardReq.o
                0x0000000000005d9e                USB_Device_ProcessControlRequest
 .text.USB_Event_Stub
                0x0000000000006048        0x2 .build/obj_redox_rev1_base_ad_rev3/lib/lufa/LUFA/Drivers/USB/Core/Events.o
                0x0000000000006048                USB_Event_Stub
                0x0000000000006048                EVENT_USB_Device_StartOfFrame
 .text.USB_USBTask
                0x000000000000604a       0x36 .build/obj_redox_rev1_base_ad_rev3/lib/lufa/LUFA/Drivers/USB/Core/USBTask.o
                0x000000000000604a                USB_USBTask
 .text.usb_disconnect
                0x0000000000006080        0xa .build/obj_redox_rev1_base_ad_rev3/protocol/lufa/usb_util.o
                0x0000000000006080                usb_disconnect
 .text.usb_vbus_state
                0x000000000000608a       0x1a .build/obj_redox_rev1_base_ad_rev3/protocol/lufa/usb_util.o
                0x000000000000608a                usb_vbus_state
 .text.libgcc.div
                0x00000000000060a4       0x28 /usr/lib/gcc/avr/5.4.0/avr5/libgcc.a(_udivmodhi4.o)
                0x00000000000060a4                __udivmodhi4
 .text.libgcc.div
                0x00000000000060cc       0x28 /usr/lib/gcc/avr/5.4.0/avr5/libgcc.a(_divmodhi4.o)
                0x00000000000060cc                __divmodhi4
                0x00000000000060cc                _div
 .text.libgcc   0x00000000000060f4        0xc /usr/lib/gcc/avr/5.4.0/avr5/libgcc.a(_tablejump2.o)
                0x00000000000060f4                __tablejump2__
 .text.libgcc.prologue
                0x0000000000006100       0x38 /usr/lib/gcc/avr/5.4.0/avr5/libgcc.a(_prologue.o)
                0x0000000000006100                __prologue_saves__
 .text.libgcc.prologue
                0x0000000000006138       0x36 /usr/lib/gcc/avr/5.4.0/avr5/libgcc.a(_epilogue.o)
                0x0000000000006138                __epilogue_restores__
 .text.libgcc.builtins
                0x000000000000616e       0x32 /usr/lib/gcc/avr/5.4.0/avr5/libgcc.a(_ashldi3.o)
                0x000000000000616e                __ashldi3
 .text.libgcc.builtins
                0x00000000000061a0       0x3c /usr/lib/gcc/avr/5.4.0/avr5/libgcc.a(_ashrdi3.o)
                0x00000000000061a0                __ashrdi3
                0x00000000000061a4                __lshrdi3
 .text.avr-libc
                0x00000000000061dc       0x1a /usr/lib/gcc/avr/5.4.0/../../../avr/lib/avr5/libc.a(memcmp.o)
                0x00000000000061dc                memcmp
 .text.avr-libc
                0x00000000000061f6       0x12 /usr/lib/gcc/avr/5.4.0/../../../avr/lib/avr5/libc.a(memcpy.o)
                0x00000000000061f6                memcpy
 .text.avr-libc
                0x0000000000006208       0x10 /usr/lib/gcc/avr/5.4.0/../../../avr/lib/avr5/libatmega32u4.a(eerd_byte.o)
                0x0000000000006208                eeprom_read_byte
 .text.avr-libc
                0x0000000000006218        0xc /usr/lib/gcc/avr/5.4.0/../../../avr/lib/avr5/libatmega32u4.a(eerd_dword.o)
                0x0000000000006218                eeprom_read_dword
                0x0000000000006218                eeprom_read_float
 .text.avr-libc
                0x0000000000006224        0xc /usr/lib/gcc/avr/5.4.0/../../../avr/lib/avr5/libatmega32u4.a(eerd_word.o)
                0x0000000000006224                eeprom_read_word
 .text.avr-libc
                0x0000000000006230       0x20 /usr/lib/gcc/avr/5.4.0/../../../avr/lib/avr5/libatmega32u4.a(eeupd_block.o)
                0x0000000000006230                eeprom_update_block
 .text.avr-libc
                0x0000000000006250       0x24 /usr/lib/gcc/avr/5.4.0/../../../avr/lib/avr5/libatmega32u4.a(eeupd_byte.o)
                0x0000000000006250                eeprom_update_byte
                0x0000000000006252                eeprom_update_r18
 .text.avr-libc
                0x0000000000006274       0x18 /usr/lib/gcc/avr/5.4.0/../../../avr/lib/avr5/libatmega32u4.a(eeupd_dword.o)
                0x0000000000006274                eeprom_update_dword
                0x0000000000006274                eeprom_update_float
 .text.avr-libc
                0x000000000000628c        0xc /usr/lib/gcc/avr/5.4.0/../../../avr/lib/avr5/libatmega32u4.a(eeupd_word.o)
                0x000000000000628c                eeprom_update_word
 .text.avr-libc
                0x0000000000006298       0x20 /usr/lib/gcc/avr/5.4.0/../../../avr/lib/avr5/libatmega32u4.a(eerd_block.o)