Archive member included to satisfy reference by file (symbol)

.build/obj_redox_rev1_base_ad/serial.a(serial.o)
                              .build/obj_redox_rev1_base_ad/quantum/split_common/transport.o (soft_serial_initiator_init)
/usr/lib/gcc/avr/7.3.0/avr5/libgcc.a(_udivmodqi4.o)
                              .build/obj_redox_rev1_base_ad/quantum/rgblight/rgblight.o (__udivmodqi4)
/usr/lib/gcc/avr/7.3.0/avr5/libgcc.a(_divmodqi4.o)
                              .build/obj_redox_rev1_base_ad/quantum/rgblight/rgblight.o (__divmodqi4)
/usr/lib/gcc/avr/7.3.0/avr5/libgcc.a(_udivmodhi4.o)
                              .build/obj_redox_rev1_base_ad/quantum/color.o (__udivmodhi4)
/usr/lib/gcc/avr/7.3.0/avr5/libgcc.a(_divmodhi4.o)
                              .build/obj_redox_rev1_base_ad/quantum/rgblight/rgblight.o (__divmodhi4)
/usr/lib/gcc/avr/7.3.0/avr5/libgcc.a(_udivmodsi4.o)
                              .build/obj_redox_rev1_base_ad/quantum/quantum.o (__udivmodsi4)
/usr/lib/gcc/avr/7.3.0/avr5/libgcc.a(_exit.o)
                              /usr/lib/gcc/avr/7.3.0/../../../avr/lib/avr5/crtatmega32u4.o (exit)
/usr/lib/gcc/avr/7.3.0/avr5/libgcc.a(_tablejump2.o)
                              .build/obj_redox_rev1_base_ad/quantum/action.o (__tablejump2__)
/usr/lib/gcc/avr/7.3.0/avr5/libgcc.a(_copy_data.o)
                              .build/obj_redox_rev1_base_ad/quantum/keymap_introspection.o (__do_copy_data)
/usr/lib/gcc/avr/7.3.0/avr5/libgcc.a(_clear_bss.o)
                              .build/obj_redox_rev1_base_ad/quantum/keymap_introspection.o (__do_clear_bss)
/usr/lib/gcc/avr/7.3.0/avr5/libgcc.a(_mulhisi3.o)
                              .build/obj_redox_rev1_base_ad/quantum/rgblight/rgblight.o (__mulhisi3)
/usr/lib/gcc/avr/7.3.0/avr5/libgcc.a(_umulhisi3.o)
                              .build/obj_redox_rev1_base_ad/quantum/rgblight/rgblight.o (__umulhisi3)
/usr/lib/gcc/avr/7.3.0/avr5/libgcc.a(_usmulhisi3.o)
                              /usr/lib/gcc/avr/7.3.0/avr5/libgcc.a(_mulhisi3.o) (__usmulhisi3_tail)
/usr/lib/gcc/avr/7.3.0/avr5/libgcc.a(_muluhisi3.o)
                              .build/obj_redox_rev1_base_ad/quantum/rgblight/rgblight.o (__muluhisi3)
/usr/lib/gcc/avr/7.3.0/avr5/libgcc.a(_mulshisi3.o)
                              .build/obj_redox_rev1_base_ad/quantum/rgblight/rgblight.o (__mulshisi3)
/usr/lib/gcc/avr/7.3.0/avr5/libgcc.a(_prologue.o)
                              .build/obj_redox_rev1_base_ad/quantum/quantum.o (__prologue_saves__)
/usr/lib/gcc/avr/7.3.0/avr5/libgcc.a(_epilogue.o)
                              .build/obj_redox_rev1_base_ad/quantum/quantum.o (__epilogue_restores__)
/usr/lib/gcc/avr/7.3.0/avr5/libgcc.a(_ashldi3.o)
                              .build/obj_redox_rev1_base_ad/quantum/rgblight/rgblight.o (__ashldi3)
/usr/lib/gcc/avr/7.3.0/avr5/libgcc.a(_ashrdi3.o)
                              .build/obj_redox_rev1_base_ad/quantum/rgblight/rgblight.o (__lshrdi3)
/usr/lib/gcc/avr/7.3.0/../../../avr/lib/avr5/libc.a(rand.o)
                              .build/obj_redox_rev1_base_ad/quantum/rgblight/rgblight.o (rand)
/usr/lib/gcc/avr/7.3.0/../../../avr/lib/avr5/libc.a(memchr.o)
                              .build/obj_redox_rev1_base_ad/quantum/rgblight/rgblight.o (memchr)
/usr/lib/gcc/avr/7.3.0/../../../avr/lib/avr5/libc.a(memcmp.o)
                              .build/obj_redox_rev1_base_ad/quantum/action_util.o (memcmp)
/usr/lib/gcc/avr/7.3.0/../../../avr/lib/avr5/libc.a(memcpy.o)
                              .build/obj_redox_rev1_base_ad/quantum/debounce/sym_defer_g.o (memcpy)
/usr/lib/gcc/avr/7.3.0/../../../avr/lib/avr5/libatmega32u4.a(eerd_byte.o)
                              .build/obj_redox_rev1_base_ad/quantum/eeconfig.o (eeprom_read_byte)
/usr/lib/gcc/avr/7.3.0/../../../avr/lib/avr5/libatmega32u4.a(eerd_dword.o)
                              .build/obj_redox_rev1_base_ad/quantum/eeconfig.o (eeprom_read_dword)
/usr/lib/gcc/avr/7.3.0/../../../avr/lib/avr5/libatmega32u4.a(eerd_word.o)
                              .build/obj_redox_rev1_base_ad/quantum/eeconfig.o (eeprom_read_word)
/usr/lib/gcc/avr/7.3.0/../../../avr/lib/avr5/libatmega32u4.a(eeupd_block.o)
                              .build/obj_redox_rev1_base_ad/quantum/eeconfig.o (eeprom_update_block)
/usr/lib/gcc/avr/7.3.0/../../../avr/lib/avr5/libatmega32u4.a(eeupd_byte.o)
                              .build/obj_redox_rev1_base_ad/quantum/eeconfig.o (eeprom_update_byte)
/usr/lib/gcc/avr/7.3.0/../../../avr/lib/avr5/libatmega32u4.a(eeupd_dword.o)
                              .build/obj_redox_rev1_base_ad/quantum/eeconfig.o (eeprom_update_dword)
/usr/lib/gcc/avr/7.3.0/../../../avr/lib/avr5/libatmega32u4.a(eeupd_word.o)
                              .build/obj_redox_rev1_base_ad/quantum/eeconfig.o (eeprom_update_word)
/usr/lib/gcc/avr/7.3.0/../../../avr/lib/avr5/libatmega32u4.a(eerd_block.o)
[...]
Memory Configuration

Name             Origin             Length             Attributes
text             0x0000000000000000 0x0000000000008000 xr
data             0x0000000000800100 0x0000000000000a00 rw !x
eeprom           0x0000000000810000 0x0000000000000400 rw !x
fuse             0x0000000000820000 0x0000000000000003 rw !x
lock             0x0000000000830000 0x0000000000000400 rw !x
signature        0x0000000000840000 0x0000000000000400 rw !x
user_signatures  0x0000000000850000 0x0000000000000400 rw !x
*default*        0x0000000000000000 0xffffffffffffffff

Linker script and memory map

Address of section .data set to 0x800100
LOAD /usr/lib/gcc/avr/7.3.0/../../../avr/lib/avr5/crtatmega32u4.o
LOAD .build/obj_redox_rev1_base_ad/.build/obj_redox_rev1_base_ad/src/default_keyboard.o
LOAD .build/obj_redox_rev1_base_ad/quantum/keymap_introspection.o
LOAD .build/obj_redox_rev1_base_ad/quantum/quantum.o
LOAD .build/obj_redox_rev1_base_ad/quantum/bitwise.o
LOAD .build/obj_redox_rev1_base_ad/quantum/led.o
LOAD .build/obj_redox_rev1_base_ad/quantum/action.o
LOAD .build/obj_redox_rev1_base_ad/quantum/action_layer.o
LOAD .build/obj_redox_rev1_base_ad/quantum/action_tapping.o
LOAD .build/obj_redox_rev1_base_ad/quantum/action_util.o
LOAD .build/obj_redox_rev1_base_ad/quantum/eeconfig.o
LOAD .build/obj_redox_rev1_base_ad/quantum/keyboard.o
LOAD .build/obj_redox_rev1_base_ad/quantum/keymap_common.o
LOAD .build/obj_redox_rev1_base_ad/quantum/keycode_config.o
LOAD .build/obj_redox_rev1_base_ad/quantum/sync_timer.o
LOAD .build/obj_redox_rev1_base_ad/quantum/logging/debug.o
LOAD .build/obj_redox_rev1_base_ad/quantum/logging/sendchar.o
LOAD .build/obj_redox_rev1_base_ad/quantum/matrix_common.o
LOAD .build/obj_redox_rev1_base_ad/quantum/matrix.o
LOAD .build/obj_redox_rev1_base_ad/quantum/debounce/sym_defer_g.o
LOAD .build/obj_redox_rev1_base_ad/quantum/split_common/split_util.o
LOAD .build/obj_redox_rev1_base_ad/quantum/split_common/transport.o
LOAD .build/obj_redox_rev1_base_ad/quantum/split_common/transactions.o
LOAD .build/obj_redox_rev1_base_ad/quantum/main.o
LOAD .build/obj_redox_rev1_base_ad/platforms/avr/xprintf.o
LOAD .build/obj_redox_rev1_base_ad/platforms/avr/printf.o
LOAD .build/obj_redox_rev1_base_ad/quantum/color.o
LOAD .build/obj_redox_rev1_base_ad/quantum/rgblight/rgblight.o
LOAD .build/obj_redox_rev1_base_ad/quantum/rgblight/rgblight_drivers.o
LOAD .build/obj_redox_rev1_base_ad/quantum/process_keycode/process_rgb.o
LOAD .build/obj_redox_rev1_base_ad/quantum/led_tables.o
LOAD .build/obj_redox_rev1_base_ad/quantum/process_keycode/process_unicode.o
LOAD .build/obj_redox_rev1_base_ad/quantum/process_keycode/process_unicode_common.o
LOAD .build/obj_redox_rev1_base_ad/quantum/unicode/unicode.o
LOAD .build/obj_redox_rev1_base_ad/quantum/unicode/utf8.o
LOAD .build/obj_redox_rev1_base_ad/ws2812_bitbang.o
LOAD .build/obj_redox_rev1_base_ad/quantum/bootmagic/bootmagic.o
LOAD .build/obj_redox_rev1_base_ad/quantum/command.o
LOAD .build/obj_redox_rev1_base_ad/quantum/crc.o
LOAD .build/obj_redox_rev1_base_ad/quantum/process_keycode/process_grave_esc.o
LOAD .build/obj_redox_rev1_base_ad/quantum/process_keycode/process_magic.o
LOAD .build/obj_redox_rev1_base_ad/quantum/mousekey.o
LOAD .build/obj_redox_rev1_base_ad/quantum/send_string/send_string.o
LOAD .build/obj_redox_rev1_base_ad/quantum/process_keycode/process_space_cadet.o
LOAD .build/obj_redox_rev1_base_ad/quantum/process_keycode/process_tap_dance.o
LOAD .build/obj_redox_rev1_base_ad/protocol/host.o
LOAD .build/obj_redox_rev1_base_ad/protocol/report.o
LOAD .build/obj_redox_rev1_base_ad/protocol/usb_device_state.o
LOAD .build/obj_redox_rev1_base_ad/protocol/usb_util.o
LOAD .build/obj_redox_rev1_base_ad/platforms/suspend.o
LOAD .build/obj_redox_rev1_base_ad/platforms/synchronization_util.o
LOAD .build/obj_redox_rev1_base_ad/platforms/timer.o
LOAD .build/obj_redox_rev1_base_ad/platforms/avr/hardware_id.o
LOAD .build/obj_redox_rev1_base_ad/platforms/avr/platform.o
LOAD .build/obj_redox_rev1_base_ad/platforms/avr/suspend.o
LOAD .build/obj_redox_rev1_base_ad/platforms/avr/timer.o
LOAD .build/obj_redox_rev1_base_ad/platforms/avr/bootloaders/caterina.o
LOAD .build/obj_redox_rev1_base_ad/i2c_master.a
LOAD .build/obj_redox_rev1_base_ad/i2c_slave.a
LOAD .build/obj_redox_rev1_base_ad/serial.a
LOAD .build/obj_redox_rev1_base_ad/lufa.o
LOAD .build/obj_redox_rev1_base_ad/usb_descriptor.o
LOAD .build/obj_redox_rev1_base_ad/lib/lufa/LUFA/Drivers/USB/Class/Common/HIDParser.o
LOAD .build/obj_redox_rev1_base_ad/lib/lufa/LUFA/Drivers/USB/Core/AVR8/Device_AVR8.o
LOAD .build/obj_redox_rev1_base_ad/lib/lufa/LUFA/Drivers/USB/Core/AVR8/EndpointStream_AVR8.o
LOAD .build/obj_redox_rev1_base_ad/lib/lufa/LUFA/Drivers/USB/Core/AVR8/Endpoint_AVR8.o
LOAD .build/obj_redox_rev1_base_ad/lib/lufa/LUFA/Drivers/USB/Core/AVR8/Host_AVR8.o
LOAD .build/obj_redox_rev1_base_ad/lib/lufa/LUFA/Drivers/USB/Core/AVR8/PipeStream_AVR8.o
LOAD .build/obj_redox_rev1_base_ad/lib/lufa/LUFA/Drivers/USB/Core/AVR8/Pipe_AVR8.o
LOAD .build/obj_redox_rev1_base_ad/lib/lufa/LUFA/Drivers/USB/Core/AVR8/USBController_AVR8.o
LOAD .build/obj_redox_rev1_base_ad/lib/lufa/LUFA/Drivers/USB/Core/AVR8/USBInterrupt_AVR8.o
LOAD .build/obj_redox_rev1_base_ad/lib/lufa/LUFA/Drivers/USB/Core/ConfigDescriptors.o
LOAD .build/obj_redox_rev1_base_ad/lib/lufa/LUFA/Drivers/USB/Core/DeviceStandardReq.o
LOAD .build/obj_redox_rev1_base_ad/lib/lufa/LUFA/Drivers/USB/Core/Events.o
LOAD .build/obj_redox_rev1_base_ad/lib/lufa/LUFA/Drivers/USB/Core/HostStandardReq.o
LOAD .build/obj_redox_rev1_base_ad/lib/lufa/LUFA/Drivers/USB/Core/USBTask.o
LOAD .build/obj_redox_rev1_base_ad/protocol/lufa/usb_util.o
LOAD /usr/lib/gcc/avr/7.3.0/../../../avr/lib/avr5/libm.a
START GROUP
LOAD /usr/lib/gcc/avr/7.3.0/avr5/libgcc.a
LOAD /usr/lib/gcc/avr/7.3.0/../../../avr/lib/avr5/libm.a
LOAD /usr/lib/gcc/avr/7.3.0/../../../avr/lib/avr5/libc.a
LOAD /usr/lib/gcc/avr/7.3.0/../../../avr/lib/avr5/libatmega32u4.a
END GROUP
                0x0000000000000000                __TEXT_REGION_ORIGIN__ = DEFINED (__TEXT_REGION_ORIGIN__)?__TEXT_REGION_ORIGIN__:0x0
                [0x0000000000800100]                __DATA_REGION_ORIGIN__ = DEFINED (__DATA_REGION_ORIGIN__)?__DATA_REGION_ORIGIN__:0x800060
                [0x0000000000008000]                __TEXT_REGION_LENGTH__ = DEFINED (__TEXT_REGION_LENGTH__)?__TEXT_REGION_LENGTH__:0x20000
                [0x0000000000000a00]                __DATA_REGION_LENGTH__ = DEFINED (__DATA_REGION_LENGTH__)?__DATA_REGION_LENGTH__:0xffa0
                [0x0000000000000400]                __EEPROM_REGION_LENGTH__ = DEFINED (__EEPROM_REGION_LENGTH__)?__EEPROM_REGION_LENGTH__:0x10000
                [0x0000000000000003]                __FUSE_REGION_LENGTH__ = DEFINED (__FUSE_REGION_LENGTH__)?__FUSE_REGION_LENGTH__:0x400
                0x0000000000000400                __LOCK_REGION_LENGTH__ = DEFINED (__LOCK_REGION_LENGTH__)?__LOCK_REGION_LENGTH__:0x400
                0x0000000000000400                __SIGNATURE_REGION_LENGTH__ = DEFINED (__SIGNATURE_REGION_LENGTH__)?__SIGNATURE_REGION_LENGTH__:0x400
                0x0000000000000400                __USER_SIGNATURE_REGION_LENGTH__ = DEFINED (__USER_SIGNATURE_REGION_LENGTH__)?__USER_SIGNATURE_REGION_LENGTH__:0x400

.hash
 *(.hash)

.dynsym
 *(.dynsym)

.dynstr
 *(.dynstr)

.gnu.version
 *(.gnu.version)

.gnu.version_d
 *(.gnu.version_d)

.gnu.version_r
 *(.gnu.version_r)

.rel.init
 *(.rel.init)

.rela.init
 *(.rela.init)

.rel.text
 *(.rel.text)
 *(.rel.text.*)
 *(.rel.gnu.linkonce.t*)

.rela.text
 *(.rela.text)
 *(.rela.text.*)
 *(.rela.gnu.linkonce.t*)

.rel.fini
 *(.rel.fini)

.rela.fini
 *(.rela.fini)

.rel.rodata
 *(.rel.rodata)
 *(.rel.rodata.*)
 *(.rel.gnu.linkonce.r*)

.rela.rodata
 *(.rela.rodata)
 *(.rela.rodata.*)
 *(.rela.gnu.linkonce.r*)

.rel.data
 *(.rel.data)
 *(.rel.data.*)
 *(.rel.gnu.linkonce.d*)

.rela.data
 *(.rela.data)
 *(.rela.data.*)
 *(.rela.gnu.linkonce.d*)

.rel.ctors
 *(.rel.ctors)

.rela.ctors
 *(.rela.ctors)

.rel.dtors
 *(.rel.dtors)

.rela.dtors
 *(.rela.dtors)

.rel.got
 *(.rel.got)

.rela.got
 *(.rela.got)

.rel.bss
 *(.rel.bss)

.rela.bss
 *(.rela.bss)

.rel.plt
 *(.rel.plt)

.rela.plt
 *(.rela.plt)

.text           0x0000000000000000     0x72d2
 *(.vectors)
 .vectors       0x0000000000000000       0xac /usr/lib/gcc/avr/7.3.0/../../../avr/lib/avr5/crtatmega32u4.o
                0x0000000000000000                __vectors
                0x0000000000000000                __vector_default
 *(.vectors)
 *(.progmem.gcc*)
                0x00000000000000ac                . = ALIGN (0x2)
                0x00000000000000ac                __trampolines_start = .
 *(.trampolines)
 .trampolines   0x00000000000000ac        0x0 linker stubs
 *(.trampolines*)
                0x00000000000000ac                __trampolines_end = .
 *libprintf_flt.a:*(.progmem.data)
 *libc.a:*(.progmem.data)
 *(.progmem*)
 .progmem.data.__c.5337
                0x00000000000000ac        0x7 .build/obj_redox_rev1_base_ad/quantum/keymap_introspection.o
 .progmem.data.__c.5334
                0x00000000000000b3        0xb .build/obj_redox_rev1_base_ad/quantum/keymap_introspection.o
 .progmem.data.__c.5331
                0x00000000000000be        0xe .build/obj_redox_rev1_base_ad/quantum/keymap_introspection.o
 .progmem.data.keymaps
                0x00000000000000cc      0x2bc .build/obj_redox_rev1_base_ad/quantum/keymap_introspection.o
                0x00000000000000cc                keymaps
 .progmem.data.RGBLED_TWINKLE_INTERVALS
                0x0000000000000388        0x3 .build/obj_redox_rev1_base_ad/quantum/rgblight/rgblight.o
                0x0000000000000388                RGBLED_TWINKLE_INTERVALS
 .progmem.data.RGBLED_RGBTEST_INTERVALS
                0x000000000000038b        0x2 .build/obj_redox_rev1_base_ad/quantum/rgblight/rgblight.o
                0x000000000000038b                RGBLED_RGBTEST_INTERVALS
 .progmem.data.RGBLED_KNIGHT_INTERVALS
                0x000000000000038d        0x3 .build/obj_redox_rev1_base_ad/quantum/rgblight/rgblight.o
                0x000000000000038d                RGBLED_KNIGHT_INTERVALS
 .progmem.data.RGBLED_SNAKE_INTERVALS
                0x0000000000000390        0x3 .build/obj_redox_rev1_base_ad/quantum/rgblight/rgblight.o
                0x0000000000000390                RGBLED_SNAKE_INTERVALS
 .progmem.data.RGBLED_RAINBOW_SWIRL_INTERVALS
                0x0000000000000393        0x3 .build/obj_redox_rev1_base_ad/quantum/rgblight/rgblight.o
                0x0000000000000393                RGBLED_RAINBOW_SWIRL_INTERVALS
 .progmem.data.RGBLED_RAINBOW_MOOD_INTERVALS
                0x0000000000000396        0x3 .build/obj_redox_rev1_base_ad/quantum/rgblight/rgblight.o
                0x0000000000000396                RGBLED_RAINBOW_MOOD_INTERVALS
 .progmem.data.RGBLED_BREATHING_INTERVALS
                0x0000000000000399        0x4 .build/obj_redox_rev1_base_ad/quantum/rgblight/rgblight.o
                0x0000000000000399                RGBLED_BREATHING_INTERVALS
 .progmem.data.rgblight_effect_breathe_table
                0x000000000000039d      0x100 .build/obj_redox_rev1_base_ad/quantum/rgblight/rgblight.o
                0x000000000000039d                rgblight_effect_breathe_table
 .progmem.data.RGBLED_GRADIENT_RANGES
                0x000000000000049d        0x5 .build/obj_redox_rev1_base_ad/quantum/rgblight/rgblight.o
                0x000000000000049d                RGBLED_GRADIENT_RANGES
 .progmem.data.CIE1931_CURVE
                0x00000000000004a2      0x100 .build/obj_redox_rev1_base_ad/quantum/led_tables.o
                0x00000000000004a2                CIE1931_CURVE
 .progmem.data.ascii_to_keycode_lut
                0x00000000000005a2       0x80 .build/obj_redox_rev1_base_ad/quantum/send_string/send_string.o
                0x00000000000005a2                ascii_to_keycode_lut
 .progmem.data.ascii_to_dead_lut
                0x0000000000000622       0x10 .build/obj_redox_rev1_base_ad/quantum/send_string/send_string.o
                0x0000000000000622                ascii_to_dead_lut
 .progmem.data.ascii_to_altgr_lut
                0x0000000000000632       0x10 .build/obj_redox_rev1_base_ad/quantum/send_string/send_string.o
                0x0000000000000632                ascii_to_altgr_lut
 .progmem.data.ascii_to_shift_lut
                0x0000000000000642       0x10 .build/obj_redox_rev1_base_ad/quantum/send_string/send_string.o
                0x0000000000000642                ascii_to_shift_lut
 .progmem.data.ProductString
                0x0000000000000652       0x22 .build/obj_redox_rev1_base_ad/usb_descriptor.o
                0x0000000000000652                ProductString
 .progmem.data.ManufacturerString
                0x0000000000000674       0x14 .build/obj_redox_rev1_base_ad/usb_descriptor.o
                0x0000000000000674                ManufacturerString
 .progmem.data.LanguageString
                0x0000000000000688        0x4 .build/obj_redox_rev1_base_ad/usb_descriptor.o
                0x0000000000000688                LanguageString
 .progmem.data.ConfigurationDescriptor
                0x000000000000068c       0x3b .build/obj_redox_rev1_base_ad/usb_descriptor.o
                0x000000000000068c                ConfigurationDescriptor
 .progmem.data.DeviceDescriptor
                0x00000000000006c7       0x12 .build/obj_redox_rev1_base_ad/usb_descriptor.o
                0x00000000000006c7                DeviceDescriptor
 .progmem.data.SharedReport
                0x00000000000006d9       0xb6 .build/obj_redox_rev1_base_ad/usb_descriptor.o
                0x00000000000006d9                SharedReport
 .progmem.data.KeyboardReport
                0x000000000000078f       0x44 .build/obj_redox_rev1_base_ad/usb_descriptor.o
                0x000000000000078f                KeyboardReport
                0x00000000000007d4                . = ALIGN (0x2)
 *fill*         0x00000000000007d3        0x1 
 *(.jumptables)
 *(.jumptables*)
 *(.lowtext)
 *(.lowtext*)
                0x00000000000007d4                __ctors_start = .
 *(.ctors)
                0x00000000000007d4                __ctors_end = .
                0x00000000000007d4                __dtors_start = .
 *(.dtors)
                0x00000000000007d4                __dtors_end = .
 SORT(*)(.ctors)
 SORT(*)(.dtors)
 *(.init0)
 .init0         0x00000000000007d4        0x0 /usr/lib/gcc/avr/7.3.0/../../../avr/lib/avr5/crtatmega32u4.o
                0x00000000000007d4                __init
 *(.init0)
 *(.init1)
 *(.init1)
 *(.init2)
 .init2         0x00000000000007d4        0xc /usr/lib/gcc/avr/7.3.0/../../../avr/lib/avr5/crtatmega32u4.o
 *(.init2)
 *(.init3)
 *(.init3)
 *(.init4)
 .init4         0x00000000000007e0       0x16 /usr/lib/gcc/avr/7.3.0/avr5/libgcc.a(_copy_data.o)
                0x00000000000007e0                __do_copy_data
 .init4         0x00000000000007f6       0x10 /usr/lib/gcc/avr/7.3.0/avr5/libgcc.a(_clear_bss.o)
                0x00000000000007f6                __do_clear_bss
 *(.init4)
 *(.init5)
 *(.init5)
 *(.init6)
 *(.init6)
 *(.init7)
 *(.init7)
 *(.init8)
 *(.init8)
 *(.init9)
 .init9         0x0000000000000806        0x8 /usr/lib/gcc/avr/7.3.0/../../../avr/lib/avr5/crtatmega32u4.o
 *(.init9)
 *(.text)
 .text          0x000000000000080e        0x4 /usr/lib/gcc/avr/7.3.0/../../../avr/lib/avr5/crtatmega32u4.o
                0x000000000000080e                __vector_38
                0x000000000000080e                __vector_22
                0x000000000000080e                __vector_28
                0x000000000000080e                __vector_32
                0x000000000000080e                __vector_34
                0x000000000000080e                __vector_24
                0x000000000000080e                __bad_interrupt
                0x000000000000080e                __vector_6
                0x000000000000080e                __vector_31
                0x000000000000080e                __vector_35
                0x000000000000080e                __vector_39
                0x000000000000080e                __vector_3
                0x000000000000080e                __vector_23
                0x000000000000080e                __vector_30
                0x000000000000080e                __vector_25
                0x000000000000080e                __vector_13
                0x000000000000080e                __vector_17
                0x000000000000080e                __vector_19
                0x000000000000080e                __vector_7
                0x000000000000080e                __vector_41
                0x000000000000080e                __vector_27
                0x000000000000080e                __vector_5
                0x000000000000080e                __vector_33
                0x000000000000080e                __vector_37
                0x000000000000080e                __vector_4
                0x000000000000080e                __vector_9
                0x000000000000080e                __vector_2
                0x000000000000080e                __vector_15
                0x000000000000080e                __vector_36
                0x000000000000080e                __vector_29
                0x000000000000080e                __vector_40
                0x000000000000080e                __vector_8
                0x000000000000080e                __vector_26
                0x000000000000080e                __vector_14
                0x000000000000080e                __vector_16
                0x000000000000080e                __vector_18
                0x000000000000080e                __vector_20
                0x000000000000080e                __vector_42
                0x0000000000000812                . = ALIGN (0x2)
 *(.text.*)
 .text.process_record_user
                0x0000000000000812      0x110 .build/obj_redox_rev1_base_ad/quantum/keymap_introspection.o
                0x0000000000000812                process_record_user
 .text.keycode_at_keymap_location_raw
                0x0000000000000922       0x38 .build/obj_redox_rev1_base_ad/quantum/keymap_introspection.o
                0x0000000000000922                keycode_at_keymap_location_raw
 .text.keycode_at_keymap_location
                0x000000000000095a        0x6 .build/obj_redox_rev1_base_ad/quantum/keymap_introspection.o
                0x000000000000095a                keycode_at_keymap_location
 .text.extract_mod_bits
                0x0000000000000960       0x62 .build/obj_redox_rev1_base_ad/quantum/quantum.o
                0x0000000000000960                extract_mod_bits
 .text.do_code16
                0x00000000000009c2       0x14 .build/obj_redox_rev1_base_ad/quantum/quantum.o
                0x00000000000009c2                do_code16
 .text.register_code16
                0x00000000000009d6       0x2c .build/obj_redox_rev1_base_ad/quantum/quantum.o
                0x00000000000009d6                register_code16
 .text.unregister_code16
                0x0000000000000a02       0x2c .build/obj_redox_rev1_base_ad/quantum/quantum.o
                0x0000000000000a02                unregister_code16
 .text.tap_code16_delay
                0x0000000000000a2e       0x34 .build/obj_redox_rev1_base_ad/quantum/quantum.o
                0x0000000000000a2e                tap_code16_delay
 .text.tap_code16
                0x0000000000000a62       0x14 .build/obj_redox_rev1_base_ad/quantum/quantum.o
                0x0000000000000a62                tap_code16
 .text.pre_process_record_user
                0x0000000000000a76        0x4 .build/obj_redox_rev1_base_ad/quantum/quantum.o
                0x0000000000000a76                pre_process_record_user
 .text.pre_process_record_kb
                0x0000000000000a7a        0x6 .build/obj_redox_rev1_base_ad/quantum/quantum.o
                0x0000000000000a7a                pre_process_record_kb
 .text.process_action_kb
                0x0000000000000a80        0x4 .build/obj_redox_rev1_base_ad/quantum/quantum.o
                0x0000000000000a80                process_action_kb
 .text.process_record_kb
                0x0000000000000a84        0x6 .build/obj_redox_rev1_base_ad/quantum/quantum.o
                0x0000000000000a84                process_record_kb
 .text.post_process_record_user
                0x0000000000000a8a        0x2 .build/obj_redox_rev1_base_ad/quantum/quantum.o
                0x0000000000000a8a                post_process_record_user
 .text.post_process_record_kb
                0x0000000000000a8c        0x6 .build/obj_redox_rev1_base_ad/quantum/quantum.o
                0x0000000000000a8c                post_process_record_kb
 .text.get_event_keycode
                0x0000000000000a92       0x5c .build/obj_redox_rev1_base_ad/quantum/quantum.o
                0x0000000000000a92                get_event_keycode
 .text.get_record_keycode
                0x0000000000000aee       0x16 .build/obj_redox_rev1_base_ad/quantum/quantum.o
                0x0000000000000aee                get_record_keycode
 .text.pre_process_record_quantum
                0x0000000000000b04       0x18 .build/obj_redox_rev1_base_ad/quantum/quantum.o
                0x0000000000000b04                pre_process_record_quantum
 .text.post_process_record_quantum
                0x0000000000000b1c       0x18 .build/obj_redox_rev1_base_ad/quantum/quantum.o
                0x0000000000000b1c                post_process_record_quantum
 .text.shutdown_user
                0x0000000000000b34        0x4 .build/obj_redox_rev1_base_ad/quantum/quantum.o
                0x0000000000000b34                shutdown_user
 .text.shutdown_kb
                0x0000000000000b38        0x6 .build/obj_redox_rev1_base_ad/quantum/quantum.o
                0x0000000000000b38                shutdown_kb
 .text.shutdown_quantum
                0x0000000000000b3e       0x24 .build/obj_redox_rev1_base_ad/quantum/quantum.o
                0x0000000000000b3e                shutdown_quantum
 .text.reset_keyboard
                0x0000000000000b62        0xc .build/obj_redox_rev1_base_ad/quantum/quantum.o
                0x0000000000000b62                reset_keyboard
 .text.soft_reset_keyboard
                0x0000000000000b6e        0xc .build/obj_redox_rev1_base_ad/quantum/quantum.o
                0x0000000000000b6e                soft_reset_keyboard
 .text.process_record_quantum
                0x0000000000000b7a       0xf0 .build/obj_redox_rev1_base_ad/quantum/quantum.o
                0x0000000000000b7a                process_record_quantum
 .text.suspend_power_down_quantum
                0x0000000000000c6a        0xa .build/obj_redox_rev1_base_ad/quantum/quantum.o
                0x0000000000000c6a                suspend_power_down_quantum
 .text.suspend_wakeup_init_quantum
                0x0000000000000c74        0xa .build/obj_redox_rev1_base_ad/quantum/quantum.o
                0x0000000000000c74                suspend_wakeup_init_quantum
 .text.led_set_user
                0x0000000000000c7e        0x2 .build/obj_redox_rev1_base_ad/quantum/led.o
                0x0000000000000c7e                led_set_user
 .text.led_update_user
                0x0000000000000c80        0x4 .build/obj_redox_rev1_base_ad/quantum/led.o
                0x0000000000000c80                led_update_user
 .text.led_update_ports
                0x0000000000000c84        0x2 .build/obj_redox_rev1_base_ad/quantum/led.o
                0x0000000000000c84                led_update_ports
 .text.led_update_kb
                0x0000000000000c86       0x1e .build/obj_redox_rev1_base_ad/quantum/led.o
                0x0000000000000c86                led_update_kb
 .text.led_init_ports
                0x0000000000000ca4        0x2 .build/obj_redox_rev1_base_ad/quantum/led.o
                0x0000000000000ca4                led_init_ports
 .text.led_set  0x0000000000000ca6       0x12 .build/obj_redox_rev1_base_ad/quantum/led.o
                0x0000000000000ca6                led_set
 .text.led_suspend
                0x0000000000000cb8        0x8 .build/obj_redox_rev1_base_ad/quantum/led.o
                0x0000000000000cb8                led_suspend
 .text.led_wakeup
                0x0000000000000cc0        0xa .build/obj_redox_rev1_base_ad/quantum/led.o
                0x0000000000000cc0                led_wakeup
 .text.led_task
                0x0000000000000cca       0x32 .build/obj_redox_rev1_base_ad/quantum/led.o
                0x0000000000000cca                led_task
 .text.action_exec
                0x0000000000000cfc       0x60 .build/obj_redox_rev1_base_ad/quantum/action.o
                0x0000000000000cfc                action_exec
 .text.process_record_tap_hint
                0x0000000000000d5c       0x12 .build/obj_redox_rev1_base_ad/quantum/action.o
                0x0000000000000d5c                process_record_tap_hint
 .text.register_mouse
                0x0000000000000d6e       0x14 .build/obj_redox_rev1_base_ad/quantum/action.o
                0x0000000000000d6e                register_mouse
 .text.register_code
                0x0000000000000d82      0x126 .build/obj_redox_rev1_base_ad/quantum/action.o
                0x0000000000000d82                register_code
 .text.unregister_code
                0x0000000000000ea8       0xb4 .build/obj_redox_rev1_base_ad/quantum/action.o
                0x0000000000000ea8                unregister_code
 .text.tap_code_delay
                0x0000000000000f5c       0x30 .build/obj_redox_rev1_base_ad/quantum/action.o
                0x0000000000000f5c                tap_code_delay
 .text.tap_code
                0x0000000000000f8c       0x12 .build/obj_redox_rev1_base_ad/quantum/action.o
                0x0000000000000f8c                tap_code
 .text.register_mods
                0x0000000000000f9e        0xe .build/obj_redox_rev1_base_ad/quantum/action.o
                0x0000000000000f9e                register_mods
 .text.unregister_mods
                0x0000000000000fac        0xe .build/obj_redox_rev1_base_ad/quantum/action.o
                0x0000000000000fac                unregister_mods
 .text.process_action
                0x0000000000000fba      0x41a .build/obj_redox_rev1_base_ad/quantum/action.o
                0x0000000000000fba                process_action
 .text.process_record_handler
                0x00000000000013d4       0x30 .build/obj_redox_rev1_base_ad/quantum/action.o
                0x00000000000013d4                process_record_handler
 .text.process_record
                0x0000000000001404       0x46 .build/obj_redox_rev1_base_ad/quantum/action.o
                0x0000000000001404                process_record
 .text.register_weak_mods
                0x000000000000144a        0xe .build/obj_redox_rev1_base_ad/quantum/action.o
                0x000000000000144a                register_weak_mods
 .text.unregister_weak_mods
                0x0000000000001458        0xe .build/obj_redox_rev1_base_ad/quantum/action.o
                0x0000000000001458                unregister_weak_mods
 .text.clear_keyboard_but_mods_and_keys
                0x0000000000001466       0x22 .build/obj_redox_rev1_base_ad/quantum/action.o
                0x0000000000001466                clear_keyboard_but_mods_and_keys
 .text.clear_keyboard_but_mods
                0x0000000000001488        0xa .build/obj_redox_rev1_base_ad/quantum/action.o
                0x0000000000001488                clear_keyboard_but_mods
 .text.clear_keyboard
                0x0000000000001492        0xa .build/obj_redox_rev1_base_ad/quantum/action.o
                0x0000000000001492                clear_keyboard
 .text.is_tap_action
                0x000000000000149c       0x34 .build/obj_redox_rev1_base_ad/quantum/action.o
                0x000000000000149c                is_tap_action
 .text.is_tap_record
                0x00000000000014d0       0x1a .build/obj_redox_rev1_base_ad/quantum/action.o
                0x00000000000014d0                is_tap_record
 .text.debug_event
                0x00000000000014ea       0x14 .build/obj_redox_rev1_base_ad/quantum/action.o
                0x00000000000014ea                debug_event
 .text.debug_record
                0x00000000000014fe       0x14 .build/obj_redox_rev1_base_ad/quantum/action.o
                0x00000000000014fe                debug_record
 .text.default_layer_state_set_user
                0x0000000000001512        0x2 .build/obj_redox_rev1_base_ad/quantum/action_layer.o
                0x0000000000001512                default_layer_state_set_user
 .text.default_layer_state_set_kb
                0x0000000000001514        0x6 .build/obj_redox_rev1_base_ad/quantum/action_layer.o
                0x0000000000001514                default_layer_state_set_kb
 .text.default_layer_state_set
                0x000000000000151a        0xe .build/obj_redox_rev1_base_ad/quantum/action_layer.o
 .text.default_layer_debug
                0x0000000000001528        0x2 .build/obj_redox_rev1_base_ad/quantum/action_layer.o
                0x0000000000001528                default_layer_debug
 .text.default_layer_set
                0x000000000000152a        0x6 .build/obj_redox_rev1_base_ad/quantum/action_layer.o
                0x000000000000152a                default_layer_set
 .text.default_layer_or
                0x0000000000001530       0x12 .build/obj_redox_rev1_base_ad/quantum/action_layer.o
                0x0000000000001530                default_layer_or
 .text.default_layer_and
                0x0000000000001542       0x12 .build/obj_redox_rev1_base_ad/quantum/action_layer.o
                0x0000000000001542                default_layer_and
 .text.default_layer_xor
                0x0000000000001554       0x12 .build/obj_redox_rev1_base_ad/quantum/action_layer.o
                0x0000000000001554                default_layer_xor
 .text.layer_state_set_user
                0x0000000000001566        0x6 .build/obj_redox_rev1_base_ad/quantum/action_layer.o
                0x0000000000001566                layer_state_set_user
 .text.layer_state_set_kb
                0x000000000000156c        0x6 .build/obj_redox_rev1_base_ad/quantum/action_layer.o
                0x000000000000156c                layer_state_set_kb
 .text.layer_state_set
                0x0000000000001572        0xe .build/obj_redox_rev1_base_ad/quantum/action_layer.o
                0x0000000000001572                layer_state_set
 .text.layer_clear
                0x0000000000001580        0xa .build/obj_redox_rev1_base_ad/quantum/action_layer.o
                0x0000000000001580                layer_clear
 .text.layer_move
                0x000000000000158a       0x18 .build/obj_redox_rev1_base_ad/quantum/action_layer.o
                0x000000000000158a                layer_move
 .text.layer_on
                0x00000000000015a2       0x20 .build/obj_redox_rev1_base_ad/quantum/action_layer.o
                0x00000000000015a2                layer_on
 .text.layer_off
                0x00000000000015c2       0x24 .build/obj_redox_rev1_base_ad/quantum/action_layer.o
                0x00000000000015c2                layer_off
 .text.layer_invert
                0x00000000000015e6       0x20 .build/obj_redox_rev1_base_ad/quantum/action_layer.o
                0x00000000000015e6                layer_invert
 .text.layer_or
                0x0000000000001606       0x12 .build/obj_redox_rev1_base_ad/quantum/action_layer.o
                0x0000000000001606                layer_or
 .text.layer_and
                0x0000000000001618       0x12 .build/obj_redox_rev1_base_ad/quantum/action_layer.o
                0x0000000000001618                layer_and
 .text.layer_xor
                0x000000000000162a       0x12 .build/obj_redox_rev1_base_ad/quantum/action_layer.o
                0x000000000000162a                layer_xor
 .text.layer_debug
                0x000000000000163c        0x2 .build/obj_redox_rev1_base_ad/quantum/action_layer.o
                0x000000000000163c                layer_debug
 .text.update_source_layers_cache_impl
                0x000000000000163e       0x5a .build/obj_redox_rev1_base_ad/quantum/action_layer.o
                0x000000000000163e                update_source_layers_cache_impl
 .text.read_source_layers_cache_impl
                0x0000000000001698       0x4e .build/obj_redox_rev1_base_ad/quantum/action_layer.o
                0x0000000000001698                read_source_layers_cache_impl
 .text.update_source_layers_cache
                0x00000000000016e6       0x24 .build/obj_redox_rev1_base_ad/quantum/action_layer.o
                0x00000000000016e6                update_source_layers_cache
 .text.read_source_layers_cache
                0x000000000000170a       0x24 .build/obj_redox_rev1_base_ad/quantum/action_layer.o
                0x000000000000170a                read_source_layers_cache
 .text.layer_switch_get_layer
                0x000000000000172e       0x64 .build/obj_redox_rev1_base_ad/quantum/action_layer.o
                0x000000000000172e                layer_switch_get_layer
 .text.layer_switch_get_action
                0x0000000000001792       0x16 .build/obj_redox_rev1_base_ad/quantum/action_layer.o
                0x0000000000001792                layer_switch_get_action
 .text.store_or_get_action
                0x00000000000017a8       0x46 .build/obj_redox_rev1_base_ad/quantum/action_layer.o
                0x00000000000017a8                store_or_get_action
 .text.debug_waiting_buffer
                0x00000000000017ee       0x44 .build/obj_redox_rev1_base_ad/quantum/action_tapping.o
 .text.debug_tapping_key
                0x0000000000001832       0x22 .build/obj_redox_rev1_base_ad/quantum/action_tapping.o
 .text.waiting_buffer_scan_tap
                0x0000000000001854       0xb6 .build/obj_redox_rev1_base_ad/quantum/action_tapping.o
 .text.waiting_buffer_typed.isra.2.constprop.3
                0x000000000000190a       0x3e .build/obj_redox_rev1_base_ad/quantum/action_tapping.o
 .text.process_tapping
                0x0000000000001948      0x312 .build/obj_redox_rev1_base_ad/quantum/action_tapping.o
 .text.action_tapping_process
                0x0000000000001c5a      0x10a .build/obj_redox_rev1_base_ad/quantum/action_tapping.o
                0x0000000000001c5a                action_tapping_process
 .text.get_oneshot_layer
                0x0000000000001d64        0xc .build/obj_redox_rev1_base_ad/quantum/action_util.o
                0x0000000000001d64                get_oneshot_layer
 .text.get_oneshot_layer_state
                0x0000000000001d70        0x8 .build/obj_redox_rev1_base_ad/quantum/action_util.o
                0x0000000000001d70                get_oneshot_layer_state
 .text.is_oneshot_layer_active
                0x0000000000001d78        0xe .build/obj_redox_rev1_base_ad/quantum/action_util.o
                0x0000000000001d78                is_oneshot_layer_active
 .text.get_mods
                0x0000000000001d86        0x6 .build/obj_redox_rev1_base_ad/quantum/action_util.o
                0x0000000000001d86                get_mods
 .text.add_mods
                0x0000000000001d8c        0xc .build/obj_redox_rev1_base_ad/quantum/action_util.o
                0x0000000000001d8c                add_mods
 .text.del_mods
                0x0000000000001d98       0x10 .build/obj_redox_rev1_base_ad/quantum/action_util.o
                0x0000000000001d98                del_mods
 .text.set_mods
                0x0000000000001da8        0x6 .build/obj_redox_rev1_base_ad/quantum/action_util.o
                0x0000000000001da8                set_mods
 .text.clear_mods
                0x0000000000001dae        0x6 .build/obj_redox_rev1_base_ad/quantum/action_util.o
                0x0000000000001dae                clear_mods
 .text.get_weak_mods
                0x0000000000001db4        0x6 .build/obj_redox_rev1_base_ad/quantum/action_util.o
                0x0000000000001db4                get_weak_mods
 .text.add_weak_mods
                0x0000000000001dba        0xc .build/obj_redox_rev1_base_ad/quantum/action_util.o
                0x0000000000001dba                add_weak_mods
 .text.del_weak_mods
                0x0000000000001dc6       0x10 .build/obj_redox_rev1_base_ad/quantum/action_util.o
                0x0000000000001dc6                del_weak_mods
 .text.clear_weak_mods
                0x0000000000001dd6        0x6 .build/obj_redox_rev1_base_ad/quantum/action_util.o
                0x0000000000001dd6                clear_weak_mods
 .text.get_oneshot_mods
                0x0000000000001ddc        0x6 .build/obj_redox_rev1_base_ad/quantum/action_util.o
                0x0000000000001ddc                get_oneshot_mods
 .text.oneshot_locked_mods_changed_user
                0x0000000000001de2        0x2 .build/obj_redox_rev1_base_ad/quantum/action_util.o
                0x0000000000001de2                oneshot_locked_mods_changed_user
 .text.oneshot_locked_mods_changed_kb
                0x0000000000001de4        0x6 .build/obj_redox_rev1_base_ad/quantum/action_util.o
                0x0000000000001de4                oneshot_locked_mods_changed_kb
 .text.del_oneshot_locked_mods
                0x0000000000001dea       0x18 .build/obj_redox_rev1_base_ad/quantum/action_util.o
                0x0000000000001dea                del_oneshot_locked_mods
 .text.oneshot_mods_changed_user
                0x0000000000001e02        0x2 .build/obj_redox_rev1_base_ad/quantum/action_util.o
                0x0000000000001e02                oneshot_mods_changed_user
 .text.oneshot_mods_changed_kb
                0x0000000000001e04        0x6 .build/obj_redox_rev1_base_ad/quantum/action_util.o
                0x0000000000001e04                oneshot_mods_changed_kb
 .text.add_oneshot_mods
                0x0000000000001e0a       0x18 .build/obj_redox_rev1_base_ad/quantum/action_util.o
                0x0000000000001e0a                add_oneshot_mods
 .text.del_oneshot_mods
                0x0000000000001e22       0x18 .build/obj_redox_rev1_base_ad/quantum/action_util.o
                0x0000000000001e22                del_oneshot_mods
 .text.clear_oneshot_mods
                0x0000000000001e3a       0x14 .build/obj_redox_rev1_base_ad/quantum/action_util.o
                0x0000000000001e3a                clear_oneshot_mods
 .text.get_mods_for_report
                0x0000000000001e4e       0x26 .build/obj_redox_rev1_base_ad/quantum/action_util.o
 .text.send_6kro_report
                0x0000000000001e74       0x48 .build/obj_redox_rev1_base_ad/quantum/action_util.o
                0x0000000000001e74                send_6kro_report
 .text.send_nkro_report
                0x0000000000001ebc       0x48 .build/obj_redox_rev1_base_ad/quantum/action_util.o
                0x0000000000001ebc                send_nkro_report
 .text.send_keyboard_report
                0x0000000000001f04       0x1c .build/obj_redox_rev1_base_ad/quantum/action_util.o
                0x0000000000001f04                send_keyboard_report
 .text.oneshot_layer_changed_user
                0x0000000000001f20        0x2 .build/obj_redox_rev1_base_ad/quantum/action_util.o
                0x0000000000001f20                oneshot_layer_changed_user
 .text.oneshot_layer_changed_kb
                0x0000000000001f22        0x6 .build/obj_redox_rev1_base_ad/quantum/action_util.o
                0x0000000000001f22                oneshot_layer_changed_kb
 .text.set_oneshot_layer
                0x0000000000001f28       0x30 .build/obj_redox_rev1_base_ad/quantum/action_util.o
                0x0000000000001f28                set_oneshot_layer
 .text.reset_oneshot_layer
                0x0000000000001f58        0xc .build/obj_redox_rev1_base_ad/quantum/action_util.o
                0x0000000000001f58                reset_oneshot_layer
 .text.clear_oneshot_layer_state
                0x0000000000001f64       0x2e .build/obj_redox_rev1_base_ad/quantum/action_util.o
                0x0000000000001f64                clear_oneshot_layer_state
 .text.oneshot_set
                0x0000000000001f92       0x2a .build/obj_redox_rev1_base_ad/quantum/action_util.o
                0x0000000000001f92                oneshot_set
 .text.oneshot_toggle
                0x0000000000001fbc       0x14 .build/obj_redox_rev1_base_ad/quantum/action_util.o
                0x0000000000001fbc                oneshot_toggle
 .text.oneshot_enable
                0x0000000000001fd0        0x8 .build/obj_redox_rev1_base_ad/quantum/action_util.o
                0x0000000000001fd0                oneshot_enable
 .text.oneshot_disable
                0x0000000000001fd8        0x8 .build/obj_redox_rev1_base_ad/quantum/action_util.o
                0x0000000000001fd8                oneshot_disable
 .text.eeconfig_disable
                0x0000000000001fe0        0xe .build/obj_redox_rev1_base_ad/quantum/eeconfig.o
                0x0000000000001fe0                eeconfig_disable
 .text.eeconfig_is_enabled
                0x0000000000001fee       0x16 .build/obj_redox_rev1_base_ad/quantum/eeconfig.o
                0x0000000000001fee                eeconfig_is_enabled
 .text.eeconfig_read_debug
                0x0000000000002004        0xa .build/obj_redox_rev1_base_ad/quantum/eeconfig.o
                0x0000000000002004                eeconfig_read_debug
 .text.eeconfig_read_default_layer
                0x000000000000200e        0xa .build/obj_redox_rev1_base_ad/quantum/eeconfig.o
                0x000000000000200e                eeconfig_read_default_layer
 .text.eeconfig_read_keymap
                0x0000000000002018        0xa .build/obj_redox_rev1_base_ad/quantum/eeconfig.o
                0x0000000000002018                eeconfig_read_keymap
 .text.eeconfig_update_keymap
                0x0000000000002022        0xc .build/obj_redox_rev1_base_ad/quantum/eeconfig.o
                0x0000000000002022                eeconfig_update_keymap
 .text.eeconfig_update_kb
                0x000000000000202e        0xe .build/obj_redox_rev1_base_ad/quantum/eeconfig.o
                0x000000000000202e                eeconfig_update_kb
 .text.eeconfig_update_user
                0x000000000000203c        0xe .build/obj_redox_rev1_base_ad/quantum/eeconfig.o
                0x000000000000203c                eeconfig_update_user
 .text.eeconfig_init_user
                0x000000000000204a        0xc .build/obj_redox_rev1_base_ad/quantum/eeconfig.o
                0x000000000000204a                eeconfig_init_user
 .text.eeconfig_init_kb
                0x0000000000002056       0x10 .build/obj_redox_rev1_base_ad/quantum/eeconfig.o
                0x0000000000002056                eeconfig_init_kb
 .text.eeconfig_init_quantum
                0x0000000000002066       0xbe .build/obj_redox_rev1_base_ad/quantum/eeconfig.o
                0x0000000000002066                eeconfig_init_quantum
 .text.eeconfig_init
                0x0000000000002124        0x6 .build/obj_redox_rev1_base_ad/quantum/eeconfig.o
                0x0000000000002124                eeconfig_init
 .text.eeconfig_update_handedness
                0x000000000000212a        0xc .build/obj_redox_rev1_base_ad/quantum/eeconfig.o
                0x000000000000212a                eeconfig_update_handedness
 .text.generate_tick_event
                0x0000000000002136       0x48 .build/obj_redox_rev1_base_ad/quantum/keyboard.o
 .text.last_matrix_activity_trigger
                0x000000000000217e       0x26 .build/obj_redox_rev1_base_ad/quantum/keyboard.o
                0x000000000000217e                last_matrix_activity_trigger
 .text.keyboard_pre_init_user
                0x00000000000021a4        0x2 .build/obj_redox_rev1_base_ad/quantum/keyboard.o
                0x00000000000021a4                keyboard_pre_init_user
 .text.matrix_setup
                0x00000000000021a6        0x2 .build/obj_redox_rev1_base_ad/quantum/keyboard.o
                0x00000000000021a6                matrix_setup
 .text.keyboard_pre_init_kb
                0x00000000000021a8        0x6 .build/obj_redox_rev1_base_ad/quantum/keyboard.o
                0x00000000000021a8                keyboard_pre_init_kb
 .text.keyboard_post_init_user
                0x00000000000021ae        0x2 .build/obj_redox_rev1_base_ad/quantum/keyboard.o
                0x00000000000021ae                keyboard_post_init_user
 .text.keyboard_post_init_kb
                0x00000000000021b0        0x6 .build/obj_redox_rev1_base_ad/quantum/keyboard.o
                0x00000000000021b0                keyboard_post_init_kb
 .text.matrix_can_read
                0x00000000000021b6        0x4 .build/obj_redox_rev1_base_ad/quantum/keyboard.o
                0x00000000000021b6                matrix_can_read
 .text.keyboard_setup
                0x00000000000021ba       0x12 .build/obj_redox_rev1_base_ad/quantum/keyboard.o
                0x00000000000021ba                keyboard_setup
 .text.should_process_keypress
                0x00000000000021cc        0x6 .build/obj_redox_rev1_base_ad/quantum/keyboard.o
                0x00000000000021cc                should_process_keypress
 .text.housekeeping_task_kb
                0x00000000000021d2        0x2 .build/obj_redox_rev1_base_ad/quantum/keyboard.o
                0x00000000000021d2                housekeeping_task_kb
 .text.housekeeping_task_user
                0x00000000000021d4        0x2 .build/obj_redox_rev1_base_ad/quantum/keyboard.o
                0x00000000000021d4                housekeeping_task_user
 .text.housekeeping_task
                0x00000000000021d6        0xa .build/obj_redox_rev1_base_ad/quantum/keyboard.o
                0x00000000000021d6                housekeeping_task
 .text.quantum_init
                0x00000000000021e0       0x3c .build/obj_redox_rev1_base_ad/quantum/keyboard.o
                0x00000000000021e0                quantum_init
 .text.keyboard_init
                0x000000000000221c       0x2e .build/obj_redox_rev1_base_ad/quantum/keyboard.o
                0x000000000000221c                keyboard_init
 .text.quantum_task
                0x000000000000224a        0xc .build/obj_redox_rev1_base_ad/quantum/keyboard.o
                0x000000000000224a                quantum_task
 .text.keyboard_task
                0x0000000000002256       0xde .build/obj_redox_rev1_base_ad/quantum/keyboard.o
                0x0000000000002256                keyboard_task
 .text.action_for_keycode
                0x0000000000002334      0x22c .build/obj_redox_rev1_base_ad/quantum/keymap_common.o
                0x0000000000002334                action_for_keycode
 .text.keymap_key_to_keycode
                0x0000000000002560       0x18 .build/obj_redox_rev1_base_ad/quantum/keymap_common.o
                0x0000000000002560                keymap_key_to_keycode
 .text.action_for_key
                0x0000000000002578        0xa .build/obj_redox_rev1_base_ad/quantum/keymap_common.o
                0x0000000000002578                action_for_key
 .text.keycode_config
                0x0000000000002582      0x148 .build/obj_redox_rev1_base_ad/quantum/keycode_config.o
                0x0000000000002582                keycode_config
 .text.mod_config
                0x00000000000026ca       0x9e .build/obj_redox_rev1_base_ad/quantum/keycode_config.o
                0x00000000000026ca                mod_config
 .text.sync_timer_init
                0x0000000000002768       0x12 .build/obj_redox_rev1_base_ad/quantum/sync_timer.o
                0x0000000000002768                sync_timer_init
 .text.sync_timer_update
                0x000000000000277a       0x3a .build/obj_redox_rev1_base_ad/quantum/sync_timer.o
                0x000000000000277a                sync_timer_update
 .text.sync_timer_read32
                0x00000000000027b4       0x34 .build/obj_redox_rev1_base_ad/quantum/sync_timer.o
                0x00000000000027b4                sync_timer_read32
 .text.sync_timer_read
                0x00000000000027e8       0x16 .build/obj_redox_rev1_base_ad/quantum/sync_timer.o
                0x00000000000027e8                sync_timer_read
 .text.sendchar
                0x00000000000027fe        0x4 .build/obj_redox_rev1_base_ad/quantum/logging/sendchar.o
                0x00000000000027fe                sendchar
 .text.matrix_init_user
                0x0000000000002802        0x2 .build/obj_redox_rev1_base_ad/quantum/matrix_common.o
                0x0000000000002802                matrix_init_user
 .text.matrix_init_kb
                0x0000000000002804        0x6 .build/obj_redox_rev1_base_ad/quantum/matrix_common.o
                0x0000000000002804                matrix_init_kb
 .text.matrix_scan_user
                0x000000000000280a        0x2 .build/obj_redox_rev1_base_ad/quantum/matrix_common.o
                0x000000000000280a                matrix_scan_user
 .text.matrix_scan_kb
                0x000000000000280c        0x6 .build/obj_redox_rev1_base_ad/quantum/matrix_common.o
                0x000000000000280c                matrix_scan_kb
 .text.matrix_get_row
                0x0000000000002812        0xc .build/obj_redox_rev1_base_ad/quantum/matrix_common.o
                0x0000000000002812                matrix_get_row
 .text.matrix_print
                0x000000000000281e        0x2 .build/obj_redox_rev1_base_ad/quantum/matrix_common.o
                0x000000000000281e                matrix_print
 .text.matrix_io_delay
                0x0000000000002820        0x8 .build/obj_redox_rev1_base_ad/quantum/matrix_common.o
                0x0000000000002820                matrix_io_delay
 .text.matrix_output_select_delay
                0x0000000000002828        0x4 .build/obj_redox_rev1_base_ad/quantum/matrix_common.o
                0x0000000000002828                matrix_output_select_delay
 .text.matrix_output_unselect_delay
                0x000000000000282c        0x6 .build/obj_redox_rev1_base_ad/quantum/matrix_common.o
                0x000000000000282c                matrix_output_unselect_delay
 .text.matrix_slave_scan_user
                0x0000000000002832        0x2 .build/obj_redox_rev1_base_ad/quantum/matrix_common.o
                0x0000000000002832                matrix_slave_scan_user
 .text.matrix_slave_scan_kb
                0x0000000000002834        0x6 .build/obj_redox_rev1_base_ad/quantum/matrix_common.o
                0x0000000000002834                matrix_slave_scan_kb
 .text.matrix_post_scan
                0x000000000000283a       0xb6 .build/obj_redox_rev1_base_ad/quantum/matrix_common.o
                0x000000000000283a                matrix_post_scan
 .text.setPinInputHigh_atomic
                0x00000000000028f0       0x2e .build/obj_redox_rev1_base_ad/quantum/matrix.o
 .text.matrix_init_pins
                0x000000000000291e       0x40 .build/obj_redox_rev1_base_ad/quantum/matrix.o
                0x000000000000291e                matrix_init_pins
 .text.matrix_read_cols_on_row
                0x000000000000295e       0xba .build/obj_redox_rev1_base_ad/quantum/matrix.o
                0x000000000000295e                matrix_read_cols_on_row
 .text.matrix_init
                0x0000000000002a18       0x46 .build/obj_redox_rev1_base_ad/quantum/matrix.o
                0x0000000000002a18                matrix_init
 .text.matrix_scan
                0x0000000000002a5e       0x7c .build/obj_redox_rev1_base_ad/quantum/matrix.o
                0x0000000000002a5e                matrix_scan
 .text.debounce_init
                0x0000000000002ada        0x2 .build/obj_redox_rev1_base_ad/quantum/debounce/sym_defer_g.o
                0x0000000000002ada                debounce_init
 .text.debounce
                0x0000000000002adc       0x72 .build/obj_redox_rev1_base_ad/quantum/debounce/sym_defer_g.o
                0x0000000000002adc                debounce
 .text.is_keyboard_master_impl
                0x0000000000002b4e       0x16 .build/obj_redox_rev1_base_ad/quantum/split_common/split_util.o
                0x0000000000002b4e                is_keyboard_master_impl
 .text.is_keyboard_left
                0x0000000000002b64        0x6 .build/obj_redox_rev1_base_ad/quantum/split_common/split_util.o
                0x0000000000002b64                is_keyboard_left
 .text.is_keyboard_master
                0x0000000000002b6a        0x6 .build/obj_redox_rev1_base_ad/quantum/split_common/split_util.o
                0x0000000000002b6a                is_keyboard_master
 .text.is_keyboard_left_impl
                0x0000000000002b70        0x6 .build/obj_redox_rev1_base_ad/quantum/split_common/split_util.o
                0x0000000000002b70                is_keyboard_left_impl
 .text.split_pre_init
                0x0000000000002b76       0x24 .build/obj_redox_rev1_base_ad/quantum/split_common/split_util.o
                0x0000000000002b76                split_pre_init
 .text.split_post_init
                0x0000000000002b9a        0xe .build/obj_redox_rev1_base_ad/quantum/split_common/split_util.o
                0x0000000000002b9a                split_post_init
 .text.is_transport_connected
                0x0000000000002ba8        0xe .build/obj_redox_rev1_base_ad/quantum/split_common/split_util.o
                0x0000000000002ba8                is_transport_connected
 .text.transport_master_if_connected
                0x0000000000002bb6       0x70 .build/obj_redox_rev1_base_ad/quantum/split_common/split_util.o
                0x0000000000002bb6                transport_master_if_connected
 .text.transport_master_init
                0x0000000000002c26        0x6 .build/obj_redox_rev1_base_ad/quantum/split_common/transport.o
                0x0000000000002c26                transport_master_init
 .text.transport_slave_init
                0x0000000000002c2c        0x6 .build/obj_redox_rev1_base_ad/quantum/split_common/transport.o
                0x0000000000002c2c                transport_slave_init
 .text.transport_execute_transaction
                0x0000000000002c32       0x90 .build/obj_redox_rev1_base_ad/quantum/split_common/transport.o
                0x0000000000002c32                transport_execute_transaction
 .text.transport_master
                0x0000000000002cc2        0x6 .build/obj_redox_rev1_base_ad/quantum/split_common/transport.o
                0x0000000000002cc2                transport_master
 .text.transport_slave
                0x0000000000002cc8        0x6 .build/obj_redox_rev1_base_ad/quantum/split_common/transport.o
                0x0000000000002cc8                transport_slave
 .text.sync_timer_handlers_master
                0x0000000000002cce       0x7c .build/obj_redox_rev1_base_ad/quantum/split_common/transactions.o
 .text.transaction_handler_master.isra.1
                0x0000000000002d4a       0x66 .build/obj_redox_rev1_base_ad/quantum/split_common/transactions.o
 .text.rgblight_handlers_master
                0x0000000000002db0       0x76 .build/obj_redox_rev1_base_ad/quantum/split_common/transactions.o
 .text.slave_matrix_handlers_master
                0x0000000000002e26       0xf6 .build/obj_redox_rev1_base_ad/quantum/split_common/transactions.o
 .text.transactions_master
                0x0000000000002f1c       0x42 .build/obj_redox_rev1_base_ad/quantum/split_common/transactions.o
                0x0000000000002f1c                transactions_master
 .text.transactions_slave
                0x0000000000002f5e       0x96 .build/obj_redox_rev1_base_ad/quantum/split_common/transactions.o
                0x0000000000002f5e                transactions_slave
 .text.protocol_keyboard_task
                0x0000000000002ff4        0x6 .build/obj_redox_rev1_base_ad/quantum/main.o
                0x0000000000002ff4                protocol_keyboard_task
 .text.startup.main
                0x0000000000002ffa       0x2a .build/obj_redox_rev1_base_ad/quantum/main.o
                0x0000000000002ffa                main
 .text.print_set_sendchar
                0x0000000000003024        0xa .build/obj_redox_rev1_base_ad/platforms/avr/printf.o
                0x0000000000003024                print_set_sendchar
 .text.hsv_to_rgb_impl
                0x000000000000302e      0x126 .build/obj_redox_rev1_base_ad/quantum/color.o
                0x000000000000302e                hsv_to_rgb_impl
 .text.hsv_to_rgb
                0x0000000000003154        0x8 .build/obj_redox_rev1_base_ad/quantum/color.o
                0x0000000000003154                hsv_to_rgb
 .text.rgblight_effect_dummy
                0x000000000000315c        0x2 .build/obj_redox_rev1_base_ad/quantum/rgblight/rgblight.o
 .text.rgblight_hsv_to_rgb
                0x000000000000315e        0x6 .build/obj_redox_rev1_base_ad/quantum/rgblight/rgblight.o
                0x000000000000315e                rgblight_hsv_to_rgb
 .text.sethsv_raw
                0x0000000000003164       0x1c .build/obj_redox_rev1_base_ad/quantum/rgblight/rgblight.o
                0x0000000000003164                sethsv_raw
 .text.rgblight_check_config
                0x0000000000003180       0x1e .build/obj_redox_rev1_base_ad/quantum/rgblight/rgblight.o
                0x0000000000003180                rgblight_check_config
 .text.eeconfig_read_rgblight
                0x000000000000319e       0x64 .build/obj_redox_rev1_base_ad/quantum/rgblight/rgblight.o
                0x000000000000319e                eeconfig_read_rgblight
 .text.eeconfig_update_rgblight
                0x0000000000003202       0x4c .build/obj_redox_rev1_base_ad/quantum/rgblight/rgblight.o
                0x0000000000003202                eeconfig_update_rgblight
 .text.eeconfig_update_rgblight_default
                0x000000000000324e       0x36 .build/obj_redox_rev1_base_ad/quantum/rgblight/rgblight.o
                0x000000000000324e                eeconfig_update_rgblight_default
 .text.rgblight_get_mode
                0x0000000000003284       0x12 .build/obj_redox_rev1_base_ad/quantum/rgblight/rgblight.o
                0x0000000000003284                rgblight_get_mode
 .text.rgblight_increase_speed_helper
                0x0000000000003296       0x38 .build/obj_redox_rev1_base_ad/quantum/rgblight/rgblight.o
                0x0000000000003296                rgblight_increase_speed_helper
 .text.rgblight_increase_speed
                0x00000000000032ce        0x8 .build/obj_redox_rev1_base_ad/quantum/rgblight/rgblight.o
                0x00000000000032ce                rgblight_increase_speed
 .text.rgblight_decrease_speed_helper
                0x00000000000032d6       0x38 .build/obj_redox_rev1_base_ad/quantum/rgblight/rgblight.o
                0x00000000000032d6                rgblight_decrease_speed_helper
 .text.rgblight_decrease_speed
                0x000000000000330e        0x8 .build/obj_redox_rev1_base_ad/quantum/rgblight/rgblight.o
                0x000000000000330e                rgblight_decrease_speed
 .text.rgblight_set
                0x0000000000003316       0x4e .build/obj_redox_rev1_base_ad/quantum/rgblight/rgblight.o
                0x0000000000003316                rgblight_set
 .text.rgblight_setrgb
                0x0000000000003364       0x32 .build/obj_redox_rev1_base_ad/quantum/rgblight/rgblight.o
                0x0000000000003364                rgblight_setrgb
 .text.rgblight_sethsv_noeeprom_old
                0x0000000000003396       0x30 .build/obj_redox_rev1_base_ad/quantum/rgblight/rgblight.o
                0x0000000000003396                rgblight_sethsv_noeeprom_old
 .text.rgblight_effect_breathing
                0x00000000000033c6       0x28 .build/obj_redox_rev1_base_ad/quantum/rgblight/rgblight.o
                0x00000000000033c6                rgblight_effect_breathing
 .text.rgblight_effect_rainbow_mood
                0x00000000000033ee       0x20 .build/obj_redox_rev1_base_ad/quantum/rgblight/rgblight.o
                0x00000000000033ee                rgblight_effect_rainbow_mood
 .text.rgblight_effect_rgbtest
                0x000000000000340e       0x72 .build/obj_redox_rev1_base_ad/quantum/rgblight/rgblight.o
                0x000000000000340e                rgblight_effect_rgbtest
 .text.rgblight_sethsv_eeprom_helper
                0x0000000000003480      0x120 .build/obj_redox_rev1_base_ad/quantum/rgblight/rgblight.o
                0x0000000000003480                rgblight_sethsv_eeprom_helper
 .text.rgblight_increase_hue_helper
                0x00000000000035a0       0x16 .build/obj_redox_rev1_base_ad/quantum/rgblight/rgblight.o
                0x00000000000035a0                rgblight_increase_hue_helper
 .text.rgblight_increase_hue
                0x00000000000035b6        0x8 .build/obj_redox_rev1_base_ad/quantum/rgblight/rgblight.o
                0x00000000000035b6                rgblight_increase_hue
 .text.rgblight_decrease_hue_helper
                0x00000000000035be       0x16 .build/obj_redox_rev1_base_ad/quantum/rgblight/rgblight.o
                0x00000000000035be                rgblight_decrease_hue_helper
 .text.rgblight_decrease_hue
                0x00000000000035d4        0x8 .build/obj_redox_rev1_base_ad/quantum/rgblight/rgblight.o
                0x00000000000035d4                rgblight_decrease_hue
 .text.rgblight_increase_sat_helper
                0x00000000000035dc       0x1a .build/obj_redox_rev1_base_ad/quantum/rgblight/rgblight.o
                0x00000000000035dc                rgblight_increase_sat_helper
 .text.rgblight_increase_sat
                0x00000000000035f6        0x8 .build/obj_redox_rev1_base_ad/quantum/rgblight/rgblight.o
                0x00000000000035f6                rgblight_increase_sat
 .text.rgblight_decrease_sat_helper
                0x00000000000035fe       0x1a .build/obj_redox_rev1_base_ad/quantum/rgblight/rgblight.o
                0x00000000000035fe                rgblight_decrease_sat_helper
 .text.rgblight_decrease_sat
                0x0000000000003618        0x8 .build/obj_redox_rev1_base_ad/quantum/rgblight/rgblight.o
                0x0000000000003618                rgblight_decrease_sat
 .text.rgblight_increase_val_helper
                0x0000000000003620       0x1a .build/obj_redox_rev1_base_ad/quantum/rgblight/rgblight.o
                0x0000000000003620                rgblight_increase_val_helper
 .text.rgblight_increase_val
                0x000000000000363a        0x8 .build/obj_redox_rev1_base_ad/quantum/rgblight/rgblight.o
                0x000000000000363a                rgblight_increase_val
 .text.rgblight_decrease_val_helper
                0x0000000000003642       0x1a .build/obj_redox_rev1_base_ad/quantum/rgblight/rgblight.o
                0x0000000000003642                rgblight_decrease_val_helper
 .text.rgblight_decrease_val
                0x000000000000365c        0x8 .build/obj_redox_rev1_base_ad/quantum/rgblight/rgblight.o
                0x000000000000365c                rgblight_decrease_val
 .text.rgblight_sethsv_noeeprom
                0x0000000000003664        0x8 .build/obj_redox_rev1_base_ad/quantum/rgblight/rgblight.o
                0x0000000000003664                rgblight_sethsv_noeeprom
 .text.rgblight_effect_rainbow_swirl
                0x000000000000366c       0x7a .build/obj_redox_rev1_base_ad/quantum/rgblight/rgblight.o
                0x000000000000366c                rgblight_effect_rainbow_swirl
 .text.rgblight_effect_snake
                0x00000000000036e6      0x11a .build/obj_redox_rev1_base_ad/quantum/rgblight/rgblight.o
                0x00000000000036e6                rgblight_effect_snake
 .text.rgblight_effect_knight
                0x0000000000003800      0x10a .build/obj_redox_rev1_base_ad/quantum/rgblight/rgblight.o
                0x0000000000003800                rgblight_effect_knight
 .text.rgblight_effect_christmas
                0x000000000000390a      0x114 .build/obj_redox_rev1_base_ad/quantum/rgblight/rgblight.o
                0x000000000000390a                rgblight_effect_christmas
 .text.rgblight_effect_alternating
                0x0000000000003a1e       0x7a .build/obj_redox_rev1_base_ad/quantum/rgblight/rgblight.o
                0x0000000000003a1e                rgblight_effect_alternating
 .text.rgblight_effect_twinkle
                0x0000000000003a98      0x194 .build/obj_redox_rev1_base_ad/quantum/rgblight/rgblight.o
                0x0000000000003a98                rgblight_effect_twinkle
 .text.rgblight_clear_change_flags
                0x0000000000003c2c        0x6 .build/obj_redox_rev1_base_ad/quantum/rgblight/rgblight.o
                0x0000000000003c2c                rgblight_clear_change_flags
 .text.rgblight_get_syncinfo
                0x0000000000003c32       0x26 .build/obj_redox_rev1_base_ad/quantum/rgblight/rgblight.o
                0x0000000000003c32                rgblight_get_syncinfo
 .text.rgblight_timer_init
                0x0000000000003c58        0xe .build/obj_redox_rev1_base_ad/quantum/rgblight/rgblight.o
                0x0000000000003c58                rgblight_timer_init
 .text.rgblight_disable_noeeprom
                0x0000000000003c66       0x1e .build/obj_redox_rev1_base_ad/quantum/rgblight/rgblight.o
                0x0000000000003c66                rgblight_disable_noeeprom
 .text.rgblight_disable
                0x0000000000003c84       0x30 .build/obj_redox_rev1_base_ad/quantum/rgblight/rgblight.o
                0x0000000000003c84                rgblight_disable
 .text.rgblight_timer_enable
                0x0000000000003cb4       0x38 .build/obj_redox_rev1_base_ad/quantum/rgblight/rgblight.o
                0x0000000000003cb4                rgblight_timer_enable
 .text.rgblight_mode_eeprom_helper
                0x0000000000003cec       0x92 .build/obj_redox_rev1_base_ad/quantum/rgblight/rgblight.o
                0x0000000000003cec                rgblight_mode_eeprom_helper
 .text.rgblight_step_helper
                0x0000000000003d7e       0x1a .build/obj_redox_rev1_base_ad/quantum/rgblight/rgblight.o
                0x0000000000003d7e                rgblight_step_helper
 .text.rgblight_step
                0x0000000000003d98        0x8 .build/obj_redox_rev1_base_ad/quantum/rgblight/rgblight.o
                0x0000000000003d98                rgblight_step
 .text.rgblight_step_reverse_helper
                0x0000000000003da0       0x18 .build/obj_redox_rev1_base_ad/quantum/rgblight/rgblight.o
                0x0000000000003da0                rgblight_step_reverse_helper
 .text.rgblight_step_reverse
                0x0000000000003db8        0x8 .build/obj_redox_rev1_base_ad/quantum/rgblight/rgblight.o
                0x0000000000003db8                rgblight_step_reverse
 .text.rgblight_mode
                0x0000000000003dc0        0x8 .build/obj_redox_rev1_base_ad/quantum/rgblight/rgblight.o
                0x0000000000003dc0                rgblight_mode
 .text.rgblight_enable
                0x0000000000003dc8       0x14 .build/obj_redox_rev1_base_ad/quantum/rgblight/rgblight.o
                0x0000000000003dc8                rgblight_enable
 .text.rgblight_toggle
                0x0000000000003ddc       0x14 .build/obj_redox_rev1_base_ad/quantum/rgblight/rgblight.o
                0x0000000000003ddc                rgblight_toggle
 .text.rgblight_mode_noeeprom
                0x0000000000003df0        0x8 .build/obj_redox_rev1_base_ad/quantum/rgblight/rgblight.o
                0x0000000000003df0                rgblight_mode_noeeprom
 .text.rgblight_init
                0x0000000000003df8       0x8c .build/obj_redox_rev1_base_ad/quantum/rgblight/rgblight.o
                0x0000000000003df8                rgblight_init
 .text.rgblight_update_sync
                0x0000000000003e84       0x6c .build/obj_redox_rev1_base_ad/quantum/rgblight/rgblight.o
                0x0000000000003e84                rgblight_update_sync
 .text.rgblight_timer_task
                0x0000000000003ef0      0x19c .build/obj_redox_rev1_base_ad/quantum/rgblight/rgblight.o
                0x0000000000003ef0                rgblight_timer_task
 .text.preprocess_rgblight
                0x000000000000408c        0x2 .build/obj_redox_rev1_base_ad/quantum/rgblight/rgblight.o
                0x000000000000408c                preprocess_rgblight
 .text.rgblight_task
                0x000000000000408e        0x6 .build/obj_redox_rev1_base_ad/quantum/rgblight/rgblight.o
                0x000000000000408e                rgblight_task
 .text.handleKeycodeRGB
                0x0000000000004094        0xc .build/obj_redox_rev1_base_ad/quantum/process_keycode/process_rgb.o
 .text.handleKeycodeRGBMode
                0x00000000000040a0       0x2a .build/obj_redox_rev1_base_ad/quantum/process_keycode/process_rgb.o
 .text.process_rgb
                0x00000000000040ca      0x10e .build/obj_redox_rev1_base_ad/quantum/process_keycode/process_rgb.o
                0x00000000000040ca                process_rgb
 .text.process_unicode
                0x00000000000041d8       0x1c .build/obj_redox_rev1_base_ad/quantum/process_keycode/process_unicode.o
                0x00000000000041d8                process_unicode
 .text.process_unicode_common
                0x00000000000041f4       0x7e .build/obj_redox_rev1_base_ad/quantum/process_keycode/process_unicode_common.o
                0x00000000000041f4                process_unicode_common
 .text.send_nibble_wrapper
                0x0000000000004272       0x2a .build/obj_redox_rev1_base_ad/quantum/unicode/unicode.o
 .text.unicode_input_mode_set_user
                0x000000000000429c        0x2 .build/obj_redox_rev1_base_ad/quantum/unicode/unicode.o
                0x000000000000429c                unicode_input_mode_set_user
 .text.unicode_input_mode_set_kb
                0x000000000000429e        0x6 .build/obj_redox_rev1_base_ad/quantum/unicode/unicode.o
                0x000000000000429e                unicode_input_mode_set_kb
 .text.cycle_unicode_input_mode
                0x00000000000042a4       0x4c .build/obj_redox_rev1_base_ad/quantum/unicode/unicode.o
 .text.unicode_input_mode_init
                0x00000000000042f0       0x38 .build/obj_redox_rev1_base_ad/quantum/unicode/unicode.o
                0x00000000000042f0                unicode_input_mode_init
 .text.set_unicode_input_mode
                0x0000000000004328       0x1c .build/obj_redox_rev1_base_ad/quantum/unicode/unicode.o
                0x0000000000004328                set_unicode_input_mode
 .text.unicode_input_mode_step
                0x0000000000004344        0x8 .build/obj_redox_rev1_base_ad/quantum/unicode/unicode.o
                0x0000000000004344                unicode_input_mode_step
 .text.unicode_input_mode_step_reverse
                0x000000000000434c        0x8 .build/obj_redox_rev1_base_ad/quantum/unicode/unicode.o
                0x000000000000434c                unicode_input_mode_step_reverse
 .text.unicode_input_start
                0x0000000000004354       0xac .build/obj_redox_rev1_base_ad/quantum/unicode/unicode.o
                0x0000000000004354                unicode_input_start
 .text.unicode_input_finish
                0x0000000000004400       0x62 .build/obj_redox_rev1_base_ad/quantum/unicode/unicode.o
                0x0000000000004400                unicode_input_finish
 .text.register_hex32
                0x0000000000004462       0x8c .build/obj_redox_rev1_base_ad/quantum/unicode/unicode.o
                0x0000000000004462                register_hex32
 .text.register_unicode
                0x00000000000044ee       0x90 .build/obj_redox_rev1_base_ad/quantum/unicode/unicode.o
                0x00000000000044ee                register_unicode
 .text.send_unicode_string
                0x000000000000457e       0x4a .build/obj_redox_rev1_base_ad/quantum/unicode/unicode.o
                0x000000000000457e                send_unicode_string
 .text.decode_utf8
                0x00000000000045c8      0x198 .build/obj_redox_rev1_base_ad/quantum/unicode/utf8.o
                0x00000000000045c8                decode_utf8
 .text.ws2812_init
                0x0000000000004760        0x4 .build/obj_redox_rev1_base_ad/ws2812_bitbang.o
                0x0000000000004760                ws2812_init
 .text.ws2812_setleds
                0x0000000000004764       0x54 .build/obj_redox_rev1_base_ad/ws2812_bitbang.o
                0x0000000000004764                ws2812_setleds
 .text.bootmagic_reset_eeprom
                0x00000000000047b8        0x6 .build/obj_redox_rev1_base_ad/quantum/bootmagic/bootmagic.o
                0x00000000000047b8                bootmagic_reset_eeprom
 .text.bootmagic_should_reset
                0x00000000000047be        0xa .build/obj_redox_rev1_base_ad/quantum/bootmagic/bootmagic.o
                0x00000000000047be                bootmagic_should_reset
 .text.bootmagic_scan
                0x00000000000047c8       0x2c .build/obj_redox_rev1_base_ad/quantum/bootmagic/bootmagic.o
                0x00000000000047c8                bootmagic_scan
 .text.bootmagic
                0x00000000000047f4        0x6 .build/obj_redox_rev1_base_ad/quantum/bootmagic/bootmagic.o
                0x00000000000047f4                bootmagic
 .text.command_common
                0x00000000000047fa      0x15c .build/obj_redox_rev1_base_ad/quantum/command.o
 .text.command_extra
                0x0000000000004956        0x4 .build/obj_redox_rev1_base_ad/quantum/command.o
                0x0000000000004956                command_extra
 .text.command_console_extra
                0x000000000000495a        0x6 .build/obj_redox_rev1_base_ad/quantum/command.o
                0x000000000000495a                command_console_extra
 .text.command_proc
                0x0000000000004960      0x17c .build/obj_redox_rev1_base_ad/quantum/command.o
                0x0000000000004960                command_proc
 .text.crc_init
                0x0000000000004adc        0x2 .build/obj_redox_rev1_base_ad/quantum/crc.o
                0x0000000000004adc                crc_init
 .text.crc8     0x0000000000004ade       0x2e .build/obj_redox_rev1_base_ad/quantum/crc.o
                0x0000000000004ade                crc8
 .text.process_grave_esc
                0x0000000000004b0c       0x54 .build/obj_redox_rev1_base_ad/quantum/process_keycode/process_grave_esc.o
                0x0000000000004b0c                process_grave_esc
 .text.process_magic
                0x0000000000004b60      0x1fe .build/obj_redox_rev1_base_ad/quantum/process_keycode/process_magic.o
                0x0000000000004b60                process_magic
 .text.times_inv_sqrt2
                0x0000000000004d5e       0x1c .build/obj_redox_rev1_base_ad/quantum/mousekey.o
 .text.move_unit
                0x0000000000004d7a       0x80 .build/obj_redox_rev1_base_ad/quantum/mousekey.o
 .text.wheel_unit
                0x0000000000004dfa       0x72 .build/obj_redox_rev1_base_ad/quantum/mousekey.o
 .text.mousekey_on
                0x0000000000004e6c       0xe0 .build/obj_redox_rev1_base_ad/quantum/mousekey.o
                0x0000000000004e6c                mousekey_on
 .text.mousekey_off
                0x0000000000004f4c       0xf8 .build/obj_redox_rev1_base_ad/quantum/mousekey.o
                0x0000000000004f4c                mousekey_off
 .text.mousekey_send
                0x0000000000005044       0x3e .build/obj_redox_rev1_base_ad/quantum/mousekey.o
                0x0000000000005044                mousekey_send
 .text.mousekey_clear
                0x0000000000005082       0x1c .build/obj_redox_rev1_base_ad/quantum/mousekey.o
                0x0000000000005082                mousekey_clear
 .text.should_mousekey_report_send
                0x000000000000509e       0x28 .build/obj_redox_rev1_base_ad/quantum/mousekey.o
                0x000000000000509e                should_mousekey_report_send
 .text.mousekey_task
                0x00000000000050c6      0x1e4 .build/obj_redox_rev1_base_ad/quantum/mousekey.o
                0x00000000000050c6                mousekey_task
 .text.send_char_with_delay
                0x00000000000052aa      0x148 .build/obj_redox_rev1_base_ad/quantum/send_string/send_string.o
                0x00000000000052aa                send_char_with_delay
 .text.send_char
                0x00000000000053f2        0x8 .build/obj_redox_rev1_base_ad/quantum/send_string/send_string.o
                0x00000000000053f2                send_char
 .text.send_nibble
                0x00000000000053fa       0x16 .build/obj_redox_rev1_base_ad/quantum/send_string/send_string.o
                0x00000000000053fa                send_nibble
 .text.send_string_with_delay_P
                0x0000000000005410       0xc2 .build/obj_redox_rev1_base_ad/quantum/send_string/send_string.o
                0x0000000000005410                send_string_with_delay_P
 .text.perform_space_cadet
                0x00000000000054d2       0xd0 .build/obj_redox_rev1_base_ad/quantum/process_keycode/process_space_cadet.o
                0x00000000000054d2                perform_space_cadet
 .text.process_space_cadet
                0x00000000000055a2       0x96 .build/obj_redox_rev1_base_ad/quantum/process_keycode/process_space_cadet.o
                0x00000000000055a2                process_space_cadet
 .text._process_tap_dance_action_fn
                0x0000000000005638        0xc .build/obj_redox_rev1_base_ad/quantum/process_keycode/process_tap_dance.o
 .text.process_tap_dance_action_on_reset
                0x0000000000005644       0x32 .build/obj_redox_rev1_base_ad/quantum/process_keycode/process_tap_dance.o
 .text.process_tap_dance_action_on_dance_finished
                0x0000000000005676       0x48 .build/obj_redox_rev1_base_ad/quantum/process_keycode/process_tap_dance.o
 .text.tap_dance_pair_on_each_tap
                0x00000000000056be       0x24 .build/obj_redox_rev1_base_ad/quantum/process_keycode/process_tap_dance.o
                0x00000000000056be                tap_dance_pair_on_each_tap
 .text.tap_dance_pair_finished
                0x00000000000056e2        0xc .build/obj_redox_rev1_base_ad/quantum/process_keycode/process_tap_dance.o
                0x00000000000056e2                tap_dance_pair_finished
 .text.tap_dance_pair_reset
                0x00000000000056ee       0x20 .build/obj_redox_rev1_base_ad/quantum/process_keycode/process_tap_dance.o
                0x00000000000056ee                tap_dance_pair_reset
 .text.preprocess_tap_dance
                0x000000000000570e       0x56 .build/obj_redox_rev1_base_ad/quantum/process_keycode/process_tap_dance.o
                0x000000000000570e                preprocess_tap_dance
 .text.process_tap_dance
                0x0000000000005764       0xca .build/obj_redox_rev1_base_ad/quantum/process_keycode/process_tap_dance.o
                0x0000000000005764                process_tap_dance
 .text.tap_dance_task
                0x000000000000582e       0x48 .build/obj_redox_rev1_base_ad/quantum/process_keycode/process_tap_dance.o
                0x000000000000582e                tap_dance_task
 .text.host_set_driver
                0x0000000000005876        0xa .build/obj_redox_rev1_base_ad/protocol/host.o
                0x0000000000005876                host_set_driver
 .text.host_keyboard_leds
                0x0000000000005880       0x28 .build/obj_redox_rev1_base_ad/protocol/host.o
                0x0000000000005880                host_keyboard_leds
 .text.host_keyboard_led_state
                0x00000000000058a8        0x6 .build/obj_redox_rev1_base_ad/protocol/host.o
                0x00000000000058a8                host_keyboard_led_state
 .text.host_keyboard_send
                0x00000000000058ae       0x16 .build/obj_redox_rev1_base_ad/protocol/host.o
                0x00000000000058ae                host_keyboard_send
 .text.host_nkro_send
                0x00000000000058c4       0x1c .build/obj_redox_rev1_base_ad/protocol/host.o
                0x00000000000058c4                host_nkro_send
 .text.host_mouse_send
                0x00000000000058e0       0x1c .build/obj_redox_rev1_base_ad/protocol/host.o
                0x00000000000058e0                host_mouse_send
 .text.host_system_send
                0x00000000000058fc       0x4a .build/obj_redox_rev1_base_ad/protocol/host.o
                0x00000000000058fc                host_system_send
 .text.host_consumer_send
                0x0000000000005946       0x4a .build/obj_redox_rev1_base_ad/protocol/host.o
                0x0000000000005946                host_consumer_send
 .text.has_anykey
                0x0000000000005990       0x3c .build/obj_redox_rev1_base_ad/protocol/report.o
                0x0000000000005990                has_anykey
 .text.is_key_pressed
                0x00000000000059cc       0x72 .build/obj_redox_rev1_base_ad/protocol/report.o
                0x00000000000059cc                is_key_pressed
 .text.add_key_byte
                0x0000000000005a3e       0x34 .build/obj_redox_rev1_base_ad/protocol/report.o
                0x0000000000005a3e                add_key_byte
 .text.del_key_byte
                0x0000000000005a72       0x1a .build/obj_redox_rev1_base_ad/protocol/report.o
                0x0000000000005a72                del_key_byte
 .text.add_key_bit
                0x0000000000005a8c       0x28 .build/obj_redox_rev1_base_ad/protocol/report.o
                0x0000000000005a8c                add_key_bit
 .text.del_key_bit
                0x0000000000005ab4       0x2a .build/obj_redox_rev1_base_ad/protocol/report.o
                0x0000000000005ab4                del_key_bit
 .text.add_key_to_report
                0x0000000000005ade       0x2e .build/obj_redox_rev1_base_ad/protocol/report.o
                0x0000000000005ade                add_key_to_report
 .text.del_key_from_report
                0x0000000000005b0c       0x2e .build/obj_redox_rev1_base_ad/protocol/report.o
                0x0000000000005b0c                del_key_from_report
 .text.clear_keys_from_report
                0x0000000000005b3a       0x34 .build/obj_redox_rev1_base_ad/protocol/report.o
                0x0000000000005b3a                clear_keys_from_report
 .text.has_mouse_report_changed
                0x0000000000005b6e       0x5a .build/obj_redox_rev1_base_ad/protocol/report.o
                0x0000000000005b6e                has_mouse_report_changed
 .text.notify_usb_device_state_change_user
                0x0000000000005bc8        0x2 .build/obj_redox_rev1_base_ad/protocol/usb_device_state.o
                0x0000000000005bc8                notify_usb_device_state_change_user
 .text.notify_usb_device_state_change_kb
                0x0000000000005bca        0x6 .build/obj_redox_rev1_base_ad/protocol/usb_device_state.o
                0x0000000000005bca                notify_usb_device_state_change_kb
 .text.usb_device_state_set_configuration
                0x0000000000005bd0       0x14 .build/obj_redox_rev1_base_ad/protocol/usb_device_state.o
                0x0000000000005bd0                usb_device_state_set_configuration
 .text.usb_device_state_set_suspend
                0x0000000000005be4        0xc .build/obj_redox_rev1_base_ad/protocol/usb_device_state.o
                0x0000000000005be4                usb_device_state_set_suspend
 .text.usb_device_state_set_resume
                0x0000000000005bf0        0x6 .build/obj_redox_rev1_base_ad/protocol/usb_device_state.o
                0x0000000000005bf0                usb_device_state_set_resume
 .text.usb_device_state_set_reset
                0x0000000000005bf6        0xc .build/obj_redox_rev1_base_ad/protocol/usb_device_state.o
                0x0000000000005bf6                usb_device_state_set_reset
 .text.usb_device_state_init
                0x0000000000005c02        0x6 .build/obj_redox_rev1_base_ad/protocol/usb_device_state.o
                0x0000000000005c02                usb_device_state_init
 .text.suspend_wakeup_init_user
                0x0000000000005c08        0x2 .build/obj_redox_rev1_base_ad/platforms/suspend.o
                0x0000000000005c08                suspend_wakeup_init_user
 .text.suspend_power_down_user
                0x0000000000005c0a        0x2 .build/obj_redox_rev1_base_ad/platforms/suspend.o
                0x0000000000005c0a                suspend_power_down_user
 .text.suspend_power_down_kb
                0x0000000000005c0c        0x6 .build/obj_redox_rev1_base_ad/platforms/suspend.o
                0x0000000000005c0c                suspend_power_down_kb
 .text.matrix_power_up
                0x0000000000005c12        0x2 .build/obj_redox_rev1_base_ad/platforms/suspend.o
                0x0000000000005c12                matrix_power_up
 .text.matrix_power_down
                0x0000000000005c14        0x2 .build/obj_redox_rev1_base_ad/platforms/suspend.o
                0x0000000000005c14                matrix_power_down
 .text.suspend_wakeup_init_kb
                0x0000000000005c16        0x6 .build/obj_redox_rev1_base_ad/platforms/suspend.o
                0x0000000000005c16                suspend_wakeup_init_kb
 .text.suspend_wakeup_condition
                0x0000000000005c1c       0x28 .build/obj_redox_rev1_base_ad/platforms/suspend.o
                0x0000000000005c1c                suspend_wakeup_condition
 .text.platform_setup
                0x0000000000005c44        0xe .build/obj_redox_rev1_base_ad/platforms/avr/platform.o
                0x0000000000005c44                platform_setup
 .text.__vector_12
                0x0000000000005c52       0x52 .build/obj_redox_rev1_base_ad/platforms/avr/suspend.o
                0x0000000000005c52                __vector_12
 .text.suspend_power_down
                0x0000000000005ca4       0x56 .build/obj_redox_rev1_base_ad/platforms/avr/suspend.o
                0x0000000000005ca4                suspend_power_down
 .text.suspend_wakeup_init
                0x0000000000005cfa        0xa .build/obj_redox_rev1_base_ad/platforms/avr/suspend.o
                0x0000000000005cfa                suspend_wakeup_init
 .text.timer_init
                0x0000000000005d04       0x12 .build/obj_redox_rev1_base_ad/platforms/avr/timer.o
                0x0000000000005d04                timer_init
 .text.timer_read
                0x0000000000005d16       0x18 .build/obj_redox_rev1_base_ad/platforms/avr/timer.o
                0x0000000000005d16                timer_read
 .text.timer_read32
                0x0000000000005d2e       0x18 .build/obj_redox_rev1_base_ad/platforms/avr/timer.o
                0x0000000000005d2e                timer_read32
 .text.timer_elapsed
                0x0000000000005d46       0x1e .build/obj_redox_rev1_base_ad/platforms/avr/timer.o
                0x0000000000005d46                timer_elapsed
 .text.timer_elapsed32
                0x0000000000005d64       0x38 .build/obj_redox_rev1_base_ad/platforms/avr/timer.o
                0x0000000000005d64                timer_elapsed32
 .text.__vector_21
                0x0000000000005d9c       0x4c .build/obj_redox_rev1_base_ad/platforms/avr/timer.o
                0x0000000000005d9c                __vector_21
 .text.bootloader_jump
                0x0000000000005de8       0x22 .build/obj_redox_rev1_base_ad/platforms/avr/bootloaders/caterina.o
                0x0000000000005de8                bootloader_jump
 .text.mcu_reset
                0x0000000000005e0a       0x16 .build/obj_redox_rev1_base_ad/platforms/avr/bootloaders/caterina.o
                0x0000000000005e0a                mcu_reset
 .text.sync_recv
                0x0000000000005e20       0x10 .build/obj_redox_rev1_base_ad/serial.a(serial.o)
 .text.sync_send
                0x0000000000005e30        0xc .build/obj_redox_rev1_base_ad/serial.a(serial.o)
 .text.serial_read_chunk.constprop.0
                0x0000000000005e3c       0x54 .build/obj_redox_rev1_base_ad/serial.a(serial.o)
 .text.serial_recive_packet
                0x0000000000005e90       0x40 .build/obj_redox_rev1_base_ad/serial.a(serial.o)
 .text.soft_serial_initiator_init
                0x0000000000005ed0        0x6 .build/obj_redox_rev1_base_ad/serial.a(serial.o)
                0x0000000000005ed0                soft_serial_initiator_init
 .text.soft_serial_target_init
                0x0000000000005ed6       0x12 .build/obj_redox_rev1_base_ad/serial.a(serial.o)
                0x0000000000005ed6                soft_serial_target_init
 .text.serial_write_chunk
                0x0000000000005ee8       0x42 .build/obj_redox_rev1_base_ad/serial.a(serial.o)
                0x0000000000005ee8                serial_write_chunk
 .text.serial_send_packet
                0x0000000000005f2a       0x32 .build/obj_redox_rev1_base_ad/serial.a(serial.o)
 .text.__vector_1
                0x0000000000005f5c      0x14c .build/obj_redox_rev1_base_ad/serial.a(serial.o)
                0x0000000000005f5c                __vector_1
 .text.soft_serial_transaction
                0x00000000000060a8       0xee .build/obj_redox_rev1_base_ad/serial.a(serial.o)
                0x00000000000060a8                soft_serial_transaction
 .text.keyboard_leds
                0x0000000000006196        0x6 .build/obj_redox_rev1_base_ad/lufa.o
 .text.send_report
                0x000000000000619c       0x48 .build/obj_redox_rev1_base_ad/lufa.o
                0x000000000000619c                send_report
 .text.send_extra
                0x00000000000061e4        0xe .build/obj_redox_rev1_base_ad/lufa.o
 .text.send_mouse
                0x00000000000061f2        0xe .build/obj_redox_rev1_base_ad/lufa.o
 .text.send_nkro
                0x0000000000006200        0xe .build/obj_redox_rev1_base_ad/lufa.o
 .text.send_keyboard
                0x000000000000620e       0x28 .build/obj_redox_rev1_base_ad/lufa.o
 .text.EVENT_USB_Device_Connect
                0x0000000000006236       0x1c .build/obj_redox_rev1_base_ad/lufa.o
                0x0000000000006236                EVENT_USB_Device_Connect
 .text.EVENT_USB_Device_Disconnect
                0x0000000000006252        0x6 .build/obj_redox_rev1_base_ad/lufa.o
                0x0000000000006252                EVENT_USB_Device_Disconnect
 .text.EVENT_USB_Device_Reset
                0x0000000000006258        0x6 .build/obj_redox_rev1_base_ad/lufa.o
                0x0000000000006258                EVENT_USB_Device_Reset
 .text.EVENT_USB_Device_Suspend
                0x000000000000625e       0x12 .build/obj_redox_rev1_base_ad/lufa.o
                0x000000000000625e                EVENT_USB_Device_Suspend
 .text.EVENT_USB_Device_WakeUp
                0x0000000000006270       0x16 .build/obj_redox_rev1_base_ad/lufa.o
                0x0000000000006270                EVENT_USB_Device_WakeUp
 .text.EVENT_USB_Device_ConfigurationChanged
                0x0000000000006286       0x2a .build/obj_redox_rev1_base_ad/lufa.o
                0x0000000000006286                EVENT_USB_Device_ConfigurationChanged
 .text.EVENT_USB_Device_ControlRequest
                0x00000000000062b0      0x17a .build/obj_redox_rev1_base_ad/lufa.o
                0x00000000000062b0                EVENT_USB_Device_ControlRequest
 .text.protocol_setup
                0x000000000000642a       0x34 .build/obj_redox_rev1_base_ad/lufa.o
                0x000000000000642a                protocol_setup
 .text.protocol_pre_init
                0x000000000000645e       0x1a .build/obj_redox_rev1_base_ad/lufa.o
                0x000000000000645e                protocol_pre_init
 .text.protocol_post_init
                0x0000000000006478        0xa .build/obj_redox_rev1_base_ad/lufa.o
                0x0000000000006478                protocol_post_init
 .text.protocol_pre_task
                0x0000000000006482       0x34 .build/obj_redox_rev1_base_ad/lufa.o
                0x0000000000006482                protocol_pre_task
 .text.protocol_post_task
                0x00000000000064b6        0x2 .build/obj_redox_rev1_base_ad/lufa.o
                0x00000000000064b6                protocol_post_task
 .text.CALLBACK_USB_GetDescriptor
                0x00000000000064b8       0x10 .build/obj_redox_rev1_base_ad/lufa.o
                0x00000000000064b8                CALLBACK_USB_GetDescriptor
 .text.get_usb_descriptor
                0x00000000000064c8       0xaa .build/obj_redox_rev1_base_ad/usb_descriptor.o
                0x00000000000064c8                get_usb_descriptor
 .text.USB_Device_SendRemoteWakeup
                0x0000000000006572       0x2c .build/obj_redox_rev1_base_ad/lib/lufa/LUFA/Drivers/USB/Core/AVR8/Device_AVR8.o
                0x0000000000006572                USB_Device_SendRemoteWakeup
 .text.Endpoint_Write_Stream_LE
                0x000000000000659e       0x9e .build/obj_redox_rev1_base_ad/lib/lufa/LUFA/Drivers/USB/Core/AVR8/EndpointStream_AVR8.o
                0x000000000000659e                Endpoint_Write_Stream_LE
 .text.Endpoint_Write_Control_Stream_LE
                0x000000000000663c       0xbe .build/obj_redox_rev1_base_ad/lib/lufa/LUFA/Drivers/USB/Core/AVR8/EndpointStream_AVR8.o
                0x000000000000663c                Endpoint_Write_Control_Stream_LE
 .text.Endpoint_Write_Control_PStream_LE
                0x00000000000066fa       0xc0 .build/obj_redox_rev1_base_ad/lib/lufa/LUFA/Drivers/USB/Core/AVR8/EndpointStream_AVR8.o
                0x00000000000066fa                Endpoint_Write_Control_PStream_LE
 .text.Endpoint_ConfigureEndpoint_Prv
                0x00000000000067ba       0x68 .build/obj_redox_rev1_base_ad/lib/lufa/LUFA/Drivers/USB/Core/AVR8/Endpoint_AVR8.o
                0x00000000000067ba                Endpoint_ConfigureEndpoint_Prv
 .text.Endpoint_ClearStatusStage
                0x0000000000006822       0x3e .build/obj_redox_rev1_base_ad/lib/lufa/LUFA/Drivers/USB/Core/AVR8/Endpoint_AVR8.o
                0x0000000000006822                Endpoint_ClearStatusStage
 .text.Endpoint_WaitUntilReady
                0x0000000000006860       0x5e .build/obj_redox_rev1_base_ad/lib/lufa/LUFA/Drivers/USB/Core/AVR8/Endpoint_AVR8.o
                0x0000000000006860                Endpoint_WaitUntilReady
 .text.USB_Disable
                0x00000000000068be       0x34 .build/obj_redox_rev1_base_ad/lib/lufa/LUFA/Drivers/USB/Core/AVR8/USBController_AVR8.o
                0x00000000000068be                USB_Disable
 .text.USB_ResetInterface
                0x00000000000068f2       0x86 .build/obj_redox_rev1_base_ad/lib/lufa/LUFA/Drivers/USB/Core/AVR8/USBController_AVR8.o
                0x00000000000068f2                USB_ResetInterface
 .text.USB_Init
                0x0000000000006978       0x24 .build/obj_redox_rev1_base_ad/lib/lufa/LUFA/Drivers/USB/Core/AVR8/USBController_AVR8.o
                0x0000000000006978                USB_Init
 .text.USB_INT_DisableAllInterrupts