Archive member included to satisfy reference by file (symbol)

.build/obj_redox_rev1_base_ad_rev3/serial.a(serial.o)
                              .build/obj_redox_rev1_base_ad_rev3/quantum/split_common/transport.o (symbol from plugin) (soft_serial_initiator_init)
/usr/lib/gcc/avr/7.3.0/avr5/libgcc.a(_exit.o)
                              /usr/lib/gcc/avr/7.3.0/../../../avr/lib/avr5/crtatmega32u4.o (exit)
/usr/lib/gcc/avr/7.3.0/avr5/libgcc.a(_prologue.o)
                              .build/obj_redox_rev1_base_ad_rev3/serial.a(serial.o) (__prologue_saves__)
/usr/lib/gcc/avr/7.3.0/avr5/libgcc.a(_epilogue.o)
                              .build/obj_redox_rev1_base_ad_rev3/serial.a(serial.o) (__epilogue_restores__)
/usr/lib/gcc/avr/7.3.0/../../../avr/lib/avr5/libc.a(rand.o)
                              .build/obj_redox_rev1_base_ad_rev3/quantum/rgblight/rgblight.o (symbol from plugin) (rand)
/usr/lib/gcc/avr/7.3.0/../../../avr/lib/avr5/libatmega32u4.a(eerd_byte.o)
                              .build/obj_redox_rev1_base_ad_rev3/quantum/eeconfig.o (symbol from plugin) (eeprom_read_byte)
/usr/lib/gcc/avr/7.3.0/../../../avr/lib/avr5/libatmega32u4.a(eerd_dword.o)
                              .build/obj_redox_rev1_base_ad_rev3/quantum/eeconfig.o (symbol from plugin) (eeprom_read_dword)
/usr/lib/gcc/avr/7.3.0/../../../avr/lib/avr5/libatmega32u4.a(eerd_word.o)
                              .build/obj_redox_rev1_base_ad_rev3/quantum/eeconfig.o (symbol from plugin) (eeprom_read_word)
/usr/lib/gcc/avr/7.3.0/../../../avr/lib/avr5/libatmega32u4.a(eeupd_block.o)
                              .build/obj_redox_rev1_base_ad_rev3/quantum/eeconfig.o (symbol from plugin) (eeprom_update_block)
/usr/lib/gcc/avr/7.3.0/../../../avr/lib/avr5/libatmega32u4.a(eeupd_byte.o)
                              .build/obj_redox_rev1_base_ad_rev3/quantum/eeconfig.o (symbol from plugin) (eeprom_update_byte)
/usr/lib/gcc/avr/7.3.0/../../../avr/lib/avr5/libatmega32u4.a(eeupd_dword.o)
                              .build/obj_redox_rev1_base_ad_rev3/quantum/eeconfig.o (symbol from plugin) (eeprom_update_dword)
/usr/lib/gcc/avr/7.3.0/../../../avr/lib/avr5/libatmega32u4.a(eeupd_word.o)
                              .build/obj_redox_rev1_base_ad_rev3/quantum/eeconfig.o (symbol from plugin) (eeprom_update_word)
/usr/lib/gcc/avr/7.3.0/../../../avr/lib/avr5/libatmega32u4.a(eerd_block.o)
                              /usr/lib/gcc/avr/7.3.0/../../../avr/lib/avr5/libatmega32u4.a(eerd_dword.o) (eeprom_read_blraw)
/usr/lib/gcc/avr/7.3.0/avr5/libgcc.a(_divmodsi4.o)
                              /usr/lib/gcc/avr/7.3.0/../../../avr/lib/avr5/libc.a(rand.o) (__divmodsi4)
/usr/lib/gcc/avr/7.3.0/avr5/libgcc.a(_negsi2.o)
                              /usr/lib/gcc/avr/7.3.0/avr5/libgcc.a(_divmodsi4.o) (__negsi2)
/usr/lib/gcc/avr/7.3.0/avr5/libgcc.a(_copy_data.o)
                              /usr/lib/gcc/avr/7.3.0/../../../avr/lib/avr5/libc.a(rand.o) (__do_copy_data)
/usr/lib/gcc/avr/7.3.0/avr5/libgcc.a(_muluhisi3.o)
                              /usr/lib/gcc/avr/7.3.0/../../../avr/lib/avr5/libc.a(rand.o) (__muluhisi3)
/usr/lib/gcc/avr/7.3.0/avr5/libgcc.a(_mulshisi3.o)
                              /usr/lib/gcc/avr/7.3.0/../../../avr/lib/avr5/libc.a(rand.o) (__mulohisi3)
/usr/lib/gcc/avr/7.3.0/avr5/libgcc.a(_udivmodsi4.o)
                              /usr/lib/gcc/avr/7.3.0/avr5/libgcc.a(_divmodsi4.o) (__udivmodsi4)
/usr/lib/gcc/avr/7.3.0/avr5/libgcc.a(_umulhisi3.o)
                              /usr/lib/gcc/avr/7.3.0/avr5/libgcc.a(_muluhisi3.o) (__umulhisi3)
/usr/lib/gcc/avr/7.3.0/avr5/libgcc.a(_udivmodqi4.o)
                              /tmp/cc2D8wFc.ltrans0.ltrans.o (__udivmodqi4)
/usr/lib/gcc/avr/7.3.0/avr5/libgcc.a(_divmodqi4.o)
                              /tmp/cc2D8wFc.ltrans0.ltrans.o (__divmodqi4)
/usr/lib/gcc/avr/7.3.0/avr5/libgcc.a(_udivmodhi4.o)
                              /tmp/cc2D8wFc.ltrans0.ltrans.o (__udivmodhi4)
/usr/lib/gcc/avr/7.3.0/avr5/libgcc.a(_divmodhi4.o)
                              /tmp/cc2D8wFc.ltrans0.ltrans.o (__divmodhi4)
/usr/lib/gcc/avr/7.3.0/avr5/libgcc.a(_tablejump2.o)
                              /tmp/cc2D8wFc.ltrans0.ltrans.o (__tablejump2__)
/usr/lib/gcc/avr/7.3.0/avr5/libgcc.a(_clear_bss.o)
                              /tmp/cc2D8wFc.ltrans0.ltrans.o (__do_clear_bss)
/usr/lib/gcc/avr/7.3.0/avr5/libgcc.a(_mulhisi3.o)
                              /tmp/cc2D8wFc.ltrans0.ltrans.o (__mulhisi3)
/usr/lib/gcc/avr/7.3.0/avr5/libgcc.a(_usmulhisi3.o)
                              /usr/lib/gcc/avr/7.3.0/avr5/libgcc.a(_mulhisi3.o) (__usmulhisi3_tail)
/usr/lib/gcc/avr/7.3.0/avr5/libgcc.a(_ashldi3.o)
                              /tmp/cc2D8wFc.ltrans0.ltrans.o (__ashldi3)
/usr/lib/gcc/avr/7.3.0/avr5/libgcc.a(_ashrdi3.o)
                              /tmp/cc2D8wFc.ltrans0.ltrans.o (__lshrdi3)
/usr/lib/gcc/avr/7.3.0/../../../avr/lib/avr5/libc.a(memchr.o)
                              /tmp/cc2D8wFc.ltrans0.ltrans.o (memchr)
[...]
Memory Configuration

Name             Origin             Length             Attributes
text             0x0000000000000000 0x0000000000008000 xr
data             0x0000000000800100 0x0000000000000a00 rw !x
eeprom           0x0000000000810000 0x0000000000000400 rw !x
fuse             0x0000000000820000 0x0000000000000003 rw !x
lock             0x0000000000830000 0x0000000000000400 rw !x
signature        0x0000000000840000 0x0000000000000400 rw !x
user_signatures  0x0000000000850000 0x0000000000000400 rw !x
*default*        0x0000000000000000 0xffffffffffffffff

Linker script and memory map

Address of section .data set to 0x800100
LOAD /usr/lib/gcc/avr/7.3.0/../../../avr/lib/avr5/crtatmega32u4.o
LOAD .build/obj_redox_rev1_base_ad_rev3/.build/obj_redox_rev1_base_ad_rev3/src/default_keyboard.o
LOAD /tmp/cc2D8wFc.ltrans0.ltrans.o
LOAD .build/obj_redox_rev1_base_ad_rev3/quantum/keymap_introspection.o
LOAD .build/obj_redox_rev1_base_ad_rev3/quantum/quantum.o
LOAD .build/obj_redox_rev1_base_ad_rev3/quantum/bitwise.o
LOAD .build/obj_redox_rev1_base_ad_rev3/quantum/led.o
LOAD .build/obj_redox_rev1_base_ad_rev3/quantum/action.o
LOAD .build/obj_redox_rev1_base_ad_rev3/quantum/action_layer.o
LOAD .build/obj_redox_rev1_base_ad_rev3/quantum/action_tapping.o
LOAD .build/obj_redox_rev1_base_ad_rev3/quantum/action_util.o
LOAD .build/obj_redox_rev1_base_ad_rev3/quantum/eeconfig.o
LOAD .build/obj_redox_rev1_base_ad_rev3/quantum/keyboard.o
LOAD .build/obj_redox_rev1_base_ad_rev3/quantum/keymap_common.o
LOAD .build/obj_redox_rev1_base_ad_rev3/quantum/keycode_config.o
LOAD .build/obj_redox_rev1_base_ad_rev3/quantum/sync_timer.o
LOAD .build/obj_redox_rev1_base_ad_rev3/quantum/logging/debug.o
LOAD .build/obj_redox_rev1_base_ad_rev3/quantum/logging/sendchar.o
LOAD .build/obj_redox_rev1_base_ad_rev3/quantum/matrix_common.o
LOAD .build/obj_redox_rev1_base_ad_rev3/quantum/matrix.o
LOAD .build/obj_redox_rev1_base_ad_rev3/quantum/debounce/sym_defer_g.o
LOAD .build/obj_redox_rev1_base_ad_rev3/quantum/split_common/split_util.o
LOAD .build/obj_redox_rev1_base_ad_rev3/quantum/split_common/transport.o
LOAD .build/obj_redox_rev1_base_ad_rev3/quantum/split_common/transactions.o
LOAD .build/obj_redox_rev1_base_ad_rev3/quantum/main.o
LOAD .build/obj_redox_rev1_base_ad_rev3/platforms/avr/xprintf.o
LOAD .build/obj_redox_rev1_base_ad_rev3/platforms/avr/printf.o
LOAD .build/obj_redox_rev1_base_ad_rev3/quantum/color.o
LOAD .build/obj_redox_rev1_base_ad_rev3/quantum/rgblight/rgblight.o
LOAD .build/obj_redox_rev1_base_ad_rev3/quantum/rgblight/rgblight_drivers.o
LOAD .build/obj_redox_rev1_base_ad_rev3/quantum/process_keycode/process_rgb.o
LOAD .build/obj_redox_rev1_base_ad_rev3/quantum/led_tables.o
LOAD .build/obj_redox_rev1_base_ad_rev3/quantum/process_keycode/process_unicode.o
LOAD .build/obj_redox_rev1_base_ad_rev3/quantum/process_keycode/process_unicode_common.o
LOAD .build/obj_redox_rev1_base_ad_rev3/quantum/unicode/unicode.o
LOAD .build/obj_redox_rev1_base_ad_rev3/quantum/unicode/utf8.o
LOAD .build/obj_redox_rev1_base_ad_rev3/ws2812_bitbang.o
LOAD .build/obj_redox_rev1_base_ad_rev3/quantum/bootmagic/bootmagic.o
LOAD .build/obj_redox_rev1_base_ad_rev3/quantum/command.o
LOAD .build/obj_redox_rev1_base_ad_rev3/quantum/crc.o
LOAD .build/obj_redox_rev1_base_ad_rev3/quantum/process_keycode/process_grave_esc.o
LOAD .build/obj_redox_rev1_base_ad_rev3/quantum/process_keycode/process_magic.o
LOAD .build/obj_redox_rev1_base_ad_rev3/quantum/mousekey.o
LOAD .build/obj_redox_rev1_base_ad_rev3/quantum/send_string/send_string.o
LOAD .build/obj_redox_rev1_base_ad_rev3/quantum/process_keycode/process_space_cadet.o
LOAD .build/obj_redox_rev1_base_ad_rev3/quantum/process_keycode/process_tap_dance.o
LOAD .build/obj_redox_rev1_base_ad_rev3/protocol/host.o
LOAD .build/obj_redox_rev1_base_ad_rev3/protocol/report.o
LOAD .build/obj_redox_rev1_base_ad_rev3/protocol/usb_device_state.o
LOAD .build/obj_redox_rev1_base_ad_rev3/protocol/usb_util.o
LOAD .build/obj_redox_rev1_base_ad_rev3/platforms/suspend.o
LOAD .build/obj_redox_rev1_base_ad_rev3/platforms/synchronization_util.o
LOAD .build/obj_redox_rev1_base_ad_rev3/platforms/timer.o
LOAD .build/obj_redox_rev1_base_ad_rev3/platforms/avr/hardware_id.o
LOAD .build/obj_redox_rev1_base_ad_rev3/platforms/avr/platform.o
LOAD .build/obj_redox_rev1_base_ad_rev3/platforms/avr/suspend.o
LOAD .build/obj_redox_rev1_base_ad_rev3/platforms/avr/timer.o
LOAD .build/obj_redox_rev1_base_ad_rev3/platforms/avr/bootloaders/caterina.o
LOAD .build/obj_redox_rev1_base_ad_rev3/i2c_master.a
LOAD .build/obj_redox_rev1_base_ad_rev3/i2c_slave.a
LOAD .build/obj_redox_rev1_base_ad_rev3/serial.a
LOAD .build/obj_redox_rev1_base_ad_rev3/lufa.o
LOAD .build/obj_redox_rev1_base_ad_rev3/usb_descriptor.o
LOAD .build/obj_redox_rev1_base_ad_rev3/lib/lufa/LUFA/Drivers/USB/Class/Common/HIDParser.o
LOAD .build/obj_redox_rev1_base_ad_rev3/lib/lufa/LUFA/Drivers/USB/Core/AVR8/Device_AVR8.o
LOAD .build/obj_redox_rev1_base_ad_rev3/lib/lufa/LUFA/Drivers/USB/Core/AVR8/EndpointStream_AVR8.o
LOAD .build/obj_redox_rev1_base_ad_rev3/lib/lufa/LUFA/Drivers/USB/Core/AVR8/Endpoint_AVR8.o
LOAD .build/obj_redox_rev1_base_ad_rev3/lib/lufa/LUFA/Drivers/USB/Core/AVR8/Host_AVR8.o
LOAD .build/obj_redox_rev1_base_ad_rev3/lib/lufa/LUFA/Drivers/USB/Core/AVR8/PipeStream_AVR8.o
LOAD .build/obj_redox_rev1_base_ad_rev3/lib/lufa/LUFA/Drivers/USB/Core/AVR8/Pipe_AVR8.o
LOAD .build/obj_redox_rev1_base_ad_rev3/lib/lufa/LUFA/Drivers/USB/Core/AVR8/USBController_AVR8.o
LOAD .build/obj_redox_rev1_base_ad_rev3/lib/lufa/LUFA/Drivers/USB/Core/AVR8/USBInterrupt_AVR8.o
LOAD .build/obj_redox_rev1_base_ad_rev3/lib/lufa/LUFA/Drivers/USB/Core/ConfigDescriptors.o
LOAD .build/obj_redox_rev1_base_ad_rev3/lib/lufa/LUFA/Drivers/USB/Core/DeviceStandardReq.o
LOAD .build/obj_redox_rev1_base_ad_rev3/lib/lufa/LUFA/Drivers/USB/Core/Events.o
LOAD .build/obj_redox_rev1_base_ad_rev3/lib/lufa/LUFA/Drivers/USB/Core/HostStandardReq.o
LOAD .build/obj_redox_rev1_base_ad_rev3/lib/lufa/LUFA/Drivers/USB/Core/USBTask.o
LOAD .build/obj_redox_rev1_base_ad_rev3/protocol/lufa/usb_util.o
LOAD /usr/lib/gcc/avr/7.3.0/../../../avr/lib/avr5/libm.a
START GROUP
LOAD /usr/lib/gcc/avr/7.3.0/avr5/libgcc.a
LOAD /usr/lib/gcc/avr/7.3.0/../../../avr/lib/avr5/libm.a
LOAD /usr/lib/gcc/avr/7.3.0/../../../avr/lib/avr5/libc.a
LOAD /usr/lib/gcc/avr/7.3.0/../../../avr/lib/avr5/libatmega32u4.a
END GROUP
                0x0000000000000000                __TEXT_REGION_ORIGIN__ = DEFINED (__TEXT_REGION_ORIGIN__)?__TEXT_REGION_ORIGIN__:0x0
                [0x0000000000800100]                __DATA_REGION_ORIGIN__ = DEFINED (__DATA_REGION_ORIGIN__)?__DATA_REGION_ORIGIN__:0x800060
                [0x0000000000008000]                __TEXT_REGION_LENGTH__ = DEFINED (__TEXT_REGION_LENGTH__)?__TEXT_REGION_LENGTH__:0x20000
                [0x0000000000000a00]                __DATA_REGION_LENGTH__ = DEFINED (__DATA_REGION_LENGTH__)?__DATA_REGION_LENGTH__:0xffa0
                [0x0000000000000400]                __EEPROM_REGION_LENGTH__ = DEFINED (__EEPROM_REGION_LENGTH__)?__EEPROM_REGION_LENGTH__:0x10000
                [0x0000000000000003]                __FUSE_REGION_LENGTH__ = DEFINED (__FUSE_REGION_LENGTH__)?__FUSE_REGION_LENGTH__:0x400
                0x0000000000000400                __LOCK_REGION_LENGTH__ = DEFINED (__LOCK_REGION_LENGTH__)?__LOCK_REGION_LENGTH__:0x400
                0x0000000000000400                __SIGNATURE_REGION_LENGTH__ = DEFINED (__SIGNATURE_REGION_LENGTH__)?__SIGNATURE_REGION_LENGTH__:0x400
                0x0000000000000400                __USER_SIGNATURE_REGION_LENGTH__ = DEFINED (__USER_SIGNATURE_REGION_LENGTH__)?__USER_SIGNATURE_REGION_LENGTH__:0x400

.hash
 *(.hash)

.dynsym
 *(.dynsym)

.dynstr
 *(.dynstr)

.gnu.version
 *(.gnu.version)

.gnu.version_d
 *(.gnu.version_d)

.gnu.version_r
 *(.gnu.version_r)

.rel.init
 *(.rel.init)

.rela.init
 *(.rela.init)

.rel.text
 *(.rel.text)
 *(.rel.text.*)
 *(.rel.gnu.linkonce.t*)

.rela.text
 *(.rela.text)
 *(.rela.text.*)
 *(.rela.gnu.linkonce.t*)

.rel.fini
 *(.rel.fini)

.rela.fini
 *(.rela.fini)

.rel.rodata
 *(.rel.rodata)
 *(.rel.rodata.*)
 *(.rel.gnu.linkonce.r*)

.rela.rodata
 *(.rela.rodata)
 *(.rela.rodata.*)
 *(.rela.gnu.linkonce.r*)

.rel.data
 *(.rel.data)
 *(.rel.data.*)
 *(.rel.gnu.linkonce.d*)

.rela.data
 *(.rela.data)
 *(.rela.data.*)
 *(.rela.gnu.linkonce.d*)

.rel.ctors
 *(.rel.ctors)

.rela.ctors
 *(.rela.ctors)

.rel.dtors
 *(.rel.dtors)

.rela.dtors
 *(.rela.dtors)

.rel.got
 *(.rel.got)

.rela.got
 *(.rela.got)

.rel.bss
 *(.rel.bss)

.rela.bss
 *(.rela.bss)

.rel.plt
 *(.rel.plt)

.rela.plt
 *(.rela.plt)

.text           0x0000000000000000     0x62d8
 *(.vectors)
 .vectors       0x0000000000000000       0xac /usr/lib/gcc/avr/7.3.0/../../../avr/lib/avr5/crtatmega32u4.o
                0x0000000000000000                __vectors
                0x0000000000000000                __vector_default
 *(.vectors)
 *(.progmem.gcc*)
                0x00000000000000ac                . = ALIGN (0x2)
                0x00000000000000ac                __trampolines_start = .
 *(.trampolines)
 .trampolines   0x00000000000000ac        0x0 linker stubs
 *(.trampolines*)
                0x00000000000000ac                __trampolines_end = .
 *libprintf_flt.a:*(.progmem.data)
 *libc.a:*(.progmem.data)
 *(.progmem*)
 .progmem.data.__c.5332
                0x00000000000000ac        0x7 /tmp/cc2D8wFc.ltrans0.ltrans.o
 .progmem.data.__c.5329
                0x00000000000000b3        0xb /tmp/cc2D8wFc.ltrans0.ltrans.o
 .progmem.data.__c.5326
                0x00000000000000be        0xe /tmp/cc2D8wFc.ltrans0.ltrans.o
 .progmem.data.__c.5323
                0x00000000000000cc        0xe /tmp/cc2D8wFc.ltrans0.ltrans.o
 .progmem.data.keymaps
                0x00000000000000da      0x2bc /tmp/cc2D8wFc.ltrans0.ltrans.o
 .progmem.data.RGBLED_TWINKLE_INTERVALS
                0x0000000000000396        0x3 /tmp/cc2D8wFc.ltrans0.ltrans.o
 .progmem.data.RGBLED_RGBTEST_INTERVALS
                0x0000000000000399        0x2 /tmp/cc2D8wFc.ltrans0.ltrans.o
 .progmem.data.RGBLED_KNIGHT_INTERVALS
                0x000000000000039b        0x3 /tmp/cc2D8wFc.ltrans0.ltrans.o
 .progmem.data.RGBLED_SNAKE_INTERVALS
                0x000000000000039e        0x3 /tmp/cc2D8wFc.ltrans0.ltrans.o
 .progmem.data.RGBLED_RAINBOW_SWIRL_INTERVALS
                0x00000000000003a1        0x3 /tmp/cc2D8wFc.ltrans0.ltrans.o
 .progmem.data.RGBLED_RAINBOW_MOOD_INTERVALS
                0x00000000000003a4        0x3 /tmp/cc2D8wFc.ltrans0.ltrans.o
 .progmem.data.RGBLED_BREATHING_INTERVALS
                0x00000000000003a7        0x4 /tmp/cc2D8wFc.ltrans0.ltrans.o
 .progmem.data.CIE1931_CURVE
                0x00000000000003ab      0x100 /tmp/cc2D8wFc.ltrans0.ltrans.o
 .progmem.data.RGBLED_GRADIENT_RANGES
                0x00000000000004ab        0x5 /tmp/cc2D8wFc.ltrans0.ltrans.o
 .progmem.data.rgblight_effect_breathe_table
                0x00000000000004b0      0x100 /tmp/cc2D8wFc.ltrans0.ltrans.o
 .progmem.data.SharedReport
                0x00000000000005b0       0xb6 /tmp/cc2D8wFc.ltrans0.ltrans.o
 .progmem.data.KeyboardReport
                0x0000000000000666       0x44 /tmp/cc2D8wFc.ltrans0.ltrans.o
 .progmem.data.ConfigurationDescriptor
                0x00000000000006aa       0x3b /tmp/cc2D8wFc.ltrans0.ltrans.o
 .progmem.data.DeviceDescriptor
                0x00000000000006e5       0x12 /tmp/cc2D8wFc.ltrans0.ltrans.o
 .progmem.data.ProductString
                0x00000000000006f7       0x22 /tmp/cc2D8wFc.ltrans0.ltrans.o
 .progmem.data.ManufacturerString
                0x0000000000000719       0x14 /tmp/cc2D8wFc.ltrans0.ltrans.o
 .progmem.data.LanguageString
                0x000000000000072d        0x4 /tmp/cc2D8wFc.ltrans0.ltrans.o
 .progmem.data.ascii_to_dead_lut
                0x0000000000000731       0x10 /tmp/cc2D8wFc.ltrans0.ltrans.o
 .progmem.data.ascii_to_altgr_lut
                0x0000000000000741       0x10 /tmp/cc2D8wFc.ltrans0.ltrans.o
 .progmem.data.ascii_to_shift_lut
                0x0000000000000751       0x10 /tmp/cc2D8wFc.ltrans0.ltrans.o
 .progmem.data.ascii_to_keycode_lut
                0x0000000000000761       0x80 /tmp/cc2D8wFc.ltrans0.ltrans.o
                0x00000000000007e2                . = ALIGN (0x2)
 *fill*         0x00000000000007e1        0x1 
 *(.jumptables)
 *(.jumptables*)
 *(.lowtext)
 *(.lowtext*)
                0x00000000000007e2                __ctors_start = .
 *(.ctors)
                0x00000000000007e2                __ctors_end = .
                0x00000000000007e2                __dtors_start = .
 *(.dtors)
                0x00000000000007e2                __dtors_end = .
 SORT(*)(.ctors)
 SORT(*)(.dtors)
 *(.init0)
 .init0         0x00000000000007e2        0x0 /usr/lib/gcc/avr/7.3.0/../../../avr/lib/avr5/crtatmega32u4.o
                0x00000000000007e2                __init
 *(.init0)
 *(.init1)
 *(.init1)
 *(.init2)
 .init2         0x00000000000007e2        0xc /usr/lib/gcc/avr/7.3.0/../../../avr/lib/avr5/crtatmega32u4.o
 *(.init2)
 *(.init3)
 *(.init3)
 *(.init4)
 .init4         0x00000000000007ee       0x16 /usr/lib/gcc/avr/7.3.0/avr5/libgcc.a(_copy_data.o)
                0x00000000000007ee                __do_copy_data
 .init4         0x0000000000000804       0x10 /usr/lib/gcc/avr/7.3.0/avr5/libgcc.a(_clear_bss.o)
                0x0000000000000804                __do_clear_bss
 *(.init4)
 *(.init5)
 *(.init5)
 *(.init6)
 *(.init6)
 *(.init7)
 *(.init7)
 *(.init8)
 *(.init8)
 *(.init9)
 .init9         0x0000000000000814        0x8 /usr/lib/gcc/avr/7.3.0/../../../avr/lib/avr5/crtatmega32u4.o
 *(.init9)
 *(.text)
 .text          0x000000000000081c        0x4 /usr/lib/gcc/avr/7.3.0/../../../avr/lib/avr5/crtatmega32u4.o
                0x000000000000081c                __vector_38
                0x000000000000081c                __vector_22
                0x000000000000081c                __vector_28
                0x000000000000081c                __vector_32
                0x000000000000081c                __vector_34
                0x000000000000081c                __vector_24
                0x000000000000081c                __bad_interrupt
                0x000000000000081c                __vector_6
                0x000000000000081c                __vector_31
                0x000000000000081c                __vector_35
                0x000000000000081c                __vector_39
                0x000000000000081c                __vector_3
                0x000000000000081c                __vector_23
                0x000000000000081c                __vector_30
                0x000000000000081c                __vector_25
                0x000000000000081c                __vector_13
                0x000000000000081c                __vector_17
                0x000000000000081c                __vector_19
                0x000000000000081c                __vector_7
                0x000000000000081c                __vector_41
                0x000000000000081c                __vector_27
                0x000000000000081c                __vector_5
                0x000000000000081c                __vector_33
                0x000000000000081c                __vector_37
                0x000000000000081c                __vector_4
                0x000000000000081c                __vector_9
                0x000000000000081c                __vector_2
                0x000000000000081c                __vector_15
                0x000000000000081c                __vector_36
                0x000000000000081c                __vector_29
                0x000000000000081c                __vector_40
                0x000000000000081c                __vector_8
                0x000000000000081c                __vector_26
                0x000000000000081c                __vector_14
                0x000000000000081c                __vector_16
                0x000000000000081c                __vector_18
                0x000000000000081c                __vector_20
                0x000000000000081c                __vector_42
                0x0000000000000820                . = ALIGN (0x2)
 *(.text.*)
 .text.waiting_buffer_typed.isra.2.constprop.27
                0x0000000000000820       0x3e /tmp/cc2D8wFc.ltrans0.ltrans.o
 .text.crc8.constprop.23
                0x000000000000085e       0x2e /tmp/cc2D8wFc.ltrans0.ltrans.o
 .text.USB_Disable
                0x000000000000088c       0x3e /tmp/cc2D8wFc.ltrans0.ltrans.o
 .text.Endpoint_WaitUntilReady
                0x00000000000008ca       0x5e /tmp/cc2D8wFc.ltrans0.ltrans.o
 .text.Endpoint_ClearStatusStage
                0x0000000000000928       0x3e /tmp/cc2D8wFc.ltrans0.ltrans.o
 .text.Endpoint_ConfigureEndpoint_Prv
                0x0000000000000966       0x64 /tmp/cc2D8wFc.ltrans0.ltrans.o
 .text.USB_Init
                0x00000000000009ca       0xb6 /tmp/cc2D8wFc.ltrans0.ltrans.o
 .text.Endpoint_Write_Control_Stream_LE
                0x0000000000000a80       0xbe /tmp/cc2D8wFc.ltrans0.ltrans.o
 .text.keyboard_leds
                0x0000000000000b3e        0x6 /tmp/cc2D8wFc.ltrans0.ltrans.o
 .text.bootloader_jump
                0x0000000000000b44       0x22 /tmp/cc2D8wFc.ltrans0.ltrans.o
 .text.timer_elapsed
                0x0000000000000b66       0x1e /tmp/cc2D8wFc.ltrans0.ltrans.o
 .text.timer_read32
                0x0000000000000b84       0x18 /tmp/cc2D8wFc.ltrans0.ltrans.o
 .text.timer_read
                0x0000000000000b9c       0x18 /tmp/cc2D8wFc.ltrans0.ltrans.o
 .text.del_key_from_report
                0x0000000000000bb4       0x54 /tmp/cc2D8wFc.ltrans0.ltrans.o
 .text.add_key_to_report
                0x0000000000000c08       0x68 /tmp/cc2D8wFc.ltrans0.ltrans.o
 .text.host_consumer_send
                0x0000000000000c70       0x4a /tmp/cc2D8wFc.ltrans0.ltrans.o
 .text.host_system_send
                0x0000000000000cba       0x4a /tmp/cc2D8wFc.ltrans0.ltrans.o
 .text.host_keyboard_leds
                0x0000000000000d04       0x22 /tmp/cc2D8wFc.ltrans0.ltrans.o
 .text.host_keyboard_led_state
                0x0000000000000d26        0x6 /tmp/cc2D8wFc.ltrans0.ltrans.o
 .text._process_tap_dance_action_fn
                0x0000000000000d2c        0xc /tmp/cc2D8wFc.ltrans0.ltrans.o
 .text.mousekey_send
                0x0000000000000d38       0x54 /tmp/cc2D8wFc.ltrans0.ltrans.o
 .text.wheel_unit
                0x0000000000000d8c       0x72 /tmp/cc2D8wFc.ltrans0.ltrans.o
 .text.move_unit
                0x0000000000000dfe       0x80 /tmp/cc2D8wFc.ltrans0.ltrans.o
 .text.times_inv_sqrt2
                0x0000000000000e7e       0x1c /tmp/cc2D8wFc.ltrans0.ltrans.o
 .text.ws2812_init
                0x0000000000000e9a        0x4 /tmp/cc2D8wFc.ltrans0.ltrans.o
 .text.unlikely.handleKeycodeRGB
                0x0000000000000e9e        0xc /tmp/cc2D8wFc.ltrans0.ltrans.o
 .text.rgblight_effect_dummy
                0x0000000000000eaa        0x2 /tmp/cc2D8wFc.ltrans0.ltrans.o
 .text.rgblight_timer_init
                0x0000000000000eac        0xe /tmp/cc2D8wFc.ltrans0.ltrans.o
 .text.rgblight_set
                0x0000000000000eba       0x2a /tmp/cc2D8wFc.ltrans0.ltrans.o
 .text.rgblight_setrgb
                0x0000000000000ee4       0x22 /tmp/cc2D8wFc.ltrans0.ltrans.o
 .text.rgblight_check_config
                0x0000000000000f06       0x1e /tmp/cc2D8wFc.ltrans0.ltrans.o
 .text.sethsv_raw
                0x0000000000000f24      0x11e /tmp/cc2D8wFc.ltrans0.ltrans.o
 .text.rgblight_sethsv_noeeprom_old
                0x0000000000001042       0x30 /tmp/cc2D8wFc.ltrans0.ltrans.o
 .text.rgblight_effect_rainbow_mood
                0x0000000000001072       0x20 /tmp/cc2D8wFc.ltrans0.ltrans.o
 .text.rgblight_effect_breathing
                0x0000000000001092       0x28 /tmp/cc2D8wFc.ltrans0.ltrans.o
 .text.rgblight_effect_alternating
                0x00000000000010ba       0x6e /tmp/cc2D8wFc.ltrans0.ltrans.o
 .text.rgblight_effect_rgbtest
                0x0000000000001128       0x72 /tmp/cc2D8wFc.ltrans0.ltrans.o
 .text.rgblight_effect_christmas
                0x000000000000119a      0x106 /tmp/cc2D8wFc.ltrans0.ltrans.o
 .text.rgblight_effect_knight
                0x00000000000012a0       0xc4 /tmp/cc2D8wFc.ltrans0.ltrans.o
 .text.rgblight_effect_snake
                0x0000000000001364       0xfe /tmp/cc2D8wFc.ltrans0.ltrans.o
 .text.rgblight_effect_rainbow_swirl
                0x0000000000001462       0x54 /tmp/cc2D8wFc.ltrans0.ltrans.o
 .text.sendchar
                0x00000000000014b6        0x4 /tmp/cc2D8wFc.ltrans0.ltrans.o
 .text.setPinInputHigh_atomic
                0x00000000000014ba       0x2e /tmp/cc2D8wFc.ltrans0.ltrans.o
 .text.sync_timer_read32
                0x00000000000014e8       0x34 /tmp/cc2D8wFc.ltrans0.ltrans.o
 .text.sync_timer_read
                0x000000000000151c       0x16 /tmp/cc2D8wFc.ltrans0.ltrans.o
 .text.mod_config
                0x0000000000001532       0x9e /tmp/cc2D8wFc.ltrans0.ltrans.o
 .text.keycode_config
                0x00000000000015d0      0x148 /tmp/cc2D8wFc.ltrans0.ltrans.o
 .text.keymap_key_to_keycode
                0x0000000000001718       0x3c /tmp/cc2D8wFc.ltrans0.ltrans.o
 .text.action_for_keycode
                0x0000000000001754      0x22c /tmp/cc2D8wFc.ltrans0.ltrans.o
 .text.del_weak_mods
                0x0000000000001980       0x10 /tmp/cc2D8wFc.ltrans0.ltrans.o
 .text.del_mods
                0x0000000000001990       0x10 /tmp/cc2D8wFc.ltrans0.ltrans.o
 .text.get_mods_for_report
                0x00000000000019a0       0x4a /tmp/cc2D8wFc.ltrans0.ltrans.o
 .text.debug_waiting_buffer
                0x00000000000019ea       0x14 /tmp/cc2D8wFc.ltrans0.ltrans.o
 .text.layer_switch_get_layer
                0x00000000000019fe       0x68 /tmp/cc2D8wFc.ltrans0.ltrans.o
 .text.layer_switch_get_action
                0x0000000000001a66       0x1a /tmp/cc2D8wFc.ltrans0.ltrans.o
 .text.read_source_layers_cache
                0x0000000000001a80       0x66 /tmp/cc2D8wFc.ltrans0.ltrans.o
 .text.update_source_layers_cache
                0x0000000000001ae6       0x6c /tmp/cc2D8wFc.ltrans0.ltrans.o
 .text.layer_state_set
                0x0000000000001b52        0xa /tmp/cc2D8wFc.ltrans0.ltrans.o
 .text.layer_off
                0x0000000000001b5c       0x24 /tmp/cc2D8wFc.ltrans0.ltrans.o
 .text.clear_oneshot_layer_state
                0x0000000000001b80       0x2e /tmp/cc2D8wFc.ltrans0.ltrans.o
 .text.layer_on
                0x0000000000001bae       0x20 /tmp/cc2D8wFc.ltrans0.ltrans.o
 .text.default_layer_state_set
                0x0000000000001bce        0xa /tmp/cc2D8wFc.ltrans0.ltrans.o
 .text.is_tap_record
                0x0000000000001bd8       0x44 /tmp/cc2D8wFc.ltrans0.ltrans.o
 .text.register_mouse
                0x0000000000001c1c      0x1de /tmp/cc2D8wFc.ltrans0.ltrans.o
 .text.get_record_keycode
                0x0000000000001dfa       0x56 /tmp/cc2D8wFc.ltrans0.ltrans.o
 .text.extract_mod_bits
                0x0000000000001e50       0x1e /tmp/cc2D8wFc.ltrans0.ltrans.o
 .text.send_report
                0x0000000000001e6e       0x76 /tmp/cc2D8wFc.ltrans0.ltrans.o
 .text.send_extra
                0x0000000000001ee4        0xe /tmp/cc2D8wFc.ltrans0.ltrans.o
 .text.send_mouse
                0x0000000000001ef2        0xe /tmp/cc2D8wFc.ltrans0.ltrans.o
 .text.send_nkro
                0x0000000000001f00        0xe /tmp/cc2D8wFc.ltrans0.ltrans.o
 .text.send_keyboard
                0x0000000000001f0e       0x28 /tmp/cc2D8wFc.ltrans0.ltrans.o
 .text.ws2812_setleds
                0x0000000000001f36       0x54 /tmp/cc2D8wFc.ltrans0.ltrans.o
 .text.transaction_handler_master.isra.1
                0x0000000000001f8a       0x66 /tmp/cc2D8wFc.ltrans0.ltrans.o
 .text.unlikely.cycle_unicode_input_mode
                0x0000000000001ff0       0x44 /tmp/cc2D8wFc.ltrans0.ltrans.o
 .text.set_unicode_input_mode
                0x0000000000002034       0x10 /tmp/cc2D8wFc.ltrans0.ltrans.o
 .text.rgblight_effect_twinkle
                0x0000000000002044      0x12c /tmp/cc2D8wFc.ltrans0.ltrans.o
 .text.rgblight_timer_enable
                0x0000000000002170       0x38 /tmp/cc2D8wFc.ltrans0.ltrans.o
 .text.eeconfig_update_rgblight
                0x00000000000021a8       0x4c /tmp/cc2D8wFc.ltrans0.ltrans.o
 .text.rgblight_sethsv_eeprom_helper
                0x00000000000021f4      0x126 /tmp/cc2D8wFc.ltrans0.ltrans.o
 .text.rgblight_decrease_val
                0x000000000000231a       0x1a /tmp/cc2D8wFc.ltrans0.ltrans.o
 .text.rgblight_increase_val
                0x0000000000002334       0x1a /tmp/cc2D8wFc.ltrans0.ltrans.o
 .text.rgblight_decrease_sat
                0x000000000000234e       0x1a /tmp/cc2D8wFc.ltrans0.ltrans.o
 .text.rgblight_increase_sat
                0x0000000000002368       0x1a /tmp/cc2D8wFc.ltrans0.ltrans.o
 .text.rgblight_decrease_hue
                0x0000000000002382       0x14 /tmp/cc2D8wFc.ltrans0.ltrans.o
 .text.rgblight_increase_hue
                0x0000000000002396       0x14 /tmp/cc2D8wFc.ltrans0.ltrans.o
 .text.rgblight_decrease_speed
                0x00000000000023aa       0x34 /tmp/cc2D8wFc.ltrans0.ltrans.o
 .text.rgblight_increase_speed
                0x00000000000023de       0x34 /tmp/cc2D8wFc.ltrans0.ltrans.o
 .text.rgblight_mode_eeprom_helper
                0x0000000000002412       0x94 /tmp/cc2D8wFc.ltrans0.ltrans.o
 .text.rgblight_step_reverse
                0x00000000000024a6       0x16 /tmp/cc2D8wFc.ltrans0.ltrans.o
 .text.rgblight_step
                0x00000000000024bc       0x18 /tmp/cc2D8wFc.ltrans0.ltrans.o
 .text.unlikely.handleKeycodeRGBMode
                0x00000000000024d4       0x22 /tmp/cc2D8wFc.ltrans0.ltrans.o
 .text.unlikely.oneshot_set
                0x00000000000024f6       0x2e /tmp/cc2D8wFc.ltrans0.ltrans.o
 .text.sync_timer_handlers_master
                0x0000000000002524       0xac /tmp/cc2D8wFc.ltrans0.ltrans.o
 .text.rgblight_handlers_master
                0x00000000000025d0       0xc2 /tmp/cc2D8wFc.ltrans0.ltrans.o
 .text.slave_matrix_handlers_master
                0x0000000000002692      0x140 /tmp/cc2D8wFc.ltrans0.ltrans.o
 .text.matrix_scan
                0x00000000000027d2      0x368 /tmp/cc2D8wFc.ltrans0.ltrans.o
 .text.send_keyboard_report
                0x0000000000002b3a       0xa4 /tmp/cc2D8wFc.ltrans0.ltrans.o
 .text.process_tap_dance_action_on_reset
                0x0000000000002bde       0x32 /tmp/cc2D8wFc.ltrans0.ltrans.o
 .text.process_tap_dance_action_on_dance_finished
                0x0000000000002c10       0x54 /tmp/cc2D8wFc.ltrans0.ltrans.o
 .text.clear_keyboard
                0x0000000000002c64       0x62 /tmp/cc2D8wFc.ltrans0.ltrans.o
 .text.USB_Device_ProcessControlRequest
                0x0000000000002cc6      0x57a /tmp/cc2D8wFc.ltrans0.ltrans.o
 .text.unlikely.soft_reset_keyboard
                0x0000000000003240       0x2c /tmp/cc2D8wFc.ltrans0.ltrans.o
 .text.unregister_weak_mods
                0x000000000000326c        0xe /tmp/cc2D8wFc.ltrans0.ltrans.o
 .text.register_weak_mods
                0x000000000000327a       0x14 /tmp/cc2D8wFc.ltrans0.ltrans.o
 .text.unregister_mods
                0x000000000000328e        0xe /tmp/cc2D8wFc.ltrans0.ltrans.o
 .text.register_mods
                0x000000000000329c       0x14 /tmp/cc2D8wFc.ltrans0.ltrans.o
 .text.unregister_code
                0x00000000000032b0       0xb4 /tmp/cc2D8wFc.ltrans0.ltrans.o
 .text.eeconfig_init_quantum
                0x0000000000003364       0xd6 /tmp/cc2D8wFc.ltrans0.ltrans.o
 .text.command_common
                0x000000000000343a      0x170 /tmp/cc2D8wFc.ltrans0.ltrans.o
 .text.register_code
                0x00000000000035aa      0x2d6 /tmp/cc2D8wFc.ltrans0.ltrans.o
 .text.tap_code_delay
                0x0000000000003880       0x30 /tmp/cc2D8wFc.ltrans0.ltrans.o
 .text.tap_code
                0x00000000000038b0       0x12 /tmp/cc2D8wFc.ltrans0.ltrans.o
 .text.send_char_with_delay.constprop.42
                0x00000000000038c2       0xbe /tmp/cc2D8wFc.ltrans0.ltrans.o
 .text.send_string_with_delay_P.constprop.41
                0x0000000000003980       0xbc /tmp/cc2D8wFc.ltrans0.ltrans.o
 .text.perform_space_cadet.constprop.33
                0x0000000000003a3c       0xc2 /tmp/cc2D8wFc.ltrans0.ltrans.o
 .text.send_nibble_wrapper
                0x0000000000003afe       0x38 /tmp/cc2D8wFc.ltrans0.ltrans.o
 .text.register_hex32
                0x0000000000003b36       0x8c /tmp/cc2D8wFc.ltrans0.ltrans.o
 .text.tap_code16
                0x0000000000003bc2       0x8e /tmp/cc2D8wFc.ltrans0.ltrans.o
 .text.process_record
                0x0000000000003c50      0xec6 /tmp/cc2D8wFc.ltrans0.ltrans.o
 .text.waiting_buffer_scan_tap
                0x0000000000004b16       0xb6 /tmp/cc2D8wFc.ltrans0.ltrans.o
 .text.process_tapping
                0x0000000000004bcc      0x2cc /tmp/cc2D8wFc.ltrans0.ltrans.o
 .text.action_exec
                0x0000000000004e98      0x108 /tmp/cc2D8wFc.ltrans0.ltrans.o
 .text.generate_tick_event
                0x0000000000004fa0       0x48 /tmp/cc2D8wFc.ltrans0.ltrans.o
 .text.__vector_11
                0x0000000000004fe8       0x78 /tmp/cc2D8wFc.ltrans0.ltrans.o
                0x0000000000004fe8                __vector_11
 .text.__vector_10
                0x0000000000005060      0x1b0 /tmp/cc2D8wFc.ltrans0.ltrans.o
                0x0000000000005060                __vector_10
 .text.__vector_21
                0x0000000000005210       0x4c /tmp/cc2D8wFc.ltrans0.ltrans.o
                0x0000000000005210                __vector_21
 .text.__vector_12
                0x000000000000525c       0x52 /tmp/cc2D8wFc.ltrans0.ltrans.o
                0x000000000000525c                __vector_12
 .text.startup.main
                0x00000000000052ae      0x8b4 /tmp/cc2D8wFc.ltrans0.ltrans.o
                0x00000000000052ae                main
 .text.sync_recv
                0x0000000000005b62       0x10 .build/obj_redox_rev1_base_ad_rev3/serial.a(serial.o)
 .text.sync_send
                0x0000000000005b72        0xc .build/obj_redox_rev1_base_ad_rev3/serial.a(serial.o)
 .text.serial_read_chunk.constprop.0
                0x0000000000005b7e       0x54 .build/obj_redox_rev1_base_ad_rev3/serial.a(serial.o)
 .text.serial_recive_packet
                0x0000000000005bd2       0x40 .build/obj_redox_rev1_base_ad_rev3/serial.a(serial.o)
 .text.soft_serial_initiator_init
                0x0000000000005c12        0x6 .build/obj_redox_rev1_base_ad_rev3/serial.a(serial.o)
                0x0000000000005c12                soft_serial_initiator_init
 .text.soft_serial_target_init
                0x0000000000005c18       0x12 .build/obj_redox_rev1_base_ad_rev3/serial.a(serial.o)
                0x0000000000005c18                soft_serial_target_init
 .text.serial_write_chunk
                0x0000000000005c2a       0x42 .build/obj_redox_rev1_base_ad_rev3/serial.a(serial.o)
                0x0000000000005c2a                serial_write_chunk
 .text.serial_send_packet
                0x0000000000005c6c       0x32 .build/obj_redox_rev1_base_ad_rev3/serial.a(serial.o)
 .text.__vector_1
                0x0000000000005c9e      0x14c .build/obj_redox_rev1_base_ad_rev3/serial.a(serial.o)
                0x0000000000005c9e                __vector_1
 .text.soft_serial_transaction
                0x0000000000005dea       0xee .build/obj_redox_rev1_base_ad_rev3/serial.a(serial.o)
                0x0000000000005dea                soft_serial_transaction
 .text.libgcc.prologue
                0x0000000000005ed8       0x38 /usr/lib/gcc/avr/7.3.0/avr5/libgcc.a(_prologue.o)
                0x0000000000005ed8                __prologue_saves__
 .text.libgcc.prologue
                0x0000000000005f10       0x36 /usr/lib/gcc/avr/7.3.0/avr5/libgcc.a(_epilogue.o)
                0x0000000000005f10                __epilogue_restores__
 .text.avr-libc
                0x0000000000005f46       0xb8 /usr/lib/gcc/avr/7.3.0/../../../avr/lib/avr5/libc.a(rand.o)
                0x0000000000005fd8                rand_r
                0x0000000000005fde                rand
                0x0000000000005fe8                srand
 .text.avr-libc
                0x0000000000005ffe       0x10 /usr/lib/gcc/avr/7.3.0/../../../avr/lib/avr5/libatmega32u4.a(eerd_byte.o)
                0x0000000000005ffe                eeprom_read_byte
 .text.avr-libc
                0x000000000000600e        0xc /usr/lib/gcc/avr/7.3.0/../../../avr/lib/avr5/libatmega32u4.a(eerd_dword.o)
                0x000000000000600e                eeprom_read_dword
                0x000000000000600e                eeprom_read_float
 .text.avr-libc
                0x000000000000601a        0xc /usr/lib/gcc/avr/7.3.0/../../../avr/lib/avr5/libatmega32u4.a(eerd_word.o)
                0x000000000000601a                eeprom_read_word
 .text.avr-libc
                0x0000000000006026       0x20 /usr/lib/gcc/avr/7.3.0/../../../avr/lib/avr5/libatmega32u4.a(eeupd_block.o)
                0x0000000000006026                eeprom_update_block
 .text.avr-libc
                0x0000000000006046       0x24 /usr/lib/gcc/avr/7.3.0/../../../avr/lib/avr5/libatmega32u4.a(eeupd_byte.o)
                0x0000000000006046                eeprom_update_byte
                0x0000000000006048                eeprom_update_r18
 .text.avr-libc
                0x000000000000606a       0x18 /usr/lib/gcc/avr/7.3.0/../../../avr/lib/avr5/libatmega32u4.a(eeupd_dword.o)
                0x000000000000606a                eeprom_update_dword
                0x000000000000606a                eeprom_update_float
 .text.avr-libc
                0x0000000000006082        0xc /usr/lib/gcc/avr/7.3.0/../../../avr/lib/avr5/libatmega32u4.a(eeupd_word.o)
                0x0000000000006082                eeprom_update_word
 .text.avr-libc
                0x000000000000608e       0x20 /usr/lib/gcc/avr/7.3.0/../../../avr/lib/avr5/libatmega32u4.a(eerd_block.o)
                0x000000000000608e                eeprom_read_block
                0x0000000000006092                eeprom_read_blraw
 .text.libgcc.div
                0x00000000000060ae       0x2e /usr/lib/gcc/avr/7.3.0/avr5/libgcc.a(_divmodsi4.o)
                0x00000000000060ae                __divmodsi4
 .text.libgcc.div
                0x00000000000060dc       0x10 /usr/lib/gcc/avr/7.3.0/avr5/libgcc.a(_negsi2.o)
                0x00000000000060dc                __negsi2
 .text.libgcc.mul
                0x00000000000060ec       0x16 /usr/lib/gcc/avr/7.3.0/avr5/libgcc.a(_muluhisi3.o)
                0x00000000000060ec                __muluhisi3
 .text.libgcc.mul
                0x0000000000006102       0x10 /usr/lib/gcc/avr/7.3.0/avr5/libgcc.a(_mulshisi3.o)
                0x0000000000006102                __mulshisi3
                0x0000000000006108                __mulohisi3
 .text.libgcc.div
                0x0000000000006112       0x44 /usr/lib/gcc/avr/7.3.0/avr5/libgcc.a(_udivmodsi4.o)
                0x0000000000006112                __udivmodsi4
 .text.libgcc.mul
                0x0000000000006156       0x1e /usr/lib/gcc/avr/7.3.0/avr5/libgcc.a(_umulhisi3.o)
                0x0000000000006156                __umulhisi3
 .text.libgcc.div
                0x0000000000006174       0x18 /usr/lib/gcc/avr/7.3.0/avr5/libgcc.a(_udivmodqi4.o)
                0x0000000000006174                __udivmodqi4
 .text.libgcc.div
                0x000000000000618c       0x1c /usr/lib/gcc/avr/7.3.0/avr5/libgcc.a(_divmodqi4.o)
                0x000000000000618c                __divmodqi4
 .text.libgcc.div
                0x00000000000061a8       0x28 /usr/lib/gcc/avr/7.3.0/avr5/libgcc.a(_udivmodhi4.o)
                0x00000000000061a8                __udivmodhi4
 .text.libgcc.div
                0x00000000000061d0       0x28 /usr/lib/gcc/avr/7.3.0/avr5/libgcc.a(_divmodhi4.o)
                0x00000000000061d0                __divmodhi4
                0x00000000000061d0                _div
 .text.libgcc   0x00000000000061f8        0xc /usr/lib/gcc/avr/7.3.0/avr5/libgcc.a(_tablejump2.o)
                0x00000000000061f8                __tablejump2__
 .text.libgcc.mul
                0x0000000000006204       0x10 /usr/lib/gcc/avr/7.3.0/avr5/libgcc.a(_mulhisi3.o)
                0x0000000000006204                __mulhisi3
 .text.libgcc.mul
                0x0000000000006214        0xe /usr/lib/gcc/avr/7.3.0/avr5/libgcc.a(_usmulhisi3.o)
                0x0000000000006214                __usmulhisi3
                0x0000000000006218                __usmulhisi3_tail
 .text.libgcc.builtins
                0x0000000000006222       0x32 /usr/lib/gcc/avr/7.3.0/avr5/libgcc.a(_ashldi3.o)
                0x0000000000006222                __ashldi3
 .text.libgcc.builtins
                0x0000000000006254       0x3a /usr/lib/gcc/avr/7.3.0/avr5/libgcc.a(_ashrdi3.o)
                0x0000000000006254                __ashrdi3
                0x0000000000006258                __lshrdi3
 .text.avr-libc
                0x000000000000628e       0x1a /usr/lib/gcc/avr/7.3.0/../../../avr/lib/avr5/libc.a(memchr.o)
                0x000000000000628e                memchr
 .text.avr-libc
                0x00000000000062a8       0x1a /usr/lib/gcc/avr/7.3.0/../../../avr/lib/avr5/libc.a(memcmp.o)
                0x00000000000062a8                memcmp
 .text.avr-libc
                0x00000000000062c2       0x12 /usr/lib/gcc/avr/7.3.0/../../../avr/lib/avr5/libc.a(memcpy.o)
                0x00000000000062c2                memcpy
                0x00000000000062d4                . = ALIGN (0x2)
 *(.fini9)
 .fini9         0x00000000000062d4        0x0 /usr/lib/gcc/avr/7.3.0/avr5/libgcc.a(_exit.o)
                0x00000000000062d4                exit
                0x00000000000062d4                _exit
 *(.fini9)
 *(.fini8)
 *(.fini8)
 *(.fini7)
 *(.fini7)
 *(.fini6)
 *(.fini6)
 *(.fini5)
 *(.fini5)
 *(.fini4)
 *(.fini4)
 *(.fini3)
 *(.fini3)
 *(.fini2)
 *(.fini2)
 *(.fini1)
 *(.fini1)
 *(.fini0)
 .fini0         0x00000000000062d4        0x4 /usr/lib/gcc/avr/7.3.0/avr5/libgcc.a(_exit.o)
 *(.fini0)
                0x00000000000062d8                _etext = .

.data           0x0000000000800100       0xba load address 0x00000000000062d8
                0x0000000000800100                PROVIDE (__data_start, .)
 *(.data)
 .data          0x0000000000800100        0x4 /usr/lib/gcc/avr/7.3.0/../../../avr/lib/avr5/libc.a(rand.o)
 *(.data*)
 .data.split_transaction_table
                0x0000000000800104       0x20 /tmp/cc2D8wFc.ltrans0.ltrans.o
                0x0000000000800104                split_transaction_table
 .data.isLeftHand
                0x0000000000800124        0x1 /tmp/cc2D8wFc.ltrans0.ltrans.o
 .data.lufa_driver
                0x0000000000800125        0xa /tmp/cc2D8wFc.ltrans0.ltrans.o
 .data.mk_delay
                0x000000000080012f        0x1 /tmp/cc2D8wFc.ltrans0.ltrans.o
 .data.mk_interval
                0x0000000000800130        0x1 /tmp/cc2D8wFc.ltrans0.ltrans.o
 .data.static_effect_table
                0x0000000000800131        0xb /tmp/cc2D8wFc.ltrans0.ltrans.o
 .data.increment.3599
                0x000000000080013c        0x1 /tmp/cc2D8wFc.ltrans0.ltrans.o
 .data.high_bound.3598
                0x000000000080013d        0x1 /tmp/cc2D8wFc.ltrans0.ltrans.o
 .data.increment.3611
                0x000000000080013e        0x1 /tmp/cc2D8wFc.ltrans0.ltrans.o
 .data.mk_time_to_max
                0x000000000080013f        0x1 /tmp/cc2D8wFc.ltrans0.ltrans.o
 .data.mk_max_speed
                0x0000000000800140        0x1 /tmp/cc2D8wFc.ltrans0.ltrans.o
 .data.mk_wheel_time_to_max
                0x0000000000800141        0x1 /tmp/cc2D8wFc.ltrans0.ltrans.o
 .data.mk_wheel_max_speed
                0x0000000000800142        0x1 /tmp/cc2D8wFc.ltrans0.ltrans.o
 .data.keyboard_protocol
                0x0000000000800143        0x1 /tmp/cc2D8wFc.ltrans0.ltrans.o
 *(.gnu.linkonce.d*)
 *(.rodata)
 *(.rodata*)
 .rodata.CSWTCH.9
                0x0000000000800144        0x3 /tmp/cc2D8wFc.ltrans0.ltrans.o
 .rodata.CSWTCH.11
                0x0000000000800147       0x36 /tmp/cc2D8wFc.ltrans0.ltrans.o
 .rodata.split_shmem
                0x000000000080017d        0x2 /tmp/cc2D8wFc.ltrans0.ltrans.o
                0x000000000080017d                split_shmem
 .rodata.row_pins
                0x000000000080017f        0x5 /tmp/cc2D8wFc.ltrans0.ltrans.o
 .rodata.col_pins
                0x0000000000800184        0x7 /tmp/cc2D8wFc.ltrans0.ltrans.o
 .rodata.mode_base_table
                0x000000000080018b       0x2b /tmp/cc2D8wFc.ltrans0.ltrans.o
 .rodata.selected
                0x00000000008001b6        0x3 /tmp/cc2D8wFc.ltrans0.ltrans.o
 *(.gnu.linkonce.r*)
                0x00000000008001ba                . = ALIGN (0x2)
 *fill*         0x00000000008001b9        0x1 
                0x00000000008001ba                _edata = .
                0x00000000008001ba                PROVIDE (__data_end, .)

.bss            0x00000000008001ba      0x1e5
                0x00000000008001ba                PROVIDE (__bss_start, .)
 *(.bss)
 .bss           0x00000000008001ba        0x2 .build/obj_redox_rev1_base_ad_rev3/platforms/avr/xprintf.o
                0x00000000008001ba                xfunc_out
 *(.bss*)
 .bss.__compound_literal.0
                0x00000000008001bc        0x8 /tmp/cc2D8wFc.ltrans0.ltrans.o
 .bss.__compound_literal.1
                0x00000000008001c4       0x20 /tmp/cc2D8wFc.ltrans0.ltrans.o
 .bss.shift_held
                0x00000000008001e4        0x1 /tmp/cc2D8wFc.ltrans0.ltrans.o
 .bss.unicode_saved_mods
                0x00000000008001e5        0x1 /tmp/cc2D8wFc.ltrans0.ltrans.o
 .bss.unicode_saved_led_state
                0x00000000008001e6        0x1 /tmp/cc2D8wFc.ltrans0.ltrans.o
 .bss.grave_esc_was_shifted
                0x00000000008001e7        0x1 /tmp/cc2D8wFc.ltrans0.ltrans.o
 .bss.oneshot_locked_mods
                0x00000000008001e8        0x1 /tmp/cc2D8wFc.ltrans0.ltrans.o
 .bss.pp.5400   0x00000000008001e9        0x2 /tmp/cc2D8wFc.ltrans0.ltrans.o
 .bss.param.5399
                0x00000000008001eb        0x1 /tmp/cc2D8wFc.ltrans0.ltrans.o
 .bss.source_layers_cache
                0x00000000008001ec       0x24 /tmp/cc2D8wFc.ltrans0.ltrans.o
 .bss.tapping_key
                0x0000000000800210        0x7 /tmp/cc2D8wFc.ltrans0.ltrans.o
 .bss.oneshot_layer_data
                0x0000000000800217        0x1 /tmp/cc2D8wFc.ltrans0.ltrans.o
 .bss.oneshot_mods
                0x0000000000800218        0x1 /tmp/cc2D8wFc.ltrans0.ltrans.o
 .bss.last_report.4338
                0x0000000000800219       0x20 /tmp/cc2D8wFc.ltrans0.ltrans.o
 .bss.last_report.4334
                0x0000000000800239        0x8 /tmp/cc2D8wFc.ltrans0.ltrans.o
 .bss.default_layer_state
                0x0000000000800241        0x2 /tmp/cc2D8wFc.ltrans0.ltrans.o
 .bss.last_tick.4765
                0x0000000000800243        0x2 /tmp/cc2D8wFc.ltrans0.ltrans.o
 .bss.debouncing_time
                0x0000000000800245        0x2 /tmp/cc2D8wFc.ltrans0.ltrans.o
 .bss.debouncing
                0x0000000000800247        0x1 /tmp/cc2D8wFc.ltrans0.ltrans.o
 .bss.connection_check_timer.4324
                0x0000000000800248        0x2 /tmp/cc2D8wFc.ltrans0.ltrans.o
 .bss.last_sync_timer.4903
                0x000000000080024a        0x4 /tmp/cc2D8wFc.ltrans0.ltrans.o
 .bss.last_connected.4494
                0x000000000080024e        0x1 /tmp/cc2D8wFc.ltrans0.ltrans.o
 .bss.last_matrix.4885
                0x000000000080024f        0x5 /tmp/cc2D8wFc.ltrans0.ltrans.o
 .bss.last_update.4884
                0x0000000000800254        0x4 /tmp/cc2D8wFc.ltrans0.ltrans.o
 .bss.last_update.4896
                0x0000000000800258        0x4 /tmp/cc2D8wFc.ltrans0.ltrans.o
 .bss.shared_memory
                0x000000000080025c       0x15 /tmp/cc2D8wFc.ltrans0.ltrans.o
 .bss.last_update.4908
                0x0000000000800271        0x4 /tmp/cc2D8wFc.ltrans0.ltrans.o
 .bss.connection_errors
                0x0000000000800275        0x1 /tmp/cc2D8wFc.ltrans0.ltrans.o
 .bss.sync_timer_ms
                0x0000000000800276        0x4 /tmp/cc2D8wFc.ltrans0.ltrans.o
 .bss.raw_matrix
                0x000000000080027a        0xa /tmp/cc2D8wFc.ltrans0.ltrans.o
 .bss.thatHand  0x0000000000800284        0x1 /tmp/cc2D8wFc.ltrans0.ltrans.o
 .bss.thisHand  0x0000000000800285        0x1 /tmp/cc2D8wFc.ltrans0.ltrans.o
 .bss.layer_state
                0x0000000000800286        0x2 /tmp/cc2D8wFc.ltrans0.ltrans.o
 .bss.is_rgblight_initialized
                0x0000000000800288        0x1 /tmp/cc2D8wFc.ltrans0.ltrans.o
 .bss.matrix    0x0000000000800289        0xa /tmp/cc2D8wFc.ltrans0.ltrans.o
 .bss.matrix_previous.4772
                0x0000000000800293        0xa /tmp/cc2D8wFc.ltrans0.ltrans.o
 .bss.tap_dance_actions
                0x000000000080029d        0x0 /tmp/cc2D8wFc.ltrans0.ltrans.o
 .bss.last_tap_time
                0x000000000080029d        0x2 /tmp/cc2D8wFc.ltrans0.ltrans.o
 .bss.report_last_timer.3548
                0x000000000080029f        0x2 /tmp/cc2D8wFc.ltrans0.ltrans.o
 .bss.tick_flag.3549
                0x00000000008002a1        0x1 /tmp/cc2D8wFc.ltrans0.ltrans.o
 .bss.last_led_status.3613
                0x00000000008002a2        0x1 /tmp/cc2D8wFc.ltrans0.ltrans.o
 .bss.animation_status
                0x00000000008002a3        0x6 /tmp/cc2D8wFc.ltrans0.ltrans.o
 .bss.rgblight_status
                0x00000000008002a9        0x3 /tmp/cc2D8wFc.ltrans0.ltrans.o
 .bss.pos.3581  0x00000000008002ac        0x1 /tmp/cc2D8wFc.ltrans0.ltrans.o
 .bss.low_bound.3597
                0x00000000008002ad        0x1 /tmp/cc2D8wFc.ltrans0.ltrans.o
 .bss.maxval.3626
                0x00000000008002ae        0x1 /tmp/cc2D8wFc.ltrans0.ltrans.o
 .bss.led       0x00000000008002af       0x2a /tmp/cc2D8wFc.ltrans0.ltrans.o
 .bss.led_twinkle_state
                0x00000000008002d9       0x46 /tmp/cc2D8wFc.ltrans0.ltrans.o
 .bss.rgblight_config
                0x000000000080031f        0x8 /tmp/cc2D8wFc.ltrans0.ltrans.o
 .bss.selected_index
                0x0000000000800327        0x1 /tmp/cc2D8wFc.ltrans0.ltrans.o
 .bss.unicode_config
                0x0000000000800328        0x1 /tmp/cc2D8wFc.ltrans0.ltrans.o
 .bss.command_state
                0x0000000000800329        0x1 /tmp/cc2D8wFc.ltrans0.ltrans.o
 .bss.debug_config
                0x000000000080032a        0x1 /tmp/cc2D8wFc.ltrans0.ltrans.o
 .bss.mousekey_repeat
                0x000000000080032b        0x1 /tmp/cc2D8wFc.ltrans0.ltrans.o
 .bss.mousekey_wheel_repeat
                0x000000000080032c        0x1 /tmp/cc2D8wFc.ltrans0.ltrans.o
 .bss.mousekey_accel
                0x000000000080032d        0x1 /tmp/cc2D8wFc.ltrans0.ltrans.o
 .bss.last_timer_w
                0x000000000080032e        0x2 /tmp/cc2D8wFc.ltrans0.ltrans.o
 .bss.last_timer_c
                0x0000000000800330        0x2 /tmp/cc2D8wFc.ltrans0.ltrans.o
 .bss.mouse_report
                0x0000000000800332        0x6 /tmp/cc2D8wFc.ltrans0.ltrans.o
 .bss.weak_mods
                0x0000000000800338        0x1 /tmp/cc2D8wFc.ltrans0.ltrans.o
 .bss.real_mods
                0x0000000000800339        0x1 /tmp/cc2D8wFc.ltrans0.ltrans.o
 .bss.active_td
                0x000000000080033a        0x2 /tmp/cc2D8wFc.ltrans0.ltrans.o
 .bss.split_config
                0x000000000080033c        0x2 /tmp/cc2D8wFc.ltrans0.ltrans.o
 .bss.last_system_usage
                0x000000000080033e        0x2 /tmp/cc2D8wFc.ltrans0.ltrans.o
 .bss.driver    0x0000000000800340        0x2 /tmp/cc2D8wFc.ltrans0.ltrans.o
 .bss.last_consumer_usage
                0x0000000000800342        0x2 /tmp/cc2D8wFc.ltrans0.ltrans.o
 .bss.keymap_config
                0x0000000000800344        0x2 /tmp/cc2D8wFc.ltrans0.ltrans.o
 .bss.wdt_timeout
                0x0000000000800346        0x1 /tmp/cc2D8wFc.ltrans0.ltrans.o
 .bss.timer_count
                0x0000000000800347        0x4 /tmp/cc2D8wFc.ltrans0.ltrans.o
 .bss.USB_IsInitialized
                0x000000000080034b        0x1 /tmp/cc2D8wFc.ltrans0.ltrans.o
 .bss.keyboard_idle
                0x000000000080034c        0x1 /tmp/cc2D8wFc.ltrans0.ltrans.o
 .bss.keyboard_led_state
                0x000000000080034d        0x1 /tmp/cc2D8wFc.ltrans0.ltrans.o
 .bss.keyboard_report_sent
                0x000000000080034e        0x8 /tmp/cc2D8wFc.ltrans0.ltrans.o
 .bss.USB_Device_CurrentlySelfPowered
                0x0000000000800356        0x1 /tmp/cc2D8wFc.ltrans0.ltrans.o
 .bss.USB_Device_RemoteWakeupEnabled
                0x0000000000800357        0x1 /tmp/cc2D8wFc.ltrans0.ltrans.o
 .bss.USB_DeviceState
                0x0000000000800358        0x1 /tmp/cc2D8wFc.ltrans0.ltrans.o
 .bss.USB_Device_ConfigurationNumber
                0x0000000000800359        0x1 /tmp/cc2D8wFc.ltrans0.ltrans.o
 .bss.USB_ControlRequest
                0x000000000080035a        0x8 /tmp/cc2D8wFc.ltrans0.ltrans.o
 .bss.waiting_buffer_head
                0x0000000000800362        0x1 /tmp/cc2D8wFc.ltrans0.ltrans.o
 .bss.waiting_buffer
                0x0000000000800363       0x38 /tmp/cc2D8wFc.ltrans0.ltrans.o
 .bss.waiting_buffer_tail
                0x000000000080039b        0x1 /tmp/cc2D8wFc.ltrans0.ltrans.o
 .bss.sc_timer  0x000000000080039c        0x2 /tmp/cc2D8wFc.ltrans0.ltrans.o
 .bss.sc_last   0x000000000080039e        0x1 /tmp/cc2D8wFc.ltrans0.ltrans.o
 *(COMMON)
                0x000000000080039f                PROVIDE (__bss_end, .)
                0x00000000000062d8                __data_load_start = LOADADDR (.data)
                0x0000000000006392                __data_load_end = (__data_load_start + SIZEOF (.data))

.noinit         0x000000000080039f        0x0
                [!provide]                        PROVIDE (__noinit_start, .)
 *(.noinit*)
                [!provide]                        PROVIDE (__noinit_end, .)
                0x000000000080039f                _end = .
                [!provide]                        PROVIDE (__heap_start, .)

.eeprom         0x0000000000810000        0x0
 *(.eeprom*)
                0x0000000000810000                __eeprom_end = .

.fuse
 *(.fuse)
 *(.lfuse)
 *(.hfuse)
 *(.efuse)

.lock
 *(.lock*)

.signature
 *(.signature*)

.user_signatures
 *(.user_signatures*)

.stab
 *(.stab)

.stabstr
 *(.stabstr)

.stab.excl
 *(.stab.excl)

.stab.exclstr
 *(.stab.exclstr)

.stab.index
 *(.stab.index)

.stab.indexstr
 *(.stab.indexstr)

.comment        0x0000000000000000       0x11
 *(.comment)
 .comment       0x0000000000000000       0x12 /tmp/cc2D8wFc.ltrans0.ltrans.o
 .comment       0x0000000000000000       0x11 .build/obj_redox_rev1_base_ad_rev3/serial.a(serial.o)
                                         0x12 (size before relaxing)
 .comment       0x0000000000000011       0x12 /usr/lib/gcc/avr/7.3.0/../../../avr/lib/avr5/libc.a(rand.o)

.note.gnu.avr.deviceinfo
                0x0000000000000000       0x40
 .note.gnu.avr.deviceinfo
                0x0000000000000000       0x40 /usr/lib/gcc/avr/7.3.0/../../../avr/lib/avr5/crtatmega32u4.o

.note.gnu.build-id
 *(.note.gnu.build-id)

.debug
 *(.debug)

.line
 *(.line)

.debug_srcinfo
 *(.debug_srcinfo)

.debug_sfnames
 *(.debug_sfnames)

.debug_aranges  0x0000000000000000      0x480
 *(.debug_aranges)
 .debug_aranges
                0x0000000000000000      0x418 /tmp/cc2D8wFc.ltrans0.ltrans.o
 .debug_aranges
                0x0000000000000418       0x68 .build/obj_redox_rev1_base_ad_rev3/serial.a(serial.o)

.debug_pubnames
 *(.debug_pubnames)

.debug_info     0x0000000000000000     0xe357
 *(.debug_info .gnu.linkonce.wi.*)
 .debug_info    0x0000000000000000      0x9f4 /usr/lib/gcc/avr/7.3.0/../../../avr/lib/avr5/crtatmega32u4.o
 .debug_info    0x00000000000009f4     0xc8c6 /tmp/cc2D8wFc.ltrans0.ltrans.o
 .debug_info    0x000000000000d2ba     0x109d .build/obj_redox_rev1_base_ad_rev3/serial.a(serial.o)

.debug_abbrev   0x0000000000000000     0x165e
 *(.debug_abbrev)
 .debug_abbrev  0x0000000000000000      0x96a /usr/lib/gcc/avr/7.3.0/../../../avr/lib/avr5/crtatmega32u4.o
 .debug_abbrev  0x000000000000096a      0x8da /tmp/cc2D8wFc.ltrans0.ltrans.o
 .debug_abbrev  0x0000000000001244      0x41a .build/obj_redox_rev1_base_ad_rev3/serial.a(serial.o)

.debug_line     0x0000000000000000     0x58f4
 *(.debug_line .debug_line.* .debug_line_end)
 .debug_line    0x0000000000000000       0x1a /usr/lib/gcc/avr/7.3.0/../../../avr/lib/avr5/crtatmega32u4.o
 .debug_line    0x000000000000001a     0x5345 /tmp/cc2D8wFc.ltrans0.ltrans.o
 .debug_line    0x000000000000535f      0x595 .build/obj_redox_rev1_base_ad_rev3/serial.a(serial.o)

.debug_frame    0x0000000000000000      0xdd8
 *(.debug_frame)
 .debug_frame   0x0000000000000000      0xc84 /tmp/cc2D8wFc.ltrans0.ltrans.o
 .debug_frame   0x0000000000000c84      0x154 .build/obj_redox_rev1_base_ad_rev3/serial.a(serial.o)

.debug_str      0x0000000000000000     0x44b5
 *(.debug_str)
 .debug_str     0x0000000000000000      0x371 /usr/lib/gcc/avr/7.3.0/../../../avr/lib/avr5/crtatmega32u4.o
 .debug_str     0x0000000000000371     0x39ae /tmp/cc2D8wFc.ltrans0.ltrans.o
                                       0x4355 (size before relaxing)
 .debug_str     0x0000000000003d1f      0x796 .build/obj_redox_rev1_base_ad_rev3/serial.a(serial.o)
                                        0x8ff (size before relaxing)

.debug_loc      0x0000000000000000     0x9227
 *(.debug_loc)
 .debug_loc     0x0000000000000000     0x88d4 /tmp/cc2D8wFc.ltrans0.ltrans.o
 .debug_loc     0x00000000000088d4      0x953 .build/obj_redox_rev1_base_ad_rev3/serial.a(serial.o)

.debug_macinfo
 *(.debug_macinfo)

.debug_weaknames
 *(.debug_weaknames)

.debug_funcnames
 *(.debug_funcnames)

.debug_typenames
 *(.debug_typenames)

.debug_varnames
 *(.debug_varnames)

.debug_pubtypes
 *(.debug_pubtypes)

.debug_ranges   0x0000000000000000     0x15d8
 *(.debug_ranges)
 .debug_ranges  0x0000000000000000     0x1518 /tmp/cc2D8wFc.ltrans0.ltrans.o
 .debug_ranges  0x0000000000001518       0xc0 .build/obj_redox_rev1_base_ad_rev3/serial.a(serial.o)

.debug_macro
 *(.debug_macro)
OUTPUT(.build/redox_rev1_base_ad_rev3.elf elf32-avr)
LOAD linker stubs

Cross Reference Table

Symbol                                            File
CALLBACK_HIDParser_FilterHIDReportItem            .build/obj_redox_rev1_base_ad_rev3/lib/lufa/LUFA/Drivers/USB/Class/Common/HIDParser.o (symbol from plugin)
CALLBACK_USB_GetDescriptor                        .build/obj_redox_rev1_base_ad_rev3/lufa.o (symbol from plugin)
                                                  .build/obj_redox_rev1_base_ad_rev3/lib/lufa/LUFA/Drivers/USB/Core/DeviceStandardReq.o (symbol from plugin)
CIE1931_CURVE                                     .build/obj_redox_rev1_base_ad_rev3/quantum/led_tables.o (symbol from plugin)
                                                  .build/obj_redox_rev1_base_ad_rev3/quantum/color.o (symbol from plugin)
ConfigurationDescriptor                           .build/obj_redox_rev1_base_ad_rev3/usb_descriptor.o (symbol from plugin)
DeviceDescriptor                                  .build/obj_redox_rev1_base_ad_rev3/usb_descriptor.o (symbol from plugin)
EVENT_USB_Device_ConfigurationChanged             .build/obj_redox_rev1_base_ad_rev3/lufa.o (symbol from plugin)
                                                  .build/obj_redox_rev1_base_ad_rev3/lib/lufa/LUFA/Drivers/USB/Core/DeviceStandardReq.o (symbol from plugin)
EVENT_USB_Device_Connect                          .build/obj_redox_rev1_base_ad_rev3/lufa.o (symbol from plugin)
                                                  .build/obj_redox_rev1_base_ad_rev3/lib/lufa/LUFA/Drivers/USB/Core/AVR8/USBInterrupt_AVR8.o (symbol from plugin)
EVENT_USB_Device_ControlRequest                   .build/obj_redox_rev1_base_ad_rev3/lufa.o (symbol from plugin)
                                                  .build/obj_redox_rev1_base_ad_rev3/lib/lufa/LUFA/Drivers/USB/Core/DeviceStandardReq.o (symbol from plugin)
EVENT_USB_Device_Disconnect                       .build/obj_redox_rev1_base_ad_rev3/lufa.o (symbol from plugin)
                                                  .build/obj_redox_rev1_base_ad_rev3/lib/lufa/LUFA/Drivers/USB/Core/AVR8/USBInterrupt_AVR8.o (symbol from plugin)
EVENT_USB_Device_Reset                            .build/obj_redox_rev1_base_ad_rev3/lufa.o (symbol from plugin)
                                                  .build/obj_redox_rev1_base_ad_rev3/lib/lufa/LUFA/Drivers/USB/Core/AVR8/USBInterrupt_AVR8.o (symbol from plugin)
EVENT_USB_Device_StartOfFrame                     .build/obj_redox_rev1_base_ad_rev3/lib/lufa/LUFA/Drivers/USB/Core/Events.o (symbol from plugin)
                                                  .build/obj_redox_rev1_base_ad_rev3/lib/lufa/LUFA/Drivers/USB/Core/AVR8/USBInterrupt_AVR8.o (symbol from plugin)
EVENT_USB_Device_Suspend                          .build/obj_redox_rev1_base_ad_rev3/lufa.o (symbol from plugin)
                                                  .build/obj_redox_rev1_base_ad_rev3/lib/lufa/LUFA/Drivers/USB/Core/AVR8/USBInterrupt_AVR8.o (symbol from plugin)
EVENT_USB_Device_WakeUp                           .build/obj_redox_rev1_base_ad_rev3/lufa.o (symbol from plugin)
                                                  .build/obj_redox_rev1_base_ad_rev3/lib/lufa/LUFA/Drivers/USB/Core/AVR8/USBInterrupt_AVR8.o (symbol from plugin)
Endpoint_ClearEndpoints                           .build/obj_redox_rev1_base_ad_rev3/lib/lufa/LUFA/Drivers/USB/Core/AVR8/Endpoint_AVR8.o (symbol from plugin)
Endpoint_ClearStatusStage                         .build/obj_redox_rev1_base_ad_rev3/lib/lufa/LUFA/Drivers/USB/Core/AVR8/Endpoint_AVR8.o (symbol from plugin)
                                                  .build/obj_redox_rev1_base_ad_rev3/lib/lufa/LUFA/Drivers/USB/Core/DeviceStandardReq.o (symbol from plugin)
                                                  .build/obj_redox_rev1_base_ad_rev3/lufa.o (symbol from plugin)
Endpoint_ConfigureEndpointTable                   .build/obj_redox_rev1_base_ad_rev3/lib/lufa/LUFA/Drivers/USB/Core/AVR8/Endpoint_AVR8.o (symbol from plugin)
Endpoint_ConfigureEndpoint_Prv                    .build/obj_redox_rev1_base_ad_rev3/lib/lufa/LUFA/Drivers/USB/Core/AVR8/Endpoint_AVR8.o (symbol from plugin)
                                                  .build/obj_redox_rev1_base_ad_rev3/lib/lufa/LUFA/Drivers/USB/Core/AVR8/USBInterrupt_AVR8.o (symbol from plugin)
                                                  .build/obj_redox_rev1_base_ad_rev3/lib/lufa/LUFA/Drivers/USB/Core/AVR8/USBController_AVR8.o (symbol from plugin)
                                                  .build/obj_redox_rev1_base_ad_rev3/lufa.o (symbol from plugin)
Endpoint_Discard_Stream                           .build/obj_redox_rev1_base_ad_rev3/lib/lufa/LUFA/Drivers/USB/Core/AVR8/EndpointStream_AVR8.o (symbol from plugin)
Endpoint_Null_Stream                              .build/obj_redox_rev1_base_ad_rev3/lib/lufa/LUFA/Drivers/USB/Core/AVR8/EndpointStream_AVR8.o (symbol from plugin)
Endpoint_Read_Control_EStream_BE                  .build/obj_redox_rev1_base_ad_rev3/lib/lufa/LUFA/Drivers/USB/Core/AVR8/EndpointStream_AVR8.o (symbol from plugin)
Endpoint_Read_Control_EStream_LE                  .build/obj_redox_rev1_base_ad_rev3/lib/lufa/LUFA/Drivers/USB/Core/AVR8/EndpointStream_AVR8.o (symbol from plugin)
Endpoint_Read_Control_Stream_BE                   .build/obj_redox_rev1_base_ad_rev3/lib/lufa/LUFA/Drivers/USB/Core/AVR8/EndpointStream_AVR8.o (symbol from plugin)
Endpoint_Read_Control_Stream_LE                   .build/obj_redox_rev1_base_ad_rev3/lib/lufa/LUFA/Drivers/USB/Core/AVR8/EndpointStream_AVR8.o (symbol from plugin)
Endpoint_Read_EStream_BE                          .build/obj_redox_rev1_base_ad_rev3/lib/lufa/LUFA/Drivers/USB/Core/AVR8/EndpointStream_AVR8.o (symbol from plugin)
Endpoint_Read_EStream_LE                          .build/obj_redox_rev1_base_ad_rev3/lib/lufa/LUFA/Drivers/USB/Core/AVR8/EndpointStream_AVR8.o (symbol from plugin)
Endpoint_Read_Stream_BE                           .build/obj_redox_rev1_base_ad_rev3/lib/lufa/LUFA/Drivers/USB/Core/AVR8/EndpointStream_AVR8.o (symbol from plugin)
Endpoint_Read_Stream_LE                           .build/obj_redox_rev1_base_ad_rev3/lib/lufa/LUFA/Drivers/USB/Core/AVR8/EndpointStream_AVR8.o (symbol from plugin)
Endpoint_WaitUntilReady                           .build/obj_redox_rev1_base_ad_rev3/lib/lufa/LUFA/Drivers/USB/Core/AVR8/Endpoint_AVR8.o (symbol from plugin)
                                                  .build/obj_redox_rev1_base_ad_rev3/lib/lufa/LUFA/Drivers/USB/Core/AVR8/EndpointStream_AVR8.o (symbol from plugin)
Endpoint_Write_Control_EStream_BE                 .build/obj_redox_rev1_base_ad_rev3/lib/lufa/LUFA/Drivers/USB/Core/AVR8/EndpointStream_AVR8.o (symbol from plugin)
Endpoint_Write_Control_EStream_LE                 .build/obj_redox_rev1_base_ad_rev3/lib/lufa/LUFA/Drivers/USB/Core/AVR8/EndpointStream_AVR8.o (symbol from plugin)
Endpoint_Write_Control_PStream_BE                 .build/obj_redox_rev1_base_ad_rev3/lib/lufa/LUFA/Drivers/USB/Core/AVR8/EndpointStream_AVR8.o (symbol from plugin)
Endpoint_Write_Control_PStream_LE                 .build/obj_redox_rev1_base_ad_rev3/lib/lufa/LUFA/Drivers/USB/Core/AVR8/EndpointStream_AVR8.o (symbol from plugin)
                                                  .build/obj_redox_rev1_base_ad_rev3/lib/lufa/LUFA/Drivers/USB/Core/DeviceStandardReq.o (symbol from plugin)
Endpoint_Write_Control_Stream_BE                  .build/obj_redox_rev1_base_ad_rev3/lib/lufa/LUFA/Drivers/USB/Core/AVR8/EndpointStream_AVR8.o (symbol from plugin)
Endpoint_Write_Control_Stream_LE                  .build/obj_redox_rev1_base_ad_rev3/lib/lufa/LUFA/Drivers/USB/Core/AVR8/EndpointStream_AVR8.o (symbol from plugin)
                                                  .build/obj_redox_rev1_base_ad_rev3/lib/lufa/LUFA/Drivers/USB/Core/DeviceStandardReq.o (symbol from plugin)
                                                  .build/obj_redox_rev1_base_ad_rev3/lufa.o (symbol from plugin)
Endpoint_Write_EStream_BE                         .build/obj_redox_rev1_base_ad_rev3/lib/lufa/LUFA/Drivers/USB/Core/AVR8/EndpointStream_AVR8.o (symbol from plugin)
Endpoint_Write_EStream_LE                         .build/obj_redox_rev1_base_ad_rev3/lib/lufa/LUFA/Drivers/USB/Core/AVR8/EndpointStream_AVR8.o (symbol from plugin)
Endpoint_Write_PStream_BE                         .build/obj_redox_rev1_base_ad_rev3/lib/lufa/LUFA/Drivers/USB/Core/AVR8/EndpointStream_AVR8.o (symbol from plugin)
Endpoint_Write_PStream_LE                         .build/obj_redox_rev1_base_ad_rev3/lib/lufa/LUFA/Drivers/USB/Core/AVR8/EndpointStream_AVR8.o (symbol from plugin)
Endpoint_Write_Stream_BE                          .build/obj_redox_rev1_base_ad_rev3/lib/lufa/LUFA/Drivers/USB/Core/AVR8/EndpointStream_AVR8.o (symbol from plugin)
Endpoint_Write_Stream_LE                          .build/obj_redox_rev1_base_ad_rev3/lib/lufa/LUFA/Drivers/USB/Core/AVR8/EndpointStream_AVR8.o (symbol from plugin)
                                                  .build/obj_redox_rev1_base_ad_rev3/lufa.o (symbol from plugin)
KeyboardReport                                    .build/obj_redox_rev1_base_ad_rev3/usb_descriptor.o (symbol from plugin)
LanguageString                                    .build/obj_redox_rev1_base_ad_rev3/usb_descriptor.o (symbol from plugin)
ManufacturerString                                .build/obj_redox_rev1_base_ad_rev3/usb_descriptor.o (symbol from plugin)
ProductString                                     .build/obj_redox_rev1_base_ad_rev3/usb_descriptor.o (symbol from plugin)
RGBLED_BREATHING_INTERVALS                        .build/obj_redox_rev1_base_ad_rev3/quantum/rgblight/rgblight.o (symbol from plugin)
RGBLED_GRADIENT_RANGES                            .build/obj_redox_rev1_base_ad_rev3/quantum/rgblight/rgblight.o (symbol from plugin)
RGBLED_KNIGHT_INTERVALS                           .build/obj_redox_rev1_base_ad_rev3/quantum/rgblight/rgblight.o (symbol from plugin)
RGBLED_RAINBOW_MOOD_INTERVALS                     .build/obj_redox_rev1_base_ad_rev3/quantum/rgblight/rgblight.o (symbol from plugin)
RGBLED_RAINBOW_SWIRL_INTERVALS                    .build/obj_redox_rev1_base_ad_rev3/quantum/rgblight/rgblight.o (symbol from plugin)
RGBLED_RGBTEST_INTERVALS                          .build/obj_redox_rev1_base_ad_rev3/quantum/rgblight/rgblight.o (symbol from plugin)
RGBLED_SNAKE_INTERVALS                            .build/obj_redox_rev1_base_ad_rev3/quantum/rgblight/rgblight.o (symbol from plugin)
RGBLED_TWINKLE_INTERVALS                          .build/obj_redox_rev1_base_ad_rev3/quantum/rgblight/rgblight.o (symbol from plugin)
SharedReport                                      .build/obj_redox_rev1_base_ad_rev3/usb_descriptor.o (symbol from plugin)
USB_ControlRequest                                .build/obj_redox_rev1_base_ad_rev3/lib/lufa/LUFA/Drivers/USB/Core/USBTask.o (symbol from plugin)
                                                  .build/obj_redox_rev1_base_ad_rev3/lib/lufa/LUFA/Drivers/USB/Core/DeviceStandardReq.o (symbol from plugin)
                                                  .build/obj_redox_rev1_base_ad_rev3/lib/lufa/LUFA/Drivers/USB/Core/AVR8/Endpoint_AVR8.o (symbol from plugin)
                                                  .build/obj_redox_rev1_base_ad_rev3/lib/lufa/LUFA/Drivers/USB/Core/AVR8/EndpointStream_AVR8.o (symbol from plugin)
                                                  .build/obj_redox_rev1_base_ad_rev3/lufa.o (symbol from plugin)
USB_DeviceState                                   .build/obj_redox_rev1_base_ad_rev3/lib/lufa/LUFA/Drivers/USB/Core/USBTask.o (symbol from plugin)
                                                  .build/obj_redox_rev1_base_ad_rev3/protocol/lufa/usb_util.o (symbol from plugin)
                                                  .build/obj_redox_rev1_base_ad_rev3/lib/lufa/LUFA/Drivers/USB/Core/DeviceStandardReq.o (symbol from plugin)
                                                  .build/obj_redox_rev1_base_ad_rev3/lib/lufa/LUFA/Drivers/USB/Core/AVR8/USBInterrupt_AVR8.o (symbol from plugin)
                                                  .build/obj_redox_rev1_base_ad_rev3/lib/lufa/LUFA/Drivers/USB/Core/AVR8/USBController_AVR8.o (symbol from plugin)
                                                  .build/obj_redox_rev1_base_ad_rev3/lib/lufa/LUFA/Drivers/USB/Core/AVR8/Endpoint_AVR8.o (symbol from plugin)
                                                  .build/obj_redox_rev1_base_ad_rev3/lib/lufa/LUFA/Drivers/USB/Core/AVR8/EndpointStream_AVR8.o (symbol from plugin)
                                                  .build/obj_redox_rev1_base_ad_rev3/lufa.o (symbol from plugin)
                                                  .build/obj_redox_rev1_base_ad_rev3/platforms/avr/suspend.o (symbol from plugin)
USB_Device_ConfigurationNumber                    .build/obj_redox_rev1_base_ad_rev3/lib/lufa/LUFA/Drivers/USB/Core/DeviceStandardReq.o (symbol from plugin)
                                                  .build/obj_redox_rev1_base_ad_rev3/lib/lufa/LUFA/Drivers/USB/Core/AVR8/USBInterrupt_AVR8.o (symbol from plugin)
                                                  .build/obj_redox_rev1_base_ad_rev3/lib/lufa/LUFA/Drivers/USB/Core/AVR8/USBController_AVR8.o (symbol from plugin)
                                                  .build/obj_redox_rev1_base_ad_rev3/lufa.o (symbol from plugin)
USB_Device_CurrentlySelfPowered                   .build/obj_redox_rev1_base_ad_rev3/lib/lufa/LUFA/Drivers/USB/Core/DeviceStandardReq.o (symbol from plugin)
                                                  .build/obj_redox_rev1_base_ad_rev3/lib/lufa/LUFA/Drivers/USB/Core/AVR8/USBController_AVR8.o (symbol from plugin)
USB_Device_ProcessControlRequest                  .build/obj_redox_rev1_base_ad_rev3/lib/lufa/LUFA/Drivers/USB/Core/DeviceStandardReq.o (symbol from plugin)
                                                  .build/obj_redox_rev1_base_ad_rev3/lib/lufa/LUFA/Drivers/USB/Core/USBTask.o (symbol from plugin)
                                                  .build/obj_redox_rev1_base_ad_rev3/lib/lufa/LUFA/Drivers/USB/Core/AVR8/USBInterrupt_AVR8.o (symbol from plugin)
USB_Device_RemoteWakeupEnabled                    .build/obj_redox_rev1_base_ad_rev3/lib/lufa/LUFA/Drivers/USB/Core/DeviceStandardReq.o (symbol from plugin)
                                                  .build/obj_redox_rev1_base_ad_rev3/lib/lufa/LUFA/Drivers/USB/Core/AVR8/USBController_AVR8.o (symbol from plugin)
                                                  .build/obj_redox_rev1_base_ad_rev3/lufa.o (symbol from plugin)
USB_Device_SendRemoteWakeup                       .build/obj_redox_rev1_base_ad_rev3/lib/lufa/LUFA/Drivers/USB/Core/AVR8/Device_AVR8.o (symbol from plugin)
                                                  .build/obj_redox_rev1_base_ad_rev3/lufa.o (symbol from plugin)
USB_Disable                                       .build/obj_redox_rev1_base_ad_rev3/lib/lufa/LUFA/Drivers/USB/Core/AVR8/USBController_AVR8.o (symbol from plugin)
                                                  .build/obj_redox_rev1_base_ad_rev3/protocol/lufa/usb_util.o (symbol from plugin)
                                                  .build/obj_redox_rev1_base_ad_rev3/lufa.o (symbol from plugin)
USB_Event_Stub                                    .build/obj_redox_rev1_base_ad_rev3/lib/lufa/LUFA/Drivers/USB/Core/Events.o (symbol from plugin)
USB_Event_Stub_2                                  .build/obj_redox_rev1_base_ad_rev3/lib/lufa/LUFA/Drivers/USB/Core/Events.o (symbol from plugin)
USB_Event_Stub_3                                  .build/obj_redox_rev1_base_ad_rev3/lib/lufa/LUFA/Drivers/USB/Core/Events.o (symbol from plugin)
USB_GetHIDReportItemInfo                          .build/obj_redox_rev1_base_ad_rev3/lib/lufa/LUFA/Drivers/USB/Class/Common/HIDParser.o (symbol from plugin)
USB_GetHIDReportSize                              .build/obj_redox_rev1_base_ad_rev3/lib/lufa/LUFA/Drivers/USB/Class/Common/HIDParser.o (symbol from plugin)
USB_GetNextDescriptorComp                         .build/obj_redox_rev1_base_ad_rev3/lib/lufa/LUFA/Drivers/USB/Core/ConfigDescriptors.o (symbol from plugin)
USB_GetNextDescriptorOfType                       .build/obj_redox_rev1_base_ad_rev3/lib/lufa/LUFA/Drivers/USB/Core/ConfigDescriptors.o (symbol from plugin)
USB_GetNextDescriptorOfTypeAfter                  .build/obj_redox_rev1_base_ad_rev3/lib/lufa/LUFA/Drivers/USB/Core/ConfigDescriptors.o (symbol from plugin)
USB_GetNextDescriptorOfTypeBefore                 .build/obj_redox_rev1_base_ad_rev3/lib/lufa/LUFA/Drivers/USB/Core/ConfigDescriptors.o (symbol from plugin)
USB_INT_ClearAllInterrupts                        .build/obj_redox_rev1_base_ad_rev3/lib/lufa/LUFA/Drivers/USB/Core/AVR8/USBInterrupt_AVR8.o (symbol from plugin)
                                                  .build/obj_redox_rev1_base_ad_rev3/lib/lufa/LUFA/Drivers/USB/Core/AVR8/USBController_AVR8.o (symbol from plugin)
USB_INT_DisableAllInterrupts                      .build/obj_redox_rev1_base_ad_rev3/lib/lufa/LUFA/Drivers/USB/Core/AVR8/USBInterrupt_AVR8.o (symbol from plugin)
                                                  .build/obj_redox_rev1_base_ad_rev3/lib/lufa/LUFA/Drivers/USB/Core/AVR8/USBController_AVR8.o (symbol from plugin)
USB_Init                                          .build/obj_redox_rev1_base_ad_rev3/lib/lufa/LUFA/Drivers/USB/Core/AVR8/USBController_AVR8.o (symbol from plugin)
                                                  .build/obj_redox_rev1_base_ad_rev3/lufa.o (symbol from plugin)
USB_IsInitialized                                 .build/obj_redox_rev1_base_ad_rev3/lib/lufa/LUFA/Drivers/USB/Core/USBTask.o (symbol from plugin)
                                                  .build/obj_redox_rev1_base_ad_rev3/lib/lufa/LUFA/Drivers/USB/Core/AVR8/USBController_AVR8.o (symbol from plugin)
                                                  .build/obj_redox_rev1_base_ad_rev3/lufa.o (symbol from plugin)
USB_ProcessHIDReport                              .build/obj_redox_rev1_base_ad_rev3/lib/lufa/LUFA/Drivers/USB/Class/Common/HIDParser.o (symbol from plugin)
USB_ResetInterface                                .build/obj_redox_rev1_base_ad_rev3/lib/lufa/LUFA/Drivers/USB/Core/AVR8/USBController_AVR8.o (symbol from plugin)
USB_SetHIDReportItemInfo                          .build/obj_redox_rev1_base_ad_rev3/lib/lufa/LUFA/Drivers/USB/Class/Common/HIDParser.o (symbol from plugin)
USB_USBTask                                       .build/obj_redox_rev1_base_ad_rev3/lib/lufa/LUFA/Drivers/USB/Core/USBTask.o (symbol from plugin)
                                                  .build/obj_redox_rev1_base_ad_rev3/lufa.o (symbol from plugin)
__DATA_REGION_LENGTH__                            /usr/lib/gcc/avr/7.3.0/../../../avr/lib/avr5/crtatmega32u4.o
__DATA_REGION_ORIGIN__                            /usr/lib/gcc/avr/7.3.0/../../../avr/lib/avr5/crtatmega32u4.o
__EEPROM_REGION_LENGTH__                          /usr/lib/gcc/avr/7.3.0/../../../avr/lib/avr5/crtatmega32u4.o
__FUSE_REGION_LENGTH__                            /usr/lib/gcc/avr/7.3.0/../../../avr/lib/avr5/crtatmega32u4.o
__TEXT_REGION_LENGTH__                            /usr/lib/gcc/avr/7.3.0/../../../avr/lib/avr5/crtatmega32u4.o
__ashldi3                                         /usr/lib/gcc/avr/7.3.0/avr5/libgcc.a(_ashldi3.o)
                                                  /tmp/cc2D8wFc.ltrans0.ltrans.o
__ashrdi3                                         /usr/lib/gcc/avr/7.3.0/avr5/libgcc.a(_ashrdi3.o)
__bad_interrupt                                   /usr/lib/gcc/avr/7.3.0/../../../avr/lib/avr5/crtatmega32u4.o
__bss_end                                         /usr/lib/gcc/avr/7.3.0/avr5/libgcc.a(_clear_bss.o)
__bss_start                                       /usr/lib/gcc/avr/7.3.0/avr5/libgcc.a(_clear_bss.o)
__data_end                                        /usr/lib/gcc/avr/7.3.0/avr5/libgcc.a(_copy_data.o)
__data_load_start                                 /usr/lib/gcc/avr/7.3.0/avr5/libgcc.a(_copy_data.o)
__data_start                                      /usr/lib/gcc/avr/7.3.0/avr5/libgcc.a(_copy_data.o)
__divmodhi4                                       /usr/lib/gcc/avr/7.3.0/avr5/libgcc.a(_divmodhi4.o)
                                                  /tmp/cc2D8wFc.ltrans0.ltrans.o
__divmodqi4                                       /usr/lib/gcc/avr/7.3.0/avr5/libgcc.a(_divmodqi4.o)
                                                  /tmp/cc2D8wFc.ltrans0.ltrans.o
__divmodsi4                                       /usr/lib/gcc/avr/7.3.0/avr5/libgcc.a(_divmodsi4.o)
                                                  /usr/lib/gcc/avr/7.3.0/../../../avr/lib/avr5/libc.a(rand.o)
__do_clear_bss                                    /usr/lib/gcc/avr/7.3.0/avr5/libgcc.a(_clear_bss.o)
                                                  /tmp/cc2D8wFc.ltrans0.ltrans.o
__do_copy_data                                    /usr/lib/gcc/avr/7.3.0/avr5/libgcc.a(_copy_data.o)
                                                  /tmp/cc2D8wFc.ltrans0.ltrans.o
                                                  /usr/lib/gcc/avr/7.3.0/../../../avr/lib/avr5/libc.a(rand.o)
__epilogue_restores__                             /usr/lib/gcc/avr/7.3.0/avr5/libgcc.a(_epilogue.o)
                                                  /tmp/cc2D8wFc.ltrans0.ltrans.o
                                                  .build/obj_redox_rev1_base_ad_rev3/serial.a(serial.o)
__heap_end                                        /usr/lib/gcc/avr/7.3.0/../../../avr/lib/avr5/crtatmega32u4.o
__init                                            /usr/lib/gcc/avr/7.3.0/../../../avr/lib/avr5/crtatmega32u4.o
__lshrdi3                                         /usr/lib/gcc/avr/7.3.0/avr5/libgcc.a(_ashrdi3.o)
                                                  /tmp/cc2D8wFc.ltrans0.ltrans.o
__mulhisi3                                        /usr/lib/gcc/avr/7.3.0/avr5/libgcc.a(_mulhisi3.o)
                                                  /tmp/cc2D8wFc.ltrans0.ltrans.o
__mulohisi3                                       /usr/lib/gcc/avr/7.3.0/avr5/libgcc.a(_mulshisi3.o)
                                                  /usr/lib/gcc/avr/7.3.0/../../../avr/lib/avr5/libc.a(rand.o)
__mulshisi3                                       /usr/lib/gcc/avr/7.3.0/avr5/libgcc.a(_mulshisi3.o)
                                                  /tmp/cc2D8wFc.ltrans0.ltrans.o
__muluhisi3                                       /usr/lib/gcc/avr/7.3.0/avr5/libgcc.a(_muluhisi3.o)
                                                  /tmp/cc2D8wFc.ltrans0.ltrans.o
                                                  /usr/lib/gcc/avr/7.3.0/avr5/libgcc.a(_mulshisi3.o)
                                                  /usr/lib/gcc/avr/7.3.0/../../../avr/lib/avr5/libc.a(rand.o)
__negsi2                                          /usr/lib/gcc/avr/7.3.0/avr5/libgcc.a(_negsi2.o)
                                                  /usr/lib/gcc/avr/7.3.0/avr5/libgcc.a(_divmodsi4.o)
__prologue_saves__                                /usr/lib/gcc/avr/7.3.0/avr5/libgcc.a(_prologue.o)
                                                  /tmp/cc2D8wFc.ltrans0.ltrans.o
                                                  .build/obj_redox_rev1_base_ad_rev3/serial.a(serial.o)
__stack                                           /usr/lib/gcc/avr/7.3.0/../../../avr/lib/avr5/crtatmega32u4.o
__tablejump2__                                    /usr/lib/gcc/avr/7.3.0/avr5/libgcc.a(_tablejump2.o)
                                                  /tmp/cc2D8wFc.ltrans0.ltrans.o
__udivmodhi4                                      /usr/lib/gcc/avr/7.3.0/avr5/libgcc.a(_udivmodhi4.o)
                                                  /usr/lib/gcc/avr/7.3.0/avr5/libgcc.a(_divmodhi4.o)
                                                  /tmp/cc2D8wFc.ltrans0.ltrans.o
__udivmodqi4                                      /usr/lib/gcc/avr/7.3.0/avr5/libgcc.a(_udivmodqi4.o)
                                                  /usr/lib/gcc/avr/7.3.0/avr5/libgcc.a(_divmodqi4.o)
                                                  /tmp/cc2D8wFc.ltrans0.ltrans.o
__udivmodsi4                                      /usr/lib/gcc/avr/7.3.0/avr5/libgcc.a(_udivmodsi4.o)
                                                  /tmp/cc2D8wFc.ltrans0.ltrans.o
                                                  /usr/lib/gcc/avr/7.3.0/avr5/libgcc.a(_divmodsi4.o)
__umulhisi3                                       /usr/lib/gcc/avr/7.3.0/avr5/libgcc.a(_umulhisi3.o)
                                                  /usr/lib/gcc/avr/7.3.0/avr5/libgcc.a(_usmulhisi3.o)
                                                  /usr/lib/gcc/avr/7.3.0/avr5/libgcc.a(_mulhisi3.o)
                                                  /tmp/cc2D8wFc.ltrans0.ltrans.o
                                                  /usr/lib/gcc/avr/7.3.0/avr5/libgcc.a(_muluhisi3.o)
__usmulhisi3                                      /usr/lib/gcc/avr/7.3.0/avr5/libgcc.a(_usmulhisi3.o)
__usmulhisi3_tail                                 /usr/lib/gcc/avr/7.3.0/avr5/libgcc.a(_usmulhisi3.o)
                                                  /usr/lib/gcc/avr/7.3.0/avr5/libgcc.a(_mulhisi3.o)
__vector_1                                        .build/obj_redox_rev1_base_ad_rev3/serial.a(serial.o)
                                                  /usr/lib/gcc/avr/7.3.0/../../../avr/lib/avr5/crtatmega32u4.o
__vector_10                                       /tmp/cc2D8wFc.ltrans0.ltrans.o
                                                  .build/obj_redox_rev1_base_ad_rev3/lib/lufa/LUFA/Drivers/USB/Core/AVR8/USBInterrupt_AVR8.o (symbol from plugin)
                                                  /usr/lib/gcc/avr/7.3.0/../../../avr/lib/avr5/crtatmega32u4.o
__vector_11                                       /tmp/cc2D8wFc.ltrans0.ltrans.o
                                                  .build/obj_redox_rev1_base_ad_rev3/lib/lufa/LUFA/Drivers/USB/Core/AVR8/USBInterrupt_AVR8.o (symbol from plugin)
                                                  /usr/lib/gcc/avr/7.3.0/../../../avr/lib/avr5/crtatmega32u4.o
__vector_12                                       /tmp/cc2D8wFc.ltrans0.ltrans.o
                                                  .build/obj_redox_rev1_base_ad_rev3/platforms/avr/suspend.o (symbol from plugin)
                                                  /usr/lib/gcc/avr/7.3.0/../../../avr/lib/avr5/crtatmega32u4.o
__vector_13                                       /usr/lib/gcc/avr/7.3.0/../../../avr/lib/avr5/crtatmega32u4.o
__vector_14                                       /usr/lib/gcc/avr/7.3.0/../../../avr/lib/avr5/crtatmega32u4.o
__vector_15                                       /usr/lib/gcc/avr/7.3.0/../../../avr/lib/avr5/crtatmega32u4.o
__vector_16                                       /usr/lib/gcc/avr/7.3.0/../../../avr/lib/avr5/crtatmega32u4.o
__vector_17                                       /usr/lib/gcc/avr/7.3.0/../../../avr/lib/avr5/crtatmega32u4.o
__vector_18                                       /usr/lib/gcc/avr/7.3.0/../../../avr/lib/avr5/crtatmega32u4.o
__vector_19                                       /usr/lib/gcc/avr/7.3.0/../../../avr/lib/avr5/crtatmega32u4.o
__vector_2                                        /usr/lib/gcc/avr/7.3.0/../../../avr/lib/avr5/crtatmega32u4.o
__vector_20                                       /usr/lib/gcc/avr/7.3.0/../../../avr/lib/avr5/crtatmega32u4.o
__vector_21                                       /tmp/cc2D8wFc.ltrans0.ltrans.o
                                                  .build/obj_redox_rev1_base_ad_rev3/platforms/avr/timer.o (symbol from plugin)
                                                  /usr/lib/gcc/avr/7.3.0/../../../avr/lib/avr5/crtatmega32u4.o
__vector_22                                       /usr/lib/gcc/avr/7.3.0/../../../avr/lib/avr5/crtatmega32u4.o
__vector_23                                       /usr/lib/gcc/avr/7.3.0/../../../avr/lib/avr5/crtatmega32u4.o
__vector_24                                       /usr/lib/gcc/avr/7.3.0/../../../avr/lib/avr5/crtatmega32u4.o
__vector_25                                       /usr/lib/gcc/avr/7.3.0/../../../avr/lib/avr5/crtatmega32u4.o
__vector_26                                       /usr/lib/gcc/avr/7.3.0/../../../avr/lib/avr5/crtatmega32u4.o
__vector_27                                       /usr/lib/gcc/avr/7.3.0/../../../avr/lib/avr5/crtatmega32u4.o
__vector_28                                       /usr/lib/gcc/avr/7.3.0/../../../avr/lib/avr5/crtatmega32u4.o
__vector_29                                       /usr/lib/gcc/avr/7.3.0/../../../avr/lib/avr5/crtatmega32u4.o
__vector_3                                        /usr/lib/gcc/avr/7.3.0/../../../avr/lib/avr5/crtatmega32u4.o
__vector_30                                       /usr/lib/gcc/avr/7.3.0/../../../avr/lib/avr5/crtatmega32u4.o
__vector_31                                       /usr/lib/gcc/avr/7.3.0/../../../avr/lib/avr5/crtatmega32u4.o
__vector_32                                       /usr/lib/gcc/avr/7.3.0/../../../avr/lib/avr5/crtatmega32u4.o
__vector_33                                       /usr/lib/gcc/avr/7.3.0/../../../avr/lib/avr5/crtatmega32u4.o
__vector_34                                       /usr/lib/gcc/avr/7.3.0/../../../avr/lib/avr5/crtatmega32u4.o
__vector_35                                       /usr/lib/gcc/avr/7.3.0/../../../avr/lib/avr5/crtatmega32u4.o
__vector_36                                       /usr/lib/gcc/avr/7.3.0/../../../avr/lib/avr5/crtatmega32u4.o
__vector_37                                       /usr/lib/gcc/avr/7.3.0/../../../avr/lib/avr5/crtatmega32u4.o
__vector_38                                       /usr/lib/gcc/avr/7.3.0/../../../avr/lib/avr5/crtatmega32u4.o
__vector_39                                       /usr/lib/gcc/avr/7.3.0/../../../avr/lib/avr5/crtatmega32u4.o
__vector_4                                        /usr/lib/gcc/avr/7.3.0/../../../avr/lib/avr5/crtatmega32u4.o
__vector_40                                       /usr/lib/gcc/avr/7.3.0/../../../avr/lib/avr5/crtatmega32u4.o
__vector_41                                       /usr/lib/gcc/avr/7.3.0/../../../avr/lib/avr5/crtatmega32u4.o
__vector_42                                       /usr/lib/gcc/avr/7.3.0/../../../avr/lib/avr5/crtatmega32u4.o
__vector_5                                        /usr/lib/gcc/avr/7.3.0/../../../avr/lib/avr5/crtatmega32u4.o
__vector_6                                        /usr/lib/gcc/avr/7.3.0/../../../avr/lib/avr5/crtatmega32u4.o
__vector_7                                        /usr/lib/gcc/avr/7.3.0/../../../avr/lib/avr5/crtatmega32u4.o
__vector_8                                        /usr/lib/gcc/avr/7.3.0/../../../avr/lib/avr5/crtatmega32u4.o
__vector_9                                        /usr/lib/gcc/avr/7.3.0/../../../avr/lib/avr5/crtatmega32u4.o
__vector_default                                  /usr/lib/gcc/avr/7.3.0/../../../avr/lib/avr5/crtatmega32u4.o
__vectors                                         /usr/lib/gcc/avr/7.3.0/../../../avr/lib/avr5/crtatmega32u4.o
__xprintf                                         .build/obj_redox_rev1_base_ad_rev3/platforms/avr/xprintf.o
_div                                              /usr/lib/gcc/avr/7.3.0/avr5/libgcc.a(_divmodhi4.o)
_exit                                             /usr/lib/gcc/avr/7.3.0/avr5/libgcc.a(_exit.o)
action_exec                                       .build/obj_redox_rev1_base_ad_rev3/quantum/action.o (symbol from plugin)
                                                  .build/obj_redox_rev1_base_ad_rev3/quantum/keyboard.o (symbol from plugin)
action_for_key                                    .build/obj_redox_rev1_base_ad_rev3/quantum/keymap_common.o (symbol from plugin)
                                                  .build/obj_redox_rev1_base_ad_rev3/quantum/action_layer.o (symbol from plugin)
action_for_keycode                                .build/obj_redox_rev1_base_ad_rev3/quantum/keymap_common.o (symbol from plugin)
action_tapping_process                            .build/obj_redox_rev1_base_ad_rev3/quantum/action_tapping.o (symbol from plugin)
                                                  .build/obj_redox_rev1_base_ad_rev3/quantum/action.o (symbol from plugin)
add_key                                           .build/obj_redox_rev1_base_ad_rev3/quantum/action_util.o (symbol from plugin)
add_key_bit                                       .build/obj_redox_rev1_base_ad_rev3/protocol/report.o (symbol from plugin)
add_key_byte                                      .build/obj_redox_rev1_base_ad_rev3/protocol/report.o (symbol from plugin)
add_key_to_report                                 .build/obj_redox_rev1_base_ad_rev3/protocol/report.o (symbol from plugin)
                                                  .build/obj_redox_rev1_base_ad_rev3/quantum/process_keycode/process_grave_esc.o (symbol from plugin)
                                                  .build/obj_redox_rev1_base_ad_rev3/quantum/action_util.o (symbol from plugin)
                                                  .build/obj_redox_rev1_base_ad_rev3/quantum/action.o (symbol from plugin)
add_mods                                          .build/obj_redox_rev1_base_ad_rev3/quantum/action_util.o (symbol from plugin)
                                                  .build/obj_redox_rev1_base_ad_rev3/quantum/process_keycode/process_tap_dance.o (symbol from plugin)
                                                  .build/obj_redox_rev1_base_ad_rev3/quantum/action.o (symbol from plugin)
add_oneshot_locked_mods                           .build/obj_redox_rev1_base_ad_rev3/quantum/action_util.o (symbol from plugin)
add_oneshot_mods                                  .build/obj_redox_rev1_base_ad_rev3/quantum/action_util.o (symbol from plugin)
                                                  .build/obj_redox_rev1_base_ad_rev3/quantum/action.o (symbol from plugin)
add_weak_mods                                     .build/obj_redox_rev1_base_ad_rev3/quantum/action_util.o (symbol from plugin)
                                                  .build/obj_redox_rev1_base_ad_rev3/quantum/process_keycode/process_tap_dance.o (symbol from plugin)
                                                  .build/obj_redox_rev1_base_ad_rev3/quantum/action.o (symbol from plugin)
animation_status                                  .build/obj_redox_rev1_base_ad_rev3/quantum/rgblight/rgblight.o (symbol from plugin)
ascii_to_altgr_lut                                .build/obj_redox_rev1_base_ad_rev3/quantum/send_string/send_string.o (symbol from plugin)
ascii_to_dead_lut                                 .build/obj_redox_rev1_base_ad_rev3/quantum/send_string/send_string.o (symbol from plugin)
ascii_to_keycode_lut                              .build/obj_redox_rev1_base_ad_rev3/quantum/send_string/send_string.o (symbol from plugin)
ascii_to_shift_lut                                .build/obj_redox_rev1_base_ad_rev3/quantum/send_string/send_string.o (symbol from plugin)
biton                                             .build/obj_redox_rev1_base_ad_rev3/quantum/bitwise.o (symbol from plugin)
                                                  .build/obj_redox_rev1_base_ad_rev3/protocol/report.o (symbol from plugin)
biton16                                           .build/obj_redox_rev1_base_ad_rev3/quantum/bitwise.o (symbol from plugin)
biton32                                           .build/obj_redox_rev1_base_ad_rev3/quantum/bitwise.o (symbol from plugin)
bitpop                                            .build/obj_redox_rev1_base_ad_rev3/quantum/bitwise.o (symbol from plugin)
                                                  .build/obj_redox_rev1_base_ad_rev3/quantum/action_util.o (symbol from plugin)
bitpop16                                          .build/obj_redox_rev1_base_ad_rev3/quantum/bitwise.o (symbol from plugin)
bitpop32                                          .build/obj_redox_rev1_base_ad_rev3/quantum/bitwise.o (symbol from plugin)
bitrev                                            .build/obj_redox_rev1_base_ad_rev3/quantum/bitwise.o (symbol from plugin)
bitrev16                                          .build/obj_redox_rev1_base_ad_rev3/quantum/bitwise.o (symbol from plugin)
bitrev32                                          .build/obj_redox_rev1_base_ad_rev3/quantum/bitwise.o (symbol from plugin)
bootloader_jump                                   .build/obj_redox_rev1_base_ad_rev3/platforms/avr/bootloaders/caterina.o (symbol from plugin)
                                                  .build/obj_redox_rev1_base_ad_rev3/quantum/bootmagic/bootmagic.o (symbol from plugin)
                                                  .build/obj_redox_rev1_base_ad_rev3/quantum/quantum.o (symbol from plugin)
bootmagic                                         .build/obj_redox_rev1_base_ad_rev3/quantum/bootmagic/bootmagic.o (symbol from plugin)
                                                  .build/obj_redox_rev1_base_ad_rev3/quantum/keyboard.o (symbol from plugin)
bootmagic_reset_eeprom                            .build/obj_redox_rev1_base_ad_rev3/quantum/bootmagic/bootmagic.o (symbol from plugin)
bootmagic_scan                                    .build/obj_redox_rev1_base_ad_rev3/quantum/bootmagic/bootmagic.o (symbol from plugin)
bootmagic_should_reset                            .build/obj_redox_rev1_base_ad_rev3/quantum/bootmagic/bootmagic.o (symbol from plugin)
clear_keyboard                                    .build/obj_redox_rev1_base_ad_rev3/quantum/action.o (symbol from plugin)
                                                  .build/obj_redox_rev1_base_ad_rev3/lufa.o (symbol from plugin)
                                                  .build/obj_redox_rev1_base_ad_rev3/platforms/avr/suspend.o (symbol from plugin)
                                                  .build/obj_redox_rev1_base_ad_rev3/quantum/process_keycode/process_magic.o (symbol from plugin)
                                                  .build/obj_redox_rev1_base_ad_rev3/quantum/command.o (symbol from plugin)
                                                  .build/obj_redox_rev1_base_ad_rev3/quantum/action_tapping.o (symbol from plugin)
                                                  .build/obj_redox_rev1_base_ad_rev3/quantum/quantum.o (symbol from plugin)
clear_keyboard_but_mods                           .build/obj_redox_rev1_base_ad_rev3/quantum/action.o (symbol from plugin)
clear_keyboard_but_mods_and_keys                  .build/obj_redox_rev1_base_ad_rev3/quantum/action.o (symbol from plugin)
clear_keys                                        .build/obj_redox_rev1_base_ad_rev3/quantum/action_util.o (symbol from plugin)
clear_keys_from_report                            .build/obj_redox_rev1_base_ad_rev3/protocol/report.o (symbol from plugin)
                                                  .build/obj_redox_rev1_base_ad_rev3/quantum/action_util.o (symbol from plugin)
                                                  .build/obj_redox_rev1_base_ad_rev3/quantum/action.o (symbol from plugin)
clear_mods                                        .build/obj_redox_rev1_base_ad_rev3/quantum/action_util.o (symbol from plugin)
                                                  .build/obj_redox_rev1_base_ad_rev3/quantum/unicode/unicode.o (symbol from plugin)
                                                  .build/obj_redox_rev1_base_ad_rev3/quantum/action.o (symbol from plugin)
clear_oneshot_layer_state                         .build/obj_redox_rev1_base_ad_rev3/quantum/action_util.o (symbol from plugin)
                                                  .build/obj_redox_rev1_base_ad_rev3/quantum/action.o (symbol from plugin)
clear_oneshot_locked_mods                         .build/obj_redox_rev1_base_ad_rev3/quantum/action_util.o (symbol from plugin)
clear_oneshot_mods                                .build/obj_redox_rev1_base_ad_rev3/quantum/action_util.o (symbol from plugin)
clear_weak_mods                                   .build/obj_redox_rev1_base_ad_rev3/quantum/action_util.o (symbol from plugin)
                                                  .build/obj_redox_rev1_base_ad_rev3/quantum/process_keycode/process_tap_dance.o (symbol from plugin)
                                                  .build/obj_redox_rev1_base_ad_rev3/quantum/unicode/unicode.o (symbol from plugin)
                                                  .build/obj_redox_rev1_base_ad_rev3/quantum/action.o (symbol from plugin)
command_console_extra                             .build/obj_redox_rev1_base_ad_rev3/quantum/command.o (symbol from plugin)
command_extra                                     .build/obj_redox_rev1_base_ad_rev3/quantum/command.o (symbol from plugin)